[   0.1s] segmenting (orchestrator) ...
[  64.5s] 26 segments: s1[ClinicalVisit,Person,CareUnit,Person], s2[MeasurementProcess,Measurement], s3[MeasurementProcess,Measurement,Severity], s4[MeasurementProcess,Measurement], s5[MeasurementProcess,Measurement], s6[MeasurementProcess,Measurement], s7[MeasurementProcess,Measurement], s8[MeasurementProcess,Measurement], s9[MeasurementProcess,Measurement], s10[MeasurementProcess,Measurement], s11[MeasurementProcess,Measurement], s12[MeasurementProcess,Measurement], s13[MeasurementProcess,Measurement], s14[MeasurementProcess,Measurement], s15[MeasurementProcess,Measurement], s16[MeasurementProcess,Measurement], s17[MeasurementProcess,Measurement], s18[MeasurementProcess,Measurement], s19[MeasurementProcess,Measurement], s20[MeasurementProcess,Measurement], s21[MeasurementProcess,Measurement], s22[MeasurementProcess,Measurement], s23[EvaluationProcess,DiagnosticStatement,ClinicalCondition], s24[EvaluationProcess,DiagnosticStatement,ClinicalCondition], s25[EvaluationProcess,DiagnosticStatement,ClinicalCondition], s26[CarePlan]
[  64.5s] build order: [CareUnit, DiagnosticStatement, Measurement, Person, Severity] -> [ClinicalCondition, MeasurementProcess] -> [EvaluationProcess] -> [CarePlan, ClinicalVisit]
[  64.5s] level 0: 5 agent(s), 0 known entities
[  64.5s]   CareUnit: extracting (250 chars, 1 classes in view)
[  64.5s]   DiagnosticStatement: extracting (724 chars, 1 classes in view)
[  64.5s]   Measurement: extracting (5309 chars, 2 classes in view)
[  64.5s]   Person: extracting (250 chars, 1 classes in view)
[  74.0s]   CareUnit: cycle 0 -> conforms
[  74.0s]   Severity: extracting (269 chars, 1 classes in view)
[  75.2s]   Person: cycle 0 -> conforms
[  77.9s]   DiagnosticStatement: cycle 0 -> conforms
[  79.4s]   Severity: cycle 0 -> conforms
[ 135.2s]   Measurement: cycle 0 -> conforms
[ 135.2s] level 1: 2 agent(s), 40 known entities
[ 135.2s]   ClinicalCondition: extracting (724 chars, 3 classes in view)
[ 135.2s]   MeasurementProcess: extracting (5309 chars, 6 classes in view)
[ 146.7s]   ClinicalCondition: cycle 0 -> conforms
[ 208.8s]   MeasurementProcess: cycle 0 -> conforms
[ 208.8s] level 2: 1 agent(s), 65 known entities
[ 208.8s]   EvaluationProcess: extracting (724 chars, 7 classes in view)
[ 222.3s]   EvaluationProcess: cycle 0 -> conforms
[ 222.3s] level 3: 2 agent(s), 68 known entities
[ 222.3s]   CarePlan: extracting (6519 chars, 4 classes in view)
[ 222.3s]   ClinicalVisit: extracting (6519 chars, 5 classes in view)
[ 230.5s]   CarePlan: cycle 0 -> conforms
[ 309.5s]   ClinicalVisit: cycle 0 -> conforms
[ 309.7s] merging (orchestrator): 0 violation(s), 0 unresolved, 0 unparsed
[ 502.5s] final: conforms
conforms=True segments=10 llm_calls=12 unresolved=0
  orchestrator   2 calls    18374 in   13593 out  cost n/a  gemma4-g1
  total         12 calls    63656 in   28059 out  cost n/a  
  worker        10 calls    45282 in   14466 out  cost n/a  gemma4-g1
exit=0
