[   0.1s] segmenting (orchestrator) ...
[  70.5s] 26 segments: s1[ClinicalVisit,Person,CareUnit,Person], s2[MeasurementProcess,Measurement,Unit,ProcessStatus], s3[MeasurementProcess,Measurement,Unit,ProcessStatus], s4[MeasurementProcess,Measurement,Unit,ProcessStatus], s5[MeasurementProcess,Measurement,Unit,ProcessStatus], s6[MeasurementProcess,Measurement,Unit,ProcessStatus], s7[MeasurementProcess,Measurement,Unit,ProcessStatus], s8[MeasurementProcess,Measurement,Unit,ProcessStatus], s9[MeasurementProcess,Measurement,Unit,ProcessStatus], s10[MeasurementProcess,Measurement,Unit,ProcessStatus], s11[MeasurementProcess,Measurement,Unit,ProcessStatus], s12[MeasurementProcess,Measurement,Unit,ProcessStatus], s13[MeasurementProcess,Measurement,Unit,ProcessStatus], s14[MeasurementProcess,Measurement,Unit,ProcessStatus], s15[MeasurementProcess,Measurement,Unit,ProcessStatus], s16[MeasurementProcess,Measurement,Unit,ProcessStatus], s17[MeasurementProcess,Measurement,Unit,ProcessStatus], s18[MeasurementProcess,Measurement,Unit,ProcessStatus], s19[MeasurementProcess,Measurement,Unit,ProcessStatus], s20[MeasurementProcess,Measurement,Unit,ProcessStatus], s21[MeasurementProcess,Measurement,Unit,ProcessStatus], s22[MeasurementProcess,Measurement,Unit,ProcessStatus], s23[MeasurementProcess,Measurement,Unit,ProcessStatus], s24[EvaluationProcess,DiagnosticStatement,ClinicalCondition], s25[EvaluationProcess,DiagnosticStatement,ClinicalCondition], s26[CarePlan]
[  70.5s] build order: [CareUnit, ClinicalCondition, DiagnosticStatement, Person, ProcessStatus, Unit] -> [EvaluationProcess, Measurement] -> [MeasurementProcess] -> [CarePlan, ClinicalVisit]
[  70.5s] level 0: 6 agent(s), 0 known entities
[  70.5s]   CareUnit: extracting (238 chars, 1 classes in view)
[  70.5s]   ClinicalCondition: extracting (467 chars, 3 classes in view)
[  70.5s]   DiagnosticStatement: extracting (467 chars, 1 classes in view)
[  70.5s]   Person: extracting (238 chars, 1 classes in view)
[  77.9s]   CareUnit: cycle 0 -> conforms
[  77.9s]   ProcessStatus: extracting (5417 chars, 1 classes in view)
[  81.1s]   Person: cycle 0 -> conforms
[  81.1s]   Unit: extracting (5417 chars, 1 classes in view)
[  82.1s]   DiagnosticStatement: cycle 0 -> conforms
[  83.9s]   ClinicalCondition: cycle 0 -> conforms
[  92.8s]   Unit: cycle 0 -> conforms
[ 106.3s]   ProcessStatus: cycle 0 -> 22 violation(s)
[ 106.3s]   ProcessStatus: fixing ...
[ 128.8s]   ProcessStatus: cycle 1 -> conforms
[ 128.8s] level 1: 2 agent(s), 38 known entities
[ 128.8s]   EvaluationProcess: extracting (467 chars, 7 classes in view)
[ 128.8s]   Measurement: extracting (5417 chars, 2 classes in view)
[ 140.2s]   EvaluationProcess: cycle 0 -> conforms
[ 187.9s]   Measurement: cycle 0 -> conforms
[ 187.9s] level 2: 1 agent(s), 62 known entities
[ 188.0s]   MeasurementProcess: extracting (5417 chars, 6 classes in view)
[ 325.2s]   MeasurementProcess: cycle 0 -> conforms
[ 325.2s] level 3: 2 agent(s), 84 known entities
[ 325.2s]   CarePlan: extracting (6341 chars, 4 classes in view)
[ 325.2s]   ClinicalVisit: extracting (6341 chars, 5 classes in view)
[ 332.6s]   CarePlan: cycle 0 -> conforms
[ 401.4s]   ClinicalVisit: cycle 0 -> conforms
[ 401.6s] merging (orchestrator): 0 violation(s), 0 unresolved, 0 unparsed
[ 573.2s] final: conforms
conforms=True segments=11 llm_calls=14 unresolved=0
  orchestrator   2 calls    17799 in   13095 out  cost n/a  gemma4-g1
  total         14 calls    75110 in   32439 out  cost n/a  
  worker        12 calls    57311 in   19344 out  cost n/a  gemma4-g1
exit=0
