[   0.1s] segmenting (orchestrator) ...
[ 115.0s] 44 segments: s1[ClinicalVisit,Person,CareUnit,Person], s2[MeasurementProcess,Measurement,Unit], s3[MeasurementProcess,Measurement,Unit], s4[MeasurementProcess,Measurement,Unit], s5[MeasurementProcess,Measurement,Unit], s6[MeasurementProcess,Measurement,Unit], s7[MeasurementProcess,Measurement,Unit], s8[MeasurementProcess,Measurement,Unit], s9[MeasurementProcess,Measurement,Unit], s10[MeasurementProcess,Measurement,Unit], s11[MeasurementProcess,Measurement,Unit], s12[MeasurementProcess,Measurement,Unit], s13[MeasurementProcess,Measurement,Unit], s14[MeasurementProcess,Measurement,Unit], s15[MeasurementProcess,Measurement,Unit], s16[MeasurementProcess,Measurement,Unit], s17[MeasurementProcess,Measurement,Unit], s18[MeasurementProcess,Measurement,Unit], s19[MeasurementProcess,Measurement,Unit], s20[MeasurementProcess,Measurement,Unit], s21[MeasurementProcess,Measurement,Unit], s22[MeasurementProcess,Measurement,Unit], s23[MeasurementProcess,Measurement,Unit], s24[MeasurementProcess,Measurement,Unit], s25[MeasurementProcess,Measurement,Unit], s26[MeasurementProcess,Measurement,Unit], s27[MeasurementProcess,Measurement,Unit], s28[MeasurementProcess,Measurement,Unit], s29[MeasurementProcess,Measurement,Unit], s30[MeasurementProcess,Measurement,Unit], s31[MeasurementProcess,Measurement,Unit], s32[MeasurementProcess,Measurement,Unit], s33[MeasurementProcess,Measurement,Unit], s34[MeasurementProcess,Measurement,Unit], s35[MeasurementProcess,Measurement,Unit], s36[MeasurementProcess,Measurement,Unit], s37[MeasurementProcess,Measurement,Unit], s38[MeasurementProcess,Measurement,Unit], s39[MeasurementProcess,Measurement,Unit], s40[MeasurementProcess,Measurement,Unit], s41[EvaluationProcess,DiagnosticStatement,ClinicalCondition], s42[EvaluationProcess,DiagnosticStatement,ClinicalCondition], s43[EvaluationProcess,DiagnosticStatement,ClinicalCondition], s44[CarePlan]
[ 115.0s] build order: [CareUnit, ClinicalCondition, DiagnosticStatement, Person, Unit] -> [EvaluationProcess, Measurement] -> [MeasurementProcess] -> [CarePlan, ClinicalVisit]
[ 115.0s] level 0: 5 agent(s), 0 known entities
[ 115.0s]   CareUnit: extracting (238 chars, 1 classes in view)
[ 115.0s]   ClinicalCondition: extracting (706 chars, 3 classes in view)
[ 115.0s]   DiagnosticStatement: extracting (706 chars, 1 classes in view)
[ 115.0s]   Person: extracting (238 chars, 1 classes in view)
[ 121.0s]   CareUnit: cycle 0 -> conforms
[ 121.0s]   Unit: extracting (9413 chars, 1 classes in view)
[ 122.1s]   Person: cycle 0 -> conforms
[ 124.9s]   DiagnosticStatement: cycle 0 -> conforms
[ 126.7s]   ClinicalCondition: cycle 0 -> conforms
[ 134.1s]   Unit: cycle 0 -> conforms
[ 134.1s] level 1: 2 agent(s), 18 known entities
[ 134.1s]   EvaluationProcess: extracting (706 chars, 7 classes in view)
[ 134.1s]   Measurement: extracting (9413 chars, 2 classes in view)
[ 149.1s]   EvaluationProcess: cycle 0 -> conforms
[ 250.9s]   Measurement: cycle 0 -> 1 violation(s)
[ 250.9s]   Measurement: fixing ...
[ 357.0s]   Measurement: cycle 1 -> 1 violation(s)
[ 357.0s]   Measurement: stopping (plateau)
[ 357.0s]   Measurement: 7 unresolved (honest gaps)
[ 357.0s] level 2: 1 agent(s), 21 known entities
[ 357.0s]   MeasurementProcess: extracting (9413 chars, 6 classes in view)
[ 605.2s]   MeasurementProcess: cycle 0 -> conforms
[ 605.2s]   MeasurementProcess: 9 unresolved (honest gaps)
[ 605.2s] level 3: 2 agent(s), 100 known entities
[ 605.2s]   CarePlan: extracting (10618 chars, 4 classes in view)
[ 605.2s]   ClinicalVisit: extracting (10618 chars, 5 classes in view)
[ 615.6s]   CarePlan: cycle 0 -> conforms
[ 758.9s]   ClinicalVisit: cycle 0 -> conforms
[ 759.2s] merging (orchestrator): 0 violation(s), 16 unresolved, 1 unparsed
[ 857.2s] final: 1 violation(s)
conforms=False segments=10 llm_calls=13 unresolved=0
  orchestrator   2 calls    33579 in   10947 out  cost n/a  gemma4-g1
  total         13 calls    99819 in   46895 out  cost n/a  
  worker        11 calls    66240 in   35948 out  cost n/a  gemma4-g1
Constraint Violation in TurtleSyntax:
	Severity: sh:Violation
	Message: not valid Turtle: list index out of range
	Offending line: 
	Hint: every statement starts with a subject IRI (ex:name a chr:Class ; ...). IRI local names may only contain letters, digits, '_' and '-'; put dates/codes with other characters in literals, not in IRIs.
exit=1
