[   0.1s] segmenting (orchestrator) ...
[  59.3s] 26 segments: s1[ClinicalVisit,Person,CareUnit,Person], s2[MeasurementProcess,Measurement], s3[MeasurementProcess,Measurement], s4[MeasurementProcess,Measurement], s5[MeasurementProcess,Measurement], s6[MeasurementProcess,Measurement], s7[MeasurementProcess,Measurement], s8[MeasurementProcess,Measurement], s9[MeasurementProcess,Measurement], s10[MeasurementProcess,Measurement], s11[MeasurementProcess,Measurement], s12[MeasurementProcess,Measurement], s13[MeasurementProcess,Measurement], s14[MeasurementProcess,Measurement], s15[MeasurementProcess,Measurement], s16[MeasurementProcess,Measurement], s17[MeasurementProcess,Measurement], s18[MeasurementProcess,Measurement], s19[MeasurementProcess,Measurement], s20[MeasurementProcess,Measurement], s21[MeasurementProcess,Measurement], s22[MeasurementProcess,Measurement], s23[MeasurementProcess,Measurement], s24[MeasurementProcess,Measurement], s25[EvaluationProcess,DiagnosticStatement,ClinicalCondition], s26[CarePlan]
[  59.3s] build order: [CareUnit, ClinicalCondition, DiagnosticStatement, Measurement, Person] -> [EvaluationProcess, MeasurementProcess] -> [CarePlan, ClinicalVisit]
[  59.3s] level 0: 5 agent(s), 0 known entities
[  59.3s]   CareUnit: extracting (244 chars, 1 classes in view)
[  59.3s]   ClinicalCondition: extracting (230 chars, 3 classes in view)
[  59.3s]   DiagnosticStatement: extracting (230 chars, 1 classes in view)
[  59.3s]   Measurement: extracting (5757 chars, 2 classes in view)
[  63.9s]   CareUnit: cycle 0 -> conforms
[  63.9s]   Person: extracting (244 chars, 1 classes in view)
[  64.6s]   DiagnosticStatement: cycle 0 -> conforms
[  65.0s]   ClinicalCondition: cycle 0 -> conforms
[  68.9s]   Person: cycle 0 -> conforms
[ 125.3s]   Measurement: cycle 0 -> conforms
[ 125.3s] level 1: 2 agent(s), 36 known entities
[ 125.3s]   EvaluationProcess: extracting (230 chars, 7 classes in view)
[ 125.3s]   MeasurementProcess: extracting (5757 chars, 6 classes in view)
[ 135.4s]   EvaluationProcess: cycle 0 -> conforms
[ 301.3s]   MeasurementProcess: cycle 0 -> conforms
[ 301.3s] level 2: 2 agent(s), 61 known entities
[ 301.3s]   CarePlan: extracting (6456 chars, 4 classes in view)
[ 301.3s]   ClinicalVisit: extracting (6456 chars, 5 classes in view)
[ 308.6s]   CarePlan: cycle 0 -> conforms
[ 389.0s]   ClinicalVisit: cycle 0 -> conforms
[ 389.1s] merging (orchestrator): 0 violation(s), 0 unresolved, 0 unparsed
[ 546.8s] final: conforms
conforms=True segments=9 llm_calls=11 unresolved=0
  orchestrator   2 calls    17404 in   12451 out  cost n/a  gemma4-g1
  total         11 calls    56028 in   26283 out  cost n/a  
  worker         9 calls    38624 in   13832 out  cost n/a  gemma4-g1
exit=0
