[   0.1s] segmenting (orchestrator) ...
[  44.1s] 20 segments: s1[ClinicalVisit,Person,CareUnit,Person], s2[MeasurementProcess,Measurement], s3[MeasurementProcess,Measurement], s4[MeasurementProcess,Measurement], s5[MeasurementProcess,Measurement], s6[MeasurementProcess,Measurement], s7[MeasurementProcess,Measurement], s8[MeasurementProcess,Measurement], s9[MeasurementProcess,Measurement], s10[MeasurementProcess,Measurement], s11[MeasurementProcess,Measurement], s12[MeasurementProcess,Measurement], s13[MeasurementProcess,Measurement], s14[MeasurementProcess,Measurement], s15[MeasurementProcess,Measurement], s16[MeasurementProcess,Measurement], s17[MeasurementProcess,Measurement], s18[MeasurementProcess,Measurement], s19[EvaluationProcess,ClinicalCondition,DiagnosticStatement], s20[CarePlan]
[  44.1s] build order: [CareUnit, ClinicalCondition, DiagnosticStatement, Measurement, Person] -> [EvaluationProcess, MeasurementProcess] -> [CarePlan, ClinicalVisit]
[  44.1s] level 0: 5 agent(s), 0 known entities
[  44.1s]   CareUnit: extracting (238 chars, 1 classes in view)
[  44.1s]   ClinicalCondition: extracting (226 chars, 3 classes in view)
[  44.1s]   DiagnosticStatement: extracting (226 chars, 1 classes in view)
[  44.1s]   Measurement: extracting (4086 chars, 2 classes in view)
[  49.6s]   CareUnit: cycle 0 -> conforms
[  49.6s]   Person: extracting (238 chars, 1 classes in view)
[  50.5s]   DiagnosticStatement: cycle 0 -> conforms
[  51.1s]   ClinicalCondition: cycle 0 -> conforms
[  54.2s]   Person: cycle 0 -> conforms
[  92.4s]   Measurement: cycle 0 -> conforms
[  92.4s] level 1: 2 agent(s), 30 known entities
[  92.4s]   EvaluationProcess: extracting (226 chars, 7 classes in view)
[  92.4s]   MeasurementProcess: extracting (4086 chars, 6 classes in view)
[ 103.4s]   EvaluationProcess: cycle 0 -> conforms
[ 174.6s]   MeasurementProcess: cycle 0 -> conforms
[ 174.6s] level 2: 2 agent(s), 49 known entities
[ 174.6s]   CarePlan: extracting (4769 chars, 4 classes in view)
[ 174.6s]   ClinicalVisit: extracting (4769 chars, 5 classes in view)
[ 180.3s]   CarePlan: cycle 0 -> conforms
[ 225.6s]   ClinicalVisit: cycle 0 -> conforms
[ 225.7s] merging (orchestrator): 0 violation(s), 0 unresolved, 0 unparsed
[ 350.2s] final: conforms
conforms=True segments=9 llm_calls=11 unresolved=0
  orchestrator   2 calls    14131 in    9414 out  cost n/a  gemma4-g1
  total         11 calls    48739 in   22392 out  cost n/a  
  worker         9 calls    34608 in   12978 out  cost n/a  gemma4-g1
exit=0
