[   0.1s] segmenting (orchestrator) ...
[  27.6s] 11 segments: s1[ClinicalVisit,Person,CareUnit,Person], s2[MeasurementProcess,Measurement,Unit,ProcessStatus], s3[MeasurementProcess,Measurement,Unit,ProcessStatus], s4[MeasurementProcess,Measurement,Unit,ProcessStatus], s5[MeasurementProcess,Measurement,Unit,ProcessStatus], s6[MeasurementProcess,Measurement,Unit,ProcessStatus], s7[MeasurementProcess,Measurement,Unit,ProcessStatus], s8[MeasurementProcess,Measurement,Unit,ProcessStatus], s9[MeasurementProcess,Measurement,Unit,ProcessStatus], s10[EvaluationProcess,DiagnosticStatement,ClinicalCondition], s11[CarePlan]
[  27.6s] build order: [CareUnit, ClinicalCondition, DiagnosticStatement, Person, ProcessStatus, Unit] -> [EvaluationProcess, Measurement] -> [MeasurementProcess] -> [CarePlan, ClinicalVisit]
[  27.6s] level 0: 6 agent(s), 0 known entities
[  27.6s]   CareUnit: extracting (316 chars, 1 classes in view)
[  27.6s]   ClinicalCondition: extracting (235 chars, 3 classes in view)
[  27.6s]   DiagnosticStatement: extracting (235 chars, 1 classes in view)
[  27.6s]   Person: extracting (316 chars, 1 classes in view)
[  33.0s]   CareUnit: cycle 0 -> conforms
[  33.0s]   ProcessStatus: extracting (1877 chars, 1 classes in view)
[  34.0s]   DiagnosticStatement: cycle 0 -> conforms
[  34.0s]   Unit: extracting (1877 chars, 1 classes in view)
[  34.7s]   Person: cycle 0 -> conforms
[  34.9s]   ClinicalCondition: cycle 0 -> conforms
[  42.5s]   Unit: cycle 0 -> conforms
[  44.1s]   ProcessStatus: cycle 0 -> conforms
[  44.1s] level 1: 2 agent(s), 19 known entities
[  44.1s]   EvaluationProcess: extracting (235 chars, 7 classes in view)
[  44.1s]   Measurement: extracting (1877 chars, 2 classes in view)
[  51.6s]   EvaluationProcess: cycle 0 -> conforms
[  68.2s]   Measurement: cycle 0 -> conforms
[  68.2s] level 2: 1 agent(s), 28 known entities
[  68.2s]   MeasurementProcess: extracting (1877 chars, 6 classes in view)
[ 118.2s]   MeasurementProcess: cycle 0 -> conforms
[ 118.2s] level 3: 2 agent(s), 38 known entities
[ 118.2s]   CarePlan: extracting (2548 chars, 4 classes in view)
[ 118.2s]   ClinicalVisit: extracting (2548 chars, 5 classes in view)
[ 125.4s]   CarePlan: cycle 0 -> conforms
[ 152.1s]   ClinicalVisit: cycle 0 -> conforms
[ 152.2s] merging (orchestrator): 0 violation(s), 0 unresolved, 0 unparsed
[ 219.9s] final: 2 violation(s)
conforms=False segments=11 llm_calls=13 unresolved=0
  orchestrator   2 calls    10530 in    5729 out  cost n/a  gemma4-g1
  total         13 calls    46021 in   14210 out  cost n/a  
  worker        11 calls    35491 in    8481 out  cost n/a  gemma4-g1
Constraint Violation in ClassConstraintComponent (http://www.w3.org/ns/shacl#ClassConstraintComponent):
	Severity: sh:Violation
	Source Shape: chr:HasResultRangeShape
	Focus Node: ex:measurement_HeadOccipitalPercentile_20220511T163002
	Value Node: ex:measurement_HeadOccipitalPercentile_20220511T163002
	Message: Object of chr:hasResult must be a chr:Measurement.
Constraint Violation in OrConstraintComponent (http://www.w3.org/ns/shacl#OrConstraintComponent):
	Severity: sh:Violation
	Source Shape: chr:HasProcedureRangeShape
	Focus Node: ex:process_HeadOccipitalFrontalCircumferencePercentile_20220511T163002
	Value Node: ex:process_HeadOccipitalFrontalCircumferencePercentile_20220511T163002
	Message: Object of chr:hasProcedure must be a chr:MedicalProcedure or subclass thereof.

exit=1
