[   0.1s] segmenting (orchestrator) ...
[  11.0s] 4 segments: s1[ClinicalVisit,Person,CareUnit,Person], s2[MeasurementProcess,Measurement,Unit,ProcessStatus], s3[EvaluationProcess,DiagnosticStatement,ClinicalCondition], s4[CarePlan]
[  11.0s] build order: [CareUnit, ClinicalCondition, DiagnosticStatement, Person, ProcessStatus, Unit] -> [EvaluationProcess, Measurement] -> [MeasurementProcess] -> [CarePlan, ClinicalVisit]
[  11.0s] level 0: 6 agent(s), 0 known entities
[  11.0s]   CareUnit: extracting (382 chars, 1 classes in view)
[  11.0s]   ClinicalCondition: extracting (238 chars, 3 classes in view)
[  11.0s]   DiagnosticStatement: extracting (238 chars, 1 classes in view)
[  11.0s]   Person: extracting (382 chars, 1 classes in view)
[  15.8s]   CareUnit: cycle 0 -> conforms
[  15.8s]   ProcessStatus: extracting (228 chars, 1 classes in view)
[  16.1s]   DiagnosticStatement: cycle 0 -> conforms
[  16.1s]   Unit: extracting (228 chars, 1 classes in view)
[  16.5s]   Person: cycle 0 -> conforms
[  16.9s]   ClinicalCondition: cycle 0 -> conforms
[  20.3s]   Unit: cycle 0 -> conforms
[  20.6s]   ProcessStatus: cycle 0 -> 6 violation(s)
[  20.6s]   ProcessStatus: fixing ...
[  25.4s]   ProcessStatus: cycle 1 -> 6 violation(s)
[  25.4s]   ProcessStatus: stopping (plateau)
[  25.4s]   ProcessStatus: 1 unresolved (honest gaps)
[  25.4s] level 1: 2 agent(s), 8 known entities
[  25.4s]   EvaluationProcess: extracting (238 chars, 7 classes in view)
[  25.4s]   Measurement: extracting (228 chars, 2 classes in view)
[  32.3s]   Measurement: cycle 0 -> 22 violation(s)
[  32.3s]   Measurement: fixing ...
[  35.6s]   EvaluationProcess: cycle 0 -> 31 violation(s)
[  35.6s]   EvaluationProcess: fixing ...
[  40.9s]   Measurement: cycle 1 -> 22 violation(s)
[  40.9s]   Measurement: fixing ...
[  47.4s]   EvaluationProcess: cycle 1 -> 31 violation(s)
[  47.4s]   EvaluationProcess: stopping (plateau)
[  52.1s]   Measurement: cycle 2 -> 22 violation(s)
[  52.1s]   Measurement: stopping (fix budget spent)
[  52.1s] level 2: 1 agent(s), 13 known entities
[  52.1s]   MeasurementProcess: extracting (228 chars, 6 classes in view)
[  61.4s]   MeasurementProcess: cycle 0 -> 48 violation(s)
[  61.4s]   MeasurementProcess: fixing ...
[  70.4s]   MeasurementProcess: cycle 1 -> 48 violation(s)
[  70.4s]   MeasurementProcess: stopping (plateau)
[  70.4s] level 3: 2 agent(s), 15 known entities
[  70.4s]   CarePlan: extracting (968 chars, 4 classes in view)
[  70.4s]   ClinicalVisit: extracting (968 chars, 5 classes in view)
[  78.1s]   CarePlan: cycle 0 -> 48 violation(s)
[  78.1s]   CarePlan: fixing ...
[  83.8s]   ClinicalVisit: cycle 0 -> 48 violation(s)
[  83.8s]   ClinicalVisit: fixing ...
[  85.8s]   CarePlan: cycle 1 -> 48 violation(s)
[  85.8s]   CarePlan: stopping (plateau)
[  98.8s]   ClinicalVisit: cycle 1 -> 48 violation(s)
[  98.8s]   ClinicalVisit: fixing ...
[ 115.1s]   ClinicalVisit: cycle 2 -> 49 violation(s)
[ 115.1s]   ClinicalVisit: stopping (fix budget spent)
[ 115.1s] merging (orchestrator): 49 violation(s), 1 unresolved, 0 unparsed
[ 139.7s] final: 1 violation(s)
conforms=False segments=11 llm_calls=21 unresolved=0
  orchestrator   2 calls    10886 in    1946 out  cost n/a  gemma4-g1
  total         21 calls    87319 in    9984 out  cost n/a  
  worker        19 calls    76433 in    8038 out  cost n/a  gemma4-g1
Constraint Violation in DatatypeConstraintComponent (http://www.w3.org/ns/shacl#DatatypeConstraintComponent):
	Severity: sh:Violation
	Source Shape: [ sh:datatype xsd:float ; sh:message Literal("chr:hasQuantityValue must be an xsd:float.") ; sh:path chr:hasQuantityValue ]
	Focus Node: ex:measurement_body_temperature_20190708T153059
	Value Node: Literal("37.063", datatype=xsd:decimal)
	Result Path: chr:hasQuantityValue
	Message: chr:hasQuantityValue must be an xsd:float.

exit=1
