[   0.1s] segmenting (orchestrator) ...
[  51.4s] 20 segments: s1[ClinicalVisit,Person,CareUnit,Person], s2[MeasurementProcess,Measurement,Unit], s3[MeasurementProcess,Measurement,Unit], s4[MeasurementProcess,Measurement,Unit], s5[MeasurementProcess,Measurement,Unit], s6[MeasurementProcess,Measurement,Unit], s7[MeasurementProcess,Measurement,Unit], s8[MeasurementProcess,Measurement,Unit], s9[MeasurementProcess,Measurement,Unit], s10[MeasurementProcess,Measurement,Unit], s11[MeasurementProcess,Measurement,Unit], s12[MeasurementProcess,Measurement,Unit], s13[MeasurementProcess,Measurement,Unit], s14[MeasurementProcess,Measurement,Unit], s15[MeasurementProcess,Measurement,Unit], s16[MeasurementProcess,Measurement,Unit], s17[MeasurementProcess,Measurement,Unit], s18[MeasurementProcess,Measurement,Unit], s19[EvaluationProcess,DiagnosticStatement,ClinicalCondition], s20[CarePlan]
[  51.4s] build order: [CareUnit, ClinicalCondition, DiagnosticStatement, Person, Unit] -> [EvaluationProcess, Measurement] -> [MeasurementProcess] -> [CarePlan, ClinicalVisit]
[  51.4s] level 0: 5 agent(s), 0 known entities
[  51.4s]   CareUnit: extracting (234 chars, 1 classes in view)
[  51.4s]   ClinicalCondition: extracting (221 chars, 3 classes in view)
[  51.4s]   DiagnosticStatement: extracting (221 chars, 1 classes in view)
[  51.4s]   Person: extracting (234 chars, 1 classes in view)
[  56.8s]   CareUnit: cycle 0 -> conforms
[  56.8s]   Unit: extracting (4102 chars, 1 classes in view)
[  57.8s]   DiagnosticStatement: cycle 0 -> conforms
[  58.2s]   Person: cycle 0 -> conforms
[  58.4s]   ClinicalCondition: cycle 0 -> conforms
[  68.6s]   Unit: cycle 0 -> conforms
[  68.6s] level 1: 2 agent(s), 14 known entities
[  68.6s]   EvaluationProcess: extracting (221 chars, 7 classes in view)
[  68.6s]   Measurement: extracting (4102 chars, 2 classes in view)
[  76.5s]   EvaluationProcess: cycle 0 -> conforms
[  76.5s]   EvaluationProcess: 1 unresolved (honest gaps)
[ 112.2s]   Measurement: cycle 0 -> 1 violation(s)
[ 112.2s]   Measurement: fixing ...
[ 161.5s]   Measurement: cycle 1 -> 1 violation(s)
[ 161.5s]   Measurement: fixing ...
[ 206.8s]   Measurement: cycle 2 -> 1 violation(s)
[ 206.8s]   Measurement: stopping (fix budget spent)
[ 206.8s]   Measurement: 1 unresolved (honest gaps)
[ 206.8s] level 2: 1 agent(s), 15 known entities
[ 206.8s]   MeasurementProcess: extracting (4102 chars, 6 classes in view)
[ 297.2s]   MeasurementProcess: cycle 0 -> conforms
[ 297.2s] level 3: 2 agent(s), 50 known entities
[ 297.2s]   CarePlan: extracting (4762 chars, 4 classes in view)
[ 297.2s]   ClinicalVisit: extracting (4762 chars, 5 classes in view)
[ 303.1s]   CarePlan: cycle 0 -> conforms
[ 354.5s]   ClinicalVisit: cycle 0 -> conforms
[ 354.6s] merging (orchestrator): 0 violation(s), 2 unresolved, 1 unparsed
[ 470.6s] final: conforms
conforms=True segments=10 llm_calls=14 unresolved=1
  orchestrator   2 calls    16444 in    9425 out  cost n/a  gemma4-g1
  total         14 calls    64841 in   27507 out  cost n/a  
  worker        12 calls    48397 in   18082 out  cost n/a  gemma4-g1
  UNRESOLVED: chr:hasUnit — not stated in the text
exit=0
