[   0.1s] segmenting (orchestrator) ...
[  15.3s] 5 segments: s1[ClinicalVisit,Person,CareUnit,Person], s2[MeasurementProcess,Measurement,Unit,ProcessStatus], s3[MeasurementProcess,Measurement,Unit,ProcessStatus], s4[EvaluationProcess,DiagnosticStatement,ClinicalCondition], s5[CarePlan]
[  15.3s] build order: [CareUnit, ClinicalCondition, DiagnosticStatement, Person, ProcessStatus, Unit] -> [EvaluationProcess, Measurement] -> [MeasurementProcess] -> [CarePlan, ClinicalVisit]
[  15.3s] level 0: 6 agent(s), 0 known entities
[  15.3s]   CareUnit: extracting (250 chars, 1 classes in view)
[  15.3s]   ClinicalCondition: extracting (228 chars, 3 classes in view)
[  15.3s]   DiagnosticStatement: extracting (228 chars, 1 classes in view)
[  15.3s]   Person: extracting (250 chars, 1 classes in view)
[  21.2s]   CareUnit: cycle 0 -> conforms
[  21.2s]   ProcessStatus: extracting (541 chars, 1 classes in view)
[  21.6s]   DiagnosticStatement: cycle 0 -> conforms
[  21.6s]   Unit: extracting (541 chars, 1 classes in view)
[  22.3s]   Person: cycle 0 -> conforms
[  23.3s]   ClinicalCondition: cycle 0 -> conforms
[  26.7s]   ProcessStatus: cycle 0 -> 2 violation(s)
[  26.7s]   ProcessStatus: fixing ...
[  27.2s]   Unit: cycle 0 -> conforms
[  31.1s]   ProcessStatus: cycle 1 -> conforms
[  31.1s] level 1: 2 agent(s), 11 known entities
[  31.1s]   EvaluationProcess: extracting (228 chars, 7 classes in view)
[  31.1s]   Measurement: extracting (541 chars, 2 classes in view)
[  40.4s]   Measurement: cycle 0 -> conforms
[  41.4s]   EvaluationProcess: cycle 0 -> conforms
[  41.4s] level 2: 1 agent(s), 14 known entities
[  41.4s]   MeasurementProcess: extracting (541 chars, 6 classes in view)
[  55.1s]   MeasurementProcess: cycle 0 -> conforms
[  55.1s] level 3: 2 agent(s), 16 known entities
[  55.1s]   CarePlan: extracting (1272 chars, 4 classes in view)
[  55.1s]   ClinicalVisit: extracting (1272 chars, 5 classes in view)
[  59.7s]   CarePlan: cycle 0 -> conforms
[  69.8s]   ClinicalVisit: cycle 0 -> conforms
[  69.9s] merging (orchestrator): 0 violation(s), 0 unresolved, 0 unparsed
[  99.0s] final: conforms
conforms=True segments=11 llm_calls=14 unresolved=0
  orchestrator   2 calls     6640 in    2543 out  cost n/a  gemma4-g1
  total         14 calls    38693 in    7236 out  cost n/a  
  worker        12 calls    32053 in    4693 out  cost n/a  gemma4-g1
exit=0
