[   0.1s] segmenting (orchestrator) ...
[ 115.8s] 42 segments: s1[ClinicalVisit,Person,CareUnit,Person], s2[MeasurementProcess,Measurement,Unit], s3[MeasurementProcess,Measurement,Unit], s4[MeasurementProcess,Measurement,Unit], s5[MeasurementProcess,Measurement,Unit], s6[MeasurementProcess,Measurement,Unit], s7[MeasurementProcess,Measurement,Unit], s8[MeasurementProcess,Measurement,Unit], s9[MeasurementProcess,Measurement,Unit], s10[MeasurementProcess,Measurement,Unit], s11[MeasurementProcess,Measurement,Unit], s12[MeasurementProcess,Measurement,Unit], s13[MeasurementProcess,Measurement,Unit], s14[MeasurementProcess,Measurement,Unit], s15[MeasurementProcess,Measurement,Unit], s16[MeasurementProcess,Measurement,Unit], s17[MeasurementProcess,Measurement,Unit], s18[MeasurementProcess,Measurement,Unit], s19[MeasurementProcess,Measurement,Unit], s20[MeasurementProcess,Measurement,Unit], s21[MeasurementProcess,Measurement,Unit], s22[MeasurementProcess,Measurement,Unit], s23[MeasurementProcess,Measurement,Unit], s24[MeasurementProcess,Measurement,Unit], s25[MeasurementProcess,Measurement,Unit], s26[MeasurementProcess,Measurement,Unit], s27[MeasurementProcess,Measurement,Unit], s28[MeasurementProcess,Measurement,Unit], s29[MeasurementProcess,Measurement,Unit], s30[MeasurementProcess,Measurement,Unit], s31[MeasurementProcess,Measurement,Unit], s32[MeasurementProcess,Measurement,Unit], s33[MeasurementProcess,Measurement,Unit], s34[MeasurementProcess,Measurement,Unit], s35[MeasurementProcess,Measurement,Unit], s36[MeasurementProcess,Measurement,Unit], s37[MeasurementProcess,Measurement,Unit], s38[MeasurementProcess,Measurement,Unit], s39[MeasurementProcess,Measurement,Unit], s40[MeasurementProcess,Measurement,Unit], s41[EvaluationProcess,DiagnosticStatement,ClinicalCondition], s42[CarePlan]
[ 115.8s] build order: [CareUnit, ClinicalCondition, DiagnosticStatement, Person, Unit] -> [EvaluationProcess, Measurement] -> [MeasurementProcess] -> [CarePlan, ClinicalVisit]
[ 115.8s] level 0: 5 agent(s), 0 known entities
[ 115.8s]   CareUnit: extracting (238 chars, 1 classes in view)
[ 115.8s]   ClinicalCondition: extracting (234 chars, 3 classes in view)
[ 115.8s]   DiagnosticStatement: extracting (234 chars, 1 classes in view)
[ 115.8s]   Person: extracting (238 chars, 1 classes in view)
[ 121.8s]   CareUnit: cycle 0 -> conforms
[ 121.8s]   Unit: extracting (9416 chars, 1 classes in view)
[ 121.9s]   DiagnosticStatement: cycle 0 -> conforms
[ 122.9s]   Person: cycle 0 -> conforms
[ 123.3s]   ClinicalCondition: cycle 0 -> conforms
[ 141.1s]   Unit: cycle 0 -> conforms
[ 141.1s] level 1: 2 agent(s), 21 known entities
[ 141.1s]   EvaluationProcess: extracting (234 chars, 7 classes in view)
[ 141.1s]   Measurement: extracting (9416 chars, 2 classes in view)
[ 152.5s]   EvaluationProcess: cycle 0 -> conforms
[ 257.4s]   Measurement: cycle 0 -> conforms
[ 257.5s] level 2: 1 agent(s), 62 known entities
[ 257.5s]   MeasurementProcess: extracting (9416 chars, 6 classes in view)
[ 514.2s]   MeasurementProcess: cycle 0 -> conforms
[ 514.3s] level 3: 2 agent(s), 103 known entities
[ 514.3s]   CarePlan: extracting (10149 chars, 4 classes in view)
[ 514.3s]   ClinicalVisit: extracting (10149 chars, 5 classes in view)
[ 522.9s]   CarePlan: cycle 0 -> 1 violation(s)
[ 522.9s]   CarePlan: fixing ...
[ 530.2s]   CarePlan: cycle 1 -> conforms
[ 667.2s]   ClinicalVisit: cycle 0 -> 1 violation(s)
[ 667.2s]   ClinicalVisit: fixing ...
[ 812.7s]   ClinicalVisit: cycle 1 -> conforms
[ 812.9s] merging (orchestrator): 0 violation(s), 0 unresolved, 0 unparsed
[ 987.8s] final: 1 violation(s)
conforms=False segments=10 llm_calls=14 unresolved=0
  orchestrator   2 calls    28112 in   15900 out  cost n/a  gemma4-g1
  total         14 calls   112614 in   54100 out  cost n/a  
  worker        12 calls    84502 in   38200 out  cost n/a  gemma4-g1
Constraint Violation in TurtleSyntax:
	Severity: sh:Violation
	Message: not valid Turtle: Quote expected in string at ^ in r:hasPerformedDate "^2020-09-16T16:47:23
	Offending line: 
	Hint: every statement starts with a subject IRI (ex:name a chr:Class ; ...). IRI local names may only contain letters, digits, '_' and '-'; put dates/codes with other characters in literals, not in IRIs.
exit=1
