[   0.1s] segmenting (orchestrator) ...
[  45.5s] 19 segments: s1[ClinicalVisit,Person,CareUnit,Person], s2[MeasurementProcess,Measurement,ProcessStatus], s3[MeasurementProcess,Measurement,ProcessStatus], s4[MeasurementProcess,Measurement,ProcessStatus], s5[MeasurementProcess,Measurement,ProcessStatus], s6[MeasurementProcess,Measurement,ProcessStatus], s7[MeasurementProcess,Measurement,ProcessStatus], s8[MeasurementProcess,Measurement,ProcessStatus], s9[MeasurementProcess,Measurement,ProcessStatus], s10[MeasurementProcess,Measurement,ProcessStatus], s11[MeasurementProcess,Measurement,ProcessStatus], s12[MeasurementProcess,Measurement,ProcessStatus], s13[MeasurementProcess,Measurement,ProcessStatus], s14[MeasurementProcess,Measurement,ProcessStatus], s15[MeasurementProcess,Measurement,ProcessStatus], s16[MeasurementProcess,Measurement,ProcessStatus], s17[MeasurementProcess,Measurement,ProcessStatus], s18[EvaluationProcess,DiagnosticStatement,ClinicalCondition], s19[CarePlan]
[  45.5s] build order: [CareUnit, ClinicalCondition, DiagnosticStatement, Measurement, Person, ProcessStatus] -> [EvaluationProcess, MeasurementProcess] -> [CarePlan, ClinicalVisit]
[  45.5s] level 0: 6 agent(s), 0 known entities
[  45.5s]   CareUnit: extracting (215 chars, 1 classes in view)
[  45.5s]   ClinicalCondition: extracting (238 chars, 3 classes in view)
[  45.5s]   DiagnosticStatement: extracting (238 chars, 1 classes in view)
[  45.5s]   Measurement: extracting (3951 chars, 2 classes in view)
[  51.3s]   CareUnit: cycle 0 -> conforms
[  51.3s]   Person: extracting (215 chars, 1 classes in view)
[  52.0s]   DiagnosticStatement: cycle 0 -> conforms
[  52.0s]   ProcessStatus: extracting (3951 chars, 1 classes in view)
[  53.0s]   ClinicalCondition: cycle 0 -> conforms
[  56.9s]   Person: cycle 0 -> conforms
[  78.2s]   ProcessStatus: cycle 0 -> 32 violation(s)
[  78.2s]   ProcessStatus: fixing ...
[ 101.6s]   ProcessStatus: cycle 1 -> conforms
[ 102.8s]   Measurement: cycle 0 -> conforms
[ 102.8s] level 1: 2 agent(s), 44 known entities
[ 102.8s]   EvaluationProcess: extracting (238 chars, 7 classes in view)
[ 102.8s]   MeasurementProcess: extracting (3951 chars, 6 classes in view)
[ 114.9s]   EvaluationProcess: cycle 0 -> conforms
[ 159.1s]   MeasurementProcess: cycle 0 -> conforms
[ 159.1s] level 2: 2 agent(s), 61 known entities
[ 159.1s]   CarePlan: extracting (4621 chars, 4 classes in view)
[ 159.1s]   ClinicalVisit: extracting (4621 chars, 5 classes in view)
[ 168.0s]   CarePlan: cycle 0 -> conforms
[ 223.2s]   ClinicalVisit: cycle 0 -> conforms
[ 223.4s] merging (orchestrator): 0 violation(s), 0 unresolved, 0 unparsed
[ 345.1s] final: conforms
conforms=True segments=10 llm_calls=13 unresolved=0
  orchestrator   2 calls    14994 in    9480 out  cost n/a  gemma4-g1
  total         13 calls    62451 in   22934 out  cost n/a  
  worker        11 calls    47457 in   13454 out  cost n/a  gemma4-g1
exit=0
