[   0.1s] segmenting (orchestrator) ...
[  26.8s] 11 segments: s1[ClinicalVisit,Person,CareUnit,Person], s2[MeasurementProcess,Measurement,Unit,ProcessStatus], s3[MeasurementProcess,Measurement,Unit,ProcessStatus], s4[MeasurementProcess,Measurement,Unit,ProcessStatus], s5[MeasurementProcess,Measurement,Unit,ProcessStatus], s6[MeasurementProcess,Measurement,Unit,ProcessStatus], s7[MeasurementProcess,Measurement,Unit,ProcessStatus], s8[MeasurementProcess,Measurement,Unit,ProcessStatus], s9[MeasurementProcess,Measurement,Unit,ProcessStatus], s10[EvaluationProcess,DiagnosticStatement,ClinicalCondition], s11[CarePlan]
[  26.8s] build order: [CareUnit, ClinicalCondition, DiagnosticStatement, Person, ProcessStatus, Unit] -> [EvaluationProcess, Measurement] -> [MeasurementProcess] -> [CarePlan, ClinicalVisit]
[  26.8s] level 0: 6 agent(s), 0 known entities
[  26.8s]   CareUnit: extracting (221 chars, 1 classes in view)
[  26.8s]   ClinicalCondition: extracting (236 chars, 3 classes in view)
[  26.8s]   DiagnosticStatement: extracting (236 chars, 1 classes in view)
[  26.8s]   Person: extracting (221 chars, 1 classes in view)
[  30.9s]   CareUnit: cycle 0 -> conforms
[  30.9s]   ProcessStatus: extracting (1878 chars, 1 classes in view)
[  31.6s]   DiagnosticStatement: cycle 0 -> conforms
[  31.6s]   Unit: extracting (1878 chars, 1 classes in view)
[  32.3s]   Person: cycle 0 -> conforms
[  32.4s]   ClinicalCondition: cycle 0 -> conforms
[  39.3s]   Unit: cycle 0 -> conforms
[  40.9s]   ProcessStatus: cycle 0 -> conforms
[  40.9s] level 1: 2 agent(s), 19 known entities
[  40.9s]   EvaluationProcess: extracting (236 chars, 7 classes in view)
[  40.9s]   Measurement: extracting (1878 chars, 2 classes in view)
[  50.1s]   EvaluationProcess: cycle 0 -> conforms
[  64.1s]   Measurement: cycle 0 -> conforms
[  64.1s] level 2: 1 agent(s), 28 known entities
[  64.1s]   MeasurementProcess: extracting (1878 chars, 6 classes in view)
[  92.1s]   MeasurementProcess: cycle 0 -> conforms
[  92.1s] level 3: 2 agent(s), 36 known entities
[  92.1s]   CarePlan: extracting (2554 chars, 4 classes in view)
[  92.1s]   ClinicalVisit: extracting (2554 chars, 5 classes in view)
[  99.8s]   CarePlan: cycle 0 -> conforms
[ 124.5s]   ClinicalVisit: cycle 0 -> conforms
[ 124.6s] merging (orchestrator): 0 violation(s), 0 unresolved, 0 unparsed
[ 185.9s] final: 1 violation(s)
conforms=False segments=11 llm_calls=13 unresolved=0
  orchestrator   2 calls    10207 in    5655 out  cost n/a  gemma4-g1
  total         13 calls    45785 in   13468 out  cost n/a  
  worker        11 calls    35578 in    7813 out  cost n/a  gemma4-g1
Constraint Violation in ClassConstraintComponent (http://www.w3.org/ns/shacl#ClassConstraintComponent):
	Severity: sh:Violation
	Source Shape: chr:HasStatusRangeShape
	Focus Node: ex:status_completed
	Value Node: ex:status_completed
	Message: Object of chr:hasStatus must be a chr:ProcessStatus.

exit=1
