[   0.1s] segmenting (orchestrator) ...
[  14.1s] 5 segments: s1[ClinicalVisit,Person,CareUnit,Person], s2[MeasurementProcess,Measurement,Unit,ProcessStatus], s3[EvaluationProcess,DiagnosticStatement,ClinicalCondition], s4[EvaluationProcess,DiagnosticStatement,ClinicalCondition], s5[CarePlan]
[  14.1s] build order: [CareUnit, ClinicalCondition, DiagnosticStatement, Person, ProcessStatus, Unit] -> [EvaluationProcess, Measurement] -> [MeasurementProcess] -> [CarePlan, ClinicalVisit]
[  14.1s] level 0: 6 agent(s), 0 known entities
[  14.1s]   CareUnit: extracting (340 chars, 1 classes in view)
[  14.1s]   ClinicalCondition: extracting (466 chars, 3 classes in view)
[  14.1s]   DiagnosticStatement: extracting (466 chars, 1 classes in view)
[  14.1s]   Person: extracting (340 chars, 1 classes in view)
[  18.3s]   CareUnit: cycle 0 -> conforms
[  18.3s]   ProcessStatus: extracting (258 chars, 1 classes in view)
[  19.3s]   Person: cycle 0 -> conforms
[  19.3s]   Unit: extracting (258 chars, 1 classes in view)
[  20.0s]   DiagnosticStatement: cycle 0 -> conforms
[  21.4s]   ClinicalCondition: cycle 0 -> conforms
[  22.0s]   ProcessStatus: cycle 0 -> conforms
[  23.3s]   Unit: cycle 0 -> conforms
[  23.3s] level 1: 2 agent(s), 9 known entities
[  23.3s]   EvaluationProcess: extracting (466 chars, 7 classes in view)
[  23.3s]   Measurement: extracting (258 chars, 2 classes in view)
[  30.0s]   Measurement: cycle 0 -> conforms
[  34.0s]   EvaluationProcess: cycle 0 -> conforms
[  34.0s] level 2: 1 agent(s), 15 known entities
[  34.0s]   MeasurementProcess: extracting (258 chars, 6 classes in view)
[  42.8s]   MeasurementProcess: cycle 0 -> conforms
[  42.8s] level 3: 2 agent(s), 16 known entities
[  42.8s]   CarePlan: extracting (1184 chars, 4 classes in view)
[  42.8s]   ClinicalVisit: extracting (1184 chars, 5 classes in view)
[  48.6s]   CarePlan: cycle 0 -> conforms
[  48.6s]   CarePlan: 1 unresolved (honest gaps)
[  52.1s]   ClinicalVisit: cycle 0 -> conforms
[  52.1s]   ClinicalVisit: 2 unresolved (honest gaps)
[  52.1s] merging (orchestrator): 0 violation(s), 3 unresolved, 0 unparsed
[  77.7s] final: conforms
conforms=True segments=11 llm_calls=13 unresolved=0
  orchestrator   2 calls     6860 in    2450 out  cost n/a  gemma4-g1
  total         13 calls    36957 in    6451 out  cost n/a  
  worker        11 calls    30097 in    4001 out  cost n/a  gemma4-g1
exit=0
