[   0.1s] segmenting (orchestrator) ...
[ 110.6s] 28 segments: s1[ClinicalVisit,Person,CareUnit,Person], s2[MeasurementProcess,Measurement], s3[MeasurementProcess,Measurement], s4[MeasurementProcess,Measurement], s5[MeasurementProcess,Measurement], s6[MeasurementProcess,Measurement], s7[MeasurementProcess,Measurement], s8[MeasurementProcess,Measurement], s9[MeasurementProcess,Measurement], s10[MeasurementProcess,Measurement], s11[MeasurementProcess,Measurement], s12[MeasurementProcess,Measurement], s13[MeasurementProcess,Measurement], s14[MeasurementProcess,Measurement], s15[MeasurementProcess,Measurement], s16[MeasurementProcess,Measurement], s17[MeasurementProcess,Measurement], s18[MeasurementProcess,Measurement], s19[MeasurementProcess,Measurement], s20[MeasurementProcess,Measurement], s21[MeasurementProcess,Measurement], s22[MeasurementProcess,Measurement], s23[MeasurementProcess,Measurement], s24[EvaluationProcess,DiagnosticStatement,ClinicalCondition], s25[EvaluationProcess,DiagnosticStatement,ClinicalCondition], s26[EvaluationProcess,DiagnosticStatement,ClinicalCondition], s27[EvaluationProcess,DiagnosticStatement,ClinicalCondition], s28[CarePlan]
[ 110.6s] build order: [CareUnit, ClinicalCondition, DiagnosticStatement, Measurement, Person] -> [EvaluationProcess, MeasurementProcess] -> [CarePlan, ClinicalVisit]
[ 110.6s] level 0: 5 agent(s), 0 known entities
[ 110.6s]   CareUnit: extracting (235 chars, 1 classes in view)
[ 110.6s]   ClinicalCondition: extracting (924 chars, 3 classes in view)
[ 110.6s]   DiagnosticStatement: extracting (924 chars, 1 classes in view)
[ 110.6s]   Measurement: extracting (5592 chars, 2 classes in view)
[ 117.1s]   CareUnit: cycle 0 -> conforms
[ 117.1s]   Person: extracting (235 chars, 1 classes in view)
[ 122.4s]   DiagnosticStatement: cycle 0 -> conforms
[ 123.5s]   Person: cycle 0 -> conforms
[ 125.3s]   ClinicalCondition: cycle 0 -> conforms
[ 182.4s]   Measurement: cycle 0 -> conforms
[ 182.4s] level 1: 2 agent(s), 41 known entities
[ 182.4s]   EvaluationProcess: extracting (924 chars, 7 classes in view)
[ 182.4s]   MeasurementProcess: extracting (5592 chars, 6 classes in view)
[ 218.0s]   EvaluationProcess: cycle 0 -> conforms
[ 305.3s]   MeasurementProcess: cycle 0 -> conforms
[ 305.3s] level 2: 2 agent(s), 69 known entities
[ 305.3s]   CarePlan: extracting (6960 chars, 4 classes in view)
[ 305.3s]   ClinicalVisit: extracting (6960 chars, 5 classes in view)
[ 325.7s]   CarePlan: cycle 0 -> conforms
[ 390.3s]   ClinicalVisit: cycle 0 -> conforms
[ 390.4s] merging (orchestrator): 0 violation(s), 0 unresolved, 0 unparsed
[ 557.6s] final: conforms
conforms=True segments=9 llm_calls=11 unresolved=0
  orchestrator   2 calls    18521 in   13441 out  cost n/a  gemma4-g1
  total         11 calls    59072 in   31984 out  cost n/a  
  worker         9 calls    40551 in   18543 out  cost n/a  gemma4-g1
exit=0
