[   0.1s] segmenting (orchestrator) ...
[  11.5s] 4 segments: s1[ClinicalVisit,Person,CareUnit], s2[MeasurementProcess,Measurement,ProcessStatus], s3[EvaluationProcess,DiagnosticStatement,ClinicalCondition], s4[CarePlan]
[  11.5s] build order: [CareUnit, ClinicalCondition, DiagnosticStatement, Measurement, Person, ProcessStatus] -> [EvaluationProcess, MeasurementProcess] -> [CarePlan, ClinicalVisit]
[  11.5s] level 0: 6 agent(s), 0 known entities
[  11.5s]   CareUnit: extracting (333 chars, 1 classes in view)
[  11.5s]   ClinicalCondition: extracting (241 chars, 3 classes in view)
[  11.6s]   DiagnosticStatement: extracting (241 chars, 1 classes in view)
[  11.6s]   Measurement: extracting (221 chars, 2 classes in view)
[  16.6s]   CareUnit: cycle 0 -> conforms
[  16.6s]   Person: extracting (333 chars, 1 classes in view)
[  17.4s]   DiagnosticStatement: cycle 0 -> conforms
[  17.4s]   ProcessStatus: extracting (221 chars, 1 classes in view)
[  18.2s]   ClinicalCondition: cycle 0 -> conforms
[  19.6s]   Measurement: cycle 0 -> conforms
[  21.8s]   Person: cycle 0 -> conforms
[  21.9s]   ProcessStatus: cycle 0 -> 1 violation(s)
[  21.9s]   ProcessStatus: fixing ...
[  25.6s]   ProcessStatus: cycle 1 -> conforms
[  25.6s] level 1: 2 agent(s), 9 known entities
[  25.6s]   EvaluationProcess: extracting (241 chars, 7 classes in view)
[  25.6s]   MeasurementProcess: extracting (221 chars, 6 classes in view)
[  34.6s]   MeasurementProcess: cycle 0 -> conforms
[  35.1s]   EvaluationProcess: cycle 0 -> conforms
[  35.1s] level 2: 2 agent(s), 11 known entities
[  35.1s]   CarePlan: extracting (915 chars, 4 classes in view)
[  35.1s]   ClinicalVisit: extracting (915 chars, 5 classes in view)
[  40.2s]   CarePlan: cycle 0 -> conforms
[  42.4s]   ClinicalVisit: cycle 0 -> conforms
[  42.5s] merging (orchestrator): 0 violation(s), 0 unresolved, 0 unparsed
[  62.1s] final: conforms
conforms=True segments=10 llm_calls=13 unresolved=0
  orchestrator   2 calls     5876 in    1930 out  cost n/a  gemma4-g1
  total         13 calls    34374 in    5325 out  cost n/a  
  worker        11 calls    28498 in    3395 out  cost n/a  gemma4-g1
exit=0
