[   0.1s] segmenting (orchestrator) ...
[ 101.1s] 37 segments: s1[ClinicalVisit,Person,CareUnit,Person], s2[MeasurementProcess,Measurement,ProcessStatus], s3[MeasurementProcess,Measurement,ProcessStatus], s4[MeasurementProcess,Measurement,ProcessStatus], s5[MeasurementProcess,Measurement,ProcessStatus], s6[MeasurementProcess,Measurement,ProcessStatus], s7[MeasurementProcess,Measurement,ProcessStatus], s8[MeasurementProcess,Measurement,ProcessStatus], s9[MeasurementProcess,Measurement,ProcessStatus], s10[MeasurementProcess,Measurement,ProcessStatus], s11[MeasurementProcess,Measurement,ProcessStatus], s12[MeasurementProcess,Measurement,ProcessStatus], s13[MeasurementProcess,Measurement,ProcessStatus], s14[MeasurementProcess,Measurement,ProcessStatus], s15[MeasurementProcess,Measurement,ProcessStatus], s16[MeasurementProcess,Measurement,ProcessStatus], s17[MeasurementProcess,Measurement,ProcessStatus], s18[MeasurementProcess,Measurement,ProcessStatus], s19[MeasurementProcess,Measurement,ProcessStatus], s20[MeasurementProcess,Measurement,ProcessStatus], s21[MeasurementProcess,Measurement,ProcessStatus], s22[MeasurementProcess,Measurement,ProcessStatus], s23[MeasurementProcess,Measurement,ProcessStatus], s24[MeasurementProcess,Measurement,ProcessStatus], s25[MeasurementProcess,Measurement,ProcessStatus], s26[MeasurementProcess,Measurement,ProcessStatus], s27[MeasurementProcess,Measurement,ProcessStatus], s28[MeasurementProcess,Measurement,ProcessStatus], s29[MeasurementProcess,Measurement,ProcessStatus], s30[MeasurementProcess,Measurement,ProcessStatus], s31[MeasurementProcess,Measurement,ProcessStatus], s32[MeasurementProcess,Measurement,ProcessStatus], s33[MeasurementProcess,Measurement,ProcessStatus], s34[MeasurementProcess,Measurement,ProcessStatus], s35[EvaluationProcess,DiagnosticStatement,ClinicalCondition], s36[EvaluationProcess,DiagnosticStatement,ClinicalCondition], s37[CarePlan]
[ 101.1s] build order: [CareUnit, ClinicalCondition, DiagnosticStatement, Measurement, Person, ProcessStatus] -> [EvaluationProcess, MeasurementProcess] -> [CarePlan, ClinicalVisit]
[ 101.1s] level 0: 6 agent(s), 0 known entities
[ 101.1s]   CareUnit: extracting (231 chars, 1 classes in view)
[ 101.1s]   ClinicalCondition: extracting (479 chars, 3 classes in view)
[ 101.1s]   DiagnosticStatement: extracting (479 chars, 1 classes in view)
[ 101.1s]   Measurement: extracting (8314 chars, 2 classes in view)
[ 106.8s]   CareUnit: cycle 0 -> conforms
[ 106.8s]   Person: extracting (231 chars, 1 classes in view)
[ 109.4s]   DiagnosticStatement: cycle 0 -> conforms
[ 109.4s]   ProcessStatus: extracting (8314 chars, 1 classes in view)
[ 111.0s]   ClinicalCondition: cycle 0 -> conforms
[ 112.9s]   Person: cycle 0 -> conforms
[ 114.1s]   ProcessStatus: cycle 0 -> conforms
[ 192.3s]   Measurement: dropped 11 individual(s) of other classes (already built by earlier levels)
[ 192.4s]   Measurement: cycle 0 -> 11 violation(s)
[ 192.4s]   Measurement: fixing ...
[ 284.6s]   Measurement: cycle 1 -> conforms
[ 284.6s] level 1: 2 agent(s), 52 known entities
[ 284.6s]   EvaluationProcess: extracting (479 chars, 7 classes in view)
[ 284.6s]   MeasurementProcess: extracting (8314 chars, 6 classes in view)
[ 300.9s]   EvaluationProcess: cycle 0 -> conforms
[ 465.2s]   MeasurementProcess: dropped 2 individual(s) of other classes (already built by earlier levels)
[ 465.4s]   MeasurementProcess: cycle 0 -> 2 violation(s)
[ 465.4s]   MeasurementProcess: fixing ...
[ 646.7s]   MeasurementProcess: cycle 1 -> 1 violation(s)
[ 646.7s]   MeasurementProcess: fixing ...
[ 826.2s]   MeasurementProcess: cycle 2 -> conforms
[ 826.3s] level 2: 2 agent(s), 88 known entities
[ 826.3s]   CarePlan: extracting (9247 chars, 4 classes in view)
[ 826.3s]   ClinicalVisit: extracting (9247 chars, 5 classes in view)
[ 834.6s]   CarePlan: cycle 0 -> conforms
[ 834.6s]   CarePlan: 1 unresolved (honest gaps)
[ 946.4s]   ClinicalVisit: cycle 0 -> conforms
[ 946.6s] merging (orchestrator): 0 violation(s), 1 unresolved, 0 unparsed
[1183.9s] final: conforms
conforms=True segments=10 llm_calls=15 unresolved=0
  orchestrator   2 calls    23609 in   18258 out  cost n/a  gemma4-g1
  total         15 calls   115131 in   66971 out  cost n/a  
  worker        13 calls    91522 in   48713 out  cost n/a  gemma4-g1
exit=0
