[   0.1s] segmenting (orchestrator) ...
[  64.0s] 27 segments: s1[ClinicalVisit,Person,CareUnit,Person], s2[MeasurementProcess,Measurement], s3[MeasurementProcess,Measurement], s4[MeasurementProcess,Measurement], s5[MeasurementProcess,Measurement], s6[MeasurementProcess,Measurement], s7[MeasurementProcess,Measurement], s8[MeasurementProcess,Measurement], s9[MeasurementProcess,Measurement], s10[MeasurementProcess,Measurement], s11[MeasurementProcess,Measurement], s12[MeasurementProcess,Measurement], s13[MeasurementProcess,Measurement], s14[MeasurementProcess,Measurement], s15[MeasurementProcess,Measurement], s16[MeasurementProcess,Measurement], s17[MeasurementProcess,Measurement], s18[MeasurementProcess,Measurement], s19[MeasurementProcess,Measurement], s20[MeasurementProcess,Measurement], s21[MeasurementProcess,Measurement], s22[MeasurementProcess,Measurement], s23[MeasurementProcess,Measurement], s24[MeasurementProcess,Measurement], s25[EvaluationProcess,DiagnosticStatement,ClinicalCondition], s26[EvaluationProcess,DiagnosticStatement,ClinicalCondition], s27[CarePlan]
[  64.0s] build order: [CareUnit, ClinicalCondition, DiagnosticStatement, Measurement, Person] -> [EvaluationProcess, MeasurementProcess] -> [CarePlan, ClinicalVisit]
[  64.0s] level 0: 5 agent(s), 0 known entities
[  64.0s]   CareUnit: extracting (235 chars, 1 classes in view)
[  64.0s]   ClinicalCondition: extracting (463 chars, 3 classes in view)
[  64.0s]   DiagnosticStatement: extracting (463 chars, 1 classes in view)
[  64.0s]   Measurement: extracting (5791 chars, 2 classes in view)
[  69.7s]   CareUnit: cycle 0 -> conforms
[  69.7s]   Person: extracting (235 chars, 1 classes in view)
[  72.3s]   DiagnosticStatement: cycle 0 -> conforms
[  73.7s]   ClinicalCondition: cycle 0 -> conforms
[  75.4s]   Person: cycle 0 -> conforms
[ 137.0s]   Measurement: cycle 0 -> 1 violation(s)
[ 137.0s]   Measurement: fixing ...
[ 200.6s]   Measurement: cycle 1 -> 1 violation(s)
[ 200.6s]   Measurement: fixing ...
[ 266.7s]   Measurement: cycle 2 -> 1 violation(s)
[ 266.7s]   Measurement: stopping (fix budget spent)
[ 266.7s]   Measurement: 1 unresolved (honest gaps)
[ 266.7s] level 1: 2 agent(s), 7 known entities
[ 266.7s]   EvaluationProcess: extracting (463 chars, 7 classes in view)
[ 266.7s]   MeasurementProcess: extracting (5791 chars, 6 classes in view)
[ 281.4s]   EvaluationProcess: cycle 0 -> conforms
[ 403.8s]   MeasurementProcess: cycle 0 -> conforms
[ 403.9s] level 2: 2 agent(s), 65 known entities
[ 403.9s]   CarePlan: extracting (6698 chars, 4 classes in view)
[ 403.9s]   ClinicalVisit: extracting (6698 chars, 5 classes in view)
[ 411.5s]   CarePlan: cycle 0 -> conforms
[ 411.5s]   CarePlan: 1 unresolved (honest gaps)
[ 479.3s]   ClinicalVisit: cycle 0 -> conforms
[ 479.4s] merging (orchestrator): 0 violation(s), 2 unresolved, 1 unparsed
[ 639.9s] final: conforms
conforms=True segments=9 llm_calls=13 unresolved=0
  orchestrator   2 calls    21363 in   12635 out  cost n/a  gemma4-g1
  total         13 calls    72554 in   37412 out  cost n/a  
  worker        11 calls    51191 in   24777 out  cost n/a  gemma4-g1
exit=0
