[   0.1s] segmenting (orchestrator) ...
[  46.9s] 16 segments: s1[ClinicalVisit,Person,CareUnit,Person], s2[MeasurementProcess,Measurement,Unit,ProcessStatus], s3[MeasurementProcess,Measurement,Unit,ProcessStatus], s4[MeasurementProcess,Measurement,Unit,ProcessStatus], s5[MeasurementProcess,Measurement,Unit,ProcessStatus], s6[MeasurementProcess,Measurement,Unit,ProcessStatus], s7[MeasurementProcess,Measurement,Unit,ProcessStatus], s8[MeasurementProcess,Measurement,Unit,ProcessStatus], s9[MeasurementProcess,Measurement,Unit,ProcessStatus], s10[MeasurementProcess,Measurement,Unit,ProcessStatus], s11[MeasurementProcess,Measurement,Unit,ProcessStatus], s12[MeasurementProcess,Measurement,Unit,ProcessStatus], s13[MeasurementProcess,Measurement,Unit,ProcessStatus], s14[EvaluationProcess,DiagnosticStatement,ClinicalCondition], s15[EvaluationProcess,DiagnosticStatement,ClinicalCondition], s16[CarePlan]
[  46.9s] build order: [CareUnit, ClinicalCondition, DiagnosticStatement, Person, ProcessStatus, Unit] -> [EvaluationProcess, Measurement] -> [MeasurementProcess] -> [CarePlan, ClinicalVisit]
[  46.9s] level 0: 6 agent(s), 0 known entities
[  46.9s]   CareUnit: extracting (250 chars, 1 classes in view)
[  46.9s]   ClinicalCondition: extracting (459 chars, 3 classes in view)
[  46.9s]   DiagnosticStatement: extracting (459 chars, 1 classes in view)
[  46.9s]   Person: extracting (250 chars, 1 classes in view)
[  52.5s]   CareUnit: cycle 0 -> conforms
[  52.5s]   ProcessStatus: extracting (2912 chars, 1 classes in view)
[  53.8s]   Person: cycle 0 -> conforms
[  53.8s]   Unit: extracting (2912 chars, 1 classes in view)
[  54.6s]   DiagnosticStatement: cycle 0 -> conforms
[  56.4s]   ClinicalCondition: cycle 0 -> conforms
[  67.4s]   Unit: cycle 0 -> conforms
[  70.6s]   ProcessStatus: cycle 0 -> conforms
[  70.6s] level 1: 2 agent(s), 27 known entities
[  70.6s]   EvaluationProcess: extracting (459 chars, 7 classes in view)
[  70.6s]   Measurement: extracting (2912 chars, 2 classes in view)
[  85.6s]   EvaluationProcess: cycle 0 -> conforms
[ 113.8s]   Measurement: cycle 0 -> conforms
[ 113.8s] level 2: 1 agent(s), 41 known entities
[ 113.8s]   MeasurementProcess: extracting (2912 chars, 6 classes in view)
[ 162.7s]   MeasurementProcess: cycle 0 -> conforms
[ 162.7s] level 3: 2 agent(s), 53 known entities
[ 162.7s]   CarePlan: extracting (3856 chars, 4 classes in view)
[ 162.7s]   ClinicalVisit: extracting (3856 chars, 5 classes in view)
[ 169.4s]   CarePlan: cycle 0 -> conforms
[ 217.7s]   ClinicalVisit: cycle 0 -> conforms
[ 217.9s] merging (orchestrator): 0 violation(s), 0 unresolved, 0 unparsed
[ 323.6s] final: conforms
conforms=True segments=11 llm_calls=13 unresolved=0
  orchestrator   2 calls    13068 in    8373 out  cost n/a  gemma4-g1
  total         13 calls    53326 in   18683 out  cost n/a  
  worker        11 calls    40258 in   10310 out  cost n/a  gemma4-g1
exit=0
