[   0.1s] segmenting (orchestrator) ...
[ 100.8s] 41 segments: s1[ClinicalVisit,CareUnit,Person], s2[MeasurementProcess,Measurement], s3[MeasurementProcess,Measurement], s4[MeasurementProcess,Measurement], s5[MeasurementProcess,Measurement], s6[MeasurementProcess,Measurement], s7[MeasurementProcess,Measurement], s8[MeasurementProcess,Measurement], s9[MeasurementProcess,Measurement], s10[MeasurementProcess,Measurement], s11[MeasurementProcess,Measurement], s12[MeasurementProcess,Measurement], s13[MeasurementProcess,Measurement], s14[MeasurementProcess,Measurement], s15[MeasurementProcess,Measurement], s16[MeasurementProcess,Measurement], s17[MeasurementProcess,Measurement], s18[MeasurementProcess,Measurement], s19[MeasurementProcess,Measurement], s20[MeasurementProcess,Measurement], s21[MeasurementProcess,Measurement], s22[MeasurementProcess,Measurement], s23[MeasurementProcess,Measurement], s24[MeasurementProcess,Measurement], s25[MeasurementProcess,Measurement], s26[MeasurementProcess,Measurement], s27[MeasurementProcess,Measurement], s28[MeasurementProcess,Measurement], s29[MeasurementProcess,Measurement], s30[MeasurementProcess,Measurement], s31[MeasurementProcess,Measurement], s32[MeasurementProcess,Measurement], s33[MeasurementProcess,Measurement], s34[MeasurementProcess,Measurement], s35[MeasurementProcess,Measurement], s36[MeasurementProcess,Measurement], s37[MeasurementProcess,Measurement], s38[MeasurementProcess,Measurement], s39[EvaluationProcess,DiagnosticStatement,ClinicalCondition], s40[EvaluationProcess,DiagnosticStatement,ClinicalCondition], s41[CarePlan]
[ 100.8s] build order: [CareUnit, ClinicalCondition, DiagnosticStatement, Measurement, Person] -> [EvaluationProcess, MeasurementProcess] -> [CarePlan, ClinicalVisit]
[ 100.8s] level 0: 5 agent(s), 0 known entities
[ 100.8s]   CareUnit: extracting (379 chars, 1 classes in view)
[ 100.8s]   ClinicalCondition: extracting (488 chars, 3 classes in view)
[ 100.8s]   DiagnosticStatement: extracting (488 chars, 1 classes in view)
[ 100.8s]   Measurement: extracting (8924 chars, 2 classes in view)
[ 107.2s]   CareUnit: cycle 0 -> conforms
[ 107.2s]   Person: extracting (379 chars, 1 classes in view)
[ 109.2s]   DiagnosticStatement: cycle 0 -> conforms
[ 110.6s]   ClinicalCondition: cycle 0 -> conforms
[ 112.6s]   Person: cycle 0 -> conforms
[ 208.9s]   Measurement: cycle 0 -> 1 violation(s)
[ 208.9s]   Measurement: fixing ...
[ 311.7s]   Measurement: cycle 1 -> 1 violation(s)
[ 311.7s]   Measurement: fixing ...
[ 416.7s]   Measurement: cycle 2 -> 1 violation(s)
[ 416.7s]   Measurement: stopping (fix budget spent)
[ 416.7s]   Measurement: 2 unresolved (honest gaps)
[ 416.7s] level 1: 2 agent(s), 7 known entities
[ 416.7s]   EvaluationProcess: extracting (488 chars, 7 classes in view)
[ 416.7s]   MeasurementProcess: extracting (8924 chars, 6 classes in view)
[ 435.0s]   EvaluationProcess: cycle 0 -> conforms
[ 640.1s]   MeasurementProcess: cycle 0 -> conforms
[ 640.1s]   MeasurementProcess: 11 unresolved (honest gaps)
[ 640.1s] level 2: 2 agent(s), 88 known entities
[ 640.1s]   CarePlan: extracting (9911 chars, 4 classes in view)
[ 640.1s]   ClinicalVisit: extracting (9911 chars, 5 classes in view)
[ 648.5s]   CarePlan: cycle 0 -> conforms
[ 742.7s]   ClinicalVisit: cycle 0 -> conforms
[ 742.9s] merging (orchestrator): 0 violation(s), 13 unresolved, 1 unparsed
[ 876.1s] final: 1 violation(s)
conforms=False segments=9 llm_calls=13 unresolved=0
  orchestrator   2 calls    31083 in   12504 out  cost n/a  gemma4-g1
  total         13 calls    98297 in   50226 out  cost n/a  
  worker        11 calls    67214 in   37722 out  cost n/a  gemma4-g1
Constraint Violation in TurtleSyntax:
	Severity: sh:Violation
	Message: not valid Turtle: string index out of range
	Offending line: 
	Hint: every statement starts with a subject IRI (ex:name a chr:Class ; ...). IRI local names may only contain letters, digits, '_' and '-'; put dates/codes with other characters in literals, not in IRIs.
exit=1
