[   0.1s] segmenting (orchestrator) ...
[  29.0s] 13 segments: s1[ClinicalVisit,Person,CareUnit,Person], s2[MeasurementProcess,Measurement], s3[MeasurementProcess,Measurement], s4[MeasurementProcess,Measurement], s5[MeasurementProcess,Measurement], s6[MeasurementProcess,Measurement], s7[MeasurementProcess,Measurement], s8[MeasurementProcess,Measurement], s9[MeasurementProcess,Measurement], s10[MeasurementProcess,Measurement], s11[MeasurementProcess,Measurement], s12[EvaluationProcess,DiagnosticStatement,ClinicalCondition], s13[CarePlan]
[  29.0s] build order: [CareUnit, ClinicalCondition, DiagnosticStatement, Measurement, Person] -> [EvaluationProcess, MeasurementProcess] -> [CarePlan, ClinicalVisit]
[  29.0s] level 0: 5 agent(s), 0 known entities
[  29.0s]   CareUnit: extracting (221 chars, 1 classes in view)
[  29.0s]   ClinicalCondition: extracting (236 chars, 3 classes in view)
[  29.0s]   DiagnosticStatement: extracting (236 chars, 1 classes in view)
[  29.0s]   Measurement: extracting (2372 chars, 2 classes in view)
[  33.9s]   CareUnit: cycle 0 -> conforms
[  33.9s]   Person: extracting (221 chars, 1 classes in view)
[  34.7s]   DiagnosticStatement: cycle 0 -> conforms
[  35.5s]   ClinicalCondition: cycle 0 -> conforms
[  41.3s]   Person: cycle 0 -> conforms
[  65.6s]   Measurement: cycle 0 -> conforms
[  65.6s] level 1: 2 agent(s), 21 known entities
[  65.6s]   EvaluationProcess: extracting (236 chars, 7 classes in view)
[  65.6s]   MeasurementProcess: extracting (2372 chars, 6 classes in view)
[  74.6s]   EvaluationProcess: cycle 0 -> conforms
[ 122.3s]   MeasurementProcess: cycle 0 -> conforms
[ 122.3s] level 2: 2 agent(s), 33 known entities
[ 122.3s]   CarePlan: extracting (3048 chars, 4 classes in view)
[ 122.3s]   ClinicalVisit: extracting (3048 chars, 5 classes in view)
[ 128.4s]   CarePlan: cycle 0 -> conforms
[ 161.2s]   ClinicalVisit: cycle 0 -> conforms
[ 161.3s] merging (orchestrator): 0 violation(s), 0 unresolved, 0 unparsed
[ 245.5s] final: conforms
conforms=True segments=9 llm_calls=11 unresolved=0
  orchestrator   2 calls    10873 in    6507 out  cost n/a  gemma4-g1
  total         11 calls    41598 in   15633 out  cost n/a  
  worker         9 calls    30725 in    9126 out  cost n/a  gemma4-g1
exit=0
