[   0.1s] segmenting (orchestrator) ...
[ 103.4s] 40 segments: s1[ClinicalVisit,CareUnit,Person], s2[MeasurementProcess,Measurement], s3[MeasurementProcess,Measurement], s4[MeasurementProcess,Measurement], s5[MeasurementProcess,Measurement], s6[MeasurementProcess,Measurement], s7[MeasurementProcess,Measurement], s8[MeasurementProcess,Measurement], s9[MeasurementProcess,Measurement], s10[MeasurementProcess,Measurement], s11[MeasurementProcess,Measurement], s12[MeasurementProcess,Measurement], s13[MeasurementProcess,Measurement], s14[MeasurementProcess,Measurement], s15[MeasurementProcess,Measurement], s16[MeasurementProcess,Measurement], s17[MeasurementProcess,Measurement], s18[MeasurementProcess,Measurement], s19[MeasurementProcess,Measurement], s20[MeasurementProcess,Measurement], s21[MeasurementProcess,Measurement], s22[MeasurementProcess,Measurement], s23[MeasurementProcess,Measurement], s24[MeasurementProcess,Measurement], s25[MeasurementProcess,Measurement], s26[MeasurementProcess,Measurement], s27[MeasurementProcess,Measurement], s28[MeasurementProcess,Measurement], s29[MeasurementProcess,Measurement], s30[MeasurementProcess,Measurement], s31[MeasurementProcess,Measurement], s32[MeasurementProcess,Measurement], s33[MeasurementProcess,Measurement], s34[MeasurementProcess,Measurement], s35[MeasurementProcess,Measurement], s36[MeasurementProcess,Measurement], s37[EvaluationProcess,DiagnosticStatement], s38[EvaluationProcess,DiagnosticStatement,ClinicalCondition], s39[EvaluationProcess,DiagnosticStatement,ClinicalCondition], s40[CarePlan]
[ 103.4s] build order: [CareUnit, ClinicalCondition, DiagnosticStatement, Measurement, Person] -> [EvaluationProcess, MeasurementProcess] -> [CarePlan, ClinicalVisit]
[ 103.4s] level 0: 5 agent(s), 0 known entities
[ 103.4s]   CareUnit: extracting (324 chars, 1 classes in view)
[ 103.4s]   ClinicalCondition: extracting (473 chars, 3 classes in view)
[ 103.4s]   DiagnosticStatement: extracting (710 chars, 1 classes in view)
[ 103.4s]   Measurement: extracting (9101 chars, 2 classes in view)
[ 108.6s]   CareUnit: cycle 0 -> conforms
[ 108.6s]   Person: extracting (324 chars, 1 classes in view)
[ 112.1s]   DiagnosticStatement: cycle 0 -> conforms
[ 112.2s]   ClinicalCondition: cycle 0 -> conforms
[ 113.9s]   Person: cycle 0 -> conforms
[ 208.4s]   Measurement: cycle 0 -> conforms
[ 208.5s] level 1: 2 agent(s), 59 known entities
[ 208.5s]   EvaluationProcess: extracting (710 chars, 7 classes in view)
[ 208.5s]   MeasurementProcess: extracting (9101 chars, 6 classes in view)
[ 228.6s]   EvaluationProcess: cycle 0 -> conforms
[ 398.0s]   MeasurementProcess: cycle 0 -> conforms
[ 398.1s] level 2: 2 agent(s), 99 known entities
[ 398.1s]   CarePlan: extracting (10255 chars, 4 classes in view)
[ 398.1s]   ClinicalVisit: extracting (10255 chars, 5 classes in view)
[ 405.6s]   CarePlan: cycle 0 -> conforms
[ 527.6s]   ClinicalVisit: cycle 0 -> conforms
[ 527.8s] merging (orchestrator): 0 violation(s), 0 unresolved, 0 unparsed
[ 761.3s] final: 1 violation(s)
conforms=False segments=9 llm_calls=11 unresolved=0
  orchestrator   2 calls    25771 in   17916 out  cost n/a  gemma4-g1
  total         11 calls    74654 in   43600 out  cost n/a  
  worker         9 calls    48883 in   25684 out  cost n/a  gemma4-g1
Constraint Violation in TurtleSyntax:
	Severity: sh:Violation
	Message: not valid Turtle: at line 617 of <>:
	Offending line: chr:hasResult ex
	Hint: every statement starts with a subject IRI (ex:name a chr:Class ; ...). IRI local names may only contain letters, digits, '_' and '-'; put dates/codes with other characters in literals, not in IRIs.
exit=1
