[   0.1s] segmenting (orchestrator) ...
[  44.5s] 19 segments: s1[ClinicalVisit,Person,CareUnit,Person], s2[MeasurementProcess,Measurement], s3[MeasurementProcess,Measurement], s4[MeasurementProcess,Measurement], s5[MeasurementProcess,Measurement], s6[MeasurementProcess,Measurement], s7[MeasurementProcess,Measurement], s8[MeasurementProcess,Measurement], s9[MeasurementProcess,Measurement], s10[MeasurementProcess,Measurement], s11[MeasurementProcess,Measurement], s12[MeasurementProcess,Measurement], s13[MeasurementProcess,Measurement], s14[MeasurementProcess,Measurement], s15[MeasurementProcess,Measurement], s16[MeasurementProcess,Measurement], s17[MeasurementProcess,Measurement], s18[EvaluationProcess,DiagnosticStatement,ClinicalCondition], s19[CarePlan]
[  44.5s] build order: [CareUnit, ClinicalCondition, DiagnosticStatement, Measurement, Person] -> [EvaluationProcess, MeasurementProcess] -> [CarePlan, ClinicalVisit]
[  44.5s] level 0: 5 agent(s), 0 known entities
[  44.5s]   CareUnit: extracting (238 chars, 1 classes in view)
[  44.5s]   ClinicalCondition: extracting (237 chars, 3 classes in view)
[  44.5s]   DiagnosticStatement: extracting (237 chars, 1 classes in view)
[  44.5s]   Measurement: extracting (3951 chars, 2 classes in view)
[  50.4s]   CareUnit: cycle 0 -> conforms
[  50.4s]   Person: extracting (238 chars, 1 classes in view)
[  51.0s]   DiagnosticStatement: cycle 0 -> conforms
[  51.6s]   ClinicalCondition: cycle 0 -> conforms
[  55.5s]   Person: cycle 0 -> conforms
[  93.6s]   Measurement: cycle 0 -> 1 violation(s)
[  93.6s]   Measurement: fixing ...
[ 144.9s]   Measurement: cycle 1 -> 1 violation(s)
[ 144.9s]   Measurement: stopping (plateau)
[ 144.9s]   Measurement: 4 unresolved (honest gaps)
[ 144.9s] level 1: 2 agent(s), 5 known entities
[ 144.9s]   EvaluationProcess: extracting (237 chars, 7 classes in view)
[ 144.9s]   MeasurementProcess: extracting (3951 chars, 6 classes in view)
[ 155.1s]   EvaluationProcess: cycle 0 -> conforms
[ 231.2s]   MeasurementProcess: cycle 0 -> conforms
[ 231.3s] level 2: 2 agent(s), 45 known entities
[ 231.3s]   CarePlan: extracting (4687 chars, 4 classes in view)
[ 231.3s]   ClinicalVisit: extracting (4687 chars, 5 classes in view)
[ 237.9s]   CarePlan: cycle 0 -> conforms
[ 282.7s]   ClinicalVisit: cycle 0 -> conforms
[ 282.8s] merging (orchestrator): 0 violation(s), 4 unresolved, 1 unparsed
[ 394.0s] final: 1 violation(s)
conforms=False segments=9 llm_calls=12 unresolved=0
  orchestrator   2 calls    16149 in    8683 out  cost n/a  gemma4-g1
  total         12 calls    53935 in   23467 out  cost n/a  
  worker        10 calls    37786 in   14784 out  cost n/a  gemma4-g1
Constraint Violation in ClassConstraintComponent (http://www.w3.org/ns/shacl#ClassConstraintComponent):
	Severity: sh:Violation
	Source Shape: chr:HasResultRangeShape
	Focus Node: ex:measurement_sodium
	Value Node: ex:measurement_sodium
	Message: Object of chr:hasResult must be a chr:Measurement.

exit=1
