[   0.1s] segmenting (orchestrator) ...
[  43.0s] 14 segments: s1[ClinicalVisit,Person,CareUnit,Person], s2[MeasurementProcess,Measurement,Unit,ProcessStatus], s3[MeasurementProcess,Measurement,Unit,ProcessStatus], s4[MeasurementProcess,Measurement,Unit,ProcessStatus], s5[MeasurementProcess,Measurement,Unit,ProcessStatus], s6[MeasurementProcess,Measurement,Unit,ProcessStatus], s7[MeasurementProcess,Measurement,Unit,ProcessStatus], s8[MeasurementProcess,Measurement,Unit,ProcessStatus], s9[MeasurementProcess,Measurement,Unit,ProcessStatus], s10[MeasurementProcess,Measurement,Unit,ProcessStatus], s11[MeasurementProcess,Measurement,Unit,ProcessStatus], s12[EvaluationProcess,DiagnosticStatement,ClinicalCondition], s13[EvaluationProcess,DiagnosticStatement,ClinicalCondition], s14[CarePlan]
[  43.0s] build order: [CareUnit, ClinicalCondition, DiagnosticStatement, Person, ProcessStatus, Unit] -> [EvaluationProcess, Measurement] -> [MeasurementProcess] -> [CarePlan, ClinicalVisit]
[  43.0s] level 0: 6 agent(s), 0 known entities
[  43.0s]   CareUnit: extracting (255 chars, 1 classes in view)
[  43.0s]   ClinicalCondition: extracting (481 chars, 3 classes in view)
[  43.1s]   DiagnosticStatement: extracting (481 chars, 1 classes in view)
[  43.1s]   Person: extracting (255 chars, 1 classes in view)
[  47.6s]   CareUnit: cycle 0 -> conforms
[  47.6s]   ProcessStatus: extracting (2463 chars, 1 classes in view)
[  48.6s]   Person: cycle 0 -> conforms
[  48.6s]   Unit: extracting (2463 chars, 1 classes in view)
[  49.5s]   DiagnosticStatement: cycle 0 -> 8 violation(s)
[  49.5s]   DiagnosticStatement: fixing ...
[  51.2s]   ClinicalCondition: cycle 0 -> conforms
[  56.4s]   DiagnosticStatement: cycle 1 -> 8 violation(s)
[  56.4s]   DiagnosticStatement: stopping (plateau)
[  58.9s]   Unit: cycle 0 -> conforms
[  61.2s]   ProcessStatus: cycle 0 -> conforms
[  61.3s] level 1: 2 agent(s), 24 known entities
[  61.3s]   EvaluationProcess: extracting (481 chars, 7 classes in view)
[  61.3s]   Measurement: extracting (2463 chars, 2 classes in view)
[  74.0s]   EvaluationProcess: cycle 0 -> 10 violation(s)
[  74.0s]   EvaluationProcess: fixing ...
[  90.3s]   EvaluationProcess: cycle 1 -> 10 violation(s)
[  90.3s]   EvaluationProcess: fixing ...
[  96.9s]   Measurement: cycle 0 -> 100 violation(s)
[  96.9s]   Measurement: fixing ...
[ 105.1s]   EvaluationProcess: cycle 2 -> 10 violation(s)
[ 105.1s]   EvaluationProcess: stopping (fix budget spent)
[ 126.6s]   Measurement: cycle 1 -> 8 violation(s)
[ 126.6s]   Measurement: fixing ...
[ 152.6s]   Measurement: cycle 2 -> 8 violation(s)
[ 152.6s]   Measurement: stopping (fix budget spent)
[ 152.6s] level 2: 1 agent(s), 38 known entities
[ 152.6s]   MeasurementProcess: extracting (2463 chars, 6 classes in view)
[ 224.0s]   MeasurementProcess: cycle 0 -> 10 violation(s)
[ 224.0s]   MeasurementProcess: fixing ...
[ 281.8s]   MeasurementProcess: cycle 1 -> 10 violation(s)
[ 281.8s]   MeasurementProcess: stopping (plateau)
[ 281.8s] level 3: 2 agent(s), 48 known entities
[ 281.8s]   CarePlan: extracting (3446 chars, 4 classes in view)
[ 281.8s]   ClinicalVisit: extracting (3446 chars, 5 classes in view)
[ 288.1s]   CarePlan: cycle 0 -> 10 violation(s)
[ 288.1s]   CarePlan: fixing ...
[ 293.3s]   CarePlan: cycle 1 -> 10 violation(s)
[ 293.3s]   CarePlan: stopping (plateau)
[ 321.5s]   ClinicalVisit: cycle 0 -> 10 violation(s)
[ 321.5s]   ClinicalVisit: fixing ...
[ 361.5s]   ClinicalVisit: cycle 1 -> 12 violation(s)
[ 361.5s]   ClinicalVisit: fixing ...
[ 406.9s]   ClinicalVisit: cycle 2 -> 12 violation(s)
[ 406.9s]   ClinicalVisit: stopping (fix budget spent)
[ 407.0s] merging (orchestrator): 12 violation(s), 0 unresolved, 0 unparsed
[ 491.1s] final: conforms
conforms=True segments=11 llm_calls=22 unresolved=0
  orchestrator   2 calls    13509 in    7096 out  cost n/a  gemma4-g1
  total         22 calls   107308 in   30780 out  cost n/a  
  worker        20 calls    93799 in   23684 out  cost n/a  gemma4-g1
exit=0
