[   0.1s] segmenting (orchestrator) ...
[  25.8s] 10 segments: s1[ClinicalVisit,Person,CareUnit,Person], s2[MeasurementProcess,Measurement], s3[MeasurementProcess,Measurement], s4[MeasurementProcess,Measurement], s5[MeasurementProcess,Measurement], s6[MeasurementProcess,Measurement], s7[MeasurementProcess,Measurement], s8[MeasurementProcess,Measurement], s9[EvaluationProcess,DiagnosticStatement,ClinicalCondition], s10[CarePlan]
[  25.8s] build order: [CareUnit, ClinicalCondition, DiagnosticStatement, Measurement, Person] -> [EvaluationProcess, MeasurementProcess] -> [CarePlan, ClinicalVisit]
[  25.8s] level 0: 5 agent(s), 0 known entities
[  25.8s]   CareUnit: extracting (235 chars, 1 classes in view)
[  25.8s]   ClinicalCondition: extracting (235 chars, 3 classes in view)
[  25.8s]   DiagnosticStatement: extracting (235 chars, 1 classes in view)
[  25.8s]   Measurement: extracting (1675 chars, 2 classes in view)
[  30.5s]   CareUnit: cycle 0 -> conforms
[  30.5s]   Person: extracting (235 chars, 1 classes in view)
[  30.9s]   DiagnosticStatement: cycle 0 -> conforms
[  31.6s]   ClinicalCondition: cycle 0 -> conforms
[  35.6s]   Person: cycle 0 -> conforms
[  51.0s]   Measurement: cycle 0 -> conforms
[  51.0s] level 1: 2 agent(s), 18 known entities
[  51.0s]   EvaluationProcess: extracting (235 chars, 7 classes in view)
[  51.0s]   MeasurementProcess: extracting (1675 chars, 6 classes in view)
[  61.6s]   EvaluationProcess: cycle 0 -> conforms
[  98.9s]   MeasurementProcess: cycle 0 -> conforms
[  98.9s] level 2: 2 agent(s), 27 known entities
[  98.9s]   CarePlan: extracting (2384 chars, 4 classes in view)
[  98.9s]   ClinicalVisit: extracting (2384 chars, 5 classes in view)
[ 104.2s]   CarePlan: cycle 0 -> conforms
[ 109.2s]   ClinicalVisit: cycle 0 -> conforms
[ 109.3s] merging (orchestrator): 0 violation(s), 0 unresolved, 0 unparsed
[ 167.5s] final: conforms
conforms=True segments=9 llm_calls=11 unresolved=0
  orchestrator   2 calls     9289 in    5062 out  cost n/a  gemma4-g1
  total         11 calls    38215 in   11237 out  cost n/a  
  worker         9 calls    28926 in    6175 out  cost n/a  gemma4-g1
exit=0
