[   0.1s] segmenting (orchestrator) ...
[  14.0s] 5 segments: s1[ClinicalVisit,Person,CareUnit,Person], s2[MeasurementProcess,Measurement,Unit,ProcessStatus], s3[EvaluationProcess,DiagnosticStatement,ClinicalCondition], s4[EvaluationProcess,DiagnosticStatement,ClinicalCondition], s5[CarePlan]
[  14.0s] build order: [CareUnit, ClinicalCondition, DiagnosticStatement, Person, ProcessStatus, Unit] -> [EvaluationProcess, Measurement] -> [MeasurementProcess] -> [CarePlan, ClinicalVisit]
[  14.0s] level 0: 6 agent(s), 0 known entities
[  14.0s]   CareUnit: extracting (348 chars, 1 classes in view)
[  14.0s]   ClinicalCondition: extracting (458 chars, 3 classes in view)
[  14.0s]   DiagnosticStatement: extracting (458 chars, 1 classes in view)
[  14.0s]   Person: extracting (348 chars, 1 classes in view)
[  18.8s]   CareUnit: cycle 0 -> conforms
[  18.8s]   ProcessStatus: extracting (248 chars, 1 classes in view)
[  19.7s]   Person: cycle 0 -> conforms
[  19.7s]   Unit: extracting (248 chars, 1 classes in view)
[  20.7s]   DiagnosticStatement: cycle 0 -> conforms
[  22.3s]   ClinicalCondition: cycle 0 -> conforms
[  23.9s]   ProcessStatus: cycle 0 -> 1 violation(s)
[  23.9s]   ProcessStatus: fixing ...
[  24.6s]   Unit: cycle 0 -> conforms
[  28.8s]   ProcessStatus: cycle 1 -> 1 violation(s)
[  28.8s]   ProcessStatus: fixing ...
[  33.6s]   ProcessStatus: cycle 2 -> 1 violation(s)
[  33.6s]   ProcessStatus: stopping (fix budget spent)
[  33.6s]   ProcessStatus: 1 unresolved (honest gaps)
[  33.6s] level 1: 2 agent(s), 8 known entities
[  33.6s]   EvaluationProcess: extracting (458 chars, 7 classes in view)
[  33.6s]   Measurement: extracting (248 chars, 2 classes in view)
[  41.9s]   Measurement: cycle 0 -> conforms
[  44.8s]   EvaluationProcess: cycle 0 -> 29 violation(s)
[  44.8s]   EvaluationProcess: fixing ...
[  55.0s]   EvaluationProcess: cycle 1 -> 29 violation(s)
[  55.0s]   EvaluationProcess: stopping (plateau)
[  55.0s]   EvaluationProcess: 1 unresolved (honest gaps)
[  55.0s] level 2: 1 agent(s), 13 known entities
[  55.0s]   MeasurementProcess: extracting (248 chars, 6 classes in view)
[  63.6s]   MeasurementProcess: cycle 0 -> 56 violation(s)
[  63.6s]   MeasurementProcess: fixing ...
[  73.0s]   MeasurementProcess: cycle 1 -> 29 violation(s)
[  73.0s]   MeasurementProcess: fixing ...
[  81.9s]   MeasurementProcess: cycle 2 -> 29 violation(s)
[  81.9s]   MeasurementProcess: stopping (fix budget spent)
[  81.9s] level 3: 2 agent(s), 15 known entities
[  81.9s]   CarePlan: extracting (1174 chars, 4 classes in view)
[  81.9s]   ClinicalVisit: extracting (1174 chars, 5 classes in view)
[  87.3s]   CarePlan: cycle 0 -> 30 violation(s)
[  87.3s]   CarePlan: fixing ...
[  92.2s]   CarePlan: cycle 1 -> 30 violation(s)
[  92.2s]   CarePlan: stopping (plateau)
[  96.9s]   ClinicalVisit: cycle 0 -> 29 violation(s)
[  96.9s]   ClinicalVisit: fixing ...
[ 113.6s]   ClinicalVisit: cycle 1 -> 29 violation(s)
[ 113.6s]   ClinicalVisit: stopping (plateau)
[ 113.7s] merging (orchestrator): 29 violation(s), 2 unresolved, 1 unparsed
[ 139.0s] final: 1 violation(s)
conforms=False segments=11 llm_calls=20 unresolved=0
  orchestrator   2 calls    10802 in    2241 out  cost n/a  gemma4-g1
  total         20 calls    75989 in    9198 out  cost n/a  
  worker        18 calls    65187 in    6957 out  cost n/a  gemma4-g1
Constraint Violation in DatatypeConstraintComponent (http://www.w3.org/ns/shacl#DatatypeConstraintComponent):
	Severity: sh:Violation
	Source Shape: [ sh:datatype xsd:float ; sh:message Literal("chr:hasQuantityValue must be an xsd:float.") ; sh:path chr:hasQuantityValue ]
	Focus Node: ex:measurement_38265_5
	Value Node: Literal("-0.028448", datatype=xsd:decimal)
	Result Path: chr:hasQuantityValue
	Message: chr:hasQuantityValue must be an xsd:float.

exit=1
