[   0.1s] segmenting (orchestrator) ...
[ 124.2s] 41 segments: s1[ClinicalVisit,Person,CareUnit,Person], s2[MeasurementProcess,Measurement], s3[MeasurementProcess,Measurement], s4[MeasurementProcess,Measurement], s5[MeasurementProcess,Measurement], s6[MeasurementProcess,Measurement], s7[MeasurementProcess,Measurement], s8[MeasurementProcess,Measurement], s9[MeasurementProcess,Measurement], s10[MeasurementProcess,Measurement], s11[MeasurementProcess,Measurement], s12[MeasurementProcess,Measurement], s13[MeasurementProcess,Measurement], s14[MeasurementProcess,Measurement], s15[MeasurementProcess,Measurement], s16[MeasurementProcess,Measurement], s17[MeasurementProcess,Measurement], s18[MeasurementProcess,Measurement], s19[MeasurementProcess,Measurement], s20[MeasurementProcess,Measurement], s21[MeasurementProcess,Measurement], s22[MeasurementProcess,Measurement], s23[MeasurementProcess,Measurement], s24[MeasurementProcess,Measurement], s25[MeasurementProcess,Measurement], s26[MeasurementProcess,Measurement], s27[MeasurementProcess,Measurement], s28[MeasurementProcess,Measurement], s29[MeasurementProcess,Measurement], s30[MeasurementProcess,Measurement], s31[MeasurementProcess,Measurement], s32[MeasurementProcess,Measurement], s33[MeasurementProcess,Measurement], s34[MeasurementProcess,Measurement], s35[MeasurementProcess,Measurement], s36[MeasurementProcess,Measurement], s37[MeasurementProcess,Measurement], s38[MeasurementProcess,Measurement], s39[MeasurementProcess,Measurement], s40[EvaluationProcess,DiagnosticStatement,ClinicalCondition], s41[CarePlan]
[ 124.2s] build order: [CareUnit, ClinicalCondition, DiagnosticStatement, Measurement, Person] -> [EvaluationProcess, MeasurementProcess] -> [CarePlan, ClinicalVisit]
[ 124.2s] level 0: 5 agent(s), 0 known entities
[ 124.2s]   CareUnit: extracting (238 chars, 1 classes in view)
[ 124.2s]   ClinicalCondition: extracting (223 chars, 3 classes in view)
[ 124.2s]   DiagnosticStatement: extracting (223 chars, 1 classes in view)
[ 124.2s]   Measurement: extracting (9149 chars, 2 classes in view)
[ 130.6s]   CareUnit: cycle 0 -> conforms
[ 130.6s]   Person: extracting (238 chars, 1 classes in view)
[ 131.1s]   DiagnosticStatement: cycle 0 -> conforms
[ 131.9s]   ClinicalCondition: cycle 0 -> conforms
[ 140.2s]   Person: cycle 0 -> conforms
[ 248.7s]   Measurement: cycle 0 -> conforms
[ 248.7s] level 1: 2 agent(s), 56 known entities
[ 248.7s]   EvaluationProcess: extracting (223 chars, 7 classes in view)
[ 248.7s]   MeasurementProcess: extracting (9149 chars, 6 classes in view)
[ 259.7s]   EvaluationProcess: cycle 0 -> conforms
[ 463.1s]   MeasurementProcess: cycle 0 -> 1 violation(s)
[ 463.1s]   MeasurementProcess: fixing ...
[ 684.2s]   MeasurementProcess: cycle 1 -> conforms
[ 684.2s] level 2: 2 agent(s), 96 known entities
[ 684.2s]   CarePlan: extracting (9871 chars, 4 classes in view)
[ 684.2s]   ClinicalVisit: extracting (9871 chars, 5 classes in view)
[ 692.2s]   CarePlan: cycle 0 -> conforms
[ 761.8s]   ClinicalVisit: cycle 0 -> conforms
[ 762.0s] merging (orchestrator): 0 violation(s), 0 unresolved, 0 unparsed
[1019.3s] final: 1 violation(s)
conforms=False segments=9 llm_calls=12 unresolved=0
  orchestrator   2 calls    24642 in   18855 out  cost n/a  gemma4-g1
  total         12 calls    90246 in   53311 out  cost n/a  
  worker        10 calls    65604 in   34456 out  cost n/a  gemma4-g1
Constraint Violation in TurtleSyntax:
	Severity: sh:Violation
	Message: not valid Turtle: string index out of range
	Offending line: 
	Hint: every statement starts with a subject IRI (ex:name a chr:Class ; ...). IRI local names may only contain letters, digits, '_' and '-'; put dates/codes with other characters in literals, not in IRIs.
exit=1
