[   0.1s] segmenting (orchestrator) ...
[  31.7s] 12 segments: s1[ClinicalVisit,Person,CareUnit,Person], s2[MeasurementProcess], s3[MeasurementProcess], s4[MeasurementProcess], s5[MeasurementProcess], s6[MeasurementProcess], s7[MeasurementProcess], s8[MeasurementProcess], s9[MeasurementProcess], s10[EvaluationProcess,DiagnosticStatement,ClinicalCondition], s11[EvaluationProcess,DiagnosticStatement,ClinicalCondition], s12[CarePlan]
[  31.7s] build order: [CareUnit, ClinicalCondition, DiagnosticStatement, Person] -> [EvaluationProcess, MeasurementProcess] -> [CarePlan, ClinicalVisit]
[  31.7s] level 0: 4 agent(s), 0 known entities
[  31.7s]   CareUnit: extracting (255 chars, 1 classes in view)
[  31.7s]   ClinicalCondition: extracting (471 chars, 3 classes in view)
[  31.7s]   DiagnosticStatement: extracting (471 chars, 1 classes in view)
[  31.7s]   Person: extracting (255 chars, 1 classes in view)
[  37.0s]   CareUnit: cycle 0 -> conforms
[  38.0s]   Person: cycle 0 -> conforms
[  38.8s]   DiagnosticStatement: cycle 0 -> 8 violation(s)
[  38.8s]   DiagnosticStatement: fixing ...
[  40.1s]   ClinicalCondition: cycle 0 -> conforms
[  45.9s]   DiagnosticStatement: cycle 1 -> 8 violation(s)
[  45.9s]   DiagnosticStatement: stopping (plateau)
[  45.9s] level 1: 2 agent(s), 7 known entities
[  45.9s]   EvaluationProcess: extracting (471 chars, 7 classes in view)
[  45.9s]   MeasurementProcess: extracting (1901 chars, 6 classes in view)
[  61.1s]   EvaluationProcess: cycle 0 -> 44 violation(s)
[  61.1s]   EvaluationProcess: fixing ...
[  77.9s]   EvaluationProcess: cycle 1 -> 36 violation(s)
[  77.9s]   EvaluationProcess: fixing ...
[  94.1s]   EvaluationProcess: cycle 2 -> 8 violation(s)
[  94.1s]   EvaluationProcess: stopping (fix budget spent)
[ 111.1s]   MeasurementProcess: cycle 0 -> 8 violation(s)
[ 111.1s]   MeasurementProcess: fixing ...
[ 164.4s]   MeasurementProcess: cycle 1 -> 8 violation(s)
[ 164.4s]   MeasurementProcess: stopping (plateau)
[ 164.4s] level 2: 2 agent(s), 34 known entities
[ 164.4s]   CarePlan: extracting (2874 chars, 4 classes in view)
[ 164.4s]   ClinicalVisit: extracting (2874 chars, 5 classes in view)
[ 171.2s]   CarePlan: cycle 0 -> 8 violation(s)
[ 171.2s]   CarePlan: fixing ...
[ 178.8s]   CarePlan: cycle 1 -> 8 violation(s)
[ 178.8s]   CarePlan: stopping (plateau)
[ 178.8s]   CarePlan: 1 unresolved (honest gaps)
[ 207.7s]   ClinicalVisit: cycle 0 -> 8 violation(s)
[ 207.7s]   ClinicalVisit: fixing ...
[ 246.2s]   ClinicalVisit: cycle 1 -> 8 violation(s)
[ 246.2s]   ClinicalVisit: stopping (plateau)
[ 246.3s] merging (orchestrator): 8 violation(s), 1 unresolved, 0 unparsed
[ 316.7s] final: conforms
conforms=True segments=8 llm_calls=16 unresolved=0
  orchestrator   2 calls    11476 in    5870 out  cost n/a  gemma4-g1
  total         16 calls    72810 in   20127 out  cost n/a  
  worker        14 calls    61334 in   14257 out  cost n/a  gemma4-g1
exit=0
