[   0.1s] segmenting (orchestrator) ...
[  89.5s] 38 segments: s1[ClinicalVisit,Person,CareUnit,Person], s2[MeasurementProcess,Measurement], s3[MeasurementProcess,Measurement], s4[MeasurementProcess,Measurement], s5[MeasurementProcess,Measurement], s6[MeasurementProcess,Measurement], s7[MeasurementProcess,Measurement], s8[MeasurementProcess,Measurement], s9[MeasurementProcess,Measurement], s10[MeasurementProcess,Measurement], s11[MeasurementProcess,Measurement], s12[MeasurementProcess,Measurement], s13[MeasurementProcess,Measurement], s14[MeasurementProcess,Measurement], s15[MeasurementProcess,Measurement], s16[MeasurementProcess,Measurement], s17[MeasurementProcess,Measurement], s18[MeasurementProcess,Measurement], s19[MeasurementProcess,Measurement], s20[MeasurementProcess,Measurement], s21[MeasurementProcess,Measurement], s22[MeasurementProcess,Measurement], s23[MeasurementProcess,Measurement], s24[MeasurementProcess,Measurement], s25[MeasurementProcess,Measurement], s26[MeasurementProcess,Measurement], s27[MeasurementProcess,Measurement], s28[MeasurementProcess,Measurement], s29[MeasurementProcess,Measurement], s30[MeasurementProcess,Measurement], s31[MeasurementProcess,Measurement], s32[MeasurementProcess,Measurement], s33[MeasurementProcess,Measurement], s34[EvaluationProcess,DiagnosticStatement,ClinicalCondition], s35[EvaluationProcess,DiagnosticStatement,ClinicalCondition], s36[EvaluationProcess,DiagnosticStatement,ClinicalCondition], s37[EvaluationProcess,DiagnosticStatement], s38[CarePlan]
[  89.6s] build order: [CareUnit, ClinicalCondition, DiagnosticStatement, Measurement, Person] -> [EvaluationProcess, MeasurementProcess] -> [CarePlan, ClinicalVisit]
[  89.6s] level 0: 5 agent(s), 0 known entities
[  89.6s]   CareUnit: extracting (241 chars, 1 classes in view)
[  89.6s]   ClinicalCondition: extracting (738 chars, 3 classes in view)
[  89.6s]   DiagnosticStatement: extracting (972 chars, 1 classes in view)
[  89.6s]   Measurement: extracting (8067 chars, 2 classes in view)
[  95.7s]   CareUnit: cycle 0 -> conforms
[  95.7s]   Person: extracting (241 chars, 1 classes in view)
[ 100.6s]   DiagnosticStatement: cycle 0 -> conforms
[ 101.5s]   ClinicalCondition: cycle 0 -> conforms
[ 101.5s]   Person: cycle 0 -> conforms
[ 193.3s]   Measurement: cycle 0 -> 1 violation(s)
[ 193.3s]   Measurement: fixing ...
[ 286.5s]   Measurement: cycle 1 -> 1 violation(s)
[ 286.5s]   Measurement: stopping (plateau)
[ 286.5s]   Measurement: 4 unresolved (honest gaps)
[ 286.5s] level 1: 2 agent(s), 10 known entities
[ 286.5s]   EvaluationProcess: extracting (972 chars, 7 classes in view)
[ 286.5s]   MeasurementProcess: extracting (8067 chars, 6 classes in view)
[ 304.8s]   EvaluationProcess: cycle 0 -> conforms
[ 482.9s]   MeasurementProcess: cycle 0 -> conforms
[ 482.9s]   MeasurementProcess: 4 unresolved (honest gaps)
[ 483.0s] level 2: 2 agent(s), 88 known entities
[ 483.0s]   CarePlan: extracting (9527 chars, 4 classes in view)
[ 483.0s]   ClinicalVisit: extracting (9527 chars, 5 classes in view)
[ 490.8s]   CarePlan: cycle 0 -> conforms
[ 602.9s]   ClinicalVisit: cycle 0 -> conforms
[ 603.1s] merging (orchestrator): 0 violation(s), 8 unresolved, 1 unparsed
[ 767.5s] final: 1 violation(s)
conforms=False segments=9 llm_calls=12 unresolved=0
  orchestrator   2 calls    29401 in   13774 out  cost n/a  gemma4-g1
  total         12 calls    83482 in   43435 out  cost n/a  
  worker        10 calls    54081 in   29661 out  cost n/a  gemma4-g1
Constraint Violation in TurtleSyntax:
	Severity: sh:Violation
	Message: not valid Turtle: Quote expected in string at ^ in t ;
	Offending line: 
	Hint: every statement starts with a subject IRI (ex:name a chr:Class ; ...). IRI local names may only contain letters, digits, '_' and '-'; put dates/codes with other characters in literals, not in IRIs.
exit=1
