[   0.1s] segmenting (orchestrator) ...
[  47.8s] 21 segments: s1[ClinicalVisit,Person,CareUnit,Person], s2[MeasurementProcess,Measurement], s3[MeasurementProcess,Measurement], s4[MeasurementProcess,Measurement], s5[MeasurementProcess,Measurement], s6[MeasurementProcess,Measurement], s7[MeasurementProcess,Measurement], s8[MeasurementProcess,Measurement], s9[MeasurementProcess,Measurement], s10[MeasurementProcess,Measurement], s11[MeasurementProcess,Measurement], s12[MeasurementProcess,Measurement], s13[MeasurementProcess,Measurement], s14[MeasurementProcess,Measurement], s15[MeasurementProcess,Measurement], s16[MeasurementProcess,Measurement], s17[MeasurementProcess,Measurement], s18[MeasurementProcess,Measurement], s19[EvaluationProcess,DiagnosticStatement,ClinicalCondition], s20[EvaluationProcess,DiagnosticStatement,ClinicalCondition], s21[CarePlan]
[  47.8s] build order: [CareUnit, ClinicalCondition, DiagnosticStatement, Measurement, Person] -> [EvaluationProcess, MeasurementProcess] -> [CarePlan, ClinicalVisit]
[  47.8s] level 0: 5 agent(s), 0 known entities
[  47.8s]   CareUnit: extracting (251 chars, 1 classes in view)
[  47.8s]   ClinicalCondition: extracting (468 chars, 3 classes in view)
[  47.8s]   DiagnosticStatement: extracting (468 chars, 1 classes in view)
[  47.8s]   Measurement: extracting (4087 chars, 2 classes in view)
[  53.3s]   CareUnit: cycle 0 -> conforms
[  53.3s]   Person: extracting (251 chars, 1 classes in view)
[  54.9s]   DiagnosticStatement: cycle 0 -> conforms
[  56.2s]   ClinicalCondition: cycle 0 -> conforms
[  58.4s]   Person: cycle 0 -> conforms
[  99.9s]   Measurement: cycle 0 -> conforms
[  99.9s] level 1: 2 agent(s), 32 known entities
[  99.9s]   EvaluationProcess: extracting (468 chars, 7 classes in view)
[  99.9s]   MeasurementProcess: extracting (4087 chars, 6 classes in view)
[ 112.0s]   EvaluationProcess: cycle 0 -> conforms
[ 280.7s]   MeasurementProcess: cycle 0 -> conforms
[ 280.7s] level 2: 2 agent(s), 52 known entities
[ 280.7s]   CarePlan: extracting (5069 chars, 4 classes in view)
[ 280.7s]   ClinicalVisit: extracting (5069 chars, 5 classes in view)
[ 288.3s]   CarePlan: cycle 0 -> conforms
[ 336.7s]   ClinicalVisit: cycle 0 -> conforms
[ 336.8s] merging (orchestrator): 0 violation(s), 0 unresolved, 0 unparsed
[ 452.8s] final: conforms
conforms=True segments=9 llm_calls=11 unresolved=0
  orchestrator   2 calls    14680 in    9923 out  cost n/a  gemma4-g1
  total         11 calls    50260 in   22917 out  cost n/a  
  worker         9 calls    35580 in   12994 out  cost n/a  gemma4-g1
exit=0
