[   0.1s] segmenting (orchestrator) ...
[  27.0s] 11 segments: s1[ClinicalVisit,Person,CareUnit,Person], s2[MeasurementProcess,Measurement], s3[MeasurementProcess,Measurement], s4[MeasurementProcess,Measurement], s5[MeasurementProcess,Measurement], s6[MeasurementProcess,Measurement], s7[MeasurementProcess,Measurement], s8[MeasurementProcess,Measurement], s9[MeasurementProcess,Measurement], s10[EvaluationProcess,DiagnosticStatement,ClinicalCondition], s11[CarePlan]
[  27.0s] build order: [CareUnit, ClinicalCondition, DiagnosticStatement, Measurement, Person] -> [EvaluationProcess, MeasurementProcess] -> [CarePlan, ClinicalVisit]
[  27.0s] level 0: 5 agent(s), 0 known entities
[  27.0s]   CareUnit: extracting (223 chars, 1 classes in view)
[  27.0s]   ClinicalCondition: extracting (237 chars, 3 classes in view)
[  27.0s]   DiagnosticStatement: extracting (237 chars, 1 classes in view)
[  27.0s]   Measurement: extracting (1913 chars, 2 classes in view)
[  32.1s]   CareUnit: cycle 0 -> conforms
[  32.1s]   Person: extracting (223 chars, 1 classes in view)
[  33.0s]   DiagnosticStatement: cycle 0 -> conforms
[  33.8s]   ClinicalCondition: cycle 0 -> conforms
[  37.5s]   Person: cycle 0 -> conforms
[  57.3s]   Measurement: cycle 0 -> conforms
[  57.3s] level 1: 2 agent(s), 19 known entities
[  57.3s]   EvaluationProcess: extracting (237 chars, 7 classes in view)
[  57.3s]   MeasurementProcess: extracting (1913 chars, 6 classes in view)
[  68.9s]   EvaluationProcess: cycle 0 -> conforms
[ 106.6s]   MeasurementProcess: cycle 0 -> conforms
[ 106.6s] level 2: 2 agent(s), 29 known entities
[ 106.6s]   CarePlan: extracting (2598 chars, 4 classes in view)
[ 106.6s]   ClinicalVisit: extracting (2598 chars, 5 classes in view)
[ 111.6s]   CarePlan: cycle 0 -> conforms
[ 136.2s]   ClinicalVisit: cycle 0 -> conforms
[ 136.3s] merging (orchestrator): 0 violation(s), 0 unresolved, 0 unparsed
[ 203.8s] final: conforms
conforms=True segments=9 llm_calls=11 unresolved=0
  orchestrator   2 calls     9759 in    5484 out  cost n/a  gemma4-g1
  total         11 calls    39297 in   13263 out  cost n/a  
  worker         9 calls    29538 in    7779 out  cost n/a  gemma4-g1
exit=0
