[   0.1s] segmenting (orchestrator) ...
[ 136.4s] 35 segments: s1[ClinicalVisit,Person,CareUnit,Person], s2[MeasurementProcess,Measurement,ProcessStatus], s3[MeasurementProcess,Measurement,ProcessStatus], s4[MeasurementProcess,Measurement,ProcessStatus], s5[MeasurementProcess,Measurement,ProcessStatus], s6[MeasurementProcess,Measurement,ProcessStatus], s7[MeasurementProcess,Measurement,ProcessStatus], s8[MeasurementProcess,Measurement,ProcessStatus], s9[MeasurementProcess,Measurement,ProcessStatus], s10[MeasurementProcess,Measurement,ProcessStatus], s11[MeasurementProcess,Measurement,ProcessStatus], s12[MeasurementProcess,Measurement,ProcessStatus], s13[MeasurementProcess,Measurement,ProcessStatus], s14[MeasurementProcess,Measurement,ProcessStatus], s15[MeasurementProcess,Measurement,ProcessStatus], s16[MeasurementProcess,Measurement,ProcessStatus], s17[MeasurementProcess,Measurement,ProcessStatus], s18[MeasurementProcess,Measurement,ProcessStatus], s19[MeasurementProcess,Measurement,ProcessStatus], s20[MeasurementProcess,Measurement,ProcessStatus], s21[MeasurementProcess,Measurement,ProcessStatus], s22[MeasurementProcess,Measurement,ProcessStatus], s23[MeasurementProcess,Measurement,ProcessStatus], s24[MeasurementProcess,Measurement,ProcessStatus], s25[MeasurementProcess,Measurement,ProcessStatus], s26[MeasurementProcess,Measurement,ProcessStatus], s27[MeasurementProcess,Measurement,ProcessStatus], s28[MeasurementProcess,Measurement,ProcessStatus], s29[MeasurementProcess,Measurement,ProcessStatus], s30[MeasurementProcess,Measurement,ProcessStatus], s31[MeasurementProcess,Measurement,ProcessStatus], s32[EvaluationProcess,DiagnosticStatement,ClinicalCondition], s33[EvaluationProcess,DiagnosticStatement,ClinicalCondition], s34[EvaluationProcess,DiagnosticStatement,ClinicalCondition], s35[CarePlan]
[ 136.5s] build order: [CareUnit, ClinicalCondition, DiagnosticStatement, Measurement, Person, ProcessStatus] -> [EvaluationProcess, MeasurementProcess] -> [CarePlan, ClinicalVisit]
[ 136.5s] level 0: 6 agent(s), 0 known entities
[ 136.5s]   CareUnit: extracting (235 chars, 1 classes in view)
[ 136.5s]   ClinicalCondition: extracting (705 chars, 3 classes in view)
[ 136.5s]   DiagnosticStatement: extracting (705 chars, 1 classes in view)
[ 136.5s]   Measurement: extracting (7694 chars, 2 classes in view)
[ 141.0s]   CareUnit: cycle 0 -> conforms
[ 141.0s]   Person: extracting (235 chars, 1 classes in view)
[ 144.0s]   DiagnosticStatement: cycle 0 -> conforms
[ 144.0s]   ProcessStatus: extracting (7694 chars, 1 classes in view)
[ 146.4s]   ClinicalCondition: cycle 0 -> conforms
[ 146.5s]   Person: cycle 0 -> conforms
[ 193.3s]   ProcessStatus: cycle 0 -> 60 violation(s)
[ 193.3s]   ProcessStatus: fixing ...
[ 233.1s]   Measurement: cycle 0 -> conforms
[ 245.4s]   ProcessStatus: cycle 1 -> conforms
[ 245.4s]   ProcessStatus: 30 unresolved (honest gaps)
[ 245.4s] level 1: 2 agent(s), 82 known entities
[ 245.4s]   EvaluationProcess: extracting (705 chars, 7 classes in view)
[ 245.4s]   MeasurementProcess: extracting (7694 chars, 6 classes in view)
[ 267.5s]   EvaluationProcess: cycle 0 -> conforms
[ 405.2s]   MeasurementProcess: cycle 0 -> conforms
[ 405.2s] level 2: 2 agent(s), 115 known entities
[ 405.2s]   CarePlan: extracting (8843 chars, 4 classes in view)
[ 405.2s]   ClinicalVisit: extracting (8843 chars, 5 classes in view)
[ 412.3s]   CarePlan: cycle 0 -> conforms
[ 501.9s]   ClinicalVisit: cycle 0 -> conforms
[ 502.1s] merging (orchestrator): 0 violation(s), 30 unresolved, 0 unparsed
[ 748.3s] final: 1 violation(s)
conforms=False segments=10 llm_calls=13 unresolved=0
  orchestrator   2 calls    24014 in   18677 out  cost n/a  gemma4-g1
  total         13 calls    87056 in   45419 out  cost n/a  
  worker        11 calls    63042 in   26742 out  cost n/a  gemma4-g1
Constraint Violation in TurtleSyntax:
	Severity: sh:Violation
	Message: not valid Turtle: string index out of range
	Offending line: 
	Hint: every statement starts with a subject IRI (ex:name a chr:Class ; ...). IRI local names may only contain letters, digits, '_' and '-'; put dates/codes with other characters in literals, not in IRIs.
exit=1
