[   0.1s] segmenting (orchestrator) ...
[ 102.2s] 36 segments: s1[ClinicalVisit,Person,CareUnit,Person], s2[MeasurementProcess,Measurement,ProcessStatus], s3[MeasurementProcess,Measurement,ProcessStatus], s4[MeasurementProcess,Measurement,ProcessStatus], s5[MeasurementProcess,Measurement,ProcessStatus], s6[MeasurementProcess,Measurement,ProcessStatus], s7[MeasurementProcess,Measurement,ProcessStatus], s8[MeasurementProcess,Measurement,ProcessStatus], s9[MeasurementProcess,Measurement,ProcessStatus], s10[MeasurementProcess,Measurement,ProcessStatus], s11[MeasurementProcess,Measurement,ProcessStatus], s12[MeasurementProcess,Measurement,ProcessStatus], s13[MeasurementProcess,Measurement,ProcessStatus], s14[MeasurementProcess,Measurement,ProcessStatus], s15[MeasurementProcess,Measurement,ProcessStatus], s16[MeasurementProcess,Measurement,ProcessStatus], s17[MeasurementProcess,Measurement,ProcessStatus], s18[MeasurementProcess,Measurement,ProcessStatus], s19[MeasurementProcess,Measurement,ProcessStatus], s20[MeasurementProcess,Measurement,ProcessStatus], s21[MeasurementProcess,Measurement,ProcessStatus], s22[MeasurementProcess,Measurement,ProcessStatus], s23[MeasurementProcess,Measurement,ProcessStatus], s24[MeasurementProcess,Measurement,ProcessStatus], s25[MeasurementProcess,Measurement,ProcessStatus], s26[MeasurementProcess,Measurement,ProcessStatus], s27[MeasurementProcess,Measurement,ProcessStatus], s28[MeasurementProcess,Measurement,ProcessStatus], s29[MeasurementProcess,Measurement,ProcessStatus], s30[MeasurementProcess,Measurement,ProcessStatus], s31[MeasurementProcess,Measurement,ProcessStatus], s32[MeasurementProcess,Measurement,ProcessStatus], s33[MeasurementProcess,Measurement,ProcessStatus], s34[EvaluationProcess,DiagnosticStatement,ClinicalCondition], s35[EvaluationProcess,DiagnosticStatement,ClinicalCondition], s36[CarePlan]
[ 102.2s] build order: [CareUnit, ClinicalCondition, DiagnosticStatement, Measurement, Person, ProcessStatus] -> [EvaluationProcess, MeasurementProcess] -> [CarePlan, ClinicalVisit]
[ 102.2s] level 0: 6 agent(s), 0 known entities
[ 102.2s]   CareUnit: extracting (223 chars, 1 classes in view)
[ 102.2s]   ClinicalCondition: extracting (497 chars, 3 classes in view)
[ 102.2s]   DiagnosticStatement: extracting (497 chars, 1 classes in view)
[ 102.2s]   Measurement: extracting (8068 chars, 2 classes in view)
[ 107.1s]   CareUnit: cycle 0 -> conforms
[ 107.1s]   Person: extracting (223 chars, 1 classes in view)
[ 109.8s]   DiagnosticStatement: cycle 0 -> conforms
[ 109.8s]   ProcessStatus: extracting (8068 chars, 1 classes in view)
[ 111.3s]   ClinicalCondition: cycle 0 -> conforms
[ 113.2s]   Person: cycle 0 -> conforms
[ 174.8s]   ProcessStatus: cycle 0 -> 64 violation(s)
[ 174.8s]   ProcessStatus: fixing ...
[ 206.3s]   Measurement: cycle 0 -> 1 violation(s)
[ 206.3s]   Measurement: fixing ...
[ 255.0s]   ProcessStatus: cycle 1 -> 1 violation(s)
[ 255.0s]   ProcessStatus: fixing ...
[ 304.7s]   Measurement: cycle 1 -> 1 violation(s)
[ 304.7s]   Measurement: stopping (plateau)
[ 304.7s]   Measurement: 2 unresolved (honest gaps)
[ 326.0s]   ProcessStatus: cycle 2 -> 1 violation(s)
[ 326.0s]   ProcessStatus: stopping (fix budget spent)
[ 326.0s]   ProcessStatus: 64 unresolved (honest gaps)
[ 326.0s] level 1: 2 agent(s), 7 known entities
[ 326.0s]   EvaluationProcess: extracting (497 chars, 7 classes in view)
[ 326.0s]   MeasurementProcess: extracting (8068 chars, 6 classes in view)
[ 337.3s]   EvaluationProcess: cycle 0 -> conforms
[ 502.5s]   MeasurementProcess: cycle 0 -> conforms
[ 502.5s]   MeasurementProcess: 9 unresolved (honest gaps)
[ 502.5s] level 2: 2 agent(s), 79 known entities
[ 502.5s]   CarePlan: extracting (8985 chars, 4 classes in view)
[ 502.5s]   ClinicalVisit: extracting (8985 chars, 5 classes in view)
[ 511.1s]   CarePlan: cycle 0 -> conforms
[ 511.1s]   CarePlan: 1 unresolved (honest gaps)
[ 634.5s]   ClinicalVisit: cycle 0 -> conforms
[ 634.7s] merging (orchestrator): 0 violation(s), 76 unresolved, 2 unparsed
[ 795.7s] final: 1 violation(s)
conforms=False segments=10 llm_calls=15 unresolved=0
  orchestrator   2 calls    29261 in   13652 out  cost n/a  gemma4-g1
  total         15 calls   105195 in   54019 out  cost n/a  
  worker        13 calls    75934 in   40367 out  cost n/a  gemma4-g1
Constraint Violation in TurtleSyntax:
	Severity: sh:Violation
	Message: not valid Turtle: at line 415 of <>:
	Offending line: chr:hasPerformedDate "2025-05-16T15:04:38+02:00"^^xsd:dateTime ;
	Hint: every statement starts with a subject IRI (ex:name a chr:Class ; ...). IRI local names may only contain letters, digits, '_' and '-'; put dates/codes with other characters in literals, not in IRIs.
exit=1
