[   0.1s] segmenting (orchestrator) ...
[  10.9s] 4 segments: s1[ClinicalVisit,CareUnit,Person], s2[MeasurementProcess,Measurement,Unit,ProcessStatus], s3[EvaluationProcess,DiagnosticStatement,ClinicalCondition], s4[CarePlan]
[  10.9s] build order: [CareUnit, ClinicalCondition, DiagnosticStatement, Person, ProcessStatus, Unit] -> [EvaluationProcess, Measurement] -> [MeasurementProcess] -> [CarePlan, ClinicalVisit]
[  10.9s] level 0: 6 agent(s), 0 known entities
[  10.9s]   CareUnit: extracting (393 chars, 1 classes in view)
[  10.9s]   ClinicalCondition: extracting (240 chars, 3 classes in view)
[  10.9s]   DiagnosticStatement: extracting (240 chars, 1 classes in view)
[  10.9s]   Person: extracting (393 chars, 1 classes in view)
[  18.3s]   CareUnit: cycle 0 -> conforms
[  18.3s]   ProcessStatus: extracting (223 chars, 1 classes in view)
[  18.8s]   DiagnosticStatement: cycle 0 -> conforms
[  18.8s]   Unit: extracting (223 chars, 1 classes in view)
[  19.4s]   Person: cycle 0 -> conforms
[  19.9s]   ClinicalCondition: cycle 0 -> conforms
[  23.2s]   Unit: cycle 0 -> conforms
[  23.2s]   ProcessStatus: cycle 0 -> 6 violation(s)
[  23.2s]   ProcessStatus: fixing ...
[  28.3s]   ProcessStatus: cycle 1 -> 6 violation(s)
[  28.3s]   ProcessStatus: stopping (plateau)
[  28.3s]   ProcessStatus: 2 unresolved (honest gaps)
[  28.3s] level 1: 2 agent(s), 8 known entities
[  28.3s]   EvaluationProcess: extracting (240 chars, 7 classes in view)
[  28.3s]   Measurement: extracting (223 chars, 2 classes in view)
[  35.9s]   Measurement: cycle 0 -> 22 violation(s)
[  35.9s]   Measurement: fixing ...
[  39.6s]   EvaluationProcess: cycle 0 -> 31 violation(s)
[  39.6s]   EvaluationProcess: fixing ...
[  44.0s]   Measurement: cycle 1 -> 22 violation(s)
[  44.0s]   Measurement: fixing ...
[  50.5s]   EvaluationProcess: cycle 1 -> 29 violation(s)
[  50.5s]   EvaluationProcess: fixing ...
[  51.8s]   Measurement: cycle 2 -> 22 violation(s)
[  51.8s]   Measurement: stopping (fix budget spent)
[  59.4s]   EvaluationProcess: cycle 2 -> 29 violation(s)
[  59.4s]   EvaluationProcess: stopping (fix budget spent)
[  59.4s] level 2: 1 agent(s), 13 known entities
[  59.4s]   MeasurementProcess: extracting (223 chars, 6 classes in view)
[  68.0s]   MeasurementProcess: cycle 0 -> 47 violation(s)
[  68.0s]   MeasurementProcess: fixing ...
[  76.8s]   MeasurementProcess: cycle 1 -> 46 violation(s)
[  76.8s]   MeasurementProcess: fixing ...
[  85.4s]   MeasurementProcess: cycle 2 -> 46 violation(s)
[  85.4s]   MeasurementProcess: stopping (fix budget spent)
[  85.4s]   MeasurementProcess: 1 unresolved (honest gaps)
[  85.4s] level 3: 2 agent(s), 15 known entities
[  85.4s]   CarePlan: extracting (976 chars, 4 classes in view)
[  85.4s]   ClinicalVisit: extracting (976 chars, 5 classes in view)
[  93.1s]   CarePlan: cycle 0 -> 46 violation(s)
[  93.1s]   CarePlan: fixing ...
[  96.5s]   ClinicalVisit: cycle 0 -> 46 violation(s)
[  96.5s]   ClinicalVisit: fixing ...
[ 100.7s]   CarePlan: cycle 1 -> 46 violation(s)
[ 100.7s]   CarePlan: stopping (plateau)
[ 111.3s]   ClinicalVisit: cycle 1 -> 45 violation(s)
[ 111.3s]   ClinicalVisit: fixing ...
[ 125.3s]   ClinicalVisit: cycle 2 -> 45 violation(s)
[ 125.3s]   ClinicalVisit: stopping (fix budget spent)
[ 125.3s]   ClinicalVisit: 5 unresolved (honest gaps)
[ 125.4s] merging (orchestrator): 45 violation(s), 8 unresolved, 0 unparsed
[ 149.3s] final: 3 violation(s)
conforms=False segments=11 llm_calls=23 unresolved=0
  orchestrator   2 calls    10986 in    1968 out  cost n/a  gemma4-g1
  total         23 calls    99574 in   10631 out  cost n/a  
  worker        21 calls    88588 in    8663 out  cost n/a  gemma4-g1
Constraint Violation in ClassConstraintComponent (http://www.w3.org/ns/shacl#ClassConstraintComponent):
	Severity: sh:Violation
	Source Shape: chr:HasConditionDomainShape
	Focus Node: ex:evaluation_20070507T033554
	Value Node: ex:evaluation_20070507T033554
	Message: Subject of chr:hasCondition must be a chr:EvaluationProcess.
Constraint Violation in ClassConstraintComponent (http://www.w3.org/ns/shacl#ClassConstraintComponent):
	Severity: sh:Violation
	Source Shape: chr:HasObservationDomainShape
	Focus Node: ex:evaluation_20070507T033554
	Value Node: ex:evaluation_20070507T033554
	Message: Subject of chr:hasObservation must be a chr:EvaluationProcess.
Constraint Violation in DatatypeConstraintComponent (http://www.w3.org/ns/shacl#DatatypeConstraintComponent):
	Severity: sh:Violation
	Source Shape: [ sh:datatype xsd:float ; sh:message Literal("chr:hasQuantityValue must be an xsd:float.") ; sh:path chr:hasQuantityValue ]
	Focus Node: ex:measurement_Body_temperature_8310_5
	Value Node: Literal("38.234", datatype=xsd:decimal)
	Result Path: chr:hasQuantityValue
	Message: chr:hasQuantityValue must be an xsd:float.

exit=1
