[   0.1s] segmenting (orchestrator) ...
[  74.0s] 25 segments: s1[ClinicalVisit,Person,CareUnit,Person], s2[MeasurementProcess,Measurement,Unit,ProcessStatus], s3[MeasurementProcess,Measurement,Unit,ProcessStatus], s4[MeasurementProcess,Measurement,Unit,ProcessStatus], s5[MeasurementProcess,Measurement,Unit,ProcessStatus], s6[MeasurementProcess,Measurement,Unit,ProcessStatus], s7[MeasurementProcess,Measurement,Unit,ProcessStatus], s8[MeasurementProcess,Measurement,Unit,ProcessStatus], s9[MeasurementProcess,Measurement,Unit,ProcessStatus], s10[MeasurementProcess,Measurement,Unit,ProcessStatus], s11[MeasurementProcess,Measurement,Unit,ProcessStatus], s12[MeasurementProcess,Measurement,Unit,ProcessStatus], s13[MeasurementProcess,Measurement,Unit,ProcessStatus], s14[MeasurementProcess,Measurement,Unit,ProcessStatus], s15[MeasurementProcess,Measurement,Unit,ProcessStatus], s16[MeasurementProcess,Measurement,Unit,ProcessStatus], s17[MeasurementProcess,Measurement,Unit,ProcessStatus], s18[MeasurementProcess,Measurement,Unit,ProcessStatus], s19[MeasurementProcess,Measurement,Unit,ProcessStatus], s20[MeasurementProcess,Measurement,Unit,ProcessStatus], s21[MeasurementProcess,Measurement,Unit,ProcessStatus], s22[MeasurementProcess,Measurement,Unit,ProcessStatus], s23[EvaluationProcess,DiagnosticStatement,ClinicalCondition], s24[EvaluationProcess,DiagnosticStatement,ClinicalCondition], s25[CarePlan]
[  74.0s] build order: [CareUnit, ClinicalCondition, DiagnosticStatement, Person, ProcessStatus, Unit] -> [EvaluationProcess, Measurement] -> [MeasurementProcess] -> [CarePlan, ClinicalVisit]
[  74.0s] level 0: 6 agent(s), 0 known entities
[  74.0s]   CareUnit: extracting (237 chars, 1 classes in view)
[  74.0s]   ClinicalCondition: extracting (463 chars, 3 classes in view)
[  74.0s]   DiagnosticStatement: extracting (463 chars, 1 classes in view)
[  74.0s]   Person: extracting (237 chars, 1 classes in view)
[  79.5s]   CareUnit: cycle 0 -> conforms
[  79.5s]   ProcessStatus: extracting (5230 chars, 1 classes in view)
[  81.2s]   Person: cycle 0 -> conforms
[  81.2s]   Unit: extracting (5230 chars, 1 classes in view)
[  82.8s]   DiagnosticStatement: cycle 0 -> 8 violation(s)
[  82.8s]   DiagnosticStatement: fixing ...
[  84.2s]   ClinicalCondition: cycle 0 -> conforms
[  85.0s]   ProcessStatus: cycle 0 -> conforms
[  89.5s]   DiagnosticStatement: cycle 1 -> 8 violation(s)
[  89.5s]   DiagnosticStatement: stopping (plateau)
[  94.8s]   Unit: cycle 0 -> conforms
[  94.8s] level 1: 2 agent(s), 18 known entities
[  94.8s]   EvaluationProcess: extracting (463 chars, 7 classes in view)
[  94.8s]   Measurement: extracting (5230 chars, 2 classes in view)
[ 106.2s]   EvaluationProcess: cycle 0 -> 32 violation(s)
[ 106.2s]   EvaluationProcess: fixing ...
[ 120.1s]   EvaluationProcess: cycle 1 -> 32 violation(s)
[ 120.1s]   EvaluationProcess: stopping (plateau)
[ 156.0s]   Measurement: cycle 0 -> 8 violation(s)
[ 156.0s]   Measurement: fixing ...
[ 213.7s]   Measurement: cycle 1 -> 8 violation(s)
[ 213.7s]   Measurement: stopping (plateau)
[ 213.7s]   Measurement: 4 unresolved (honest gaps)
[ 213.8s] level 2: 1 agent(s), 41 known entities
[ 213.8s]   MeasurementProcess: extracting (5230 chars, 6 classes in view)
[ 341.1s]   MeasurementProcess: cycle 0 -> 32 violation(s)
[ 341.1s]   MeasurementProcess: fixing ...
[ 459.3s]   MeasurementProcess: cycle 1 -> 32 violation(s)
[ 459.3s]   MeasurementProcess: stopping (plateau)
[ 459.3s] level 3: 2 agent(s), 61 known entities
[ 459.3s]   CarePlan: extracting (6155 chars, 4 classes in view)
[ 459.3s]   ClinicalVisit: extracting (6155 chars, 5 classes in view)
[ 467.6s]   CarePlan: cycle 0 -> 33 violation(s)
[ 467.6s]   CarePlan: fixing ...
[ 474.7s]   CarePlan: cycle 1 -> 33 violation(s)
[ 474.7s]   CarePlan: stopping (plateau)
[ 542.2s]   ClinicalVisit: cycle 0 -> 32 violation(s)
[ 542.2s]   ClinicalVisit: fixing ...
[ 619.8s]   ClinicalVisit: cycle 1 -> 32 violation(s)
[ 619.8s]   ClinicalVisit: stopping (plateau)
[ 620.0s] merging (orchestrator): 32 violation(s), 4 unresolved, 0 unparsed
[ 784.3s] final: conforms
conforms=True segments=11 llm_calls=19 unresolved=0
  orchestrator   2 calls    22292 in   12412 out  cost n/a  gemma4-g1
  total         19 calls   127688 in   44234 out  cost n/a  
  worker        17 calls   105396 in   31822 out  cost n/a  gemma4-g1
exit=0
