[   0.1s] segmenting (orchestrator) ...
[  55.3s] 19 segments: s1[ClinicalVisit,Person,CareUnit,Person], s2[MeasurementProcess,Measurement], s3[MeasurementProcess,Measurement], s4[MeasurementProcess,Measurement], s5[MeasurementProcess,Measurement], s6[MeasurementProcess,Measurement], s7[MeasurementProcess,Measurement], s8[MeasurementProcess,Measurement], s9[MeasurementProcess,Measurement], s10[MeasurementProcess,Measurement], s11[MeasurementProcess,Measurement], s12[MeasurementProcess,Measurement], s13[MeasurementProcess,Measurement], s14[MeasurementProcess,Measurement], s15[MeasurementProcess,Measurement], s16[MeasurementProcess,Measurement], s17[MeasurementProcess,Measurement], s18[EvaluationProcess,DiagnosticStatement,ClinicalCondition], s19[CarePlan]
[  55.3s] build order: [CareUnit, ClinicalCondition, DiagnosticStatement, Measurement, Person] -> [EvaluationProcess, MeasurementProcess] -> [CarePlan, ClinicalVisit]
[  55.3s] level 0: 5 agent(s), 0 known entities
[  55.4s]   CareUnit: extracting (249 chars, 1 classes in view)
[  55.4s]   ClinicalCondition: extracting (236 chars, 3 classes in view)
[  55.4s]   DiagnosticStatement: extracting (236 chars, 1 classes in view)
[  55.4s]   Measurement: extracting (3950 chars, 2 classes in view)
[  61.7s]   CareUnit: cycle 0 -> conforms
[  61.7s]   Person: extracting (249 chars, 1 classes in view)
[  62.4s]   DiagnosticStatement: cycle 0 -> conforms
[  63.0s]   ClinicalCondition: cycle 0 -> conforms
[  67.3s]   Person: cycle 0 -> conforms
[ 113.3s]   Measurement: cycle 0 -> 1 violation(s)
[ 113.3s]   Measurement: fixing ...
[ 165.5s]   Measurement: cycle 1 -> 1 violation(s)
[ 165.5s]   Measurement: fixing ...
[ 214.6s]   Measurement: cycle 2 -> 1 violation(s)
[ 214.6s]   Measurement: stopping (fix budget spent)
[ 214.6s]   Measurement: 3 unresolved (honest gaps)
[ 214.6s] level 1: 2 agent(s), 5 known entities
[ 214.6s]   EvaluationProcess: extracting (236 chars, 7 classes in view)
[ 214.6s]   MeasurementProcess: extracting (3950 chars, 6 classes in view)
[ 226.7s]   EvaluationProcess: cycle 0 -> conforms
[ 336.0s]   MeasurementProcess: cycle 0 -> 1 violation(s)
[ 336.0s]   MeasurementProcess: fixing ...
[ 447.5s]   MeasurementProcess: cycle 1 -> conforms
[ 447.5s]   MeasurementProcess: 2 unresolved (honest gaps)
[ 447.5s] level 2: 2 agent(s), 43 known entities
[ 447.5s]   CarePlan: extracting (4704 chars, 4 classes in view)
[ 447.5s]   ClinicalVisit: extracting (4704 chars, 5 classes in view)
[ 454.5s]   CarePlan: cycle 0 -> conforms
[ 514.8s]   ClinicalVisit: cycle 0 -> conforms
[ 514.9s] merging (orchestrator): 0 violation(s), 5 unresolved, 1 unparsed
[ 650.2s] final: conforms
conforms=True segments=9 llm_calls=14 unresolved=0
  orchestrator   2 calls    16530 in    9184 out  cost n/a  gemma4-g1
  total         14 calls    69377 in   33046 out  cost n/a  
  worker        12 calls    52847 in   23862 out  cost n/a  gemma4-g1
exit=0
