[   0.1s] segmenting (orchestrator) ...
[  32.3s] 13 segments: s1[ClinicalVisit,Person,CareUnit,Person], s2[MeasurementProcess,Measurement], s3[MeasurementProcess,Measurement], s4[MeasurementProcess,Measurement], s5[MeasurementProcess,Measurement], s6[MeasurementProcess,Measurement], s7[MeasurementProcess,Measurement], s8[MeasurementProcess,Measurement], s9[MeasurementProcess,Measurement], s10[MeasurementProcess,Measurement], s11[MeasurementProcess,Measurement], s12[EvaluationProcess,DiagnosticStatement,ClinicalCondition], s13[CarePlan]
[  32.3s] build order: [CareUnit, ClinicalCondition, DiagnosticStatement, Measurement, Person] -> [EvaluationProcess, MeasurementProcess] -> [CarePlan, ClinicalVisit]
[  32.3s] level 0: 5 agent(s), 0 known entities
[  32.3s]   CareUnit: extracting (239 chars, 1 classes in view)
[  32.3s]   ClinicalCondition: extracting (235 chars, 3 classes in view)
[  32.3s]   DiagnosticStatement: extracting (235 chars, 1 classes in view)
[  32.3s]   Measurement: extracting (2331 chars, 2 classes in view)
[  36.9s]   CareUnit: cycle 0 -> conforms
[  36.9s]   Person: extracting (239 chars, 1 classes in view)
[  37.8s]   DiagnosticStatement: cycle 0 -> conforms
[  38.2s]   ClinicalCondition: cycle 0 -> conforms
[  41.8s]   Person: cycle 0 -> conforms
[  64.1s]   Measurement: cycle 0 -> conforms
[  64.1s] level 1: 2 agent(s), 22 known entities
[  64.1s]   EvaluationProcess: extracting (235 chars, 7 classes in view)
[  64.1s]   MeasurementProcess: extracting (2331 chars, 6 classes in view)
[  71.4s]   EvaluationProcess: cycle 0 -> conforms
[  71.4s]   EvaluationProcess: 1 unresolved (honest gaps)
[  96.1s]   MeasurementProcess: cycle 0 -> conforms
[  96.1s] level 2: 2 agent(s), 34 known entities
[  96.1s]   CarePlan: extracting (3030 chars, 4 classes in view)
[  96.1s]   ClinicalVisit: extracting (3030 chars, 5 classes in view)
[ 102.1s]   CarePlan: cycle 0 -> conforms
[ 108.4s]   ClinicalVisit: cycle 0 -> conforms
[ 108.5s] merging (orchestrator): 0 violation(s), 1 unresolved, 0 unparsed
[ 185.9s] final: conforms
conforms=True segments=9 llm_calls=11 unresolved=0
  orchestrator   2 calls    10798 in    6434 out  cost n/a  gemma4-g1
  total         11 calls    41355 in   12538 out  cost n/a  
  worker         9 calls    30557 in    6104 out  cost n/a  gemma4-g1
exit=0
