[   0.1s] segmenting (orchestrator) ...
[  60.6s] 23 segments: s1[ClinicalVisit,Person,CareUnit,Person], s2[MeasurementProcess,Measurement], s3[MeasurementProcess,Measurement], s4[MeasurementProcess,Measurement], s5[MeasurementProcess,Measurement], s6[MeasurementProcess,Measurement], s7[MeasurementProcess,Measurement], s8[MeasurementProcess,Measurement], s9[MeasurementProcess,Measurement], s10[MeasurementProcess,Measurement], s11[MeasurementProcess,Measurement], s12[MeasurementProcess,Measurement], s13[MeasurementProcess,Measurement], s14[MeasurementProcess,Measurement], s15[MeasurementProcess,Measurement], s16[MeasurementProcess,Measurement], s17[MeasurementProcess,Measurement], s18[MeasurementProcess,Measurement], s19[EvaluationProcess,DiagnosticStatement], s20[EvaluationProcess,DiagnosticStatement], s21[EvaluationProcess,DiagnosticStatement], s22[EvaluationProcess,DiagnosticStatement], s23[CarePlan]
[  60.6s] build order: [CareUnit, DiagnosticStatement, Measurement, Person] -> [EvaluationProcess, MeasurementProcess] -> [CarePlan, ClinicalVisit]
[  60.6s] level 0: 4 agent(s), 0 known entities
[  60.6s]   CareUnit: extracting (238 chars, 1 classes in view)
[  60.6s]   DiagnosticStatement: extracting (928 chars, 1 classes in view)
[  60.6s]   Measurement: extracting (4087 chars, 2 classes in view)
[  60.6s]   Person: extracting (238 chars, 1 classes in view)
[  65.6s]   CareUnit: cycle 0 -> conforms
[  66.7s]   Person: cycle 0 -> conforms
[  69.5s]   DiagnosticStatement: cycle 0 -> conforms
[ 108.6s]   Measurement: cycle 0 -> conforms
[ 108.6s] level 1: 2 agent(s), 32 known entities
[ 108.6s]   EvaluationProcess: extracting (928 chars, 7 classes in view)
[ 108.6s]   MeasurementProcess: extracting (4087 chars, 6 classes in view)
[ 124.0s]   EvaluationProcess: cycle 0 -> conforms
[ 196.5s]   MeasurementProcess: cycle 0 -> conforms
[ 196.5s] level 2: 2 agent(s), 54 known entities
[ 196.5s]   CarePlan: extracting (5472 chars, 4 classes in view)
[ 196.5s]   ClinicalVisit: extracting (5472 chars, 5 classes in view)
[ 203.3s]   CarePlan: cycle 0 -> conforms
[ 203.3s]   CarePlan: 1 unresolved (honest gaps)
[ 255.6s]   ClinicalVisit: cycle 0 -> conforms
[ 255.8s] merging (orchestrator): 0 violation(s), 1 unresolved, 0 unparsed
[ 379.9s] final: conforms
conforms=True segments=8 llm_calls=10 unresolved=0
  orchestrator   2 calls    15422 in   10493 out  cost n/a  gemma4-g1
  total         10 calls    49474 in   24147 out  cost n/a  
  worker         8 calls    34052 in   13654 out  cost n/a  gemma4-g1
exit=0
