[   0.1s] segmenting (orchestrator) ...
[ 108.2s] 42 segments: s1[ClinicalVisit,Person,CareUnit,Person], s2[MeasurementProcess,Measurement,Unit], s3[MeasurementProcess,Measurement,Unit], s4[MeasurementProcess,Measurement,Unit], s5[MeasurementProcess,Measurement,Unit], s6[MeasurementProcess,Measurement,Unit], s7[MeasurementProcess,Measurement,Unit], s8[MeasurementProcess,Measurement,Unit], s9[MeasurementProcess,Measurement,Unit], s10[MeasurementProcess,Measurement,Unit], s11[MeasurementProcess,Measurement,Unit], s12[MeasurementProcess,Measurement,Unit], s13[MeasurementProcess,Measurement,Unit], s14[MeasurementProcess,Measurement,Unit], s15[MeasurementProcess,Measurement,Unit], s16[MeasurementProcess,Measurement,Unit], s17[MeasurementProcess,Measurement,Unit], s18[MeasurementProcess,Measurement,Unit], s19[MeasurementProcess,Measurement,Unit], s20[MeasurementProcess,Measurement,Unit], s21[MeasurementProcess,Measurement,Unit], s22[MeasurementProcess,Measurement,Unit], s23[MeasurementProcess,Measurement,Unit], s24[MeasurementProcess,Measurement,Unit], s25[MeasurementProcess,Measurement,Unit], s26[MeasurementProcess,Measurement,Unit], s27[MeasurementProcess,Measurement,Unit], s28[MeasurementProcess,Measurement,Unit], s29[MeasurementProcess,Measurement,Unit], s30[MeasurementProcess,Measurement,Unit], s31[MeasurementProcess,Measurement,Unit], s32[MeasurementProcess,Measurement,Unit], s33[MeasurementProcess,Measurement,Unit], s34[MeasurementProcess,Measurement,Unit], s35[MeasurementProcess,Measurement,Unit], s36[MeasurementProcess,Measurement,Unit], s37[MeasurementProcess,Measurement,Unit], s38[MeasurementProcess,Measurement,Unit], s39[MeasurementProcess,Measurement,Unit], s40[EvaluationProcess,DiagnosticStatement,ClinicalCondition], s41[EvaluationProcess,DiagnosticStatement,ClinicalCondition], s42[CarePlan]
[ 108.2s] build order: [CareUnit, ClinicalCondition, DiagnosticStatement, Person, Unit] -> [EvaluationProcess, Measurement] -> [MeasurementProcess] -> [CarePlan, ClinicalVisit]
[ 108.2s] level 0: 5 agent(s), 0 known entities
[ 108.2s]   CareUnit: extracting (238 chars, 1 classes in view)
[ 108.2s]   ClinicalCondition: extracting (462 chars, 3 classes in view)
[ 108.2s]   DiagnosticStatement: extracting (462 chars, 1 classes in view)
[ 108.2s]   Person: extracting (238 chars, 1 classes in view)
[ 113.8s]   CareUnit: cycle 0 -> conforms
[ 113.8s]   Unit: extracting (9188 chars, 1 classes in view)
[ 114.9s]   Person: cycle 0 -> conforms
[ 115.7s]   DiagnosticStatement: cycle 0 -> conforms
[ 116.8s]   ClinicalCondition: cycle 0 -> conforms
[ 127.4s]   Unit: cycle 0 -> conforms
[ 127.5s] level 1: 2 agent(s), 14 known entities
[ 127.5s]   EvaluationProcess: extracting (462 chars, 7 classes in view)
[ 127.5s]   Measurement: extracting (9188 chars, 2 classes in view)
[ 140.1s]   EvaluationProcess: cycle 0 -> conforms
[ 234.8s]   Measurement: cycle 0 -> 1 violation(s)
[ 234.8s]   Measurement: fixing ...
[ 346.5s]   Measurement: cycle 1 -> 1 violation(s)
[ 346.5s]   Measurement: stopping (plateau)
[ 346.5s]   Measurement: 8 unresolved (honest gaps)
[ 346.5s] level 2: 1 agent(s), 16 known entities
[ 346.5s]   MeasurementProcess: extracting (9188 chars, 6 classes in view)
[ 583.8s]   MeasurementProcess: cycle 0 -> conforms
[ 583.8s]   MeasurementProcess: 7 unresolved (honest gaps)
[ 583.8s] level 3: 2 agent(s), 93 known entities
[ 583.8s]   CarePlan: extracting (10149 chars, 4 classes in view)
[ 583.8s]   ClinicalVisit: extracting (10149 chars, 5 classes in view)
[ 592.2s]   CarePlan: cycle 0 -> 1 violation(s)
[ 592.2s]   CarePlan: fixing ...
[ 598.4s]   CarePlan: cycle 1 -> 1 violation(s)
[ 598.4s]   CarePlan: stopping (plateau)
[ 598.4s]   CarePlan: 1 unresolved (honest gaps)
[ 733.5s]   ClinicalVisit: cycle 0 -> conforms
[ 733.6s] merging (orchestrator): 0 violation(s), 16 unresolved, 2 unparsed
[ 841.0s] final: 1 violation(s)
conforms=False segments=10 llm_calls=14 unresolved=0
  orchestrator   2 calls    32441 in   11612 out  cost n/a  gemma4-g1
  total         14 calls   106223 in   46268 out  cost n/a  
  worker        12 calls    73782 in   34656 out  cost n/a  gemma4-g1
Constraint Violation in TurtleSyntax:
	Severity: sh:Violation
	Message: not valid Turtle: Quote expected in string at ^ in r:hasQuantityValue "^177.0
	Offending line: 
	Hint: every statement starts with a subject IRI (ex:name a chr:Class ; ...). IRI local names may only contain letters, digits, '_' and '-'; put dates/codes with other characters in literals, not in IRIs.
exit=1
