[   0.1s] segmenting (orchestrator) ...
[ 118.7s] 45 segments: s1[ClinicalVisit,Person,CareUnit,Person], s2[MeasurementProcess,Measurement,ProcessStatus], s3[MeasurementProcess,Measurement,ProcessStatus], s4[MeasurementProcess,Measurement,ProcessStatus], s5[MeasurementProcess,Measurement,ProcessStatus], s6[MeasurementProcess,Measurement,ProcessStatus], s7[MeasurementProcess,Measurement,ProcessStatus], s8[MeasurementProcess,Measurement,ProcessStatus], s9[MeasurementProcess,Measurement,ProcessStatus], s10[MeasurementProcess,Measurement,ProcessStatus], s11[MeasurementProcess,Measurement,ProcessStatus], s12[MeasurementProcess,Measurement,ProcessStatus], s13[MeasurementProcess,Measurement,ProcessStatus], s14[MeasurementProcess,Measurement,ProcessStatus], s15[MeasurementProcess,Measurement,ProcessStatus], s16[MeasurementProcess,Measurement,ProcessStatus], s17[MeasurementProcess,Measurement,ProcessStatus], s18[MeasurementProcess,Measurement,ProcessStatus], s19[MeasurementProcess,Measurement,ProcessStatus], s20[MeasurementProcess,Measurement,ProcessStatus], s21[MeasurementProcess,Measurement,ProcessStatus], s22[MeasurementProcess,Measurement,ProcessStatus], s23[MeasurementProcess,Measurement,ProcessStatus], s24[MeasurementProcess,Measurement,ProcessStatus], s25[MeasurementProcess,Measurement,ProcessStatus], s26[MeasurementProcess,Measurement,ProcessStatus], s27[MeasurementProcess,Measurement,ProcessStatus], s28[MeasurementProcess,Measurement,ProcessStatus], s29[MeasurementProcess,Measurement,ProcessStatus], s30[MeasurementProcess,Measurement,ProcessStatus], s31[MeasurementProcess,Measurement,ProcessStatus], s32[MeasurementProcess,Measurement,ProcessStatus], s33[MeasurementProcess,Measurement,ProcessStatus], s34[MeasurementProcess,Measurement,ProcessStatus], s35[MeasurementProcess,Measurement,ProcessStatus], s36[MeasurementProcess,Measurement,ProcessStatus], s37[MeasurementProcess,Measurement,ProcessStatus], s38[MeasurementProcess,Measurement,ProcessStatus], s39[MeasurementProcess,Measurement,ProcessStatus], s40[MeasurementProcess,Measurement,ProcessStatus], s41[MeasurementProcess,Measurement,ProcessStatus], s42[EvaluationProcess,DiagnosticStatement,ClinicalCondition], s43[EvaluationProcess,DiagnosticStatement,ClinicalCondition], s44[EvaluationProcess,DiagnosticStatement,ClinicalCondition], s45[CarePlan]
[ 118.7s] build order: [CareUnit, ClinicalCondition, DiagnosticStatement, Measurement, Person, ProcessStatus] -> [EvaluationProcess, MeasurementProcess] -> [CarePlan, ClinicalVisit]
[ 118.7s] level 0: 6 agent(s), 0 known entities
[ 118.7s]   CareUnit: extracting (227 chars, 1 classes in view)
[ 118.7s]   ClinicalCondition: extracting (685 chars, 3 classes in view)
[ 118.7s]   DiagnosticStatement: extracting (685 chars, 1 classes in view)
[ 118.7s]   Measurement#1: extracting (3008 chars, 2 classes in view)
[ 124.4s]   CareUnit: cycle 0 -> conforms
[ 124.4s]   Measurement#2: extracting (2719 chars, 2 classes in view)
[ 127.9s]   DiagnosticStatement: cycle 0 -> conforms
[ 127.9s]   Measurement#3: extracting (2971 chars, 2 classes in view)
[ 129.7s]   ClinicalCondition: cycle 0 -> conforms
[ 129.7s]   Measurement#4: extracting (1014 chars, 2 classes in view)
[ 146.2s]   Measurement#4: dropped 1 individual(s) of other classes (already built by earlier levels)
[ 146.2s]   Measurement#4: cycle 0 -> 1 violation(s)
[ 146.2s]   Measurement#4: fixing ...
[ 166.1s]   Measurement#1: dropped 3 individual(s) of other classes (already built by earlier levels)
[ 166.1s]   Measurement#1: cycle 0 -> 3 violation(s)
[ 166.1s]   Measurement#1: fixing ...
[ 167.6s]   Measurement#4: cycle 1 -> conforms
[ 167.6s]   Person: extracting (227 chars, 1 classes in view)
[ 173.5s]   Measurement#2: dropped 8 individual(s) of other classes (already built by earlier levels)
[ 173.6s]   Measurement#2: cycle 0 -> 8 violation(s)
[ 173.6s]   Measurement#2: fixing ...
[ 174.4s]   Person: cycle 0 -> conforms
[ 174.4s]   ProcessStatus#1: extracting (3008 chars, 1 classes in view)
