[   0.1s] segmenting (orchestrator) ...
[  32.7s] 13 segments: s1[ClinicalVisit,Person,CareUnit,Person], s2[MeasurementProcess,Measurement,Unit,ProcessStatus], s3[MeasurementProcess,Measurement,Unit,ProcessStatus], s4[MeasurementProcess,Measurement,Unit,ProcessStatus], s5[MeasurementProcess,Measurement,Unit,ProcessStatus], s6[MeasurementProcess,Measurement,Unit,ProcessStatus], s7[MeasurementProcess,Measurement,Unit,ProcessStatus], s8[MeasurementProcess,Measurement,Unit,ProcessStatus], s9[MeasurementProcess,Measurement,Unit,ProcessStatus], s10[MeasurementProcess,Measurement,Unit,ProcessStatus], s11[MeasurementProcess,Measurement,Unit,ProcessStatus], s12[EvaluationProcess,DiagnosticStatement,ClinicalCondition], s13[CarePlan]
[  32.7s] build order: [CareUnit, ClinicalCondition, DiagnosticStatement, Person, ProcessStatus, Unit] -> [EvaluationProcess, Measurement] -> [MeasurementProcess] -> [CarePlan, ClinicalVisit]
[  32.7s] level 0: 6 agent(s), 0 known entities
[  32.7s]   CareUnit: extracting (316 chars, 1 classes in view)
[  32.7s]   ClinicalCondition: extracting (235 chars, 3 classes in view)
[  32.7s]   DiagnosticStatement: extracting (235 chars, 1 classes in view)
[  32.7s]   Person: extracting (316 chars, 1 classes in view)
[  37.0s]   CareUnit: cycle 0 -> conforms
[  37.0s]   ProcessStatus: extracting (2375 chars, 1 classes in view)
[  37.7s]   DiagnosticStatement: cycle 0 -> 5 violation(s)
[  37.7s]   DiagnosticStatement: fixing ...
[  38.4s]   Person: cycle 0 -> conforms
[  38.4s]   Unit: extracting (2375 chars, 1 classes in view)
[  38.7s]   ClinicalCondition: cycle 0 -> conforms
[  42.7s]   DiagnosticStatement: cycle 1 -> 5 violation(s)
[  42.7s]   DiagnosticStatement: stopping (plateau)
[  47.5s]   Unit: cycle 0 -> conforms
[  49.5s]   ProcessStatus: cycle 0 -> conforms
[  49.5s] level 1: 2 agent(s), 22 known entities
[  49.5s]   EvaluationProcess: extracting (235 chars, 7 classes in view)
[  49.5s]   Measurement: extracting (2375 chars, 2 classes in view)
[  59.1s]   EvaluationProcess: cycle 0 -> 5 violation(s)
[  59.1s]   EvaluationProcess: fixing ...
[  68.6s]   EvaluationProcess: cycle 1 -> 5 violation(s)
[  68.6s]   EvaluationProcess: stopping (plateau)
[  78.8s]   Measurement: cycle 0 -> 5 violation(s)
[  78.8s]   Measurement: fixing ...
[ 104.6s]   Measurement: cycle 1 -> 5 violation(s)
[ 104.6s]   Measurement: stopping (plateau)
[ 104.6s]   Measurement: 1 unresolved (honest gaps)
[ 104.6s] level 2: 1 agent(s), 34 known entities
[ 104.6s]   MeasurementProcess: extracting (2375 chars, 6 classes in view)
[ 164.3s]   MeasurementProcess: cycle 0 -> 5 violation(s)
[ 164.3s]   MeasurementProcess: fixing ...
[ 228.6s]   MeasurementProcess: cycle 1 -> 5 violation(s)
[ 228.6s]   MeasurementProcess: stopping (plateau)
[ 228.6s]   MeasurementProcess: 1 unresolved (honest gaps)
[ 228.6s] level 3: 2 agent(s), 46 known entities
[ 228.6s]   CarePlan: extracting (3046 chars, 4 classes in view)
[ 228.6s]   ClinicalVisit: extracting (3046 chars, 5 classes in view)
[ 234.1s]   CarePlan: cycle 0 -> 5 violation(s)
[ 234.1s]   CarePlan: fixing ...
[ 239.3s]   CarePlan: cycle 1 -> 5 violation(s)
[ 239.3s]   CarePlan: stopping (plateau)
[ 267.8s]   ClinicalVisit: cycle 0 -> 5 violation(s)
[ 267.8s]   ClinicalVisit: fixing ...
[ 307.1s]   ClinicalVisit: cycle 1 -> 5 violation(s)
[ 307.1s]   ClinicalVisit: stopping (plateau)
[ 307.1s]   ClinicalVisit: 3 unresolved (honest gaps)
[ 307.2s] merging (orchestrator): 5 violation(s), 5 unresolved, 0 unparsed
[ 382.0s] final: conforms
conforms=True segments=11 llm_calls=19 unresolved=0
  orchestrator   2 calls    12425 in    6629 out  cost n/a  gemma4-g1
  total         19 calls    78887 in   24910 out  cost n/a  
  worker        17 calls    66462 in   18281 out  cost n/a  gemma4-g1
exit=0
