[   0.1s] segmenting (orchestrator) ...
[  72.6s] 26 segments: s1[ClinicalVisit,Person,CareUnit,Person], s2[MeasurementProcess,Measurement,ProcessStatus], s3[MeasurementProcess,Measurement,ProcessStatus], s4[MeasurementProcess,Measurement,ProcessStatus], s5[MeasurementProcess,Measurement,ProcessStatus], s6[MeasurementProcess,Measurement,ProcessStatus], s7[MeasurementProcess,Measurement,ProcessStatus], s8[MeasurementProcess,Measurement,ProcessStatus], s9[MeasurementProcess,Measurement,ProcessStatus], s10[MeasurementProcess,Measurement,ProcessStatus], s11[MeasurementProcess,Measurement,ProcessStatus], s12[MeasurementProcess,Measurement,ProcessStatus], s13[MeasurementProcess,Measurement,ProcessStatus], s14[MeasurementProcess,Measurement,ProcessStatus], s15[MeasurementProcess,Measurement,ProcessStatus], s16[MeasurementProcess,Measurement,ProcessStatus], s17[MeasurementProcess,Measurement,ProcessStatus], s18[MeasurementProcess,Measurement,ProcessStatus], s19[MeasurementProcess,Measurement,ProcessStatus], s20[MeasurementProcess,Measurement,ProcessStatus], s21[MeasurementProcess,Measurement,ProcessStatus], s22[MeasurementProcess,Measurement,ProcessStatus], s23[EvaluationProcess,DiagnosticStatement,ClinicalCondition], s24[EvaluationProcess,DiagnosticStatement,ClinicalCondition], s25[EvaluationProcess,DiagnosticStatement,ClinicalCondition], s26[CarePlan]
[  72.6s] build order: [CareUnit, ClinicalCondition, DiagnosticStatement, Measurement, Person, ProcessStatus] -> [EvaluationProcess, MeasurementProcess] -> [CarePlan, ClinicalVisit]
[  72.6s] level 0: 6 agent(s), 0 known entities
[  72.7s]   CareUnit: extracting (239 chars, 1 classes in view)
[  72.7s]   ClinicalCondition: extracting (712 chars, 3 classes in view)
[  72.7s]   DiagnosticStatement: extracting (712 chars, 1 classes in view)
[  72.7s]   Measurement: extracting (5202 chars, 2 classes in view)
[  78.2s]   CareUnit: cycle 0 -> conforms
[  78.2s]   Person: extracting (239 chars, 1 classes in view)
[  82.2s]   DiagnosticStatement: cycle 0 -> conforms
[  82.2s]   ProcessStatus: extracting (5202 chars, 1 classes in view)
[  84.5s]   ClinicalCondition: cycle 0 -> conforms
[  84.5s]   Person: cycle 0 -> conforms
[ 109.3s]   ProcessStatus: cycle 0 -> 21 violation(s)
[ 109.3s]   ProcessStatus: fixing ...
[ 133.8s]   ProcessStatus: cycle 1 -> conforms
[ 148.5s]   Measurement: cycle 0 -> conforms
[ 148.5s] level 1: 2 agent(s), 62 known entities
[ 148.5s]   EvaluationProcess: extracting (712 chars, 7 classes in view)
[ 148.5s]   MeasurementProcess: extracting (5202 chars, 6 classes in view)
[ 163.8s]   EvaluationProcess: cycle 0 -> conforms
[ 260.8s]   MeasurementProcess: cycle 0 -> conforms
[ 260.8s] level 2: 2 agent(s), 85 known entities
[ 260.8s]   CarePlan: extracting (6378 chars, 4 classes in view)
[ 260.8s]   ClinicalVisit: extracting (6378 chars, 5 classes in view)
[ 275.7s]   CarePlan: cycle 0 -> conforms
[ 342.1s]   ClinicalVisit: cycle 0 -> conforms
[ 342.3s] merging (orchestrator): 0 violation(s), 0 unresolved, 0 unparsed
[ 510.4s] final: conforms
conforms=True segments=10 llm_calls=13 unresolved=0
  orchestrator   2 calls    17327 in   12471 out  cost n/a  gemma4-g1
  total         13 calls    69464 in   30964 out  cost n/a  
  worker        11 calls    52137 in   18493 out  cost n/a  gemma4-g1
exit=0
