[   0.1s] segmenting (orchestrator) ...
[ 102.6s] 43 segments: s1[ClinicalVisit,Person,CareUnit], s2[MeasurementProcess,Measurement], s3[MeasurementProcess,Measurement], s4[MeasurementProcess,Measurement], s5[MeasurementProcess,Measurement], s6[MeasurementProcess,Measurement], s7[MeasurementProcess,Measurement], s8[MeasurementProcess,Measurement], s9[MeasurementProcess,Measurement], s10[MeasurementProcess,Measurement], s11[MeasurementProcess,Measurement], s12[MeasurementProcess,Measurement], s13[MeasurementProcess,Measurement], s14[MeasurementProcess,Measurement], s15[MeasurementProcess,Measurement], s16[MeasurementProcess,Measurement], s17[MeasurementProcess,Measurement], s18[MeasurementProcess,Measurement], s19[MeasurementProcess,Measurement], s20[MeasurementProcess,Measurement], s21[MeasurementProcess,Measurement], s22[MeasurementProcess,Measurement], s23[MeasurementProcess,Measurement], s24[MeasurementProcess,Measurement], s25[MeasurementProcess,Measurement], s26[MeasurementProcess,Measurement], s27[MeasurementProcess,Measurement], s28[MeasurementProcess,Measurement], s29[MeasurementProcess,Measurement], s30[MeasurementProcess,Measurement], s31[MeasurementProcess,Measurement], s32[MeasurementProcess,Measurement], s33[MeasurementProcess,Measurement], s34[MeasurementProcess,Measurement], s35[MeasurementProcess,Measurement], s36[MeasurementProcess,Measurement], s37[MeasurementProcess,Measurement], s38[MeasurementProcess,Measurement], s39[MeasurementProcess,Measurement], s40[MeasurementProcess,Measurement], s41[MeasurementProcess,Measurement], s42[EvaluationProcess,DiagnosticStatement,ClinicalCondition], s43[CarePlan]
[ 102.6s] build order: [CareUnit, ClinicalCondition, DiagnosticStatement, Measurement, Person] -> [EvaluationProcess, MeasurementProcess] -> [CarePlan, ClinicalVisit]
[ 102.6s] level 0: 5 agent(s), 0 known entities
[ 102.6s]   CareUnit: extracting (238 chars, 1 classes in view)
[ 102.6s]   ClinicalCondition: extracting (237 chars, 3 classes in view)
[ 102.6s]   DiagnosticStatement: extracting (237 chars, 1 classes in view)
[ 102.6s]   Measurement: extracting (9670 chars, 2 classes in view)
[ 109.0s]   CareUnit: cycle 0 -> conforms
[ 109.0s]   Person: extracting (238 chars, 1 classes in view)
[ 109.7s]   DiagnosticStatement: cycle 0 -> conforms
[ 110.4s]   ClinicalCondition: cycle 0 -> conforms
[ 114.3s]   Person: cycle 0 -> conforms
[ 231.6s]   Measurement: cycle 0 -> 1 violation(s)
[ 231.6s]   Measurement: fixing ...
[ 364.7s]   Measurement: cycle 1 -> 1 violation(s)
[ 364.7s]   Measurement: fixing ...
[ 502.1s]   Measurement: cycle 2 -> 1 violation(s)
[ 502.1s]   Measurement: stopping (fix budget spent)
[ 502.1s]   Measurement: 1 unresolved (honest gaps)
[ 502.1s] level 1: 2 agent(s), 5 known entities
[ 502.1s]   EvaluationProcess: extracting (237 chars, 7 classes in view)
[ 502.1s]   MeasurementProcess: extracting (9670 chars, 6 classes in view)
[ 513.4s]   EvaluationProcess: cycle 0 -> conforms
[ 763.8s]   MeasurementProcess: cycle 0 -> conforms
[ 763.8s]   MeasurementProcess: 1 unresolved (honest gaps)
[ 763.9s] level 2: 2 agent(s), 98 known entities
[ 763.9s]   CarePlan: extracting (10406 chars, 4 classes in view)
[ 763.9s]   ClinicalVisit: extracting (10406 chars, 5 classes in view)
[ 771.9s]   CarePlan: cycle 0 -> conforms
[ 895.2s]   ClinicalVisit: cycle 0 -> conforms
[ 895.4s] merging (orchestrator): 0 violation(s), 2 unresolved, 1 unparsed
[1011.1s] final: 1 violation(s)
conforms=False segments=9 llm_calls=13 unresolved=0
  orchestrator   2 calls    32492 in   11468 out  cost n/a  gemma4-g1
  total         13 calls   103306 in   54615 out  cost n/a  
  worker        11 calls    70814 in   43147 out  cost n/a  gemma4-g1
Constraint Violation in TurtleSyntax:
	Severity: sh:Violation
	Message: not valid Turtle: at line 263 of <>:
	Offending line: chr:hasCode <https://loinc
	Hint: every statement starts with a subject IRI (ex:name a chr:Class ; ...). IRI local names may only contain letters, digits, '_' and '-'; put dates/codes with other characters in literals, not in IRIs.
exit=1
