[   0.1s] segmenting (orchestrator) ...
[ 118.0s] 43 segments: s1[ClinicalVisit,Person,CareUnit,Person], s2[MeasurementProcess,Measurement,ProcessStatus], s3[MeasurementProcess,Measurement,ProcessStatus], s4[MeasurementProcess,Measurement,ProcessStatus], s5[MeasurementProcess,Measurement,ProcessStatus], s6[MeasurementProcess,Measurement,ProcessStatus], s7[MeasurementProcess,Measurement,ProcessStatus], s8[MeasurementProcess,Measurement,ProcessStatus], s9[MeasurementProcess,Measurement,ProcessStatus], s10[MeasurementProcess,Measurement,ProcessStatus], s11[MeasurementProcess,Measurement,ProcessStatus], s12[MeasurementProcess,Measurement,ProcessStatus], s13[MeasurementProcess,Measurement,ProcessStatus], s14[MeasurementProcess,Measurement,ProcessStatus], s15[MeasurementProcess,Measurement,ProcessStatus], s16[MeasurementProcess,Measurement,ProcessStatus], s17[MeasurementProcess,Measurement,ProcessStatus], s18[MeasurementProcess,Measurement,ProcessStatus], s19[MeasurementProcess,Measurement,ProcessStatus], s20[MeasurementProcess,Measurement,ProcessStatus], s21[MeasurementProcess,Measurement,ProcessStatus], s22[MeasurementProcess,Measurement,ProcessStatus], s23[MeasurementProcess,Measurement,ProcessStatus], s24[MeasurementProcess,Measurement,ProcessStatus], s25[MeasurementProcess,Measurement,ProcessStatus], s26[MeasurementProcess,Measurement,ProcessStatus], s27[MeasurementProcess,Measurement,ProcessStatus], s28[MeasurementProcess,Measurement,ProcessStatus], s29[MeasurementProcess,Measurement,ProcessStatus], s30[MeasurementProcess,Measurement,ProcessStatus], s31[MeasurementProcess,Measurement,ProcessStatus], s32[MeasurementProcess,Measurement,ProcessStatus], s33[MeasurementProcess,Measurement,ProcessStatus], s34[MeasurementProcess,Measurement,ProcessStatus], s35[MeasurementProcess,Measurement,ProcessStatus], s36[MeasurementProcess,Measurement,ProcessStatus], s37[MeasurementProcess,Measurement,ProcessStatus], s38[MeasurementProcess,Measurement,ProcessStatus], s39[MeasurementProcess,Measurement,ProcessStatus], s40[MeasurementProcess,Measurement,ProcessStatus], s41[EvaluationProcess,DiagnosticStatement,ClinicalCondition], s42[EvaluationProcess,DiagnosticStatement,ClinicalCondition], s43[CarePlan]
[ 118.0s] build order: [CareUnit, ClinicalCondition, DiagnosticStatement, Measurement, Person, ProcessStatus] -> [EvaluationProcess, MeasurementProcess] -> [CarePlan, ClinicalVisit]
[ 118.0s] level 0: 6 agent(s), 0 known entities
[ 118.0s]   CareUnit: extracting (215 chars, 1 classes in view)
[ 118.0s]   ClinicalCondition: extracting (475 chars, 3 classes in view)
[ 118.0s]   DiagnosticStatement: extracting (475 chars, 1 classes in view)
[ 118.0s]   Measurement: extracting (9367 chars, 2 classes in view)
[ 124.2s]   CareUnit: cycle 0 -> conforms
[ 124.2s]   Person: extracting (215 chars, 1 classes in view)
[ 126.2s]   DiagnosticStatement: cycle 0 -> conforms
[ 126.2s]   ProcessStatus: extracting (9367 chars, 1 classes in view)
[ 128.3s]   ClinicalCondition: cycle 0 -> conforms
[ 130.4s]   Person: cycle 0 -> conforms
[ 131.2s]   ProcessStatus: cycle 0 -> conforms
[ 256.0s]   Measurement: cycle 0 -> 1 violation(s)
[ 256.0s]   Measurement: fixing ...
[ 392.9s]   Measurement: cycle 1 -> 1 violation(s)
[ 392.9s]   Measurement: stopping (plateau)
[ 392.9s]   Measurement: 5 unresolved (honest gaps)
[ 392.9s] level 1: 2 agent(s), 8 known entities
[ 392.9s]   EvaluationProcess: extracting (475 chars, 7 classes in view)
[ 392.9s]   MeasurementProcess: extracting (9367 chars, 6 classes in view)
[ 408.6s]   EvaluationProcess: cycle 0 -> conforms
[ 666.8s]   MeasurementProcess: cycle 0 -> 1 violation(s)
[ 666.8s]   MeasurementProcess: fixing ...
[ 917.1s]   MeasurementProcess: cycle 1 -> 1 violation(s)
[ 917.1s]   MeasurementProcess: fixing ...
[1168.7s]   MeasurementProcess: cycle 2 -> 13 violation(s)
[1168.7s]   MeasurementProcess: stopping (fix budget spent)
[1168.8s] level 2: 2 agent(s), 88 known entities
[1168.8s]   CarePlan: extracting (10274 chars, 4 classes in view)
[1168.8s]   ClinicalVisit: extracting (10274 chars, 5 classes in view)
[1177.6s]   CarePlan: cycle 0 -> 13 violation(s)
[1177.6s]   CarePlan: fixing ...
https://biomedit.ch/rdf/sphn-resource/ucum/{cblscorecbr} does not look like a valid URI, trying to serialize this will break.
[1195.3s]   CarePlan: cycle 1 -> 3 violation(s)
[1195.3s]   CarePlan: fixing ...
[1216.4s]   CarePlan: cycle 2 -> conforms
[1335.1s]   ClinicalVisit: cycle 0 -> 13 violation(s)
[1335.1s]   ClinicalVisit: fixing ...
https://biomedit.ch/rdf/sphn-resource/ucum/{score} does not look like a valid URI, trying to serialize this will break.
https://biomedit.ch/rdf/sphn-resource/ucum/{score} does not look like a valid URI, trying to serialize this will break.
[1586.3s]   ClinicalVisit: cycle 1 -> 1 violation(s)
[1586.3s]   ClinicalVisit: fixing ...
https://biomedit.ch/rdf/sphn-resource/ucum/{score} does not look like a valid URI, trying to serialize this will break.
https://biomedit.ch/rdf/sphn-resource/ucum/{score} does not look like a valid URI, trying to serialize this will break.
[1795.7s]   ClinicalVisit: cycle 2 -> 1 violation(s)
[1795.7s]   ClinicalVisit: stopping (fix budget spent)
https://biomedit.ch/rdf/sphn-resource/ucum/{score} does not look like a valid URI, trying to serialize this will break.
https://biomedit.ch/rdf/sphn-resource/ucum/{score} does not look like a valid URI, trying to serialize this will break.
[1795.9s] merging (orchestrator): 0 violation(s), 5 unresolved, 2 unparsed
[1910.8s] final: 1 violation(s)
conforms=False segments=10 llm_calls=19 unresolved=0
  orchestrator   2 calls    32360 in   11901 out  cost n/a  gemma4-g1
  total         19 calls   201813 in  102604 out  cost n/a  
  worker        17 calls   169453 in   90703 out  cost n/a  gemma4-g1
Constraint Violation in TurtleSyntax:
	Severity: sh:Violation
	Message: not valid Turtle: string index out of range
	Offending line: 
	Hint: every statement starts with a subject IRI (ex:name a chr:Class ; ...). IRI local names may only contain letters, digits, '_' and '-'; put dates/codes with other characters in literals, not in IRIs.
exit=1
