[   0.1s] segmenting (orchestrator) ...
[  90.8s] 37 segments: s1[ClinicalVisit,Person,CareUnit,Person], s2[MeasurementProcess,Measurement], s3[MeasurementProcess,Measurement], s4[MeasurementProcess,Measurement], s5[MeasurementProcess,Measurement], s6[MeasurementProcess,Measurement], s7[MeasurementProcess,Measurement], s8[MeasurementProcess,Measurement], s9[MeasurementProcess,Measurement], s10[MeasurementProcess,Measurement], s11[MeasurementProcess,Measurement], s12[MeasurementProcess,Measurement], s13[MeasurementProcess,Measurement], s14[MeasurementProcess,Measurement], s15[MeasurementProcess,Measurement], s16[MeasurementProcess,Measurement], s17[MeasurementProcess,Measurement], s18[MeasurementProcess,Measurement], s19[MeasurementProcess,Measurement], s20[MeasurementProcess,Measurement], s21[MeasurementProcess,Measurement], s22[MeasurementProcess,Measurement], s23[MeasurementProcess,Measurement], s24[MeasurementProcess,Measurement], s25[MeasurementProcess,Measurement], s26[MeasurementProcess,Measurement], s27[MeasurementProcess,Measurement], s28[MeasurementProcess,Measurement], s29[MeasurementProcess,Measurement], s30[MeasurementProcess,Measurement], s31[MeasurementProcess,Measurement], s32[MeasurementProcess,Measurement], s33[MeasurementProcess,Measurement], s34[MeasurementProcess,Measurement], s35[EvaluationProcess,DiagnosticStatement,ClinicalCondition], s36[EvaluationProcess,DiagnosticStatement,ClinicalCondition], s37[CarePlan]
[  90.8s] build order: [CareUnit, ClinicalCondition, DiagnosticStatement, Measurement, Person] -> [EvaluationProcess, MeasurementProcess] -> [CarePlan, ClinicalVisit]
[  90.8s] level 0: 5 agent(s), 0 known entities
[  90.8s]   CareUnit: extracting (223 chars, 1 classes in view)
[  90.8s]   ClinicalCondition: extracting (521 chars, 3 classes in view)
[  90.8s]   DiagnosticStatement: extracting (521 chars, 1 classes in view)
[  90.8s]   Measurement: extracting (8261 chars, 2 classes in view)
[  99.7s]   CareUnit: cycle 0 -> conforms
[  99.7s]   Person: extracting (223 chars, 1 classes in view)
[ 102.4s]   DiagnosticStatement: cycle 0 -> conforms
[ 103.9s]   ClinicalCondition: cycle 0 -> conforms
[ 109.7s]   Person: cycle 0 -> conforms
[ 200.3s]   Measurement: cycle 0 -> 1 violation(s)
[ 200.3s]   Measurement: fixing ...
[ 309.3s]   Measurement: cycle 1 -> 1 violation(s)
[ 309.3s]   Measurement: stopping (plateau)
[ 309.3s]   Measurement: 2 unresolved (honest gaps)
[ 309.3s] level 1: 2 agent(s), 7 known entities
[ 309.3s]   EvaluationProcess: extracting (521 chars, 7 classes in view)
[ 309.3s]   MeasurementProcess: extracting (8261 chars, 6 classes in view)
[ 322.0s]   EvaluationProcess: cycle 0 -> conforms
[ 322.0s]   EvaluationProcess: 1 unresolved (honest gaps)
[ 544.8s]   MeasurementProcess: cycle 0 -> conforms
[ 544.8s]   MeasurementProcess: 3 unresolved (honest gaps)
[ 544.8s] level 2: 2 agent(s), 85 known entities
[ 544.8s]   CarePlan: extracting (9202 chars, 4 classes in view)
[ 544.8s]   ClinicalVisit: extracting (9202 chars, 5 classes in view)
[ 555.6s]   CarePlan: cycle 0 -> conforms
[ 677.0s]   ClinicalVisit: cycle 0 -> conforms
[ 677.2s] merging (orchestrator): 0 violation(s), 6 unresolved, 1 unparsed
[ 829.1s] final: 1 violation(s)
conforms=False segments=9 llm_calls=12 unresolved=0
  orchestrator   2 calls    30034 in   12849 out  cost n/a  gemma4-g1
  total         12 calls    84584 in   44743 out  cost n/a  
  worker        10 calls    54550 in   31894 out  cost n/a  gemma4-g1
Constraint Violation in TurtleSyntax:
	Severity: sh:Violation
	Message: not valid Turtle: Quote expected in string at ^ in r:hasPerformedDate "^2023-03-31T
	Offending line: 
	Hint: every statement starts with a subject IRI (ex:name a chr:Class ; ...). IRI local names may only contain letters, digits, '_' and '-'; put dates/codes with other characters in literals, not in IRIs.
exit=1
