[   0.1s] segmenting (orchestrator) ...
[ 105.5s] 41 segments: s1[ClinicalVisit,Person,CareUnit], s2[MeasurementProcess,Measurement], s3[MeasurementProcess,Measurement], s4[MeasurementProcess,Measurement], s5[MeasurementProcess,Measurement], s6[MeasurementProcess,Measurement], s7[MeasurementProcess,Measurement], s8[MeasurementProcess,Measurement], s9[MeasurementProcess,Measurement], s10[MeasurementProcess,Measurement], s11[MeasurementProcess,Measurement], s12[MeasurementProcess,Measurement], s13[MeasurementProcess,Measurement], s14[MeasurementProcess,Measurement], s15[MeasurementProcess,Measurement], s16[MeasurementProcess,Measurement], s17[MeasurementProcess,Measurement], s18[MeasurementProcess,Measurement], s19[MeasurementProcess,Measurement], s20[MeasurementProcess,Measurement], s21[MeasurementProcess,Measurement], s22[MeasurementProcess,Measurement], s23[MeasurementProcess,Measurement], s24[MeasurementProcess,Measurement], s25[MeasurementProcess,Measurement], s26[MeasurementProcess,Measurement], s27[MeasurementProcess,Measurement], s28[MeasurementProcess,Measurement], s29[MeasurementProcess,Measurement], s30[MeasurementProcess,Measurement], s31[MeasurementProcess,Measurement], s32[MeasurementProcess,Measurement], s33[MeasurementProcess,Measurement], s34[MeasurementProcess,Measurement], s35[MeasurementProcess,Measurement], s36[MeasurementProcess,Measurement], s37[MeasurementProcess,Measurement], s38[MeasurementProcess,Measurement], s39[MeasurementProcess,Measurement], s40[EvaluationProcess,DiagnosticStatement,ClinicalCondition], s41[CarePlan]
[ 105.5s] build order: [CareUnit, ClinicalCondition, DiagnosticStatement, Measurement, Person] -> [EvaluationProcess, MeasurementProcess] -> [CarePlan, ClinicalVisit]
[ 105.5s] level 0: 5 agent(s), 0 known entities
[ 105.5s]   CareUnit: extracting (238 chars, 1 classes in view)
[ 105.5s]   ClinicalCondition: extracting (235 chars, 3 classes in view)
[ 105.5s]   DiagnosticStatement: extracting (235 chars, 1 classes in view)
[ 105.5s]   Measurement: extracting (9238 chars, 2 classes in view)
[ 112.0s]   CareUnit: cycle 0 -> conforms
[ 112.0s]   Person: extracting (238 chars, 1 classes in view)
[ 112.1s]   DiagnosticStatement: cycle 0 -> conforms
[ 113.6s]   ClinicalCondition: cycle 0 -> conforms
[ 117.3s]   Person: cycle 0 -> conforms
[ 212.4s]   Measurement: cycle 0 -> 1 violation(s)
[ 212.4s]   Measurement: fixing ...
[ 322.6s]   Measurement: cycle 1 -> 1 violation(s)
[ 322.6s]   Measurement: stopping (plateau)
[ 322.6s]   Measurement: 2 unresolved (honest gaps)
[ 322.6s] level 1: 2 agent(s), 6 known entities
[ 322.6s]   EvaluationProcess: extracting (235 chars, 7 classes in view)
[ 322.6s]   MeasurementProcess: extracting (9238 chars, 6 classes in view)
[ 333.5s]   EvaluationProcess: cycle 0 -> conforms
[ 570.5s]   MeasurementProcess: cycle 0 -> conforms
[ 570.5s] level 2: 2 agent(s), 92 known entities
[ 570.5s]   CarePlan: extracting (9972 chars, 4 classes in view)
[ 570.5s]   ClinicalVisit: extracting (9972 chars, 5 classes in view)
[ 580.2s]   CarePlan: cycle 0 -> conforms
[ 709.9s]   ClinicalVisit: cycle 0 -> conforms
[ 710.1s] merging (orchestrator): 0 violation(s), 2 unresolved, 1 unparsed
[ 843.6s] merge output rejected (list index out of range) - returning the un-merged union
[ 843.8s] final: conforms
conforms=True segments=9 llm_calls=12 unresolved=0
  orchestrator   2 calls    30974 in   12574 out  cost n/a  gemma4-g1
  total         12 calls    88044 in   46283 out  cost n/a  
  worker        10 calls    57070 in   33709 out  cost n/a  gemma4-g1
exit=0
