[   0.1s] segmenting (orchestrator) ...
[ 131.7s] 44 segments: s1[ClinicalVisit,Person,CareUnit,Person], s2[MeasurementProcess,Measurement], s3[MeasurementProcess,Measurement], s4[MeasurementProcess,Measurement], s5[MeasurementProcess,Measurement], s6[MeasurementProcess,Measurement], s7[MeasurementProcess,Measurement], s8[MeasurementProcess,Measurement], s9[MeasurementProcess,Measurement], s10[MeasurementProcess,Measurement], s11[MeasurementProcess,Measurement], s12[MeasurementProcess,Measurement], s13[MeasurementProcess,Measurement], s14[MeasurementProcess,Measurement], s15[MeasurementProcess,Measurement], s16[MeasurementProcess,Measurement], s17[MeasurementProcess,Measurement], s18[MeasurementProcess,Measurement], s19[MeasurementProcess,Measurement,Severity], s20[MeasurementProcess,Measurement], s21[MeasurementProcess,Measurement], s22[MeasurementProcess,Measurement], s23[MeasurementProcess,Measurement], s24[MeasurementProcess,Measurement], s25[MeasurementProcess,Measurement], s26[MeasurementProcess,Measurement], s27[MeasurementProcess,Measurement], s28[MeasurementProcess,Measurement], s29[MeasurementProcess,Measurement], s30[MeasurementProcess,Measurement], s31[MeasurementProcess,Measurement], s32[MeasurementProcess,Measurement], s33[MeasurementProcess,Measurement], s34[MeasurementProcess,Measurement], s35[MeasurementProcess,Measurement], s36[MeasurementProcess,Measurement], s37[MeasurementProcess,Measurement], s38[MeasurementProcess,Measurement], s39[MeasurementProcess,Measurement], s40[MeasurementProcess,Measurement], s41[MeasurementProcess,Measurement], s42[EvaluationProcess,DiagnosticStatement], s43[EvaluationProcess,DiagnosticStatement], s44[CarePlan]
[ 131.7s] build order: [CareUnit, DiagnosticStatement, Measurement, Person, Severity] -> [EvaluationProcess, MeasurementProcess] -> [CarePlan, ClinicalVisit]
[ 131.8s] level 0: 5 agent(s), 0 known entities
[ 131.8s]   CareUnit: extracting (215 chars, 1 classes in view)
[ 131.8s]   DiagnosticStatement: extracting (457 chars, 1 classes in view)
[ 131.8s]   Measurement: extracting (9728 chars, 2 classes in view)
[ 131.8s]   Person: extracting (215 chars, 1 classes in view)
[ 137.6s]   CareUnit: cycle 0 -> conforms
[ 137.6s]   Severity: extracting (257 chars, 1 classes in view)
[ 138.5s]   Person: cycle 0 -> conforms
[ 140.0s]   DiagnosticStatement: cycle 0 -> conforms
[ 142.8s]   Severity: cycle 0 -> conforms
[ 258.3s]   Measurement: cycle 0 -> 1 violation(s)
[ 258.3s]   Measurement: fixing ...
[ 403.9s]   Measurement: cycle 1 -> 1 violation(s)
[ 403.9s]   Measurement: stopping (plateau)
[ 403.9s]   Measurement: 6 unresolved (honest gaps)
[ 403.9s] level 1: 2 agent(s), 6 known entities
[ 403.9s]   EvaluationProcess: extracting (457 chars, 7 classes in view)
[ 403.9s]   MeasurementProcess: extracting (9728 chars, 6 classes in view)
[ 423.8s]   EvaluationProcess: dropped 2 individual(s) of other classes (already built by earlier levels)
[ 423.8s]   EvaluationProcess: cycle 0 -> 2 violation(s)
[ 423.8s]   EvaluationProcess: fixing ...
[ 437.3s]   EvaluationProcess: cycle 1 -> 2 violation(s)
[ 437.3s]   EvaluationProcess: fixing ...
[ 452.9s]   EvaluationProcess: cycle 2 -> conforms
[ 683.3s]   MeasurementProcess: dropped 51 individual(s) of other classes (already built by earlier levels)
[ 683.4s]   MeasurementProcess: cycle 0 -> 41 violation(s)
[ 683.4s]   MeasurementProcess: fixing ...
[ 916.1s]   MeasurementProcess: cycle 1 -> 1 violation(s)
[ 916.1s]   MeasurementProcess: fixing ...
[1134.4s]   MeasurementProcess: cycle 2 -> conforms
[1134.4s] level 2: 2 agent(s), 91 known entities
[1134.4s]   CarePlan: extracting (10618 chars, 4 classes in view)
[1134.4s]   ClinicalVisit: extracting (10618 chars, 5 classes in view)
[1142.9s]   CarePlan: cycle 0 -> conforms
[1272.3s]   ClinicalVisit: cycle 0 -> conforms
[1272.5s] merging (orchestrator): 0 violation(s), 6 unresolved, 1 unparsed
[1436.3s] merge output rejected (Quote expected in string at ^ in s ;
    rdfs:label "^Genera) - returning the un-merged union
[1436.5s] final: conforms
conforms=True segments=9 llm_calls=16 unresolved=0
  orchestrator   2 calls    30140 in   14073 out  cost n/a  gemma4-g1
  total         16 calls   123241 in   73044 out  cost n/a  
  worker        14 calls    93101 in   58971 out  cost n/a  gemma4-g1
exit=0
