[   0.1s] segmenting (orchestrator) ...
[  47.4s] 19 segments: s1[ClinicalVisit,Person,CareUnit,Person], s2[MeasurementProcess,Measurement], s3[MeasurementProcess,Measurement], s4[MeasurementProcess,Measurement], s5[MeasurementProcess,Measurement], s6[MeasurementProcess,Measurement], s7[MeasurementProcess,Measurement], s8[MeasurementProcess,Measurement], s9[MeasurementProcess,Measurement], s10[MeasurementProcess,Measurement], s11[MeasurementProcess,Measurement], s12[MeasurementProcess,Measurement], s13[MeasurementProcess,Measurement], s14[MeasurementProcess,Measurement], s15[MeasurementProcess,Measurement], s16[MeasurementProcess,Measurement], s17[MeasurementProcess,Measurement], s18[EvaluationProcess,DiagnosticStatement,ClinicalCondition], s19[CarePlan]
[  47.4s] build order: [CareUnit, ClinicalCondition, DiagnosticStatement, Measurement, Person] -> [EvaluationProcess, MeasurementProcess] -> [CarePlan, ClinicalVisit]
[  47.4s] level 0: 5 agent(s), 0 known entities
[  47.5s]   CareUnit: extracting (251 chars, 1 classes in view)
[  47.5s]   ClinicalCondition: extracting (237 chars, 3 classes in view)
[  47.5s]   DiagnosticStatement: extracting (237 chars, 1 classes in view)
[  47.5s]   Measurement: extracting (4153 chars, 2 classes in view)
[  53.6s]   CareUnit: cycle 0 -> conforms
[  53.6s]   Person: extracting (251 chars, 1 classes in view)
[  54.1s]   DiagnosticStatement: cycle 0 -> conforms
[  55.1s]   ClinicalCondition: cycle 0 -> 7 violation(s)
[  55.1s]   ClinicalCondition: fixing ...
[  59.7s]   Person: cycle 0 -> conforms
[  61.4s]   ClinicalCondition: cycle 1 -> 7 violation(s)
[  61.4s]   ClinicalCondition: stopping (plateau)
[ 101.6s]   Measurement: dropped 6 individual(s) of other classes (already built by earlier levels)
[ 101.7s]   Measurement: cycle 0 -> 6 violation(s)
[ 101.7s]   Measurement: fixing ...
[ 148.4s]   Measurement: cycle 1 -> conforms
[ 148.4s] level 1: 2 agent(s), 27 known entities
[ 148.4s]   EvaluationProcess: extracting (237 chars, 7 classes in view)
[ 148.4s]   MeasurementProcess: extracting (4153 chars, 6 classes in view)
[ 160.1s]   EvaluationProcess: cycle 0 -> 25 violation(s)
[ 160.1s]   EvaluationProcess: fixing ...
[ 171.1s]   EvaluationProcess: cycle 1 -> 21 violation(s)
[ 171.1s]   EvaluationProcess: fixing ...
[ 182.4s]   EvaluationProcess: cycle 2 -> 21 violation(s)
[ 182.4s]   EvaluationProcess: stopping (fix budget spent)
[ 242.6s]   MeasurementProcess: cycle 0 -> 334 violation(s)
[ 242.6s]   MeasurementProcess: fixing ...
[ 338.3s]   MeasurementProcess: cycle 1 -> 334 violation(s)
[ 338.3s]   MeasurementProcess: stopping (plateau)
[ 338.3s] level 2: 2 agent(s), 62 known entities
[ 338.3s]   CarePlan: extracting (4902 chars, 4 classes in view)
[ 338.3s]   ClinicalVisit: extracting (4902 chars, 5 classes in view)
[ 346.4s]   CarePlan: cycle 0 -> 348 violation(s)
[ 346.4s]   CarePlan: fixing ...
[ 354.7s]   CarePlan: cycle 1 -> 348 violation(s)
[ 354.7s]   CarePlan: stopping (plateau)
[ 395.6s]   ClinicalVisit: cycle 0 -> 349 violation(s)
[ 395.6s]   ClinicalVisit: fixing ...
[ 494.4s]   ClinicalVisit: cycle 1 -> 365 violation(s)
[ 494.4s]   ClinicalVisit: fixing ...
[ 596.3s]   ClinicalVisit: cycle 2 -> 365 violation(s)
[ 596.3s]   ClinicalVisit: stopping (fix budget spent)
[ 596.5s] merging (orchestrator): 365 violation(s), 0 unresolved, 0 unparsed
[ 702.6s] final: 1 violation(s)
conforms=False segments=9 llm_calls=19 unresolved=0
  orchestrator   2 calls    22089 in    8859 out  cost n/a  gemma4-g1
  total         19 calls   129069 in   41380 out  cost n/a  
  worker        17 calls   106980 in   32521 out  cost n/a  gemma4-g1
Constraint Violation in ClassConstraintComponent (http://www.w3.org/ns/shacl#ClassConstraintComponent):
	Severity: sh:Violation
	Source Shape: chr:HasResultRangeShape
	Focus Node: ex:Potassium_2823-3
	Value Node: ex:Potassium_2823-3
	Message: Object of chr:hasResult must be a chr:Measurement.

exit=1
