[   0.1s] segmenting (orchestrator) ...
[  51.1s] 20 segments: s1[ClinicalVisit,Person,CareUnit,Person], s2[MeasurementProcess,Measurement,Unit,ProcessStatus], s3[MeasurementProcess,Measurement,Unit,ProcessStatus], s4[MeasurementProcess,Measurement,Unit,ProcessStatus], s5[MeasurementProcess,Measurement,Unit,ProcessStatus], s6[MeasurementProcess,Measurement,Unit,ProcessStatus], s7[MeasurementProcess,Measurement,Unit,ProcessStatus], s8[MeasurementProcess,Measurement,Unit,ProcessStatus], s9[MeasurementProcess,Measurement,Unit,ProcessStatus], s10[MeasurementProcess,Measurement,Unit,ProcessStatus], s11[MeasurementProcess,Measurement,Unit,ProcessStatus], s12[MeasurementProcess,Measurement,Unit,ProcessStatus], s13[MeasurementProcess,Measurement,Unit,ProcessStatus], s14[MeasurementProcess,Measurement,Unit,ProcessStatus], s15[MeasurementProcess,Measurement,Unit,ProcessStatus], s16[MeasurementProcess,Measurement,Unit,ProcessStatus], s17[MeasurementProcess,Measurement,Unit,ProcessStatus], s18[EvaluationProcess,DiagnosticStatement,ClinicalCondition], s19[EvaluationProcess,DiagnosticStatement,ClinicalCondition], s20[CarePlan]
[  51.1s] build order: [CareUnit, ClinicalCondition, DiagnosticStatement, Person, ProcessStatus, Unit] -> [EvaluationProcess, Measurement] -> [MeasurementProcess] -> [CarePlan, ClinicalVisit]
[  51.1s] level 0: 6 agent(s), 0 known entities
[  51.1s]   CareUnit: extracting (235 chars, 1 classes in view)
[  51.1s]   ClinicalCondition: extracting (462 chars, 3 classes in view)
[  51.1s]   DiagnosticStatement: extracting (462 chars, 1 classes in view)
[  51.1s]   Person: extracting (235 chars, 1 classes in view)
[  56.3s]   CareUnit: cycle 0 -> conforms
[  56.3s]   ProcessStatus: extracting (3906 chars, 1 classes in view)
[  57.6s]   Person: cycle 0 -> conforms
[  57.6s]   Unit: extracting (3906 chars, 1 classes in view)
[  58.7s]   DiagnosticStatement: cycle 0 -> conforms
[  59.8s]   ClinicalCondition: cycle 0 -> conforms
[  60.7s]   ProcessStatus: cycle 0 -> conforms
[  68.4s]   Unit: cycle 0 -> conforms
[  68.4s] level 1: 2 agent(s), 16 known entities
[  68.4s]   EvaluationProcess: extracting (462 chars, 7 classes in view)
[  68.4s]   Measurement: extracting (3906 chars, 2 classes in view)
[  79.4s]   EvaluationProcess: cycle 0 -> conforms
[  79.4s]   EvaluationProcess: 2 unresolved (honest gaps)
[ 106.7s]   Measurement: cycle 0 -> conforms
[ 106.7s] level 2: 1 agent(s), 34 known entities
[ 106.7s]   MeasurementProcess: extracting (3906 chars, 6 classes in view)
[ 193.4s]   MeasurementProcess: cycle 0 -> conforms
[ 193.4s] level 3: 2 agent(s), 50 known entities
[ 193.4s]   CarePlan: extracting (4812 chars, 4 classes in view)
[ 193.4s]   ClinicalVisit: extracting (4812 chars, 5 classes in view)
[ 199.0s]   CarePlan: cycle 0 -> conforms
[ 249.6s]   ClinicalVisit: cycle 0 -> conforms
[ 249.8s] merging (orchestrator): 0 violation(s), 2 unresolved, 0 unparsed
[ 368.8s] final: conforms
conforms=True segments=11 llm_calls=13 unresolved=0
  orchestrator   2 calls    14192 in    9742 out  cost n/a  gemma4-g1
  total         13 calls    55401 in   22897 out  cost n/a  
  worker        11 calls    41209 in   13155 out  cost n/a  gemma4-g1
exit=0
