[   0.1s] segmenting (orchestrator) ...
[  30.8s] 14 segments: s1[ClinicalVisit,Person,CareUnit,Person], s2[MeasurementProcess], s3[MeasurementProcess], s4[MeasurementProcess], s5[MeasurementProcess], s6[MeasurementProcess], s7[MeasurementProcess], s8[MeasurementProcess], s9[MeasurementProcess], s10[MeasurementProcess], s11[MeasurementProcess], s12[MeasurementProcess], s13[EvaluationProcess,DiagnosticStatement,ClinicalCondition], s14[CarePlan]
[  30.8s] build order: [CareUnit, ClinicalCondition, DiagnosticStatement, Person] -> [EvaluationProcess, MeasurementProcess] -> [CarePlan, ClinicalVisit]
[  30.8s] level 0: 4 agent(s), 0 known entities
[  30.8s]   CareUnit: extracting (239 chars, 1 classes in view)
[  30.8s]   ClinicalCondition: extracting (235 chars, 3 classes in view)
[  30.8s]   DiagnosticStatement: extracting (235 chars, 1 classes in view)
[  30.8s]   Person: extracting (239 chars, 1 classes in view)
[  36.0s]   CareUnit: cycle 0 -> conforms
[  36.8s]   DiagnosticStatement: cycle 0 -> conforms
[  36.8s]   Person: cycle 0 -> conforms
[  37.1s]   ClinicalCondition: cycle 0 -> conforms
[  37.2s] level 1: 2 agent(s), 5 known entities
[  37.2s]   EvaluationProcess: extracting (235 chars, 7 classes in view)
[  37.2s]   MeasurementProcess: extracting (2604 chars, 6 classes in view)
[  48.4s]   EvaluationProcess: cycle 0 -> conforms
[ 104.0s]   MeasurementProcess: cycle 0 -> conforms
[ 104.0s] level 2: 2 agent(s), 36 known entities
[ 104.0s]   CarePlan: extracting (3303 chars, 4 classes in view)
[ 104.0s]   ClinicalVisit: extracting (3303 chars, 5 classes in view)
[ 110.7s]   CarePlan: cycle 0 -> conforms
[ 148.1s]   ClinicalVisit: cycle 0 -> conforms
[ 148.2s] merging (orchestrator): 0 violation(s), 0 unresolved, 0 unparsed
[ 233.2s] final: conforms
conforms=True segments=8 llm_calls=10 unresolved=0
  orchestrator   2 calls    11577 in    7112 out  cost n/a  gemma4-g1
  total         10 calls    38472 in   15381 out  cost n/a  
  worker         8 calls    26895 in    8269 out  cost n/a  gemma4-g1
exit=0
