[   0.1s] segmenting (orchestrator) ...
[  52.4s] 20 segments: s1[ClinicalVisit,Person,CareUnit,Person], s2[MeasurementProcess,Measurement], s3[MeasurementProcess,Measurement], s4[MeasurementProcess,Measurement,Severity], s5[MeasurementProcess,Measurement], s6[MeasurementProcess,Measurement], s7[MeasurementProcess,Measurement], s8[MeasurementProcess,Measurement], s9[MeasurementProcess,Measurement], s10[MeasurementProcess,Measurement], s11[MeasurementProcess,Measurement], s12[MeasurementProcess,Measurement], s13[MeasurementProcess,Measurement], s14[MeasurementProcess,Measurement], s15[MeasurementProcess,Measurement], s16[MeasurementProcess,Measurement], s17[MeasurementProcess,Measurement,Severity], s18[EvaluationProcess,DiagnosticStatement,ClinicalCondition], s19[EvaluationProcess,DiagnosticStatement,ClinicalCondition], s20[CarePlan]
[  52.4s] build order: [CareUnit, DiagnosticStatement, Measurement, Person, Severity] -> [ClinicalCondition, MeasurementProcess] -> [EvaluationProcess] -> [CarePlan, ClinicalVisit]
[  52.4s] level 0: 5 agent(s), 0 known entities
[  52.4s]   CareUnit: extracting (244 chars, 1 classes in view)
[  52.4s]   DiagnosticStatement: extracting (458 chars, 1 classes in view)
[  52.4s]   Measurement: extracting (3891 chars, 2 classes in view)
[  52.4s]   Person: extracting (244 chars, 1 classes in view)
[  57.2s]   CareUnit: cycle 0 -> conforms
[  57.2s]   Severity: extracting (508 chars, 1 classes in view)
[  58.5s]   Person: cycle 0 -> conforms
[  59.4s]   DiagnosticStatement: cycle 0 -> conforms
[  63.1s]   Severity: cycle 0 -> conforms
[  97.4s]   Measurement: cycle 0 -> conforms
[  97.5s] level 1: 2 agent(s), 31 known entities
[  97.5s]   ClinicalCondition: extracting (458 chars, 3 classes in view)
[  97.5s]   MeasurementProcess: extracting (3891 chars, 6 classes in view)
[ 105.3s]   ClinicalCondition: cycle 0 -> conforms
[ 176.0s]   MeasurementProcess: cycle 0 -> conforms
[ 176.1s] level 2: 1 agent(s), 50 known entities
[ 176.1s]   EvaluationProcess: extracting (458 chars, 7 classes in view)
[ 185.8s]   EvaluationProcess: cycle 0 -> conforms
[ 185.8s] level 3: 2 agent(s), 52 known entities
[ 185.8s]   CarePlan: extracting (4818 chars, 4 classes in view)
[ 185.8s]   ClinicalVisit: extracting (4818 chars, 5 classes in view)
[ 193.2s]   CarePlan: cycle 0 -> conforms
[ 193.2s]   CarePlan: 1 unresolved (honest gaps)
[ 243.9s]   ClinicalVisit: cycle 0 -> conforms
[ 244.1s] merging (orchestrator): 0 violation(s), 1 unresolved, 0 unparsed
[ 367.2s] final: conforms
conforms=True segments=10 llm_calls=12 unresolved=0
  orchestrator   2 calls    14279 in    9548 out  cost n/a  gemma4-g1
  total         12 calls    52946 in   22526 out  cost n/a  
  worker        10 calls    38667 in   12978 out  cost n/a  gemma4-g1
exit=0
