[   0.1s] segmenting (orchestrator) ...
[  53.0s] 21 segments: s1[ClinicalVisit,Person,CareUnit,Person], s2[MeasurementProcess,Measurement], s3[MeasurementProcess,Measurement], s4[MeasurementProcess,Measurement], s5[MeasurementProcess,Measurement], s6[MeasurementProcess,Measurement], s7[MeasurementProcess,Measurement], s8[MeasurementProcess,Measurement], s9[MeasurementProcess,Measurement], s10[MeasurementProcess,Measurement], s11[MeasurementProcess,Measurement], s12[MeasurementProcess,Measurement], s13[MeasurementProcess,Measurement], s14[MeasurementProcess,Measurement], s15[MeasurementProcess,Measurement], s16[MeasurementProcess,Measurement], s17[MeasurementProcess,Measurement], s18[MeasurementProcess,Measurement], s19[MeasurementProcess,Measurement], s20[EvaluationProcess,DiagnosticStatement,ClinicalCondition], s21[CarePlan]
[  53.0s] build order: [CareUnit, ClinicalCondition, DiagnosticStatement, Measurement, Person] -> [EvaluationProcess, MeasurementProcess] -> [CarePlan, ClinicalVisit]
[  53.0s] level 0: 5 agent(s), 0 known entities
[  53.0s]   CareUnit: extracting (235 chars, 1 classes in view)
[  53.0s]   ClinicalCondition: extracting (235 chars, 3 classes in view)
[  53.0s]   DiagnosticStatement: extracting (235 chars, 1 classes in view)
[  53.0s]   Measurement: extracting (4612 chars, 2 classes in view)
[  57.6s]   CareUnit: cycle 0 -> conforms
[  57.6s]   Person: extracting (235 chars, 1 classes in view)
[  58.2s]   DiagnosticStatement: cycle 0 -> conforms
[  58.7s]   ClinicalCondition: cycle 0 -> conforms
[  63.3s]   Person: cycle 0 -> conforms
[ 108.1s]   Measurement: cycle 0 -> conforms
[ 108.1s] level 1: 2 agent(s), 33 known entities
[ 108.1s]   EvaluationProcess: extracting (235 chars, 7 classes in view)
[ 108.1s]   MeasurementProcess: extracting (4612 chars, 6 classes in view)
[ 118.3s]   EvaluationProcess: cycle 0 -> conforms
[ 192.3s]   MeasurementProcess: cycle 0 -> conforms
[ 192.3s] level 2: 2 agent(s), 53 known entities
[ 192.3s]   CarePlan: extracting (5321 chars, 4 classes in view)
[ 192.3s]   ClinicalVisit: extracting (5321 chars, 5 classes in view)
[ 198.7s]   CarePlan: cycle 0 -> conforms
[ 248.6s]   ClinicalVisit: cycle 0 -> conforms
[ 248.8s] merging (orchestrator): 0 violation(s), 0 unresolved, 0 unparsed
[ 370.9s] final: conforms
conforms=True segments=9 llm_calls=11 unresolved=0
  orchestrator   2 calls    14423 in    9592 out  cost n/a  gemma4-g1
  total         11 calls    49571 in   22486 out  cost n/a  
  worker         9 calls    35148 in   12894 out  cost n/a  gemma4-g1
exit=0
