[   0.1s] segmenting (orchestrator) ...
[  31.6s] 13 segments: s1[ClinicalVisit,Person,CareUnit,Person], s2[MeasurementProcess,Measurement,Unit], s3[MeasurementProcess,Measurement,Unit], s4[MeasurementProcess,Measurement,Unit], s5[MeasurementProcess,Measurement,Unit], s6[MeasurementProcess,Measurement,Unit], s7[MeasurementProcess,Measurement,Unit], s8[MeasurementProcess,Measurement,Unit], s9[MeasurementProcess,Measurement,Unit], s10[MeasurementProcess,Measurement,Unit], s11[EvaluationProcess,DiagnosticStatement,ClinicalCondition], s12[EvaluationProcess,DiagnosticStatement,ClinicalCondition], s13[CarePlan]
[  31.6s] build order: [CareUnit, ClinicalCondition, DiagnosticStatement, Person, Unit] -> [EvaluationProcess, Measurement] -> [MeasurementProcess] -> [CarePlan, ClinicalVisit]
[  31.6s] level 0: 5 agent(s), 0 known entities
[  31.6s]   CareUnit: extracting (242 chars, 1 classes in view)
[  31.6s]   ClinicalCondition: extracting (464 chars, 3 classes in view)
[  31.6s]   DiagnosticStatement: extracting (464 chars, 1 classes in view)
[  31.6s]   Person: extracting (242 chars, 1 classes in view)
[  36.8s]   CareUnit: cycle 0 -> conforms
[  36.8s]   Unit: extracting (2210 chars, 1 classes in view)
[  38.3s]   Person: cycle 0 -> conforms
[  39.2s]   DiagnosticStatement: cycle 0 -> conforms
[  40.7s]   ClinicalCondition: cycle 0 -> conforms
[  44.5s]   Unit: cycle 0 -> conforms
[  44.5s] level 1: 2 agent(s), 13 known entities
[  44.5s]   EvaluationProcess: extracting (464 chars, 7 classes in view)
[  44.5s]   Measurement: extracting (2210 chars, 2 classes in view)
[  54.7s]   EvaluationProcess: cycle 0 -> conforms
[  68.1s]   Measurement: cycle 0 -> conforms
[  68.1s] level 2: 1 agent(s), 24 known entities
[  68.1s]   MeasurementProcess: extracting (2210 chars, 6 classes in view)
[ 117.1s]   MeasurementProcess: cycle 0 -> conforms
[ 117.1s] level 3: 2 agent(s), 34 known entities
[ 117.1s]   CarePlan: extracting (3137 chars, 4 classes in view)
[ 117.1s]   ClinicalVisit: extracting (3137 chars, 5 classes in view)
[ 122.9s]   CarePlan: cycle 0 -> conforms
[ 139.9s]   ClinicalVisit: cycle 0 -> 1 violation(s)
[ 139.9s]   ClinicalVisit: fixing ...
[ 158.9s]   ClinicalVisit: cycle 1 -> 1 violation(s)
[ 158.9s]   ClinicalVisit: stopping (plateau)
[ 159.1s] merging (orchestrator): 1 violation(s), 0 unresolved, 0 unparsed
[ 241.1s] final: 1 violation(s)
conforms=False segments=10 llm_calls=13 unresolved=0
  orchestrator   2 calls    11604 in    7148 out  cost n/a  gemma4-g1
  total         13 calls    50722 in   16342 out  cost n/a  
  worker        11 calls    39118 in    9194 out  cost n/a  gemma4-g1
Constraint Violation in OrConstraintComponent (http://www.w3.org/ns/shacl#OrConstraintComponent):
	Severity: sh:Violation
	Source Shape: chr:HasProcedureRangeShape
	Focus Node: ex:measurement_process_TotalScoreAUDIT_20220520T174402
	Value Node: ex:measurement_process_TotalScoreAUDIT_20220520T174402
	Message: Object of chr:hasProcedure must be a chr:MedicalProcedure or subclass thereof.

exit=1
