[   0.1s] segmenting (orchestrator) ...
[ 118.5s] 44 segments: s1[ClinicalVisit,Person,CareUnit,Person], s2[MeasurementProcess,Measurement,ProcessStatus], s3[MeasurementProcess,Measurement,ProcessStatus], s4[MeasurementProcess,Measurement,ProcessStatus], s5[MeasurementProcess,Measurement,ProcessStatus], s6[MeasurementProcess,Measurement,ProcessStatus], s7[MeasurementProcess,Measurement,ProcessStatus], s8[MeasurementProcess,Measurement,ProcessStatus], s9[MeasurementProcess,Measurement,ProcessStatus], s10[MeasurementProcess,Measurement,ProcessStatus], s11[MeasurementProcess,Measurement,ProcessStatus], s12[MeasurementProcess,Measurement,ProcessStatus], s13[MeasurementProcess,Measurement,ProcessStatus], s14[MeasurementProcess,Measurement,ProcessStatus], s15[MeasurementProcess,Measurement,ProcessStatus], s16[MeasurementProcess,Measurement,ProcessStatus], s17[MeasurementProcess,Measurement,ProcessStatus], s18[MeasurementProcess,Measurement,ProcessStatus], s19[MeasurementProcess,Measurement,ProcessStatus], s20[MeasurementProcess,Measurement,ProcessStatus], s21[MeasurementProcess,Measurement,ProcessStatus], s22[MeasurementProcess,Measurement,ProcessStatus], s23[MeasurementProcess,Measurement,ProcessStatus], s24[MeasurementProcess,Measurement,ProcessStatus], s25[MeasurementProcess,Measurement,ProcessStatus], s26[MeasurementProcess,Measurement,ProcessStatus], s27[MeasurementProcess,Measurement,ProcessStatus], s28[MeasurementProcess,Measurement,ProcessStatus], s29[MeasurementProcess,Measurement,ProcessStatus], s30[MeasurementProcess,Measurement,ProcessStatus], s31[MeasurementProcess,Measurement,ProcessStatus], s32[MeasurementProcess,Measurement,ProcessStatus], s33[MeasurementProcess,Measurement,ProcessStatus], s34[MeasurementProcess,Measurement,ProcessStatus], s35[MeasurementProcess,Measurement,ProcessStatus], s36[MeasurementProcess,Measurement,ProcessStatus], s37[MeasurementProcess,Measurement,ProcessStatus], s38[MeasurementProcess,Measurement,ProcessStatus], s39[MeasurementProcess,Measurement,ProcessStatus], s40[MeasurementProcess,Measurement,ProcessStatus], s41[EvaluationProcess,DiagnosticStatement,ClinicalCondition], s42[EvaluationProcess,DiagnosticStatement,ClinicalCondition], s43[EvaluationProcess,DiagnosticStatement,ClinicalCondition], s44[CarePlan]
[ 118.5s] build order: [CareUnit, ClinicalCondition, DiagnosticStatement, Measurement, Person, ProcessStatus] -> [EvaluationProcess, MeasurementProcess] -> [CarePlan, ClinicalVisit]
[ 118.5s] level 0: 6 agent(s), 0 known entities
[ 118.5s]   CareUnit: extracting (215 chars, 1 classes in view)
[ 118.5s]   ClinicalCondition: extracting (709 chars, 3 classes in view)
[ 118.5s]   DiagnosticStatement: extracting (709 chars, 1 classes in view)
[ 118.5s]   Measurement: extracting (9460 chars, 2 classes in view)
[ 123.8s]   CareUnit: cycle 0 -> conforms
[ 123.8s]   Person: extracting (215 chars, 1 classes in view)
[ 126.9s]   DiagnosticStatement: cycle 0 -> conforms
[ 126.9s]   ProcessStatus: extracting (9460 chars, 1 classes in view)
[ 129.8s]   Person: cycle 0 -> conforms
[ 129.8s]   ClinicalCondition: cycle 0 -> conforms
[ 131.7s]   ProcessStatus: cycle 0 -> conforms
[ 255.4s]   Measurement: cycle 0 -> conforms
[ 255.5s] level 1: 2 agent(s), 62 known entities
[ 255.5s]   EvaluationProcess: extracting (709 chars, 7 classes in view)
[ 255.5s]   MeasurementProcess: extracting (9460 chars, 6 classes in view)
[ 279.3s]   EvaluationProcess: cycle 0 -> conforms
[ 520.5s]   MeasurementProcess: cycle 0 -> conforms
[ 520.5s] level 2: 2 agent(s), 106 known entities
[ 520.5s]   CarePlan: extracting (10601 chars, 4 classes in view)
[ 520.5s]   ClinicalVisit: extracting (10601 chars, 5 classes in view)
[ 529.3s]   CarePlan: cycle 0 -> conforms
[ 669.2s]   ClinicalVisit: cycle 0 -> conforms
[ 669.4s] merging (orchestrator): 0 violation(s), 0 unresolved, 0 unparsed
[ 846.6s] final: 1 violation(s)
conforms=False segments=10 llm_calls=12 unresolved=0
  orchestrator   2 calls    28905 in   15650 out  cost n/a  gemma4-g1
  total         12 calls    89404 in   47090 out  cost n/a  
  worker        10 calls    60499 in   31440 out  cost n/a  gemma4-g1
Constraint Violation in TurtleSyntax:
	Severity: sh:Violation
	Message: not valid Turtle: string index out of range
	Offending line: 
	Hint: every statement starts with a subject IRI (ex:name a chr:Class ; ...). IRI local names may only contain letters, digits, '_' and '-'; put dates/codes with other characters in literals, not in IRIs.
exit=1
