[   0.1s] segmenting (orchestrator) ...
[ 104.0s] 38 segments: s1[ClinicalVisit,Person,CareUnit,Person], s2[MeasurementProcess,Measurement], s3[MeasurementProcess,Measurement], s4[MeasurementProcess,Measurement], s5[MeasurementProcess,Measurement], s6[MeasurementProcess,Measurement], s7[MeasurementProcess,Measurement], s8[MeasurementProcess,Measurement], s9[MeasurementProcess,Measurement], s10[MeasurementProcess,Measurement], s11[MeasurementProcess,Measurement], s12[MeasurementProcess,Measurement], s13[MeasurementProcess,Measurement], s14[MeasurementProcess,Measurement], s15[MeasurementProcess,Measurement], s16[MeasurementProcess,Measurement], s17[MeasurementProcess,Measurement], s18[MeasurementProcess,Measurement], s19[MeasurementProcess,Measurement], s20[MeasurementProcess,Measurement], s21[MeasurementProcess,Measurement], s22[MeasurementProcess,Measurement], s23[MeasurementProcess,Measurement], s24[MeasurementProcess,Measurement], s25[MeasurementProcess,Measurement], s26[MeasurementProcess,Measurement], s27[MeasurementProcess,Measurement], s28[MeasurementProcess,Measurement], s29[MeasurementProcess,Measurement], s30[MeasurementProcess,Measurement], s31[MeasurementProcess,Measurement], s32[MeasurementProcess,Measurement], s33[MeasurementProcess,Measurement], s34[MeasurementProcess,Measurement], s35[EvaluationProcess,DiagnosticStatement], s36[EvaluationProcess,DiagnosticStatement], s37[EvaluationProcess,DiagnosticStatement], s38[CarePlan]
[ 104.0s] build order: [CareUnit, DiagnosticStatement, Measurement, Person] -> [EvaluationProcess, MeasurementProcess] -> [CarePlan, ClinicalVisit]
[ 104.0s] level 0: 4 agent(s), 0 known entities
[ 104.0s]   CareUnit: extracting (228 chars, 1 classes in view)
[ 104.0s]   DiagnosticStatement: extracting (702 chars, 1 classes in view)
[ 104.0s]   Measurement: extracting (8318 chars, 2 classes in view)
[ 104.0s]   Person: extracting (228 chars, 1 classes in view)
[ 109.4s]   CareUnit: cycle 0 -> conforms
[ 110.5s]   Person: cycle 0 -> conforms
[ 112.2s]   DiagnosticStatement: cycle 0 -> conforms
[ 203.6s]   Measurement: dropped 11 individual(s) of other classes (already built by earlier levels)
[ 203.7s]   Measurement: cycle 0 -> 11 violation(s)
[ 203.7s]   Measurement: fixing ...
[ 306.6s]   Measurement: cycle 1 -> conforms
[ 306.6s] level 1: 2 agent(s), 50 known entities
[ 306.6s]   EvaluationProcess: extracting (702 chars, 7 classes in view)
[ 306.6s]   MeasurementProcess: extracting (8318 chars, 6 classes in view)
[ 326.9s]   EvaluationProcess: dropped 3 individual(s) of other classes (already built by earlier levels)
[ 327.0s]   EvaluationProcess: cycle 0 -> 3 violation(s)
[ 327.0s]   EvaluationProcess: fixing ...
[ 344.5s]   EvaluationProcess: cycle 1 -> 3 violation(s)
[ 344.5s]   EvaluationProcess: fixing ...
[ 361.4s]   EvaluationProcess: cycle 2 -> conforms
[ 486.3s]   MeasurementProcess: dropped 34 individual(s) of other classes (already built by earlier levels)
[ 486.4s]   MeasurementProcess: cycle 0 -> 34 violation(s)
[ 486.4s]   MeasurementProcess: fixing ...
[ 665.5s]   MeasurementProcess: cycle 1 -> 33 violation(s)
[ 665.5s]   MeasurementProcess: fixing ...
[ 845.2s]   MeasurementProcess: cycle 2 -> conforms
[ 845.2s] level 2: 2 agent(s), 123 known entities
[ 845.2s]   CarePlan: extracting (9465 chars, 4 classes in view)
[ 845.2s]   ClinicalVisit: extracting (9465 chars, 5 classes in view)
[ 853.6s]   CarePlan: cycle 0 -> 5 violation(s)
[ 853.6s]   CarePlan: fixing ...
[ 859.6s]   CarePlan: cycle 1 -> 3 violation(s)
[ 859.6s]   CarePlan: fixing ...
[ 865.3s]   CarePlan: cycle 2 -> conforms
[ 865.3s]   CarePlan: 1 unresolved (honest gaps)
[ 960.8s]   ClinicalVisit: cycle 0 -> conforms
[ 961.1s] merging (orchestrator): 0 violation(s), 1 unresolved, 0 unparsed
[1143.5s] merge output rejected (at line 463 of <>:
Bad syntax (expected '.' or '}' or ']' at) - returning the un-merged union
[1143.6s] final: conforms
conforms=True segments=8 llm_calls=17 unresolved=0
  orchestrator   2 calls    27699 in   15247 out  cost n/a  gemma4-g1
  total         17 calls   148308 in   65806 out  cost n/a  
  worker        15 calls   120609 in   50559 out  cost n/a  gemma4-g1
exit=0
