[   0.1s] segmenting (orchestrator) ...
[  89.5s] 37 segments: s1[ClinicalVisit,Person,CareUnit,Person], s2[MeasurementProcess,Measurement], s3[MeasurementProcess,Measurement], s4[MeasurementProcess,Measurement], s5[MeasurementProcess,Measurement], s6[MeasurementProcess,Measurement], s7[MeasurementProcess,Measurement], s8[MeasurementProcess,Measurement], s9[MeasurementProcess,Measurement], s10[MeasurementProcess,Measurement], s11[MeasurementProcess,Measurement], s12[MeasurementProcess,Measurement], s13[MeasurementProcess,Measurement], s14[MeasurementProcess,Measurement], s15[MeasurementProcess,Measurement], s16[MeasurementProcess,Measurement], s17[MeasurementProcess,Measurement], s18[MeasurementProcess,Measurement], s19[MeasurementProcess,Measurement], s20[MeasurementProcess,Measurement], s21[MeasurementProcess,Measurement], s22[MeasurementProcess,Measurement], s23[MeasurementProcess,Measurement], s24[MeasurementProcess,Measurement], s25[MeasurementProcess,Measurement], s26[MeasurementProcess,Measurement], s27[MeasurementProcess,Measurement], s28[MeasurementProcess,Measurement], s29[MeasurementProcess,Measurement], s30[MeasurementProcess,Measurement], s31[EvaluationProcess,DiagnosticStatement,ClinicalCondition], s32[EvaluationProcess,DiagnosticStatement], s33[EvaluationProcess,DiagnosticStatement], s34[EvaluationProcess,DiagnosticStatement], s35[EvaluationProcess,DiagnosticStatement], s36[EvaluationProcess,DiagnosticStatement], s37[CarePlan]
[  89.5s] build order: [CareUnit, ClinicalCondition, DiagnosticStatement, Measurement, Person] -> [EvaluationProcess, MeasurementProcess] -> [CarePlan, ClinicalVisit]
[  89.5s] level 0: 5 agent(s), 0 known entities
[  89.5s]   CareUnit: extracting (234 chars, 1 classes in view)
[  89.5s]   ClinicalCondition: extracting (238 chars, 3 classes in view)
[  89.5s]   DiagnosticStatement: extracting (1440 chars, 1 classes in view)
[  89.5s]   Measurement: extracting (7343 chars, 2 classes in view)
[  94.7s]   CareUnit: cycle 0 -> conforms
[  94.7s]   Person: extracting (234 chars, 1 classes in view)
[  96.3s]   ClinicalCondition: cycle 0 -> conforms
[ 100.3s]   Person: cycle 0 -> conforms
[ 101.5s]   DiagnosticStatement: cycle 0 -> conforms
[ 172.0s]   Measurement: cycle 0 -> conforms
[ 172.0s] level 1: 2 agent(s), 52 known entities
[ 172.0s]   EvaluationProcess: extracting (1440 chars, 7 classes in view)
[ 172.0s]   MeasurementProcess: extracting (7343 chars, 6 classes in view)
[ 213.2s]   EvaluationProcess: cycle 0 -> conforms
[ 260.3s]   MeasurementProcess: cycle 0 -> conforms
[ 260.3s] level 2: 2 agent(s), 93 known entities
[ 260.3s]   CarePlan: extracting (9223 chars, 4 classes in view)
[ 260.3s]   ClinicalVisit: extracting (9223 chars, 5 classes in view)
[ 267.8s]   CarePlan: cycle 0 -> conforms
[ 343.6s]   ClinicalVisit: cycle 0 -> conforms
[ 343.8s] merging (orchestrator): 0 violation(s), 0 unresolved, 0 unparsed
[ 613.6s] final: 1 violation(s)
conforms=False segments=9 llm_calls=11 unresolved=0
  orchestrator   2 calls    23224 in   19736 out  cost n/a  gemma4-g1
  total         11 calls    69504 in   37625 out  cost n/a  
  worker         9 calls    46280 in   17889 out  cost n/a  gemma4-g1
Constraint Violation in TurtleSyntax:
	Severity: sh:Violation
	Message: not valid Turtle: at line 738 of <>:
	Offending line: chr:hasMeasuredDate "2019-06-21T15:04:38+02:00"^^xsd:dateTime ;
	Hint: every statement starts with a subject IRI (ex:name a chr:Class ; ...). IRI local names may only contain letters, digits, '_' and '-'; put dates/codes with other characters in literals, not in IRIs.
exit=1
