[   0.1s] segmenting (orchestrator) ...
[  12.8s] 4 segments: s1[ClinicalVisit,Person,CareUnit,Person], s2[MeasurementProcess,Measurement,Unit,ProcessStatus], s3[EvaluationProcess,DiagnosticStatement,ClinicalCondition], s4[CarePlan]
[  12.8s] build order: [CareUnit, ClinicalCondition, DiagnosticStatement, Person, ProcessStatus, Unit] -> [EvaluationProcess, Measurement] -> [MeasurementProcess] -> [CarePlan, ClinicalVisit]
[  12.8s] level 0: 6 agent(s), 0 known entities
[  12.8s]   CareUnit: extracting (299 chars, 1 classes in view)
[  12.8s]   ClinicalCondition: extracting (241 chars, 3 classes in view)
[  12.8s]   DiagnosticStatement: extracting (241 chars, 1 classes in view)
[  12.8s]   Person: extracting (299 chars, 1 classes in view)
[  18.2s]   CareUnit: cycle 0 -> conforms
[  18.2s]   ProcessStatus: extracting (226 chars, 1 classes in view)
[  19.2s]   DiagnosticStatement: cycle 0 -> conforms
[  19.2s]   Unit: extracting (226 chars, 1 classes in view)
[  20.0s]   Person: cycle 0 -> conforms
[  20.2s]   ClinicalCondition: cycle 0 -> conforms
[  23.6s]   ProcessStatus: cycle 0 -> 1 violation(s)
[  23.6s]   ProcessStatus: fixing ...
[  24.1s]   Unit: cycle 0 -> 1 violation(s)
[  24.1s]   Unit: fixing ...
[  28.7s]   Unit: cycle 1 -> 1 violation(s)
[  28.7s]   Unit: fixing ...
[  29.6s]   ProcessStatus: cycle 1 -> 1 violation(s)
[  29.6s]   ProcessStatus: fixing ...
[  33.6s]   Unit: cycle 2 -> 1 violation(s)
[  33.6s]   Unit: stopping (fix budget spent)
[  33.6s]   Unit: 1 unresolved (honest gaps)
[  35.2s]   ProcessStatus: cycle 2 -> 4 violation(s)
[  35.2s]   ProcessStatus: stopping (fix budget spent)
[  35.2s]   ProcessStatus: 1 unresolved (honest gaps)
[  35.2s] level 1: 2 agent(s), 7 known entities
[  35.2s]   EvaluationProcess: extracting (241 chars, 7 classes in view)
[  35.2s]   Measurement: extracting (226 chars, 2 classes in view)
[  43.2s]   Measurement: cycle 0 -> 4 violation(s)
[  43.2s]   Measurement: fixing ...
[  46.6s]   EvaluationProcess: cycle 0 -> 4 violation(s)
[  46.6s]   EvaluationProcess: fixing ...
[  55.1s]   Measurement: cycle 1 -> 3 violation(s)
[  55.1s]   Measurement: fixing ...
[  58.8s]   EvaluationProcess: cycle 1 -> 4 violation(s)
[  58.8s]   EvaluationProcess: stopping (plateau)
[  65.6s]   Measurement: cycle 2 -> 3 violation(s)
[  65.6s]   Measurement: stopping (fix budget spent)
[  65.6s] level 2: 1 agent(s), 11 known entities
[  65.6s]   MeasurementProcess: extracting (226 chars, 6 classes in view)
[  74.8s]   MeasurementProcess: cycle 0 -> 3 violation(s)
[  74.8s]   MeasurementProcess: fixing ...
[  83.3s]   MeasurementProcess: cycle 1 -> 3 violation(s)
[  83.3s]   MeasurementProcess: stopping (plateau)
[  83.3s] level 3: 2 agent(s), 11 known entities
[  83.3s]   CarePlan: extracting (886 chars, 4 classes in view)
[  83.3s]   ClinicalVisit: extracting (886 chars, 5 classes in view)
[  87.9s]   CarePlan: cycle 0 -> 3 violation(s)
[  87.9s]   CarePlan: fixing ...
[  90.5s]   ClinicalVisit: cycle 0 -> 1 violation(s)
[  90.5s]   ClinicalVisit: fixing ...
[  93.2s]   CarePlan: cycle 1 -> 3 violation(s)
[  93.2s]   CarePlan: stopping (plateau)
[  97.3s]   ClinicalVisit: cycle 1 -> 3 violation(s)
[  97.3s]   ClinicalVisit: fixing ...
[ 106.8s]   ClinicalVisit: cycle 2 -> 3 violation(s)
[ 106.8s]   ClinicalVisit: stopping (fix budget spent)
[ 106.9s] merging (orchestrator): 3 violation(s), 2 unresolved, 1 unparsed
[ 130.3s] final: conforms
conforms=True segments=11 llm_calls=24 unresolved=0
  orchestrator   2 calls     6334 in    1801 out  cost n/a  gemma4-g1
  total         24 calls    57743 in    8992 out  cost n/a  
  worker        22 calls    51409 in    7191 out  cost n/a  gemma4-g1
exit=0
