[   0.1s] segmenting (orchestrator) ...
[ 124.9s] 43 segments: s1[ClinicalVisit,Person,CareUnit,Person], s2[MeasurementProcess,Measurement,ProcessStatus], s3[MeasurementProcess,Measurement,ProcessStatus], s4[MeasurementProcess,Measurement,ProcessStatus], s5[MeasurementProcess,Measurement,ProcessStatus], s6[MeasurementProcess,Measurement,ProcessStatus], s7[MeasurementProcess,Measurement,ProcessStatus], s8[MeasurementProcess,Measurement,ProcessStatus], s9[MeasurementProcess,Measurement,ProcessStatus], s10[MeasurementProcess,Measurement,ProcessStatus], s11[MeasurementProcess,Measurement,ProcessStatus], s12[MeasurementProcess,Measurement,ProcessStatus], s13[MeasurementProcess,Measurement,ProcessStatus], s14[MeasurementProcess,Measurement,ProcessStatus], s15[MeasurementProcess,Measurement,ProcessStatus], s16[MeasurementProcess,Measurement,ProcessStatus], s17[MeasurementProcess,Measurement,ProcessStatus], s18[MeasurementProcess,Measurement,ProcessStatus], s19[MeasurementProcess,Measurement,ProcessStatus], s20[MeasurementProcess,Measurement,ProcessStatus], s21[MeasurementProcess,Measurement,ProcessStatus], s22[MeasurementProcess,Measurement,ProcessStatus], s23[MeasurementProcess,Measurement,ProcessStatus], s24[MeasurementProcess,Measurement,ProcessStatus], s25[MeasurementProcess,Measurement,ProcessStatus], s26[MeasurementProcess,Measurement,ProcessStatus], s27[MeasurementProcess,Measurement,ProcessStatus], s28[MeasurementProcess,Measurement,ProcessStatus], s29[MeasurementProcess,Measurement,ProcessStatus], s30[MeasurementProcess,Measurement,ProcessStatus], s31[MeasurementProcess,Measurement,ProcessStatus], s32[MeasurementProcess,Measurement,ProcessStatus], s33[MeasurementProcess,Measurement,ProcessStatus], s34[MeasurementProcess,Measurement,ProcessStatus], s35[MeasurementProcess,Measurement,ProcessStatus], s36[MeasurementProcess,Measurement,ProcessStatus], s37[MeasurementProcess,Measurement,ProcessStatus], s38[MeasurementProcess,Measurement,ProcessStatus], s39[MeasurementProcess,Measurement,ProcessStatus], s40[MeasurementProcess,Measurement,ProcessStatus], s41[EvaluationProcess,DiagnosticStatement,ClinicalCondition], s42[EvaluationProcess,DiagnosticStatement,ClinicalCondition], s43[CarePlan]
[ 125.0s] build order: [CareUnit, ClinicalCondition, DiagnosticStatement, Measurement, Person, ProcessStatus] -> [EvaluationProcess, MeasurementProcess] -> [CarePlan, ClinicalVisit]
[ 125.0s] level 0: 6 agent(s), 0 known entities
[ 125.0s]   CareUnit: extracting (238 chars, 1 classes in view)
[ 125.0s]   ClinicalCondition: extracting (473 chars, 3 classes in view)
[ 125.0s]   DiagnosticStatement: extracting (473 chars, 1 classes in view)
[ 125.0s]   Measurement: extracting (9455 chars, 2 classes in view)
[ 130.7s]   CareUnit: cycle 0 -> conforms
[ 130.7s]   Person: extracting (238 chars, 1 classes in view)
[ 132.4s]   DiagnosticStatement: cycle 0 -> conforms
[ 132.4s]   ProcessStatus: extracting (9455 chars, 1 classes in view)
[ 134.6s]   ClinicalCondition: cycle 0 -> conforms
[ 137.0s]   Person: cycle 0 -> conforms
[ 215.6s]   ProcessStatus: cycle 0 -> 78 violation(s)
[ 215.6s]   ProcessStatus: fixing ...
[ 280.2s]   Measurement: dropped 12 individual(s) of other classes (already built by earlier levels)
[ 280.3s]   Measurement: cycle 0 -> 12 violation(s)
[ 280.3s]   Measurement: fixing ...
[ 322.5s]   ProcessStatus: cycle 1 -> 39 violation(s)
[ 322.5s]   ProcessStatus: fixing ...
[ 403.6s]   ProcessStatus: cycle 2 -> conforms
https://biomedit.ch/rdf/sphn-resource/ucum/{cblscorecbr} does not look like a valid URI, trying to serialize this will break.
[ 433.7s]   Measurement: cycle 1 -> 1 violation(s)
[ 433.7s]   Measurement: fixing ...
[ 570.2s]   Measurement: cycle 2 -> conforms
[ 570.2s] level 1: 2 agent(s), 98 known entities
[ 570.2s]   EvaluationProcess: extracting (473 chars, 7 classes in view)
[ 570.2s]   MeasurementProcess: extracting (9455 chars, 6 classes in view)
[ 588.6s]   EvaluationProcess: dropped 2 individual(s) of other classes (already built by earlier levels)
[ 588.8s]   EvaluationProcess: cycle 0 -> 2 violation(s)
[ 588.8s]   EvaluationProcess: fixing ...
[ 604.1s]   EvaluationProcess: cycle 1 -> conforms
[ 729.5s]   MeasurementProcess: cycle 0 -> 39 violation(s)
[ 729.5s]   MeasurementProcess: fixing ...
