[   0.1s] segmenting (orchestrator) ...
[  98.9s] 24 segments: s1[ClinicalVisit,Person,CareUnit,Person], s2[MeasurementProcess,Measurement,ProcessStatus], s3[MeasurementProcess,Measurement,ProcessStatus], s4[MeasurementProcess,Measurement,ProcessStatus], s5[MeasurementProcess,Measurement,ProcessStatus], s6[MeasurementProcess,Measurement,ProcessStatus], s7[MeasurementProcess,Measurement,ProcessStatus], s8[MeasurementProcess,Measurement,ProcessStatus], s9[MeasurementProcess,Measurement,ProcessStatus], s10[MeasurementProcess,Measurement,ProcessStatus], s11[MeasurementProcess,Measurement,ProcessStatus], s12[MeasurementProcess,Measurement,ProcessStatus], s13[MeasurementProcess,Measurement,ProcessStatus], s14[MeasurementProcess,Measurement,ProcessStatus], s15[MeasurementProcess,Measurement,ProcessStatus], s16[MeasurementProcess,Measurement,ProcessStatus], s17[MeasurementProcess,Measurement,ProcessStatus], s18[MeasurementProcess,Measurement,ProcessStatus], s19[MeasurementProcess,Measurement,ProcessStatus], s20[EvaluationProcess,DiagnosticStatement,ClinicalCondition], s21[EvaluationProcess,DiagnosticStatement,ClinicalCondition], s22[EvaluationProcess,DiagnosticStatement,ClinicalCondition], s23[EvaluationProcess,DiagnosticStatement], s24[CarePlan]
[  98.9s] build order: [CareUnit, ClinicalCondition, DiagnosticStatement, Measurement, Person, ProcessStatus] -> [EvaluationProcess, MeasurementProcess] -> [CarePlan, ClinicalVisit]
[  99.0s] level 0: 6 agent(s), 0 known entities
[  99.0s]   CareUnit: extracting (255 chars, 1 classes in view)
[  99.0s]   ClinicalCondition: extracting (690 chars, 3 classes in view)
[  99.0s]   DiagnosticStatement: extracting (927 chars, 1 classes in view)
[  99.0s]   Measurement: extracting (4435 chars, 2 classes in view)
[ 105.4s]   CareUnit: cycle 0 -> conforms
[ 105.4s]   Person: extracting (255 chars, 1 classes in view)
[ 111.7s]   DiagnosticStatement: cycle 0 -> 14 violation(s)
[ 111.7s]   DiagnosticStatement: fixing ...
[ 112.6s]   ClinicalCondition: cycle 0 -> conforms
[ 112.6s]   ProcessStatus: extracting (4435 chars, 1 classes in view)
[ 113.6s]   Person: cycle 0 -> conforms
[ 118.0s]   ProcessStatus: cycle 0 -> conforms
[ 123.7s]   DiagnosticStatement: cycle 1 -> 14 violation(s)
[ 123.7s]   DiagnosticStatement: stopping (plateau)
[ 160.6s]   Measurement: cycle 0 -> conforms
[ 160.6s] level 1: 2 agent(s), 37 known entities
[ 160.6s]   EvaluationProcess: extracting (927 chars, 7 classes in view)
[ 160.6s]   MeasurementProcess: extracting (4435 chars, 6 classes in view)
[ 180.2s]   EvaluationProcess: cycle 0 -> 65 violation(s)
[ 180.2s]   EvaluationProcess: fixing ...
[ 206.5s]   EvaluationProcess: cycle 1 -> 15 violation(s)
[ 206.5s]   EvaluationProcess: fixing ...
[ 230.9s]   EvaluationProcess: cycle 2 -> 14 violation(s)
[ 230.9s]   EvaluationProcess: stopping (fix budget spent)
[ 269.3s]   MeasurementProcess: cycle 0 -> 378 violation(s)
[ 269.3s]   MeasurementProcess: fixing ...
[ 365.2s]   MeasurementProcess: cycle 1 -> 378 violation(s)
[ 365.2s]   MeasurementProcess: stopping (plateau)
[ 365.2s] level 2: 2 agent(s), 82 known entities
[ 365.2s]   CarePlan: extracting (5864 chars, 4 classes in view)
[ 365.2s]   ClinicalVisit: extracting (5864 chars, 5 classes in view)
[ 371.5s]   CarePlan: cycle 0 -> 378 violation(s)
[ 371.5s]   CarePlan: fixing ...
[ 377.2s]   CarePlan: cycle 1 -> 378 violation(s)
[ 377.2s]   CarePlan: stopping (plateau)
[ 437.2s]   ClinicalVisit: cycle 0 -> 378 violation(s)
[ 437.2s]   ClinicalVisit: fixing ...
[ 563.2s]   ClinicalVisit: cycle 1 -> 390 violation(s)
[ 563.2s]   ClinicalVisit: fixing ...
[ 691.2s]   ClinicalVisit: cycle 2 -> 390 violation(s)
[ 691.2s]   ClinicalVisit: stopping (fix budget spent)
[ 691.4s] merging (orchestrator): 390 violation(s), 0 unresolved, 0 unparsed
[ 843.4s] final: 12 violation(s)
conforms=False segments=10 llm_calls=19 unresolved=0
  orchestrator   2 calls    25546 in   11774 out  cost n/a  gemma4-g1
  total         19 calls   145176 in   49368 out  cost n/a  
  worker        17 calls   119630 in   37594 out  cost n/a  gemma4-g1
Constraint Violation in ClassConstraintComponent (http://www.w3.org/ns/shacl#ClassConstraintComponent):
	Severity: sh:Violation
	Source Shape: chr:HasDateDomainShape
	Focus Node: ex:diagnostic_statement_Anemia_271737000
	Value Node: ex:diagnostic_statement_Anemia_271737000
	Message: Subject of chr:hasDate must be a chr:ClinicalVisit.
Constraint Violation in ClassConstraintComponent (http://www.w3.org/ns/shacl#ClassConstraintComponent):
	Severity: sh:Violation
	Source Shape: chr:HasDateDomainShape
	Focus Node: ex:diagnostic_statement_Medication_review_314529007
	Value Node: ex:diagnostic_statement_Medication_review_314529007
	Message: Subject of chr:hasDate must be a chr:ClinicalVisit.
Constraint Violation in ClassConstraintComponent (http://www.w3.org/ns/shacl#ClassConstraintComponent):
	Severity: sh:Violation
	Source Shape: chr:HasDateDomainShape
	Focus Node: ex:diagnostic_statement_Part-time_employment_160904001
	Value Node: ex:diagnostic_statement_Part-time_employment_160904001
	Message: Subject of chr:hasDate must be a chr:ClinicalVisit.
Constraint Violation in ClassConstraintComponent (http://www.w3.org/ns/shacl#ClassConstraintComponent):
	Severity: sh:Violation
	Source Shape: chr:HasDateDomainShape
	Focus Node: ex:diagnostic_statement_Prediabetes_714628002
	Value Node: ex:diagnostic_statement_Prediabetes_714628002
	Message: Subject of chr:hasDate must be a chr:ClinicalVisit.
Constraint Violation in ClassConstraintComponent (http://www.w3.org/ns/shacl#ClassConstraintComponent):
	Severity: sh:Violation
	Source Shape: chr:HasResultDomainShape
	Focus Node: ex:evaluation_Anemia_271737000
	Value Node: ex:evaluation_Anemia_271737000
	Message: Subject of chr:hasResult must be a chr:MeasurementProcess.
Constraint Violation in ClassConstraintComponent (http://www.w3.org/ns/shacl#ClassConstraintComponent):
	Severity: sh:Violation
	Source Shape: chr:HasResultDomainShape
	Focus Node: ex:evaluation_Medication_review_314529007
	Value Node: ex:evaluation_Medication_review_314529007
	Message: Subject of chr:hasResult must be a chr:MeasurementProcess.
Constraint Violation in ClassConstraintComponent (http://www.w3.org/ns/shacl#ClassConstraintComponent):
	Severity: sh:Violation
	Source Shape: chr:HasResultDomainShape
	Focus Node: ex:evaluation_Part-time_employment_160904001
	Value Node: ex:evaluation_Part-time_employment_160904001
	Message: Subject of chr:hasResult must be a chr:MeasurementProcess.
Constraint Violation in ClassConstraintComponent (http://www.w3.org/ns/shacl#ClassConstraintComponent):
	Severity: sh:Violation
	Source Shape: chr:HasResultDomainShape
	Focus Node: ex:evaluation_Prediabetes_714628002
	Value Node: ex:evaluation_Prediabetes_714628002
	Message: Subject of chr:hasResult must be a chr:MeasurementProcess.
Constraint Violation in ClassConstraintComponent (http://www.w3.org/ns/shacl#ClassConstraintComponent):
	Severity: sh:Violation
	Source Shape: chr:HasResultRangeShape
	Focus Node: ex:diagnostic_statement_Anemia_271737000
	Value Node: ex:diagnostic_statement_Anemia_271737000
	Message: Object of chr:hasResult must be a chr:Measurement.
Constraint Violation in ClassConstraintComponent (http://www.w3.org/ns/shacl#ClassConstraintComponent):
	Severity: sh:Violation
	Source Shape: chr:HasResultRangeShape
	Focus Node: ex:diagnostic_statement_Medication_review_314529007
	Value Node: ex:diagnostic_statement_Medication_review_314529007
	Message: Object of chr:hasResult must be a chr:Measurement.
Constraint Violation in ClassConstraintComponent (http://www.w3.org/ns/shacl#ClassConstraintComponent):
	Severity: sh:Violation
	Source Shape: chr:HasResultRangeShape
	Focus Node: ex:diagnostic_statement_Part-time_employment_160904001
	Value Node: ex:diagnostic_statement_Part-time_employment_160904001
	Message: Object of chr:hasResult must be a chr:Measurement.
Constraint Violation in ClassConstraintComponent (http://www.w3.org/ns/shacl#ClassConstraintComponent):
	Severity: sh:Violation
	Source Shape: chr:HasResultRangeShape
	Focus Node: ex:diagnostic_statement_Prediabetes_714628002
	Value Node: ex:diagnostic_statement_Prediabetes_714628002
	Message: Object of chr:hasResult must be a chr:Measurement.

exit=1
