[   0.1s] segmenting (orchestrator) ...
[  53.3s] 19 segments: s1[ClinicalVisit,Person,CareUnit,Person], s2[MeasurementProcess,Measurement], s3[MeasurementProcess,Measurement], s4[MeasurementProcess,Measurement], s5[MeasurementProcess,Measurement], s6[MeasurementProcess,Measurement], s7[MeasurementProcess,Measurement], s8[MeasurementProcess,Measurement], s9[MeasurementProcess,Measurement], s10[MeasurementProcess,Measurement], s11[MeasurementProcess,Measurement], s12[MeasurementProcess,Measurement], s13[MeasurementProcess,Measurement], s14[MeasurementProcess,Measurement], s15[MeasurementProcess,Measurement], s16[MeasurementProcess,Measurement], s17[MeasurementProcess,Measurement], s18[EvaluationProcess,DiagnosticStatement,ClinicalCondition], s19[CarePlan]
[  53.3s] build order: [CareUnit, ClinicalCondition, DiagnosticStatement, Measurement, Person] -> [EvaluationProcess, MeasurementProcess] -> [CarePlan, ClinicalVisit]
[  53.3s] level 0: 5 agent(s), 0 known entities
[  53.3s]   CareUnit: extracting (234 chars, 1 classes in view)
[  53.3s]   ClinicalCondition: extracting (239 chars, 3 classes in view)
[  53.3s]   DiagnosticStatement: extracting (239 chars, 1 classes in view)
[  53.3s]   Measurement: extracting (4174 chars, 2 classes in view)
[  57.8s]   CareUnit: cycle 0 -> conforms
[  57.8s]   Person: extracting (234 chars, 1 classes in view)
[  58.6s]   DiagnosticStatement: cycle 0 -> conforms
[  59.2s]   ClinicalCondition: cycle 0 -> conforms
[  63.1s]   Person: cycle 0 -> conforms
[  99.8s]   Measurement: cycle 0 -> 1 violation(s)
[  99.8s]   Measurement: fixing ...
[ 144.4s]   Measurement: cycle 1 -> 1 violation(s)
[ 144.4s]   Measurement: stopping (plateau)
[ 144.4s]   Measurement: 2 unresolved (honest gaps)
[ 144.4s] level 1: 2 agent(s), 5 known entities
[ 144.4s]   EvaluationProcess: extracting (239 chars, 7 classes in view)
[ 144.4s]   MeasurementProcess: extracting (4174 chars, 6 classes in view)
[ 154.3s]   EvaluationProcess: cycle 0 -> conforms
[ 234.3s]   MeasurementProcess: cycle 0 -> conforms
[ 234.3s]   MeasurementProcess: 1 unresolved (honest gaps)
[ 234.3s] level 2: 2 agent(s), 44 known entities
[ 234.3s]   CarePlan: extracting (4852 chars, 4 classes in view)
[ 234.3s]   ClinicalVisit: extracting (4852 chars, 5 classes in view)
[ 240.8s]   CarePlan: cycle 0 -> conforms
[ 293.5s]   ClinicalVisit: cycle 0 -> conforms
[ 293.6s] merging (orchestrator): 0 violation(s), 3 unresolved, 1 unparsed
[ 417.9s] final: conforms
conforms=True segments=9 llm_calls=12 unresolved=0
  orchestrator   2 calls    16529 in    9106 out  cost n/a  gemma4-g1
  total         12 calls    55212 in   24843 out  cost n/a  
  worker        10 calls    38683 in   15737 out  cost n/a  gemma4-g1
exit=0
