[   0.1s] segmenting (orchestrator) ...
[  25.9s] 10 segments: s1[ClinicalVisit,Person,CareUnit,Person], s2[MeasurementProcess,Measurement], s3[MeasurementProcess,Measurement], s4[MeasurementProcess,Measurement], s5[MeasurementProcess,Measurement], s6[MeasurementProcess,Measurement], s7[MeasurementProcess,Measurement], s8[MeasurementProcess,Measurement], s9[EvaluationProcess,DiagnosticStatement,ClinicalCondition], s10[CarePlan]
[  25.9s] build order: [CareUnit, ClinicalCondition, DiagnosticStatement, Measurement, Person] -> [EvaluationProcess, MeasurementProcess] -> [CarePlan, ClinicalVisit]
[  25.9s] level 0: 5 agent(s), 0 known entities
[  25.9s]   CareUnit: extracting (235 chars, 1 classes in view)
[  25.9s]   ClinicalCondition: extracting (235 chars, 3 classes in view)
[  25.9s]   DiagnosticStatement: extracting (235 chars, 1 classes in view)
[  25.9s]   Measurement: extracting (1675 chars, 2 classes in view)
[  31.2s]   CareUnit: cycle 0 -> conforms
[  31.2s]   Person: extracting (235 chars, 1 classes in view)
[  31.9s]   DiagnosticStatement: cycle 0 -> conforms
[  32.4s]   ClinicalCondition: cycle 0 -> conforms
[  36.2s]   Person: cycle 0 -> conforms
[  50.7s]   Measurement: cycle 0 -> conforms
[  50.7s] level 1: 2 agent(s), 18 known entities
[  50.7s]   EvaluationProcess: extracting (235 chars, 7 classes in view)
[  50.7s]   MeasurementProcess: extracting (1675 chars, 6 classes in view)
[  58.1s]   EvaluationProcess: cycle 0 -> conforms
[  77.3s]   MeasurementProcess: cycle 0 -> conforms
[  77.3s] level 2: 2 agent(s), 27 known entities
[  77.3s]   CarePlan: extracting (2384 chars, 4 classes in view)
[  77.3s]   ClinicalVisit: extracting (2384 chars, 5 classes in view)
[  82.2s]   CarePlan: cycle 0 -> conforms
[ 109.3s]   ClinicalVisit: cycle 0 -> conforms
[ 109.4s] merging (orchestrator): 0 violation(s), 0 unresolved, 0 unparsed
[ 173.2s] final: conforms
conforms=True segments=9 llm_calls=11 unresolved=0
  orchestrator   2 calls     9500 in    5273 out  cost n/a  gemma4-g1
  total         11 calls    38502 in   11532 out  cost n/a  
  worker         9 calls    29002 in    6259 out  cost n/a  gemma4-g1
exit=0
