[   0.1s] segmenting (orchestrator) ...
[  16.6s] 5 segments: s1[ClinicalVisit,Person,CareUnit,Person], s2[MeasurementProcess,Measurement,Unit,ProcessStatus], s3[MeasurementProcess,Measurement,Unit,ProcessStatus], s4[EvaluationProcess,DiagnosticStatement,ClinicalCondition], s5[CarePlan]
[  16.6s] build order: [CareUnit, ClinicalCondition, DiagnosticStatement, Person, ProcessStatus, Unit] -> [EvaluationProcess, Measurement] -> [MeasurementProcess] -> [CarePlan, ClinicalVisit]
[  16.6s] level 0: 6 agent(s), 0 known entities
[  16.6s]   CareUnit: extracting (335 chars, 1 classes in view)
[  16.6s]   ClinicalCondition: extracting (234 chars, 3 classes in view)
[  16.6s]   DiagnosticStatement: extracting (234 chars, 1 classes in view)
[  16.6s]   Person: extracting (335 chars, 1 classes in view)
[  21.9s]   CareUnit: cycle 0 -> conforms
[  21.9s]   ProcessStatus: extracting (529 chars, 1 classes in view)
[  22.8s]   DiagnosticStatement: cycle 0 -> 5 violation(s)
[  22.8s]   DiagnosticStatement: fixing ...
[  23.6s]   Person: cycle 0 -> conforms
[  23.6s]   Unit: extracting (529 chars, 1 classes in view)
[  24.8s]   ClinicalCondition: cycle 0 -> conforms
[  28.2s]   DiagnosticStatement: cycle 1 -> 5 violation(s)
[  28.2s]   DiagnosticStatement: stopping (plateau)
[  28.6s]   ProcessStatus: cycle 0 -> conforms
[  29.4s]   Unit: cycle 0 -> conforms
[  29.4s] level 1: 2 agent(s), 11 known entities
[  29.4s]   EvaluationProcess: extracting (234 chars, 7 classes in view)
[  29.4s]   Measurement: extracting (529 chars, 2 classes in view)
[  41.2s]   Measurement: cycle 0 -> 25 violation(s)
[  41.2s]   Measurement: fixing ...
[  42.3s]   EvaluationProcess: cycle 0 -> 25 violation(s)
[  42.3s]   EvaluationProcess: fixing ...
[  53.0s]   EvaluationProcess: cycle 1 -> 19 violation(s)
[  53.0s]   EvaluationProcess: fixing ...
[  54.5s]   Measurement: cycle 1 -> 5 violation(s)
[  54.5s]   Measurement: fixing ...
[  63.0s]   EvaluationProcess: cycle 2 -> 19 violation(s)
[  63.0s]   EvaluationProcess: stopping (fix budget spent)
[  64.9s]   Measurement: cycle 2 -> 5 violation(s)
[  64.9s]   Measurement: stopping (fix budget spent)
[  64.9s] level 2: 1 agent(s), 15 known entities
[  64.9s]   MeasurementProcess: extracting (529 chars, 6 classes in view)
[  82.8s]   MeasurementProcess: cycle 0 -> 19 violation(s)
[  82.8s]   MeasurementProcess: fixing ...
[  99.6s]   MeasurementProcess: cycle 1 -> 19 violation(s)
[  99.6s]   MeasurementProcess: stopping (plateau)
[  99.6s] level 3: 2 agent(s), 17 known entities
[  99.6s]   CarePlan: extracting (1218 chars, 4 classes in view)
[  99.6s]   ClinicalVisit: extracting (1218 chars, 5 classes in view)
[ 105.3s]   CarePlan: cycle 0 -> 20 violation(s)
[ 105.3s]   CarePlan: fixing ...
[ 108.8s]   ClinicalVisit: cycle 0 -> 19 violation(s)
[ 108.8s]   ClinicalVisit: fixing ...
[ 121.2s]   CarePlan: cycle 1 -> 19 violation(s)
[ 121.2s]   CarePlan: fixing ...
[ 129.2s]   ClinicalVisit: cycle 1 -> 20 violation(s)
[ 129.2s]   ClinicalVisit: fixing ...
[ 138.6s]   CarePlan: cycle 2 -> 19 violation(s)
[ 138.6s]   CarePlan: stopping (fix budget spent)
[ 150.5s]   ClinicalVisit: cycle 2 -> 21 violation(s)
[ 150.5s]   ClinicalVisit: stopping (fix budget spent)
[ 150.5s] merging (orchestrator): 21 violation(s), 0 unresolved, 0 unparsed
[ 188.1s] final: conforms
conforms=True segments=11 llm_calls=23 unresolved=2
  orchestrator   2 calls     9752 in    2675 out  cost n/a  gemma4-g1
  total         23 calls    89392 in   13433 out  cost n/a  
  worker        21 calls    79640 in   10758 out  cost n/a  gemma4-g1
  UNRESOLVED: chr:hasObservation on ex:evaluation_20170411T150014 — not stated in the text (the text says the evaluation produced a statement, but doesn't explicitly link the process to the statement via chr:hasObservation)
  UNRESOLVED: chr:hasCondition on ex:evaluation_20170411T150014 — not stated in the text
exit=0
