[   0.1s] segmenting (orchestrator) ...
[  28.0s] 11 segments: s1[ClinicalVisit,Person,CareUnit,Person], s2[MeasurementProcess,Measurement], s3[MeasurementProcess,Measurement], s4[MeasurementProcess,Measurement], s5[MeasurementProcess,Measurement], s6[MeasurementProcess,Measurement], s7[MeasurementProcess,Measurement], s8[MeasurementProcess,Measurement], s9[EvaluationProcess,DiagnosticStatement,ClinicalCondition], s10[EvaluationProcess,DiagnosticStatement,ClinicalCondition], s11[CarePlan]
[  28.0s] build order: [CareUnit, ClinicalCondition, DiagnosticStatement, Measurement, Person] -> [EvaluationProcess, MeasurementProcess] -> [CarePlan, ClinicalVisit]
[  28.0s] level 0: 5 agent(s), 0 known entities
[  28.0s]   CareUnit: extracting (237 chars, 1 classes in view)
[  28.0s]   ClinicalCondition: extracting (466 chars, 3 classes in view)
[  28.0s]   DiagnosticStatement: extracting (466 chars, 1 classes in view)
[  28.0s]   Measurement: extracting (1596 chars, 2 classes in view)
[  32.5s]   CareUnit: cycle 0 -> conforms
[  32.5s]   Person: extracting (237 chars, 1 classes in view)
[  34.3s]   DiagnosticStatement: cycle 0 -> conforms
[  35.6s]   ClinicalCondition: cycle 0 -> conforms
[  37.7s]   Person: cycle 0 -> conforms
[  51.9s]   Measurement: cycle 0 -> conforms
[  52.0s] level 1: 2 agent(s), 19 known entities
[  52.0s]   EvaluationProcess: extracting (466 chars, 7 classes in view)
[  52.0s]   MeasurementProcess: extracting (1596 chars, 6 classes in view)
[  64.6s]   EvaluationProcess: cycle 0 -> conforms
[ 101.4s]   MeasurementProcess: cycle 0 -> conforms
[ 101.4s] level 2: 2 agent(s), 29 known entities
[ 101.4s]   CarePlan: extracting (2524 chars, 4 classes in view)
[ 101.4s]   ClinicalVisit: extracting (2524 chars, 5 classes in view)
[ 107.1s]   CarePlan: cycle 0 -> conforms
[ 136.2s]   ClinicalVisit: cycle 0 -> conforms
[ 136.3s] merging (orchestrator): 0 violation(s), 0 unresolved, 0 unparsed
[ 207.1s] final: conforms
conforms=True segments=9 llm_calls=11 unresolved=0
  orchestrator   2 calls     9754 in    5495 out  cost n/a  gemma4-g1
  total         11 calls    39177 in   13111 out  cost n/a  
  worker         9 calls    29423 in    7616 out  cost n/a  gemma4-g1
exit=0
