[   0.0s] segmenting (orchestrator) ...
[  42.3s] 20 segments: s1[ClinicalVisit,Person,CareUnit,Person], s2[MeasurementProcess], s3[MeasurementProcess], s4[MeasurementProcess], s5[MeasurementProcess], s6[MeasurementProcess], s7[MeasurementProcess], s8[MeasurementProcess], s9[MeasurementProcess], s10[MeasurementProcess], s11[MeasurementProcess], s12[MeasurementProcess], s13[MeasurementProcess], s14[MeasurementProcess], s15[MeasurementProcess], s16[MeasurementProcess], s17[MeasurementProcess], s18[MeasurementProcess], s19[EvaluationProcess,ClinicalCondition,DiagnosticStatement], s20[CarePlan]
[  42.3s] build order: [CareUnit, ClinicalCondition, DiagnosticStatement, Person] -> [EvaluationProcess, MeasurementProcess] -> [CarePlan, ClinicalVisit]
[  42.3s] level 0: 4 agent(s), 0 known entities
[  42.3s]   CareUnit: extracting, compact (234 chars, 1 classes in view)
[  42.3s]   ClinicalCondition: extracting, compact (221 chars, 3 classes in view)
[  42.3s]   DiagnosticStatement: extracting, compact (221 chars, 1 classes in view)
[  42.3s]   Person: extracting, compact (234 chars, 1 classes in view)
[  43.3s]   CareUnit: cycle 0 -> conforms
[  43.6s]   DiagnosticStatement: cycle 0 -> conforms
[  43.7s]   Person: cycle 0 -> conforms
[  44.0s]   ClinicalCondition: cycle 0 -> conforms
[  44.0s] level 1: 2 agent(s), 5 known entities
[  44.0s]   EvaluationProcess: extracting, compact (221 chars, 7 classes in view)
[  44.0s]   MeasurementProcess#1: extracting, compact (2873 chars, 6 classes in view)
[  44.0s]   MeasurementProcess#2: extracting, compact (1227 chars, 6 classes in view)
[  46.0s]   EvaluationProcess: cycle 0 -> conforms
[  59.4s]   MeasurementProcess#2: cycle 0 -> conforms
[  59.4s]   MeasurementProcess#2: 1 unresolved (honest gaps)
[  84.7s]   MeasurementProcess#1: cycle 0 -> conforms
[  84.7s]   MeasurementProcess#1: 1 unresolved (honest gaps)
[  84.8s] level 2: 2 agent(s), 50 known entities
[  84.8s]   CarePlan: extracting, compact (4762 chars, 4 classes in view)
[  84.8s]   ClinicalVisit: extracting, compact (4762 chars, 5 classes in view)
[  86.5s]   CarePlan: cycle 0 -> conforms
[  86.5s]   CarePlan: 1 unresolved (honest gaps)
[  89.6s]   ClinicalVisit: cycle 0 -> conforms
[  89.7s] merging (orchestrator): 0 violation(s), 3 unresolved, 0 unparsed
[ 247.4s] final: conforms
conforms=True segments=9 llm_calls=11 unresolved=0
  orchestrator   2 calls    15002 in   10248 out  cost n/a  gemma4-g1
  total         11 calls    39885 in   13650 out  cost n/a  
  worker         9 calls    24883 in    3402 out  cost n/a  gemma4-g1

exit=0 seconds=248
