[   0.0s] segmenting (orchestrator) ...
[  12.4s] 4 segments: s1[ClinicalVisit,Person,CareUnit], s2[MeasurementProcess,Measurement,ProcessStatus], s3[EvaluationProcess,DiagnosticStatement,ClinicalCondition], s4[CarePlan]
[  12.4s] build order: [CareUnit, ClinicalCondition, DiagnosticStatement, Measurement, Person, ProcessStatus] -> [EvaluationProcess, MeasurementProcess] -> [CarePlan, ClinicalVisit]
[  12.4s] level 0: 6 agent(s), 0 known entities
[  12.4s]   CareUnit: extracting, compact (321 chars, 1 classes in view)
[  12.4s]   ClinicalCondition: extracting, compact (239 chars, 3 classes in view)
[  12.4s]   DiagnosticStatement: extracting, compact (239 chars, 1 classes in view)
[  12.4s]   Measurement: extracting, compact (223 chars, 2 classes in view)
[  13.1s]   CareUnit: cycle 0 -> conforms
[  13.1s]   Person: extracting, compact (321 chars, 1 classes in view)
[  13.5s]   DiagnosticStatement: cycle 0 -> conforms
[  13.5s]   ProcessStatus: extracting, compact (223 chars, 1 classes in view)
[  13.7s]   Person: cycle 0 -> conforms
[  13.8s]   ProcessStatus: cycle 0 -> conforms
[  14.0s]   ClinicalCondition: cycle 0 -> conforms
[  14.5s]   Measurement: cycle 0 -> conforms
[  14.5s] level 1: 2 agent(s), 7 known entities
[  14.5s]   EvaluationProcess: extracting, compact (239 chars, 7 classes in view)
[  14.5s]   MeasurementProcess: extracting, compact (223 chars, 6 classes in view)
[  16.1s]   EvaluationProcess: dropped 1 individual(s) outside its scope (built earlier, or another agent's class)
[  16.2s]   EvaluationProcess: cycle 0 -> 2 violation(s)
[  16.2s]   EvaluationProcess: fixing ...
[  17.5s]   MeasurementProcess: cycle 0 -> conforms
[  17.7s]   EvaluationProcess: dropped 1 individual(s) outside its scope (built earlier, or another agent's class)
[  17.7s]   EvaluationProcess: cycle 1 -> 2 violation(s)
[  17.7s]   EvaluationProcess: stopping (plateau)
[  17.8s] level 2: 2 agent(s), 9 known entities
[  17.8s]   CarePlan: extracting, compact (975 chars, 4 classes in view)
[  17.8s]   ClinicalVisit: extracting, compact (975 chars, 5 classes in view)
[  18.5s]   CarePlan: cycle 0 -> 1 violation(s)
[  18.5s]   CarePlan: fixing ...
[  20.5s]   CarePlan: dropped 2 individual(s) outside its scope (built earlier, or another agent's class)
[  20.5s]   CarePlan: cycle 1 -> 3 violation(s)
[  20.5s]   CarePlan: fixing ...
[  20.5s]   ClinicalVisit: dropped 2 individual(s) outside its scope (built earlier, or another agent's class)
[  20.6s]   ClinicalVisit: cycle 0 -> 5 violation(s)
[  20.6s]   ClinicalVisit: fixing ...
[  21.5s]   CarePlan: cycle 2 -> 1 violation(s)
[  21.5s]   CarePlan: stopping (fix budget spent)
[  22.3s]   ClinicalVisit: dropped 1 individual(s) outside its scope (built earlier, or another agent's class)
[  22.4s]   ClinicalVisit: cycle 1 -> 3 violation(s)
[  22.4s]   ClinicalVisit: fixing ...
[  23.8s]   ClinicalVisit: dropped 1 individual(s) outside its scope (built earlier, or another agent's class)
[  23.9s]   ClinicalVisit: cycle 2 -> 3 violation(s)
[  23.9s]   ClinicalVisit: stopping (fix budget spent)
[  23.9s] union: dropped 2 link(s) to undeclared individuals
[  23.9s] merging (orchestrator): 0 violation(s), 0 unresolved, 0 unparsed
[  43.8s] final: conforms
conforms=True segments=10 llm_calls=17 unresolved=0
  orchestrator   2 calls     5596 in    1917 out  cost n/a  gemma4-g1
  total         17 calls    36440 in    2934 out  cost n/a  
  worker        15 calls    30844 in    1017 out  cost n/a  gemma4-g1

exit=0 seconds=45
