[   0.0s] segmenting (orchestrator) ...
[  13.6s] 4 segments: s1[ClinicalVisit,Person,CareUnit,Person], s2[MeasurementProcess,Measurement,ProcessStatus], s3[EvaluationProcess,DiagnosticStatement,ClinicalCondition], s4[CarePlan]
[  13.6s] build order: [CareUnit, ClinicalCondition, DiagnosticStatement, Measurement, Person, ProcessStatus] -> [EvaluationProcess, MeasurementProcess] -> [CarePlan, ClinicalVisit]
[  13.6s] level 0: 6 agent(s), 0 known entities
[  13.7s]   CareUnit: extracting, compact (321 chars, 1 classes in view)
[  13.7s]   ClinicalCondition: extracting, compact (239 chars, 3 classes in view)
[  13.7s]   DiagnosticStatement: extracting, compact (239 chars, 1 classes in view)
[  13.7s]   Measurement: extracting, compact (223 chars, 2 classes in view)
[  15.0s]   CareUnit: cycle 0 -> conforms
[  15.0s]   Person: extracting, compact (321 chars, 1 classes in view)
[  15.4s]   DiagnosticStatement: cycle 0 -> conforms
[  15.4s]   ProcessStatus: extracting, compact (223 chars, 1 classes in view)
[  15.7s]   Person: cycle 0 -> conforms
[  15.7s]   ProcessStatus: cycle 0 -> conforms
[  15.9s]   ClinicalCondition: cycle 0 -> conforms
[  16.5s]   Measurement: cycle 0 -> conforms
[  16.5s] level 1: 2 agent(s), 7 known entities
[  16.5s]   EvaluationProcess: extracting, compact (239 chars, 7 classes in view)
[  16.5s]   MeasurementProcess: extracting, compact (223 chars, 6 classes in view)
[  18.1s]   EvaluationProcess: dropped 1 individual(s) outside its scope (built earlier, or another agent's class)
[  18.1s]   EvaluationProcess: cycle 0 -> 2 violation(s)
[  18.1s]   EvaluationProcess: fixing ...
[  19.2s]   MeasurementProcess: cycle 0 -> conforms
[  19.7s]   EvaluationProcess: dropped 1 individual(s) outside its scope (built earlier, or another agent's class)
[  19.8s]   EvaluationProcess: cycle 1 -> 2 violation(s)
[  19.8s]   EvaluationProcess: stopping (plateau)
[  19.8s] level 2: 2 agent(s), 9 known entities
[  19.8s]   CarePlan: extracting, compact (975 chars, 4 classes in view)
[  19.8s]   ClinicalVisit: extracting, compact (975 chars, 5 classes in view)
[  21.0s]   CarePlan: cycle 0 -> 1 violation(s)
[  21.0s]   CarePlan: fixing ...
[  26.2s]   CarePlan: dropped 2 individual(s) outside its scope (built earlier, or another agent's class)
[  26.3s]   CarePlan: cycle 1 -> 3 violation(s)
[  26.3s]   CarePlan: fixing ...
[  26.9s]   ClinicalVisit: dropped 1 individual(s) outside its scope (built earlier, or another agent's class)
[  27.0s]   ClinicalVisit: cycle 0 -> 3 violation(s)
[  27.0s]   ClinicalVisit: fixing ...
[  30.9s]   CarePlan: dropped 1 individual(s) outside its scope (built earlier, or another agent's class)
[  31.0s]   CarePlan: cycle 2 -> 2 violation(s)
[  31.0s]   CarePlan: stopping (fix budget spent)
[  31.0s]   CarePlan: 1 unresolved (honest gaps)
[  31.6s]   ClinicalVisit: dropped 1 individual(s) outside its scope (built earlier, or another agent's class)
[  31.7s]   ClinicalVisit: cycle 1 -> 3 violation(s)
[  31.7s]   ClinicalVisit: stopping (plateau)
[  31.7s] union: dropped 2 link(s) to undeclared individuals
[  31.8s] merging (orchestrator): 0 violation(s), 1 unresolved, 0 unparsed
[  54.7s] final: conforms
conforms=True segments=10 llm_calls=16 unresolved=0
  orchestrator   2 calls     5637 in    1950 out  cost n/a  gemma4-g1
  total         16 calls    34453 in    3443 out  cost n/a  
  worker        14 calls    28816 in    1493 out  cost n/a  gemma4-g1

exit=0 seconds=56
