[   0.0s] segmenting (orchestrator) ...
[  50.0s] 19 segments: s1[ClinicalVisit,Person,CareUnit,Person], s2[MeasurementProcess,Measurement], s3[MeasurementProcess,Measurement], s4[MeasurementProcess,Measurement], s5[MeasurementProcess,Measurement], s6[MeasurementProcess,Measurement], s7[MeasurementProcess,Measurement], s8[MeasurementProcess,Measurement], s9[MeasurementProcess,Measurement], s10[MeasurementProcess,Measurement], s11[MeasurementProcess,Measurement], s12[MeasurementProcess,Measurement], s13[MeasurementProcess,Measurement], s14[MeasurementProcess,Measurement], s15[MeasurementProcess,Measurement], s16[MeasurementProcess,Measurement], s17[MeasurementProcess,Measurement], s18[EvaluationProcess,DiagnosticStatement,ClinicalCondition], s19[CarePlan]
[  50.0s] build order: [CareUnit, ClinicalCondition, DiagnosticStatement, Measurement, Person] -> [EvaluationProcess, MeasurementProcess] -> [CarePlan, ClinicalVisit]
[  50.0s] level 0: 5 agent(s), 0 known entities
[  50.0s]   CareUnit: extracting, compact (238 chars, 1 classes in view)
[  50.0s]   ClinicalCondition: extracting, compact (237 chars, 3 classes in view)
[  50.0s]   DiagnosticStatement: extracting, compact (237 chars, 1 classes in view)
[  50.0s]   Measurement#1: extracting, compact (3009 chars, 2 classes in view)
[  51.4s]   CareUnit: cycle 0 -> conforms
[  51.4s]   Measurement#2: extracting, compact (941 chars, 2 classes in view)
[  51.8s]   DiagnosticStatement: cycle 0 -> conforms
[  51.8s]   Person: extracting, compact (238 chars, 1 classes in view)
[  52.4s]   Person: cycle 0 -> conforms
[  52.5s]   ClinicalCondition: cycle 0 -> conforms
[  61.6s]   Measurement#2: cycle 0 -> conforms
[  74.2s]   Measurement#1: cycle 0 -> conforms
[  74.2s] level 1: 2 agent(s), 26 known entities
[  74.2s]   EvaluationProcess: extracting, compact (237 chars, 7 classes in view)
[  74.2s]   MeasurementProcess#1: extracting, compact (3009 chars, 6 classes in view)
[  74.2s]   MeasurementProcess#2: extracting, compact (941 chars, 6 classes in view)
[  78.9s]   EvaluationProcess: dropped 1 individual(s) outside its scope (built earlier, or another agent's class)
[  78.9s]   EvaluationProcess: cycle 0 -> 2 violation(s)
[  78.9s]   EvaluationProcess: fixing ...
[  80.9s]   EvaluationProcess: dropped 1 individual(s) outside its scope (built earlier, or another agent's class)
[  81.0s]   EvaluationProcess: cycle 1 -> 2 violation(s)
[  81.0s]   EvaluationProcess: stopping (plateau)
[  86.8s]   MeasurementProcess#2: dropped 1 individual(s) outside its scope (built earlier, or another agent's class)
[  86.9s]   MeasurementProcess#2: cycle 0 -> 6 violation(s)
[  86.9s]   MeasurementProcess#2: fixing ...
[  93.4s]   MeasurementProcess#1: dropped 1 individual(s) outside its scope (built earlier, or another agent's class)
[  93.4s]   MeasurementProcess#1: cycle 0 -> 2 violation(s)
[  93.4s]   MeasurementProcess#1: fixing ...
[  99.2s]   MeasurementProcess#2: dropped 1 individual(s) outside its scope (built earlier, or another agent's class)
[  99.3s]   MeasurementProcess#2: cycle 1 -> 2 violation(s)
[  99.3s]   MeasurementProcess#2: fixing ...
[ 105.5s]   MeasurementProcess#2: dropped 1 individual(s) outside its scope (built earlier, or another agent's class)
[ 105.5s]   MeasurementProcess#2: cycle 2 -> 2 violation(s)
[ 105.5s]   MeasurementProcess#2: stopping (fix budget spent)
[ 112.1s]   MeasurementProcess#1: dropped 1 individual(s) outside its scope (built earlier, or another agent's class)
[ 112.1s]   MeasurementProcess#1: cycle 1 -> 2 violation(s)
[ 112.1s]   MeasurementProcess#1: fixing ...
[ 129.4s]   MeasurementProcess#1: dropped 1 individual(s) outside its scope (built earlier, or another agent's class)
[ 129.5s]   MeasurementProcess#1: cycle 2 -> 2 violation(s)
[ 129.5s]   MeasurementProcess#1: stopping (fix budget spent)
[ 129.5s] level 2: 2 agent(s), 44 known entities
[ 129.5s]   CarePlan: extracting, compact (4688 chars, 4 classes in view)
[ 129.5s]   ClinicalVisit: extracting, compact (4688 chars, 5 classes in view)
[ 131.2s]   CarePlan: cycle 0 -> 1 violation(s)
[ 131.2s]   CarePlan: fixing ...
[ 135.7s]   ClinicalVisit: dropped 1 individual(s) outside its scope (built earlier, or another agent's class)
[ 135.9s]   ClinicalVisit: cycle 0 -> 3 violation(s)
[ 135.9s]   ClinicalVisit: fixing ...
[ 161.3s]   ClinicalVisit: dropped 1 individual(s) outside its scope (built earlier, or another agent's class)
[ 161.4s]   ClinicalVisit: cycle 1 -> 3 violation(s)
[ 161.4s]   ClinicalVisit: stopping (plateau)
[ 178.9s]   CarePlan: dropped 1 individual(s) outside its scope (built earlier, or another agent's class)
[ 179.0s]   CarePlan: cycle 1 -> 2 violation(s)
[ 179.0s]   CarePlan: fixing ...
[ 211.4s]   CarePlan: dropped 17 individual(s) outside its scope (built earlier, or another agent's class)
[ 211.5s]   CarePlan: cycle 2 -> 52 violation(s)
[ 211.5s]   CarePlan: stopping (fix budget spent)
[ 211.5s]   CarePlan: 1 unresolved (honest gaps)
[ 211.5s] union: dropped 18 link(s) to undeclared individuals
[ 211.6s] merging (orchestrator): 1 violation(s), 1 unresolved, 0 unparsed
[ 367.3s] final: 1 violation(s)
conforms=False segments=11 llm_calls=21 unresolved=0
  orchestrator   2 calls    14405 in   10188 out  cost n/a  gemma4-g1
  total         21 calls    73665 in   21564 out  cost n/a  
  worker        19 calls    59260 in   11376 out  cost n/a  gemma4-g1
Constraint Violation in MinCountConstraintComponent (http://www.w3.org/ns/shacl#MinCountConstraintComponent):
	Severity: sh:Violation
	Source Shape: [ sh:maxCount Literal("1", datatype=xsd:integer) ; sh:message Literal("A MeasurementProcess must link to exactly one Patient via chr:hasPatient.") ; sh:minCount Literal("1", datatype=xsd:integer) ; sh:path chr:hasPatient ]
	Focus Node: ex:measurementprocess_Glucose_Mass_volume_in_Serum_or_Plasma_a458c2c3
	Result Path: chr:hasPatient
	Message: A MeasurementProcess must link to exactly one Patient via chr:hasPatient.


exit=1 seconds=368
