[   0.0s] segmenting (orchestrator) ...
[  53.0s] 21 segments: s1[ClinicalVisit,CareUnit,Person], s2[MeasurementProcess,Measurement], s3[MeasurementProcess,Measurement], s4[MeasurementProcess,Measurement], s5[MeasurementProcess,Measurement], s6[MeasurementProcess,Measurement], s7[MeasurementProcess,Measurement], s8[MeasurementProcess,Measurement], s9[MeasurementProcess,Measurement], s10[MeasurementProcess,Measurement], s11[MeasurementProcess,Measurement], s12[MeasurementProcess,Measurement], s13[MeasurementProcess,Measurement], s14[MeasurementProcess,Measurement], s15[MeasurementProcess,Measurement], s16[MeasurementProcess,Measurement], s17[MeasurementProcess,Measurement], s18[MeasurementProcess,Measurement], s19[MeasurementProcess,Measurement], s20[EvaluationProcess,DiagnosticStatement,ClinicalCondition], s21[CarePlan]
[  53.0s] build order: [CareUnit, ClinicalCondition, DiagnosticStatement, Measurement, Person] -> [EvaluationProcess, MeasurementProcess] -> [CarePlan, ClinicalVisit]
[  53.0s] level 0: 5 agent(s), 0 known entities
[  53.0s]   CareUnit: extracting, compact (354 chars, 1 classes in view)
[  53.0s]   ClinicalCondition: extracting, compact (235 chars, 3 classes in view)
[  53.0s]   DiagnosticStatement: extracting, compact (235 chars, 1 classes in view)
[  53.0s]   Measurement#1: extracting, compact (3000 chars, 2 classes in view)
[  53.8s]   CareUnit: cycle 0 -> conforms
[  53.8s]   Measurement#2: extracting, compact (1610 chars, 2 classes in view)
[  54.2s]   DiagnosticStatement: cycle 0 -> conforms
[  54.2s]   Person: extracting, compact (354 chars, 1 classes in view)
[  54.8s]   Person: cycle 0 -> conforms
[  54.9s]   ClinicalCondition: cycle 0 -> conforms
[  65.9s]   Measurement#2: cycle 0 -> conforms
[  76.4s]   Measurement#1: cycle 0 -> conforms
[  76.4s]   Measurement#1: 3 unresolved (honest gaps)
[  76.4s] level 1: 2 agent(s), 33 known entities
[  76.4s]   EvaluationProcess: extracting, compact (235 chars, 7 classes in view)
[  76.4s]   MeasurementProcess#1: extracting, compact (3000 chars, 6 classes in view)
[  76.4s]   MeasurementProcess#2: extracting, compact (1610 chars, 6 classes in view)
[  79.0s]   EvaluationProcess: dropped 1 individual(s) outside its scope (built earlier, or another agent's class)
[  79.1s]   EvaluationProcess: cycle 0 -> 2 violation(s)
[  79.1s]   EvaluationProcess: fixing ...
[  81.5s]   EvaluationProcess: dropped 1 individual(s) outside its scope (built earlier, or another agent's class)
[  81.6s]   EvaluationProcess: cycle 1 -> 2 violation(s)
[  81.6s]   EvaluationProcess: stopping (plateau)
[  86.3s]   MeasurementProcess#2: dropped 1 individual(s) outside its scope (built earlier, or another agent's class)
[  86.4s]   MeasurementProcess#2: cycle 0 -> 2 violation(s)
[  86.4s]   MeasurementProcess#2: fixing ...
[  94.4s]   MeasurementProcess#1: dropped 1 individual(s) outside its scope (built earlier, or another agent's class)
[  94.5s]   MeasurementProcess#1: cycle 0 -> 2 violation(s)
[  94.5s]   MeasurementProcess#1: fixing ...
[  96.0s]   MeasurementProcess#2: dropped 1 individual(s) outside its scope (built earlier, or another agent's class)
[  96.1s]   MeasurementProcess#2: cycle 1 -> 2 violation(s)
[  96.1s]   MeasurementProcess#2: fixing ...
[ 106.2s]   MeasurementProcess#2: dropped 1 individual(s) outside its scope (built earlier, or another agent's class)
[ 106.3s]   MeasurementProcess#2: cycle 2 -> 2 violation(s)
[ 106.3s]   MeasurementProcess#2: stopping (fix budget spent)
[ 112.6s]   MeasurementProcess#1: dropped 1 individual(s) outside its scope (built earlier, or another agent's class)
[ 112.7s]   MeasurementProcess#1: cycle 1 -> 2 violation(s)
[ 112.7s]   MeasurementProcess#1: fixing ...
[ 128.7s]   MeasurementProcess#1: dropped 1 individual(s) outside its scope (built earlier, or another agent's class)
[ 128.8s]   MeasurementProcess#1: cycle 2 -> 2 violation(s)
[ 128.8s]   MeasurementProcess#1: stopping (fix budget spent)
[ 128.8s]   MeasurementProcess#1: 1 unresolved (honest gaps)
[ 128.8s] level 2: 2 agent(s), 53 known entities
[ 128.8s]   CarePlan: extracting, compact (5321 chars, 4 classes in view)
[ 128.8s]   ClinicalVisit: extracting, compact (5321 chars, 5 classes in view)
[ 130.1s]   CarePlan: cycle 0 -> 1 violation(s)
[ 130.1s]   CarePlan: fixing ...
[ 132.0s]   CarePlan: dropped 1 individual(s) outside its scope (built earlier, or another agent's class)
[ 132.1s]   CarePlan: cycle 1 -> 2 violation(s)
[ 132.1s]   CarePlan: fixing ...
[ 133.2s]   CarePlan: cycle 2 -> 1 violation(s)
[ 133.2s]   CarePlan: stopping (fix budget spent)
[ 149.6s]   ClinicalVisit: dropped 21 individual(s) outside its scope (built earlier, or another agent's class)
[ 149.7s]   ClinicalVisit: cycle 0 -> 39 violation(s)
[ 149.7s]   ClinicalVisit: fixing ...
[ 154.7s]   ClinicalVisit: dropped 1 individual(s) outside its scope (built earlier, or another agent's class)
[ 154.8s]   ClinicalVisit: cycle 1 -> 3 violation(s)
[ 154.8s]   ClinicalVisit: fixing ...
[ 159.2s]   ClinicalVisit: dropped 1 individual(s) outside its scope (built earlier, or another agent's class)
[ 159.3s]   ClinicalVisit: cycle 2 -> 3 violation(s)
[ 159.3s]   ClinicalVisit: stopping (fix budget spent)
[ 159.3s] union: dropped 20 link(s) to undeclared individuals
[ 159.4s] merging (orchestrator): 0 violation(s), 4 unresolved, 0 unparsed
[ 308.3s] final: conforms
conforms=True segments=11 llm_calls=22 unresolved=0
  orchestrator   2 calls    15698 in   11462 out  cost n/a  gemma4-g1
  total         22 calls    85253 in   19341 out  cost n/a  
  worker        20 calls    69555 in    7879 out  cost n/a  gemma4-g1

exit=0 seconds=309
