[   0.0s] segmenting (orchestrator) ...
[  39.6s] 15 segments: s1[ClinicalVisit,Person,CareUnit,Person], s2[MeasurementProcess,Measurement], s3[MeasurementProcess,Measurement], s4[MeasurementProcess,Measurement], s5[MeasurementProcess,Measurement], s6[MeasurementProcess,Measurement], s7[MeasurementProcess,Measurement], s8[MeasurementProcess,Measurement], s9[MeasurementProcess,Measurement], s10[MeasurementProcess,Measurement], s11[MeasurementProcess,Measurement], s12[MeasurementProcess,Measurement], s13[EvaluationProcess,DiagnosticStatement,ClinicalCondition], s14[EvaluationProcess,DiagnosticStatement,ClinicalCondition], s15[CarePlan]
[  39.6s] build order: [CareUnit, ClinicalCondition, DiagnosticStatement, Measurement, Person] -> [EvaluationProcess, MeasurementProcess] -> [CarePlan, ClinicalVisit]
[  39.6s] level 0: 5 agent(s), 0 known entities
[  39.6s]   CareUnit: extracting, compact (234 chars, 1 classes in view)
[  39.6s]   ClinicalCondition: extracting, compact (484 chars, 3 classes in view)
[  39.6s]   DiagnosticStatement: extracting, compact (484 chars, 1 classes in view)
[  39.6s]   Measurement: extracting, compact (2596 chars, 2 classes in view)
[  40.9s]   CareUnit: cycle 0 -> conforms
[  40.9s]   Person: extracting, compact (234 chars, 1 classes in view)
[  41.8s]   Person: cycle 0 -> conforms
[  42.2s]   DiagnosticStatement: cycle 0 -> conforms
[  43.2s]   ClinicalCondition: cycle 0 -> conforms
[  57.6s]   Measurement: cycle 0 -> conforms
[  57.6s] level 1: 2 agent(s), 23 known entities
[  57.6s]   EvaluationProcess: extracting, compact (484 chars, 7 classes in view)
[  57.6s]   MeasurementProcess: extracting, compact (2596 chars, 6 classes in view)
[  61.0s]   EvaluationProcess: dropped 1 individual(s) outside its scope (built earlier, or another agent's class)
[  61.1s]   EvaluationProcess: cycle 0 -> 2 violation(s)
[  61.1s]   EvaluationProcess: fixing ...
[  64.1s]   EvaluationProcess: dropped 1 individual(s) outside its scope (built earlier, or another agent's class)
[  64.2s]   EvaluationProcess: cycle 1 -> 2 violation(s)
[  64.2s]   EvaluationProcess: fixing ...
[  67.2s]   EvaluationProcess: dropped 1 individual(s) outside its scope (built earlier, or another agent's class)
[  67.3s]   EvaluationProcess: cycle 2 -> 2 violation(s)
[  67.3s]   EvaluationProcess: stopping (fix budget spent)
[  71.6s]   MeasurementProcess: cycle 0 -> conforms
[  71.6s] level 2: 2 agent(s), 37 known entities
[  71.6s]   CarePlan: extracting, compact (3535 chars, 4 classes in view)
[  71.6s]   ClinicalVisit: extracting, compact (3535 chars, 5 classes in view)
[  73.4s]   CarePlan: cycle 0 -> 1 violation(s)
[  73.4s]   CarePlan: fixing ...
[  75.0s]   CarePlan: dropped 1 individual(s) outside its scope (built earlier, or another agent's class)
[  75.1s]   CarePlan: cycle 1 -> 2 violation(s)
[  75.1s]   CarePlan: fixing ...
[  76.2s]   CarePlan: cycle 2 -> 1 violation(s)
[  76.2s]   CarePlan: stopping (fix budget spent)
[  76.5s]   ClinicalVisit: dropped 1 individual(s) outside its scope (built earlier, or another agent's class)
[  76.6s]   ClinicalVisit: cycle 0 -> 3 violation(s)
[  76.6s]   ClinicalVisit: fixing ...
[  79.9s]   ClinicalVisit: dropped 1 individual(s) outside its scope (built earlier, or another agent's class)
[  80.0s]   ClinicalVisit: cycle 1 -> 3 violation(s)
[  80.0s]   ClinicalVisit: stopping (plateau)
[  80.0s] union: dropped 3 link(s) to undeclared individuals
[  80.0s] merging (orchestrator): 0 violation(s), 0 unresolved, 0 unparsed
[ 177.8s] final: conforms
conforms=True segments=9 llm_calls=16 unresolved=0
  orchestrator   2 calls    11607 in    7541 out  cost n/a  gemma4-g1
  total         16 calls    50579 in   10392 out  cost n/a  
  worker        14 calls    38972 in    2851 out  cost n/a  gemma4-g1

exit=0 seconds=179
