[   0.0s] segmenting (orchestrator) ...
[  29.5s] 10 segments: s1[ClinicalVisit,Person,CareUnit,Person], s2[MeasurementProcess,Measurement,Unit,ProcessStatus], s3[MeasurementProcess,Measurement,Unit,ProcessStatus], s4[MeasurementProcess,Measurement,Unit,ProcessStatus], s5[MeasurementProcess,Measurement,Unit,ProcessStatus], s6[MeasurementProcess,Measurement,Unit,ProcessStatus], s7[MeasurementProcess,Measurement,Unit,ProcessStatus], s8[MeasurementProcess,Measurement,Unit,ProcessStatus], s9[EvaluationProcess,DiagnosticStatement,ClinicalCondition], s10[CarePlan]
[  29.5s] build order: [CareUnit, ClinicalCondition, DiagnosticStatement, Person, ProcessStatus, Unit] -> [EvaluationProcess, Measurement] -> [MeasurementProcess] -> [CarePlan, ClinicalVisit]
[  29.5s] level 0: 6 agent(s), 0 known entities
[  29.5s]   CareUnit: extracting, compact (235 chars, 1 classes in view)
[  29.5s]   ClinicalCondition: extracting, compact (235 chars, 3 classes in view)
[  29.5s]   DiagnosticStatement: extracting, compact (235 chars, 1 classes in view)
[  29.5s]   Person: extracting, compact (235 chars, 1 classes in view)
[  30.2s]   CareUnit: cycle 0 -> conforms
[  30.2s]   ProcessStatus: extracting, compact (1675 chars, 1 classes in view)
[  30.8s]   DiagnosticStatement: cycle 0 -> conforms
[  30.8s]   Unit: extracting, compact (1675 chars, 1 classes in view)
[  30.8s]   ProcessStatus: cycle 0 -> conforms
[  30.8s]   Person: cycle 0 -> conforms
[  31.5s]   ClinicalCondition: cycle 0 -> conforms
[  34.8s]   Unit: cycle 0 -> conforms
[  34.8s] level 1: 2 agent(s), 12 known entities
[  34.8s]   EvaluationProcess: extracting, compact (235 chars, 7 classes in view)
[  34.8s]   Measurement: extracting, compact (1675 chars, 2 classes in view)
[  37.4s]   EvaluationProcess: cycle 0 -> conforms
[  46.3s]   Measurement: cycle 0 -> conforms
[  46.3s] level 2: 1 agent(s), 20 known entities
[  46.3s]   MeasurementProcess: extracting, compact (1675 chars, 6 classes in view)
[  65.2s]   MeasurementProcess: cycle 0 -> 7 violation(s)
[  65.2s]   MeasurementProcess: fixing ...
[  80.8s]   MeasurementProcess: cycle 1 -> conforms
[  80.9s] level 3: 2 agent(s), 27 known entities
[  80.9s]   CarePlan: extracting, compact (2384 chars, 4 classes in view)
[  80.9s]   ClinicalVisit: extracting, compact (2384 chars, 5 classes in view)
[  81.7s]   CarePlan: cycle 0 -> conforms
[  83.1s]   ClinicalVisit: cycle 0 -> conforms
[  83.2s] merging (orchestrator): 0 violation(s), 0 unresolved, 0 unparsed
[ 147.7s] final: conforms
conforms=True segments=11 llm_calls=14 unresolved=0
  orchestrator   2 calls     9349 in    5339 out  cost n/a  gemma4-g1
  total         14 calls    38658 in    8345 out  cost n/a  
  worker        12 calls    29309 in    3006 out  cost n/a  gemma4-g1

exit=0 seconds=149
