[   0.0s] segmenting (orchestrator) ...
[  46.3s] 19 segments: s1[ClinicalVisit,Person,CareUnit,Person], s2[MeasurementProcess,Measurement,ProcessStatus], s3[MeasurementProcess,Measurement,ProcessStatus], s4[MeasurementProcess,Measurement,ProcessStatus], s5[MeasurementProcess,Measurement,ProcessStatus], s6[MeasurementProcess,Measurement,ProcessStatus], s7[MeasurementProcess,Measurement,ProcessStatus], s8[MeasurementProcess,Measurement,ProcessStatus], s9[MeasurementProcess,Measurement,ProcessStatus], s10[MeasurementProcess,Measurement,ProcessStatus], s11[MeasurementProcess,Measurement,ProcessStatus], s12[MeasurementProcess,Measurement,ProcessStatus], s13[MeasurementProcess,Measurement,ProcessStatus], s14[MeasurementProcess,Measurement,ProcessStatus], s15[MeasurementProcess,Measurement,ProcessStatus], s16[MeasurementProcess,Measurement,ProcessStatus], s17[MeasurementProcess,Measurement,ProcessStatus], s18[EvaluationProcess,DiagnosticStatement,ClinicalCondition], s19[CarePlan]
[  46.4s] build order: [CareUnit, ClinicalCondition, DiagnosticStatement, Measurement, Person, ProcessStatus] -> [EvaluationProcess, MeasurementProcess] -> [CarePlan, ClinicalVisit]
[  46.4s] level 0: 6 agent(s), 0 known entities
[  46.4s]   CareUnit: extracting, compact (215 chars, 1 classes in view)
[  46.4s]   ClinicalCondition: extracting, compact (238 chars, 3 classes in view)
[  46.4s]   DiagnosticStatement: extracting, compact (238 chars, 1 classes in view)
[  46.4s]   Measurement#1: extracting, compact (3005 chars, 2 classes in view)
[  47.7s]   CareUnit: cycle 0 -> conforms
[  47.7s]   Measurement#2: extracting, compact (941 chars, 2 classes in view)
[  48.2s]   DiagnosticStatement: cycle 0 -> conforms
[  48.2s]   Person: extracting, compact (215 chars, 1 classes in view)
[  49.0s]   ClinicalCondition: cycle 0 -> conforms
[  49.0s]   ProcessStatus#1: extracting, compact (3005 chars, 1 classes in view)
[  49.5s]   Person: cycle 0 -> conforms
[  49.5s]   ProcessStatus#2: extracting, compact (941 chars, 1 classes in view)
[  49.6s]   ProcessStatus#1: cycle 0 -> conforms
[  49.9s]   ProcessStatus#2: cycle 0 -> conforms
[  56.7s]   Measurement#2: cycle 0 -> conforms
[  67.4s]   Measurement#1: cycle 0 -> conforms
[  67.4s] level 1: 2 agent(s), 28 known entities
[  67.4s]   EvaluationProcess: extracting, compact (238 chars, 7 classes in view)
[  67.4s]   MeasurementProcess#1: extracting, compact (3005 chars, 6 classes in view)
[  67.4s]   MeasurementProcess#2: extracting, compact (941 chars, 6 classes in view)
[  69.8s]   EvaluationProcess: cycle 0 -> conforms
[  75.5s]   MeasurementProcess#2: cycle 0 -> conforms
[  84.9s]   MeasurementProcess#1: cycle 0 -> conforms
[  85.0s] level 2: 2 agent(s), 45 known entities
[  85.0s]   ClinicalVisit: extracting, compact (4618 chars, 5 classes in view)
[  85.0s]   CarePlan: extracting, compact (4618 chars, 4 classes in view)
[  86.9s]   CarePlan: cycle 0 -> conforms
[  89.3s]   ClinicalVisit: cycle 0 -> conforms
[  89.5s] merging (orchestrator): 0 violation(s), 0 unresolved, 0 unparsed
[ 244.8s] final: conforms
conforms=True segments=13 llm_calls=15 unresolved=0
  orchestrator   2 calls    14931 in   10418 out  cost n/a  gemma4-g1
  total         15 calls    49811 in   13682 out  cost n/a  
  worker        13 calls    34880 in    3264 out  cost n/a  gemma4-g1

exit=0 seconds=246
