[   0.0s] segmenting (orchestrator) ...
[  27.9s] 11 segments: s1[ClinicalVisit,Person,CareUnit,Person], s2[MeasurementProcess,Measurement,Unit,ProcessStatus], s3[MeasurementProcess,Measurement,Unit,ProcessStatus], s4[MeasurementProcess,Measurement,Unit,ProcessStatus], s5[MeasurementProcess,Measurement,Unit,ProcessStatus], s6[MeasurementProcess,Measurement,Unit,ProcessStatus], s7[MeasurementProcess,Measurement,Unit,ProcessStatus], s8[MeasurementProcess,Measurement,Unit,ProcessStatus], s9[MeasurementProcess,Measurement,Unit,ProcessStatus], s10[EvaluationProcess,DiagnosticStatement,ClinicalCondition], s11[CarePlan]
[  27.9s] build order: [CareUnit, ClinicalCondition, DiagnosticStatement, Person, ProcessStatus, Unit] -> [EvaluationProcess, Measurement] -> [MeasurementProcess] -> [CarePlan, ClinicalVisit]
[  27.9s] level 0: 6 agent(s), 0 known entities
[  27.9s]   CareUnit: extracting, compact (221 chars, 1 classes in view)
[  27.9s]   ClinicalCondition: extracting, compact (236 chars, 3 classes in view)
[  27.9s]   DiagnosticStatement: extracting, compact (236 chars, 1 classes in view)
[  27.9s]   Person: extracting, compact (221 chars, 1 classes in view)
[  29.0s]   CareUnit: cycle 0 -> conforms
[  29.0s]   ProcessStatus: extracting, compact (1877 chars, 1 classes in view)
[  29.1s]   Person: cycle 0 -> conforms
[  29.1s]   Unit: extracting, compact (1877 chars, 1 classes in view)
[  29.8s]   ProcessStatus: cycle 0 -> conforms
[  29.9s]   DiagnosticStatement: cycle 0 -> conforms
[  30.4s]   ClinicalCondition: cycle 0 -> conforms
[  32.2s]   Unit: cycle 0 -> conforms
[  32.3s] level 1: 2 agent(s), 10 known entities
[  32.3s]   EvaluationProcess: extracting, compact (236 chars, 7 classes in view)
[  32.3s]   Measurement: extracting, compact (1877 chars, 2 classes in view)
[  34.4s]   EvaluationProcess: dropped 1 individual(s) outside its scope (built earlier, or another agent's class)
[  34.4s]   EvaluationProcess: cycle 0 -> 2 violation(s)
[  34.4s]   EvaluationProcess: fixing ...
[  36.9s]   EvaluationProcess: cycle 1 -> conforms
[  36.9s]   EvaluationProcess: 1 unresolved (honest gaps)
[  44.4s]   Measurement: cycle 0 -> conforms
[  44.4s] level 2: 1 agent(s), 19 known entities
[  44.4s]   MeasurementProcess: extracting, compact (1877 chars, 6 classes in view)
[  54.2s]   MeasurementProcess: cycle 0 -> conforms
[  54.2s] level 3: 2 agent(s), 27 known entities
[  54.2s]   CarePlan: extracting, compact (2553 chars, 4 classes in view)
[  54.2s]   ClinicalVisit: extracting, compact (2553 chars, 5 classes in view)
[  55.7s]   CarePlan: cycle 0 -> conforms
[  59.6s]   ClinicalVisit: dropped 1 individual(s) outside its scope (built earlier, or another agent's class)
[  59.7s]   ClinicalVisit: cycle 0 -> 2 violation(s)
[  59.7s]   ClinicalVisit: fixing ...
[  63.5s]   ClinicalVisit: dropped 1 individual(s) outside its scope (built earlier, or another agent's class)
[  63.6s]   ClinicalVisit: cycle 1 -> 2 violation(s)
[  63.6s]   ClinicalVisit: stopping (plateau)
[  63.6s] union: dropped 1 link(s) to undeclared individuals
[  63.7s] merging (orchestrator): 0 violation(s), 1 unresolved, 0 unparsed
[ 138.8s] final: conforms
conforms=True segments=11 llm_calls=15 unresolved=0
  orchestrator   2 calls     9514 in    5509 out  cost n/a  gemma4-g1
  total         15 calls    40708 in    7526 out  cost n/a  
  worker        13 calls    31194 in    2017 out  cost n/a  gemma4-g1

exit=0 seconds=140
