[   0.0s] segmenting (orchestrator) ...
[  20.6s] 5 segments: s1[ClinicalVisit,Person,CareUnit,Person], s2[MeasurementProcess,Measurement,Unit,ProcessStatus], s3[EvaluationProcess,DiagnosticStatement,ClinicalCondition], s4[EvaluationProcess,DiagnosticStatement,ClinicalCondition], s5[CarePlan]
[  20.6s] build order: [CareUnit, ClinicalCondition, DiagnosticStatement, Person, ProcessStatus, Unit] -> [EvaluationProcess, Measurement] -> [MeasurementProcess] -> [CarePlan, ClinicalVisit]
[  20.6s] level 0: 6 agent(s), 0 known entities
[  20.6s]   CareUnit: extracting, compact (348 chars, 1 classes in view)
[  20.6s]   ClinicalCondition: extracting, compact (458 chars, 3 classes in view)
[  20.6s]   DiagnosticStatement: extracting, compact (458 chars, 1 classes in view)
[  20.6s]   Person: extracting, compact (348 chars, 1 classes in view)
[  21.5s]   Person: cycle 0 -> conforms
[  21.5s]   CareUnit: cycle 0 -> conforms
[  21.5s]   ProcessStatus: extracting, compact (248 chars, 1 classes in view)
[  21.5s]   Unit: extracting, compact (248 chars, 1 classes in view)
[  22.1s]   ProcessStatus: cycle 0 -> conforms
[  22.7s]   Unit: cycle 0 -> conforms
[  22.9s]   DiagnosticStatement: cycle 0 -> conforms
[  24.2s]   ClinicalCondition: cycle 0 -> conforms
[  24.2s] level 1: 2 agent(s), 8 known entities
[  24.2s]   EvaluationProcess: extracting, compact (458 chars, 7 classes in view)
[  24.2s]   Measurement: extracting, compact (248 chars, 2 classes in view)
[  26.6s]   Measurement: cycle 0 -> conforms
[  27.8s]   EvaluationProcess: dropped 1 individual(s) outside its scope (built earlier, or another agent's class)
[  27.8s]   EvaluationProcess: cycle 0 -> 2 violation(s)
[  27.8s]   EvaluationProcess: fixing ...
[  31.2s]   EvaluationProcess: dropped 1 individual(s) outside its scope (built earlier, or another agent's class)
[  31.2s]   EvaluationProcess: cycle 1 -> 2 violation(s)
[  31.2s]   EvaluationProcess: stopping (plateau)
[  31.2s] level 2: 1 agent(s), 11 known entities
[  31.2s]   MeasurementProcess: extracting, compact (248 chars, 6 classes in view)
[  36.9s]   MeasurementProcess: dropped 3 individual(s) outside its scope (built earlier, or another agent's class)
[  37.0s]   MeasurementProcess: cycle 0 -> 5 violation(s)
[  37.0s]   MeasurementProcess: fixing ...
[  41.1s]   MeasurementProcess: dropped 2 individual(s) outside its scope (built earlier, or another agent's class)
[  41.2s]   MeasurementProcess: cycle 1 -> 3 violation(s)
[  41.2s]   MeasurementProcess: fixing ...
[  45.3s]   MeasurementProcess: dropped 1 individual(s) outside its scope (built earlier, or another agent's class)
[  45.4s]   MeasurementProcess: cycle 2 -> 2 violation(s)
[  45.4s]   MeasurementProcess: stopping (fix budget spent)
[  45.4s] level 3: 2 agent(s), 12 known entities
[  45.4s]   CarePlan: extracting, compact (1174 chars, 4 classes in view)
[  45.4s]   ClinicalVisit: extracting, compact (1174 chars, 5 classes in view)
[  48.2s]   CarePlan: dropped 1 individual(s) outside its scope (built earlier, or another agent's class)
[  48.3s]   CarePlan: cycle 0 -> 2 violation(s)
[  48.3s]   CarePlan: fixing ...
[  49.2s]   CarePlan: cycle 1 -> 1 violation(s)
[  49.2s]   CarePlan: fixing ...
[  50.2s]   CarePlan: cycle 2 -> 1 violation(s)
[  50.2s]   CarePlan: stopping (fix budget spent)
[  53.3s]   ClinicalVisit: dropped 1 individual(s) outside its scope (built earlier, or another agent's class)
[  53.3s]   ClinicalVisit: cycle 0 -> 3 violation(s)
[  53.3s]   ClinicalVisit: fixing ...
[  55.5s]   ClinicalVisit: dropped 1 individual(s) outside its scope (built earlier, or another agent's class)
[  55.5s]   ClinicalVisit: cycle 1 -> 3 violation(s)
[  55.5s]   ClinicalVisit: stopping (plateau)
[  55.5s] union: dropped 4 link(s) to undeclared individuals
[  55.6s] merging (orchestrator): 0 violation(s), 0 unresolved, 0 unparsed
[  96.8s] final: 1 violation(s)
conforms=False segments=11 llm_calls=19 unresolved=0
  orchestrator   2 calls     6200 in    2474 out  cost n/a  gemma4-g1
  total         19 calls    41282 in    4192 out  cost n/a  
  worker        17 calls    35082 in    1718 out  cost n/a  gemma4-g1
Constraint Violation in DatatypeConstraintComponent (http://www.w3.org/ns/shacl#DatatypeConstraintComponent):
	Severity: sh:Violation
	Source Shape: [ sh:datatype xsd:float ; sh:message Literal("chr:hasQuantityValue must be an xsd:float.") ; sh:path chr:hasQuantityValue ]
	Focus Node: ex:measurement_DXA_Radius_and_Ulna_T-score_Bone_density_533549ef
	Value Node: Literal("-0.028448", datatype=xsd:decimal)
	Result Path: chr:hasQuantityValue
	Message: chr:hasQuantityValue must be an xsd:float.


exit=1 seconds=98
