[   0.1s] segmenting (orchestrator) ...
[  35.4s] 11 segments: s1[ClinicalVisit,Person,CareUnit,Person], s2[MeasurementProcess,Measurement,Unit,ProcessStatus], s3[MeasurementProcess,Measurement,Unit,ProcessStatus], s4[MeasurementProcess,Measurement,Unit,ProcessStatus], s5[MeasurementProcess,Measurement,Unit,ProcessStatus], s6[MeasurementProcess,Measurement,Unit,ProcessStatus], s7[MeasurementProcess,Measurement,Unit,ProcessStatus], s8[MeasurementProcess,Measurement,Unit,ProcessStatus], s9[MeasurementProcess,Measurement,Unit,ProcessStatus], s10[EvaluationProcess,DiagnosticStatement,ClinicalCondition], s11[CarePlan]
[  35.4s] build order: [CareUnit, ClinicalCondition, DiagnosticStatement, Person, ProcessStatus, Unit] -> [EvaluationProcess, Measurement] -> [MeasurementProcess] -> [CarePlan, ClinicalVisit]
[  35.4s] level 0: 6 agent(s), 0 known entities
[  35.4s]   CareUnit: extracting, compact (221 chars, 1 classes in view)
[  35.4s]   ClinicalCondition: extracting, compact (236 chars, 3 classes in view)
[  35.4s]   DiagnosticStatement: extracting, compact (236 chars, 1 classes in view)
[  35.4s]   Person: extracting, compact (221 chars, 1 classes in view)
[  36.0s]   CareUnit: cycle 0 -> conforms
[  36.0s]   ProcessStatus: extracting, compact (1877 chars, 1 classes in view)
[  36.2s]   Person: cycle 0 -> conforms
[  36.2s]   Unit: extracting, compact (1877 chars, 1 classes in view)
[  36.5s]   ProcessStatus: cycle 0 -> conforms
[  36.7s]   DiagnosticStatement: cycle 0 -> conforms
[  37.3s]   ClinicalCondition: cycle 0 -> conforms
[  39.5s]   Unit: cycle 0 -> conforms
[  39.5s] level 1: 2 agent(s), 10 known entities
[  39.5s]   EvaluationProcess: extracting, compact (236 chars, 7 classes in view)
[  39.5s]   Measurement: extracting, compact (1877 chars, 2 classes in view)
[  41.7s]   EvaluationProcess: dropped 1 individual(s) outside its scope (built earlier, or another agent's class)
[  41.8s]   EvaluationProcess: cycle 0 -> 2 violation(s)
[  41.8s]   EvaluationProcess: fixing ...
[  43.9s]   EvaluationProcess: cycle 1 -> conforms
[  43.9s]   EvaluationProcess: 1 unresolved (honest gaps)
[  52.3s]   Measurement: cycle 0 -> conforms
[  52.3s] level 2: 1 agent(s), 19 known entities
[  52.3s]   MeasurementProcess: extracting, compact (1877 chars, 6 classes in view)
[  62.7s]   MeasurementProcess: cycle 0 -> conforms
[  62.7s] level 3: 2 agent(s), 27 known entities
[  62.7s]   CarePlan: extracting, compact (2553 chars, 4 classes in view)
[  62.7s]   ClinicalVisit: extracting, compact (2553 chars, 5 classes in view)
[  63.8s]   CarePlan: cycle 0 -> conforms
[  76.7s]   ClinicalVisit: dropped 1 individual(s) outside its scope (built earlier, or another agent's class)
[  76.8s]   ClinicalVisit: cycle 0 -> 2 violation(s)
[  76.8s]   ClinicalVisit: fixing ...
[  79.4s]   ClinicalVisit: dropped 1 individual(s) outside its scope (built earlier, or another agent's class)
[  79.5s]   ClinicalVisit: cycle 1 -> 2 violation(s)
[  79.5s]   ClinicalVisit: stopping (plateau)
[  79.5s] union: dropped 1 link(s) to undeclared individuals
[  79.6s] merging (orchestrator): 0 violation(s), 1 unresolved, 0 unparsed
[ 146.0s] final: conforms
conforms=True segments=11 llm_calls=15 unresolved=0
  orchestrator   2 calls     9473 in    5707 out  cost n/a  gemma4-g1
  total         15 calls    40657 in    8149 out  cost n/a  
  worker        13 calls    31184 in    2442 out  cost n/a  gemma4-g1

exit=0 seconds=147
