[   0.0s] segmenting (orchestrator) ...
[  31.0s] 11 segments: s1[ClinicalVisit,Person,CareUnit,Person], s2[MeasurementProcess,Measurement,Unit], s3[MeasurementProcess,Measurement,Severity,Unit], s4[MeasurementProcess,Measurement,Unit], s5[MeasurementProcess,Measurement,Unit], s6[MeasurementProcess,Measurement,Unit], s7[MeasurementProcess,Measurement,Unit], s8[MeasurementProcess,Measurement,Unit], s9[MeasurementProcess,Measurement,Unit], s10[EvaluationProcess,DiagnosticStatement,ClinicalCondition], s11[CarePlan]
[  31.0s] build order: [CareUnit, DiagnosticStatement, Person, Severity, Unit] -> [ClinicalCondition, Measurement] -> [EvaluationProcess, MeasurementProcess] -> [CarePlan, ClinicalVisit]
[  31.0s] level 0: 5 agent(s), 0 known entities
[  31.0s]   CareUnit: extracting, compact (219 chars, 1 classes in view)
[  31.0s]   DiagnosticStatement: extracting, compact (235 chars, 1 classes in view)
[  31.0s]   Person: extracting, compact (219 chars, 1 classes in view)
[  31.0s]   Severity: extracting, compact (268 chars, 1 classes in view)
[  31.5s]   CareUnit: cycle 0 -> conforms
[  31.5s]   Unit: extracting, compact (1877 chars, 1 classes in view)
[  31.6s]   Person: cycle 0 -> conforms
[  32.2s]   DiagnosticStatement: cycle 0 -> conforms
[  32.2s]   Severity: cycle 0 -> conforms
[  34.2s]   Unit: cycle 0 -> conforms
[  34.3s] level 1: 2 agent(s), 9 known entities
[  34.3s]   ClinicalCondition: extracting, compact (235 chars, 3 classes in view)
[  34.3s]   Measurement: extracting, compact (1877 chars, 2 classes in view)
[  35.8s]   ClinicalCondition: cycle 0 -> conforms
[  46.8s]   Measurement: cycle 0 -> conforms
[  46.8s] level 2: 2 agent(s), 18 known entities
[  46.8s]   EvaluationProcess: extracting, compact (235 chars, 7 classes in view)
[  46.8s]   MeasurementProcess: extracting, compact (1877 chars, 6 classes in view)
[  51.0s]   EvaluationProcess: dropped 2 individual(s) outside its scope (built earlier, or another agent's class)
[  51.1s]   EvaluationProcess: cycle 0 -> 6 violation(s)
[  51.1s]   EvaluationProcess: fixing ...
[  54.1s]   EvaluationProcess: dropped 2 individual(s) outside its scope (built earlier, or another agent's class)
[  54.2s]   EvaluationProcess: cycle 1 -> 4 violation(s)
[  54.2s]   EvaluationProcess: fixing ...
[  56.0s]   EvaluationProcess: dropped 1 individual(s) outside its scope (built earlier, or another agent's class)
[  56.0s]   EvaluationProcess: cycle 2 -> 2 violation(s)
[  56.0s]   EvaluationProcess: stopping (fix budget spent)
[  58.9s]   MeasurementProcess: dropped 1 individual(s) outside its scope (built earlier, or another agent's class)
[  59.0s]   MeasurementProcess: cycle 0 -> 2 violation(s)
[  59.0s]   MeasurementProcess: fixing ...
[  68.5s]   MeasurementProcess: dropped 1 individual(s) outside its scope (built earlier, or another agent's class)
[  68.5s]   MeasurementProcess: cycle 1 -> 2 violation(s)
[  68.5s]   MeasurementProcess: fixing ...
[  78.1s]   MeasurementProcess: dropped 1 individual(s) outside its scope (built earlier, or another agent's class)
[  78.2s]   MeasurementProcess: cycle 2 -> 2 violation(s)
[  78.2s]   MeasurementProcess: stopping (fix budget spent)
[  78.2s] level 3: 2 agent(s), 28 known entities
[  78.2s]   CarePlan: extracting, compact (2548 chars, 4 classes in view)
[  78.2s]   ClinicalVisit: extracting, compact (2548 chars, 5 classes in view)
[  79.2s]   CarePlan: cycle 0 -> 1 violation(s)
[  79.2s]   CarePlan: fixing ...
[  80.0s]   CarePlan: cycle 1 -> 1 violation(s)
[  80.0s]   CarePlan: stopping (plateau)
[  81.1s]   ClinicalVisit: dropped 1 individual(s) outside its scope (built earlier, or another agent's class)
[  81.2s]   ClinicalVisit: cycle 0 -> 3 violation(s)
[  81.2s]   ClinicalVisit: fixing ...
[  84.0s]   ClinicalVisit: dropped 1 individual(s) outside its scope (built earlier, or another agent's class)
[  84.1s]   ClinicalVisit: cycle 1 -> 3 violation(s)
[  84.1s]   ClinicalVisit: stopping (plateau)
[  84.1s] union: dropped 10 link(s) to undeclared individuals
[  84.2s] merging (orchestrator): 0 violation(s), 0 unresolved, 0 unparsed
[ 153.9s] final: conforms
conforms=True segments=11 llm_calls=19 unresolved=0
  orchestrator   2 calls     9472 in    5664 out  cost n/a  gemma4-g1
  total         19 calls    51812 in    9058 out  cost n/a  
  worker        17 calls    42340 in    3394 out  cost n/a  gemma4-g1

exit=0 seconds=155
