[   0.0s] segmenting (orchestrator) ...
[  52.0s] 19 segments: s1[ClinicalVisit,Person,CareUnit,Person], s2[MeasurementProcess,Measurement,ProcessStatus], s3[MeasurementProcess,Measurement,ProcessStatus], s4[MeasurementProcess,Measurement,ProcessStatus], s5[MeasurementProcess,Measurement,ProcessStatus], s6[MeasurementProcess,Measurement,ProcessStatus], s7[MeasurementProcess,Measurement,ProcessStatus], s8[MeasurementProcess,Measurement,ProcessStatus], s9[MeasurementProcess,Measurement,ProcessStatus], s10[MeasurementProcess,Measurement,ProcessStatus], s11[MeasurementProcess,Measurement,ProcessStatus], s12[MeasurementProcess,Measurement,ProcessStatus], s13[MeasurementProcess,Measurement,ProcessStatus], s14[MeasurementProcess,Measurement,ProcessStatus], s15[MeasurementProcess,Measurement,ProcessStatus], s16[MeasurementProcess,Measurement,ProcessStatus], s17[MeasurementProcess,Measurement,ProcessStatus], s18[EvaluationProcess,DiagnosticStatement,ClinicalCondition], s19[CarePlan]
[  52.0s] build order: [CareUnit, ClinicalCondition, DiagnosticStatement, Measurement, Person, ProcessStatus] -> [EvaluationProcess, MeasurementProcess] -> [CarePlan, ClinicalVisit]
[  52.0s] level 0: 6 agent(s), 0 known entities
[  52.0s]   CareUnit: extracting, compact (228 chars, 1 classes in view)
[  52.0s]   ClinicalCondition: extracting, compact (238 chars, 3 classes in view)
[  52.0s]   DiagnosticStatement: extracting, compact (238 chars, 1 classes in view)
[  52.0s]   Measurement#1: extracting, compact (3163 chars, 2 classes in view)
[  53.4s]   CareUnit: cycle 0 -> conforms
[  53.4s]   Measurement#2: extracting, compact (993 chars, 2 classes in view)
[  53.8s]   DiagnosticStatement: cycle 0 -> conforms
[  53.8s]   Person: extracting, compact (228 chars, 1 classes in view)
[  54.6s]   ClinicalCondition: cycle 0 -> conforms
[  54.6s]   ProcessStatus#1: extracting, compact (3163 chars, 1 classes in view)
[  55.0s]   Person: cycle 0 -> conforms
[  55.0s]   ProcessStatus#2: extracting, compact (993 chars, 1 classes in view)
[  55.2s]   ProcessStatus#1: cycle 0 -> conforms
[  55.4s]   ProcessStatus#2: cycle 0 -> conforms
[  61.9s]   Measurement#2: cycle 0 -> conforms
[  73.5s]   Measurement#1: cycle 0 -> conforms
[  73.5s] level 1: 2 agent(s), 28 known entities
[  73.5s]   EvaluationProcess: extracting, compact (238 chars, 7 classes in view)
[  73.5s]   MeasurementProcess#1: extracting, compact (3163 chars, 6 classes in view)
[  73.5s]   MeasurementProcess#2: extracting, compact (993 chars, 6 classes in view)
[  77.2s]   EvaluationProcess: cycle 0 -> conforms
[  81.6s]   MeasurementProcess#2: cycle 0 -> conforms
[  90.5s]   MeasurementProcess#1: cycle 0 -> conforms
[  90.5s] level 2: 2 agent(s), 45 known entities
[  90.5s]   ClinicalVisit: extracting, compact (4841 chars, 5 classes in view)
[  90.5s]   CarePlan: extracting, compact (4841 chars, 4 classes in view)
[  92.5s]   CarePlan: cycle 0 -> conforms
[  94.9s]   ClinicalVisit: cycle 0 -> conforms
[  95.0s] merging (orchestrator): 0 violation(s), 0 unresolved, 0 unparsed
[ 231.4s] final: conforms
conforms=True segments=13 llm_calls=15 unresolved=0
  orchestrator   2 calls    15122 in   10558 out  cost n/a  gemma4-g1
  total         15 calls    50242 in   13920 out  cost n/a  
  worker        13 calls    35120 in    3362 out  cost n/a  gemma4-g1

exit=0 seconds=232
