[   0.0s] segmenting (orchestrator) ...
[  23.9s] 10 segments: s1[ClinicalVisit,Person,CareUnit,Person], s2[MeasurementProcess,Measurement,Unit], s3[MeasurementProcess,Measurement,Unit], s4[MeasurementProcess,Measurement,Unit], s5[MeasurementProcess,Measurement,Unit], s6[MeasurementProcess,Measurement,Unit], s7[MeasurementProcess,Measurement,Unit], s8[MeasurementProcess,Measurement,Unit], s9[EvaluationProcess,DiagnosticStatement,ClinicalCondition], s10[CarePlan]
[  23.9s] build order: [CareUnit, ClinicalCondition, DiagnosticStatement, Person, Unit] -> [EvaluationProcess, Measurement] -> [MeasurementProcess] -> [CarePlan, ClinicalVisit]
[  23.9s] level 0: 5 agent(s), 0 known entities
[  23.9s]   CareUnit: extracting, compact (235 chars, 1 classes in view)
[  23.9s]   ClinicalCondition: extracting, compact (235 chars, 3 classes in view)
[  23.9s]   DiagnosticStatement: extracting, compact (235 chars, 1 classes in view)
[  23.9s]   Person: extracting, compact (235 chars, 1 classes in view)
[  24.6s]   CareUnit: cycle 0 -> conforms
[  24.6s]   Unit: extracting, compact (1674 chars, 1 classes in view)
[  24.6s]   Person: cycle 0 -> conforms
[  25.0s]   DiagnosticStatement: cycle 0 -> conforms
[  25.5s]   ClinicalCondition: cycle 0 -> conforms
[  27.6s]   Unit: cycle 0 -> conforms
[  27.6s] level 1: 2 agent(s), 10 known entities
[  27.6s]   EvaluationProcess: extracting, compact (235 chars, 7 classes in view)
[  27.6s]   Measurement: extracting, compact (1674 chars, 2 classes in view)
[  29.4s]   EvaluationProcess: dropped 1 individual(s) outside its scope (built earlier, or another agent's class)
[  29.4s]   EvaluationProcess: cycle 0 -> 2 violation(s)
[  29.4s]   EvaluationProcess: fixing ...
[  33.0s]   EvaluationProcess: dropped 1 individual(s) outside its scope (built earlier, or another agent's class)
[  33.1s]   EvaluationProcess: cycle 1 -> 2 violation(s)
[  33.1s]   EvaluationProcess: stopping (plateau)
[  33.1s]   EvaluationProcess: 1 unresolved (honest gaps)
[  36.7s]   Measurement: cycle 0 -> conforms
[  36.7s] level 2: 1 agent(s), 18 known entities
[  36.7s]   MeasurementProcess: extracting, compact (1674 chars, 6 classes in view)
[  45.6s]   MeasurementProcess: dropped 1 individual(s) outside its scope (built earlier, or another agent's class)
[  45.7s]   MeasurementProcess: cycle 0 -> 2 violation(s)
[  45.7s]   MeasurementProcess: fixing ...
[  56.6s]   MeasurementProcess: dropped 1 individual(s) outside its scope (built earlier, or another agent's class)
[  56.7s]   MeasurementProcess: cycle 1 -> 2 violation(s)
[  56.7s]   MeasurementProcess: fixing ...
[  65.5s]   MeasurementProcess: dropped 1 individual(s) outside its scope (built earlier, or another agent's class)
[  65.5s]   MeasurementProcess: cycle 2 -> 2 violation(s)
[  65.5s]   MeasurementProcess: stopping (fix budget spent)
[  65.5s]   MeasurementProcess: 1 unresolved (honest gaps)
[  65.5s] level 3: 2 agent(s), 26 known entities
[  65.5s]   CarePlan: extracting, compact (2383 chars, 4 classes in view)
[  65.5s]   ClinicalVisit: extracting, compact (2383 chars, 5 classes in view)
[  66.5s]   CarePlan: cycle 0 -> 1 violation(s)
[  66.5s]   CarePlan: fixing ...
[  67.3s]   CarePlan: cycle 1 -> 1 violation(s)
[  67.3s]   CarePlan: stopping (plateau)
[  68.2s]   ClinicalVisit: dropped 1 individual(s) outside its scope (built earlier, or another agent's class)
[  68.3s]   ClinicalVisit: cycle 0 -> 3 violation(s)
[  68.3s]   ClinicalVisit: fixing ...
[  78.8s]   ClinicalVisit: dropped 1 individual(s) outside its scope (built earlier, or another agent's class)
[  78.8s]   ClinicalVisit: cycle 1 -> 3 violation(s)
[  78.8s]   ClinicalVisit: stopping (plateau)
[  78.8s] union: dropped 9 link(s) to undeclared individuals
[  78.9s] merging (orchestrator): 0 violation(s), 2 unresolved, 0 unparsed
[ 144.9s] final: conforms
conforms=True segments=10 llm_calls=17 unresolved=0
  orchestrator   2 calls     9055 in    5184 out  cost n/a  gemma4-g1
  total         17 calls    46336 in    8722 out  cost n/a  
  worker        15 calls    37281 in    3538 out  cost n/a  gemma4-g1

exit=0 seconds=146
