[   0.0s] segmenting (orchestrator) ...
[  10.0s] 4 segments: s1[ClinicalVisit,Person,CareUnit,Person], s2[MeasurementProcess,Measurement,Unit,ProcessStatus], s3[EvaluationProcess,DiagnosticStatement,ClinicalCondition], s4[CarePlan]
[  10.0s] build order: [CareUnit, ClinicalCondition, DiagnosticStatement, Person, ProcessStatus, Unit] -> [EvaluationProcess, Measurement] -> [MeasurementProcess] -> [CarePlan, ClinicalVisit]
[  10.0s] level 0: 6 agent(s), 0 known entities
[  10.0s]   CareUnit: extracting, compact (345 chars, 1 classes in view)
[  10.0s]   ClinicalCondition: extracting, compact (236 chars, 3 classes in view)
[  10.0s]   DiagnosticStatement: extracting, compact (236 chars, 1 classes in view)
[  10.0s]   Person: extracting, compact (345 chars, 1 classes in view)
[  10.7s]   CareUnit: cycle 0 -> conforms
[  10.7s]   ProcessStatus: extracting, compact (228 chars, 1 classes in view)
[  10.8s]   Person: cycle 0 -> conforms
[  10.8s]   Unit: extracting, compact (228 chars, 1 classes in view)
[  11.2s]   DiagnosticStatement: cycle 0 -> conforms
[  11.5s]   Unit: cycle 0 -> conforms
[  11.7s]   ClinicalCondition: cycle 0 -> conforms
[  11.8s]   ProcessStatus: cycle 0 -> conforms
[  11.8s]   ProcessStatus: 1 unresolved (honest gaps)
[  11.8s] level 1: 2 agent(s), 6 known entities
[  11.8s]   EvaluationProcess: extracting, compact (236 chars, 7 classes in view)
[  11.8s]   Measurement: extracting, compact (228 chars, 2 classes in view)
[  13.3s]   Measurement: cycle 0 -> conforms
[  13.4s]   EvaluationProcess: dropped 1 individual(s) outside its scope (built earlier, or another agent's class)
[  13.5s]   EvaluationProcess: cycle 0 -> 2 violation(s)
[  13.5s]   EvaluationProcess: fixing ...
[  15.0s]   EvaluationProcess: dropped 1 individual(s) outside its scope (built earlier, or another agent's class)
[  15.1s]   EvaluationProcess: cycle 1 -> 2 violation(s)
[  15.1s]   EvaluationProcess: stopping (plateau)
[  15.1s] level 2: 1 agent(s), 8 known entities
[  15.1s]   MeasurementProcess: extracting, compact (228 chars, 6 classes in view)
[  17.2s]   MeasurementProcess: cycle 0 -> 1 violation(s)
[  17.2s]   MeasurementProcess: fixing ...
[  19.6s]   MeasurementProcess: dropped 1 individual(s) outside its scope (built earlier, or another agent's class)
[  19.6s]   MeasurementProcess: cycle 1 -> 2 violation(s)
[  19.6s]   MeasurementProcess: fixing ...
[  22.0s]   MeasurementProcess: dropped 1 individual(s) outside its scope (built earlier, or another agent's class)
[  22.1s]   MeasurementProcess: cycle 2 -> 2 violation(s)
[  22.1s]   MeasurementProcess: stopping (fix budget spent)
[  22.1s] level 3: 2 agent(s), 9 known entities
[  22.1s]   CarePlan: extracting, compact (929 chars, 4 classes in view)
[  22.1s]   ClinicalVisit: extracting, compact (929 chars, 5 classes in view)
[  22.9s]   CarePlan: cycle 0 -> 1 violation(s)
[  22.9s]   CarePlan: fixing ...
[  27.0s]   ClinicalVisit: dropped 2 individual(s) outside its scope (built earlier, or another agent's class)
[  27.1s]   ClinicalVisit: cycle 0 -> 7 violation(s)
[  27.1s]   ClinicalVisit: fixing ...
[  29.4s]   ClinicalVisit: dropped 1 individual(s) outside its scope (built earlier, or another agent's class)
[  29.5s]   ClinicalVisit: cycle 1 -> 3 violation(s)
[  29.5s]   ClinicalVisit: fixing ...
[  31.9s]   ClinicalVisit: dropped 1 individual(s) outside its scope (built earlier, or another agent's class)
[  31.9s]   ClinicalVisit: cycle 2 -> 3 violation(s)
[  31.9s]   ClinicalVisit: stopping (fix budget spent)
[  33.1s]   CarePlan: dropped 3 individual(s) outside its scope (built earlier, or another agent's class)
[  33.1s]   CarePlan: cycle 1 -> 4 violation(s)
[  33.1s]   CarePlan: fixing ...
[  34.0s]   CarePlan: cycle 2 -> 1 violation(s)
[  34.0s]   CarePlan: stopping (fix budget spent)
[  34.0s] union: dropped 3 link(s) to undeclared individuals
[  34.1s] merging (orchestrator): 0 violation(s), 1 unresolved, 0 unparsed
[  59.5s] final: conforms
conforms=True segments=11 llm_calls=20 unresolved=0
  orchestrator   2 calls     5652 in    1943 out  cost n/a  gemma4-g1
  total         20 calls    41413 in    3623 out  cost n/a  
  worker        18 calls    35761 in    1680 out  cost n/a  gemma4-g1

exit=0 seconds=60
