[   0.0s] segmenting (orchestrator) ...
[  54.3s] 22 segments: s1[ClinicalVisit,Person,CareUnit,Person], s2[MeasurementProcess,Measurement], s3[MeasurementProcess,Measurement], s4[MeasurementProcess,Measurement], s5[MeasurementProcess,Measurement], s6[MeasurementProcess,Measurement], s7[MeasurementProcess,Measurement], s8[MeasurementProcess,Measurement], s9[MeasurementProcess,Measurement], s10[MeasurementProcess,Measurement], s11[MeasurementProcess,Measurement], s12[MeasurementProcess,Measurement], s13[MeasurementProcess,Measurement], s14[MeasurementProcess,Measurement], s15[MeasurementProcess,Measurement], s16[MeasurementProcess,Measurement], s17[MeasurementProcess,Measurement], s18[MeasurementProcess,Measurement], s19[MeasurementProcess,Measurement], s20[MeasurementProcess,Measurement], s21[EvaluationProcess,DiagnosticStatement], s22[CarePlan]
[  54.3s] build order: [CareUnit, DiagnosticStatement, Measurement, Person] -> [EvaluationProcess, MeasurementProcess] -> [CarePlan, ClinicalVisit]
[  54.3s] level 0: 4 agent(s), 0 known entities
[  54.3s]   CareUnit: extracting, compact (221 chars, 1 classes in view)
[  54.3s]   DiagnosticStatement: extracting, compact (236 chars, 1 classes in view)
[  54.3s]   Measurement#1: extracting, compact (2905 chars, 2 classes in view)
[  54.3s]   Measurement#2: extracting, compact (1850 chars, 2 classes in view)
[  55.1s]   CareUnit: cycle 0 -> conforms
[  55.1s]   Person: extracting, compact (221 chars, 1 classes in view)
[  55.6s]   DiagnosticStatement: cycle 0 -> conforms
[  55.7s]   Person: cycle 0 -> conforms
[  68.4s]   Measurement#2: cycle 0 -> conforms
[  77.6s]   Measurement#1: cycle 0 -> conforms
[  77.6s]   Measurement#1: 2 unresolved (honest gaps)
[  77.6s] level 1: 2 agent(s), 32 known entities
[  77.6s]   EvaluationProcess: extracting, compact (236 chars, 7 classes in view)
[  77.6s]   MeasurementProcess#1: extracting, compact (2905 chars, 6 classes in view)
[  77.6s]   MeasurementProcess#2: extracting, compact (1850 chars, 6 classes in view)
[  81.5s]   EvaluationProcess: dropped 1 individual(s) outside its scope (built earlier, or another agent's class)
[  81.6s]   EvaluationProcess: cycle 0 -> 2 violation(s)
[  81.6s]   EvaluationProcess: fixing ...
[  84.3s]   EvaluationProcess: dropped 1 individual(s) outside its scope (built earlier, or another agent's class)
[  84.3s]   EvaluationProcess: cycle 1 -> 2 violation(s)
[  84.3s]   EvaluationProcess: fixing ...
[  90.7s]   MeasurementProcess#2: dropped 1 individual(s) outside its scope (built earlier, or another agent's class)
[  90.7s]   MeasurementProcess#2: cycle 0 -> 2 violation(s)
[  90.7s]   MeasurementProcess#2: fixing ...
[  98.1s]   MeasurementProcess#1: dropped 1 individual(s) outside its scope (built earlier, or another agent's class)
[  98.2s]   MeasurementProcess#1: cycle 0 -> 2 violation(s)
[  98.2s]   MeasurementProcess#1: fixing ...
[ 103.2s]   MeasurementProcess#2: dropped 1 individual(s) outside its scope (built earlier, or another agent's class)
[ 103.3s]   MeasurementProcess#2: cycle 1 -> 2 violation(s)
[ 103.3s]   MeasurementProcess#2: fixing ...
[ 115.0s]   MeasurementProcess#2: dropped 1 individual(s) outside its scope (built earlier, or another agent's class)
[ 115.1s]   MeasurementProcess#2: cycle 2 -> 2 violation(s)
[ 115.1s]   MeasurementProcess#2: stopping (fix budget spent)
[ 116.6s]   MeasurementProcess#1: dropped 1 individual(s) outside its scope (built earlier, or another agent's class)
[ 116.7s]   MeasurementProcess#1: cycle 1 -> 2 violation(s)
[ 116.7s]   MeasurementProcess#1: fixing ...
[ 134.3s]   MeasurementProcess#1: dropped 1 individual(s) outside its scope (built earlier, or another agent's class)
[ 134.4s]   MeasurementProcess#1: cycle 2 -> 2 violation(s)
[ 134.4s]   MeasurementProcess#1: stopping (fix budget spent)
[ 635.4s]   EvaluationProcess: dropped 1 individual(s) outside its scope (built earlier, or another agent's class)
[ 635.4s]   EvaluationProcess: cycle 2 -> 2 violation(s)
[ 635.4s]   EvaluationProcess: stopping (fix budget spent)
[ 635.4s]   EvaluationProcess: 673 unresolved (honest gaps)
[ 635.4s] level 2: 2 agent(s), 54 known entities
[ 635.4s]   CarePlan: extracting, compact (5433 chars, 4 classes in view)
[ 635.5s]   ClinicalVisit: extracting, compact (5433 chars, 5 classes in view)
[ 637.3s]   CarePlan: cycle 0 -> 1 violation(s)
[ 637.3s]   CarePlan: fixing ...
[ 641.3s]   ClinicalVisit: dropped 1 individual(s) outside its scope (built earlier, or another agent's class)
[ 641.4s]   ClinicalVisit: cycle 0 -> 3 violation(s)
[ 641.4s]   ClinicalVisit: fixing ...
[ 646.0s]   ClinicalVisit: dropped 1 individual(s) outside its scope (built earlier, or another agent's class)
[ 646.2s]   ClinicalVisit: cycle 1 -> 3 violation(s)
[ 646.2s]   ClinicalVisit: stopping (plateau)
[ 694.0s]   CarePlan: dropped 1 individual(s) outside its scope (built earlier, or another agent's class)
[ 694.1s]   CarePlan: cycle 1 -> 2 violation(s)
[ 694.1s]   CarePlan: fixing ...
[ 720.4s]   CarePlan: dropped 21 individual(s) outside its scope (built earlier, or another agent's class)
[ 720.5s]   CarePlan: cycle 2 -> 22 violation(s)
[ 720.5s]   CarePlan: stopping (fix budget spent)
[ 720.5s]   CarePlan: 1 unresolved (honest gaps)
[ 720.5s] union: dropped 21 link(s) to undeclared individuals
[ 720.7s] merging (orchestrator): 0 violation(s), 676 unresolved, 0 unparsed
[ 876.6s] final: conforms
conforms=True segments=10 llm_calls=21 unresolved=0
  orchestrator   2 calls    18029 in   11778 out  cost n/a  gemma4-g1
  total         21 calls    81413 in   53898 out  cost n/a  
  worker        19 calls    63384 in   42120 out  cost n/a  gemma4-g1

exit=0 seconds=877
