[   0.0s] segmenting (orchestrator) ...
[  43.7s] 16 segments: s1[ClinicalVisit,Person,CareUnit,Person], s2[MeasurementProcess,Measurement], s3[MeasurementProcess,Measurement,Severity], s4[MeasurementProcess,Measurement], s5[MeasurementProcess,Measurement], s6[MeasurementProcess,Measurement], s7[MeasurementProcess,Measurement], s8[MeasurementProcess,Measurement], s9[MeasurementProcess,Measurement], s10[MeasurementProcess,Measurement], s11[MeasurementProcess,Measurement], s12[MeasurementProcess,Measurement], s13[MeasurementProcess,Measurement], s14[EvaluationProcess,DiagnosticStatement,ClinicalCondition], s15[EvaluationProcess,DiagnosticStatement,ClinicalCondition], s16[CarePlan]
[  43.7s] build order: [CareUnit, DiagnosticStatement, Measurement, Person, Severity] -> [ClinicalCondition, MeasurementProcess] -> [EvaluationProcess] -> [CarePlan, ClinicalVisit]
[  43.7s] level 0: 5 agent(s), 0 known entities
[  43.7s]   CareUnit: extracting, compact (250 chars, 1 classes in view)
[  43.7s]   DiagnosticStatement: extracting, compact (459 chars, 1 classes in view)
[  43.7s]   Measurement: extracting, compact (2912 chars, 2 classes in view)
[  43.7s]   Person: extracting, compact (250 chars, 1 classes in view)
[  44.5s]   CareUnit: cycle 0 -> conforms
[  44.5s]   Person: cycle 0 -> conforms
[  44.5s]   Severity: extracting, compact (269 chars, 1 classes in view)
[  45.6s]   DiagnosticStatement: cycle 0 -> conforms
[  45.7s]   Severity: cycle 0 -> conforms
[  65.6s]   Measurement: cycle 0 -> conforms
[  65.6s] level 1: 2 agent(s), 24 known entities
[  65.6s]   ClinicalCondition: extracting, compact (459 chars, 3 classes in view)
[  65.6s]   MeasurementProcess: extracting, compact (2912 chars, 6 classes in view)
[  68.6s]   ClinicalCondition: cycle 0 -> conforms
[  85.0s]   MeasurementProcess: cycle 0 -> conforms
[  85.0s] level 2: 1 agent(s), 39 known entities
[  85.0s]   EvaluationProcess: extracting, compact (459 chars, 7 classes in view)
[  88.2s]   EvaluationProcess: dropped 1 individual(s) outside its scope (built earlier, or another agent's class)
[  88.3s]   EvaluationProcess: cycle 0 -> 2 violation(s)
[  88.3s]   EvaluationProcess: fixing ...
[  92.4s]   EvaluationProcess: dropped 1 individual(s) outside its scope (built earlier, or another agent's class)
[  92.5s]   EvaluationProcess: cycle 1 -> 2 violation(s)
[  92.5s]   EvaluationProcess: fixing ...
[ 100.5s]   EvaluationProcess: dropped 1 individual(s) outside its scope (built earlier, or another agent's class)
[ 100.6s]   EvaluationProcess: cycle 2 -> 2 violation(s)
[ 100.6s]   EvaluationProcess: stopping (fix budget spent)
[ 100.6s]   EvaluationProcess: 1 unresolved (honest gaps)
[ 100.6s] level 3: 2 agent(s), 41 known entities
[ 100.6s]   CarePlan: extracting, compact (3856 chars, 4 classes in view)
[ 100.6s]   ClinicalVisit: extracting, compact (3856 chars, 5 classes in view)
[ 101.9s]   CarePlan: cycle 0 -> 1 violation(s)
[ 101.9s]   CarePlan: fixing ...
[ 103.3s]   CarePlan: dropped 1 individual(s) outside its scope (built earlier, or another agent's class)
[ 103.4s]   CarePlan: cycle 1 -> 2 violation(s)
[ 103.4s]   CarePlan: fixing ...
[ 104.5s]   CarePlan: cycle 2 -> 1 violation(s)
[ 104.5s]   CarePlan: stopping (fix budget spent)
[ 105.3s]   ClinicalVisit: dropped 1 individual(s) outside its scope (built earlier, or another agent's class)
[ 105.4s]   ClinicalVisit: cycle 0 -> 3 violation(s)
[ 105.4s]   ClinicalVisit: fixing ...
[ 108.9s]   ClinicalVisit: dropped 1 individual(s) outside its scope (built earlier, or another agent's class)
[ 109.0s]   ClinicalVisit: cycle 1 -> 3 violation(s)
[ 109.0s]   ClinicalVisit: stopping (plateau)
[ 109.0s] union: dropped 3 link(s) to undeclared individuals
[ 109.1s] merging (orchestrator): 0 violation(s), 1 unresolved, 0 unparsed
[ 232.1s] final: conforms
conforms=True segments=10 llm_calls=17 unresolved=0
  orchestrator   2 calls    12398 in    8457 out  cost n/a  gemma4-g1
  total         17 calls    55085 in   11618 out  cost n/a  
  worker        15 calls    42687 in    3161 out  cost n/a  gemma4-g1

exit=0 seconds=233
