[   0.0s] segmenting (orchestrator) ...
[  35.2s] 13 segments: s1[ClinicalVisit,Person,CareUnit,Person], s2[MeasurementProcess,Measurement], s3[MeasurementProcess,Measurement], s4[MeasurementProcess,Measurement], s5[MeasurementProcess,Measurement], s6[MeasurementProcess,Measurement], s7[MeasurementProcess,Measurement], s8[MeasurementProcess,Measurement], s9[MeasurementProcess,Measurement], s10[MeasurementProcess,Measurement], s11[EvaluationProcess,DiagnosticStatement,ClinicalCondition], s12[EvaluationProcess,DiagnosticStatement,ClinicalCondition], s13[CarePlan]
[  35.2s] build order: [CareUnit, ClinicalCondition, DiagnosticStatement, Measurement, Person] -> [EvaluationProcess, MeasurementProcess] -> [CarePlan, ClinicalVisit]
[  35.2s] level 0: 5 agent(s), 0 known entities
[  35.2s]   CareUnit: extracting, compact (250 chars, 1 classes in view)
[  35.2s]   ClinicalCondition: extracting, compact (492 chars, 3 classes in view)
[  35.2s]   DiagnosticStatement: extracting, compact (492 chars, 1 classes in view)
[  35.2s]   Measurement: extracting, compact (2123 chars, 2 classes in view)
[  36.2s]   CareUnit: cycle 0 -> conforms
[  36.2s]   Person: extracting, compact (250 chars, 1 classes in view)
[  37.4s]   Person: cycle 0 -> conforms
[  38.0s]   DiagnosticStatement: cycle 0 -> conforms
[  39.2s]   ClinicalCondition: cycle 0 -> conforms
[  52.4s]   Measurement: cycle 0 -> conforms
[  52.4s] level 1: 2 agent(s), 20 known entities
[  52.4s]   EvaluationProcess: extracting, compact (492 chars, 7 classes in view)
[  52.4s]   MeasurementProcess: extracting, compact (2123 chars, 6 classes in view)
[  56.3s]   EvaluationProcess: dropped 1 individual(s) outside its scope (built earlier, or another agent's class)
[  56.4s]   EvaluationProcess: cycle 0 -> 2 violation(s)
[  56.4s]   EvaluationProcess: fixing ...
[  59.6s]   EvaluationProcess: dropped 1 individual(s) outside its scope (built earlier, or another agent's class)
[  59.7s]   EvaluationProcess: cycle 1 -> 2 violation(s)
[  59.7s]   EvaluationProcess: fixing ...
[  62.8s]   EvaluationProcess: dropped 1 individual(s) outside its scope (built earlier, or another agent's class)
[  62.9s]   EvaluationProcess: cycle 2 -> 2 violation(s)
[  62.9s]   EvaluationProcess: stopping (fix budget spent)
[  76.5s]   MeasurementProcess: dropped 1 individual(s) outside its scope (built earlier, or another agent's class)
[  76.6s]   MeasurementProcess: cycle 0 -> 38 violation(s)
[  76.6s]   MeasurementProcess: fixing ...
[  99.6s]   MeasurementProcess: dropped 1 individual(s) outside its scope (built earlier, or another agent's class)
[  99.7s]   MeasurementProcess: cycle 1 -> 2 violation(s)
[  99.7s]   MeasurementProcess: fixing ...
[ 114.2s]   MeasurementProcess: dropped 1 individual(s) outside its scope (built earlier, or another agent's class)
[ 114.3s]   MeasurementProcess: cycle 2 -> 2 violation(s)
[ 114.3s]   MeasurementProcess: stopping (fix budget spent)
[ 114.3s] level 2: 2 agent(s), 32 known entities
[ 114.3s]   CarePlan: extracting, compact (3100 chars, 4 classes in view)
[ 114.3s]   ClinicalVisit: extracting, compact (3100 chars, 5 classes in view)
[ 115.3s]   CarePlan: cycle 0 -> 1 violation(s)
[ 115.3s]   CarePlan: fixing ...
[ 117.8s]   ClinicalVisit: dropped 1 individual(s) outside its scope (built earlier, or another agent's class)
[ 117.9s]   ClinicalVisit: cycle 0 -> 3 violation(s)
[ 117.9s]   ClinicalVisit: fixing ...
[ 128.2s]   ClinicalVisit: dropped 1 individual(s) outside its scope (built earlier, or another agent's class)
[ 128.3s]   ClinicalVisit: cycle 1 -> 3 violation(s)
[ 128.3s]   ClinicalVisit: stopping (plateau)
[ 139.3s]   CarePlan: dropped 1 individual(s) outside its scope (built earlier, or another agent's class)
[ 139.4s]   CarePlan: cycle 1 -> 2 violation(s)
[ 139.4s]   CarePlan: fixing ...
[ 167.5s]   CarePlan: dropped 12 individual(s) outside its scope (built earlier, or another agent's class)
[ 167.6s]   CarePlan: cycle 2 -> 14 violation(s)
[ 167.6s]   CarePlan: stopping (fix budget spent)
[ 167.6s] union: dropped 13 link(s) to undeclared individuals
[ 167.7s] merging (orchestrator): 1 violation(s), 0 unresolved, 0 unparsed
[ 255.2s] final: conforms
conforms=True segments=9 llm_calls=18 unresolved=0
  orchestrator   2 calls    10624 in    6345 out  cost n/a  gemma4-g1
  total         18 calls    55148 in   14585 out  cost n/a  
  worker        16 calls    44524 in    8240 out  cost n/a  gemma4-g1

exit=0 seconds=256
