[   0.0s] segmenting (orchestrator) ...
[  63.0s] 25 segments: s1[ClinicalVisit,Person,CareUnit,Person], s2[MeasurementProcess,Measurement], s3[MeasurementProcess,Measurement,Severity], s4[MeasurementProcess,Measurement], s5[MeasurementProcess,Measurement], s6[MeasurementProcess,Measurement], s7[MeasurementProcess,Measurement], s8[MeasurementProcess,Measurement], s9[MeasurementProcess,Measurement], s10[MeasurementProcess,Measurement], s11[MeasurementProcess,Measurement], s12[MeasurementProcess,Measurement], s13[MeasurementProcess,Measurement], s14[MeasurementProcess,Measurement], s15[MeasurementProcess,Measurement], s16[MeasurementProcess,Measurement], s17[MeasurementProcess,Measurement], s18[MeasurementProcess,Measurement], s19[MeasurementProcess,Measurement], s20[MeasurementProcess,Measurement], s21[MeasurementProcess,Measurement], s22[MeasurementProcess,Measurement], s23[EvaluationProcess,DiagnosticStatement,ClinicalCondition], s24[EvaluationProcess,DiagnosticStatement,ClinicalCondition], s25[CarePlan]
[  63.0s] build order: [CareUnit, DiagnosticStatement, Measurement, Person, Severity] -> [ClinicalCondition, MeasurementProcess] -> [EvaluationProcess] -> [CarePlan, ClinicalVisit]
[  63.0s] level 0: 5 agent(s), 0 known entities
[  63.0s]   CareUnit: extracting, compact (237 chars, 1 classes in view)
[  63.0s]   DiagnosticStatement: extracting, compact (463 chars, 1 classes in view)
[  63.0s]   Measurement#1: extracting, compact (2899 chars, 2 classes in view)
[  63.0s]   Measurement#2: extracting, compact (2329 chars, 2 classes in view)
[  63.8s]   CareUnit: cycle 0 -> conforms
[  63.8s]   Person: extracting, compact (237 chars, 1 classes in view)
[  64.6s]   Person: cycle 0 -> conforms
[  64.6s]   Severity: extracting, compact (266 chars, 1 classes in view)
[  65.0s]   DiagnosticStatement: cycle 0 -> conforms
[  65.7s]   Severity: cycle 0 -> conforms
[  82.4s]   Measurement#2: cycle 0 -> conforms
[  89.3s]   Measurement#1: cycle 0 -> conforms
[  89.3s] level 1: 2 agent(s), 38 known entities
[  89.3s]   ClinicalCondition: extracting, compact (463 chars, 3 classes in view)
[  89.3s]   MeasurementProcess#1: extracting, compact (2899 chars, 6 classes in view)
[  89.3s]   MeasurementProcess#2: extracting, compact (2329 chars, 6 classes in view)
[  92.6s]   ClinicalCondition: cycle 0 -> conforms
[ 102.6s]   MeasurementProcess#2: cycle 0 -> conforms
[ 109.0s]   MeasurementProcess#1: cycle 0 -> conforms
[ 109.0s]   MeasurementProcess#1: 13 unresolved (honest gaps)
[ 109.0s] level 2: 1 agent(s), 62 known entities
[ 109.0s]   EvaluationProcess: extracting, compact (463 chars, 7 classes in view)
[ 111.8s]   EvaluationProcess: cycle 0 -> conforms
[ 111.8s] level 3: 2 agent(s), 64 known entities
[ 111.9s]   ClinicalVisit: extracting, compact (6155 chars, 5 classes in view)
[ 111.9s]   CarePlan: extracting, compact (6155 chars, 4 classes in view)
[ 113.4s]   CarePlan: cycle 0 -> conforms
[ 113.4s]   CarePlan: 1 unresolved (honest gaps)
[ 116.2s]   ClinicalVisit: cycle 0 -> 2 violation(s)
[ 116.2s]   ClinicalVisit: fixing ...
[ 120.4s]   ClinicalVisit: cycle 1 -> conforms
[ 120.5s] merging (orchestrator): 0 violation(s), 14 unresolved, 0 unparsed
[ 306.7s] final: conforms
conforms=True segments=12 llm_calls=15 unresolved=0
  orchestrator   2 calls    18825 in   13703 out  cost n/a  gemma4-g1
  total         15 calls    60858 in   18471 out  cost n/a  
  worker        13 calls    42033 in    4768 out  cost n/a  gemma4-g1

exit=0 seconds=308
