[   0.0s] segmenting (orchestrator) ...
[  15.0s] 5 segments: s1[ClinicalVisit,Person,CareUnit,Person], s2[MeasurementProcess,Measurement,Unit,ProcessStatus], s3[MeasurementProcess,Measurement,Unit,ProcessStatus], s4[EvaluationProcess,DiagnosticStatement,ClinicalCondition], s5[CarePlan]
[  15.0s] build order: [CareUnit, ClinicalCondition, DiagnosticStatement, Person, ProcessStatus, Unit] -> [EvaluationProcess, Measurement] -> [MeasurementProcess] -> [CarePlan, ClinicalVisit]
[  15.0s] level 0: 6 agent(s), 0 known entities
[  15.0s]   CareUnit: extracting, compact (246 chars, 1 classes in view)
[  15.0s]   ClinicalCondition: extracting, compact (228 chars, 3 classes in view)
[  15.0s]   DiagnosticStatement: extracting, compact (228 chars, 1 classes in view)
[  15.0s]   Person: extracting, compact (246 chars, 1 classes in view)
[  15.7s]   Person: cycle 0 -> conforms
[  15.7s]   ProcessStatus: extracting, compact (533 chars, 1 classes in view)
[  15.7s]   CareUnit: cycle 0 -> conforms
[  15.7s]   Unit: extracting, compact (533 chars, 1 classes in view)
[  16.4s]   DiagnosticStatement: cycle 0 -> conforms
[  16.4s]   ProcessStatus: cycle 0 -> conforms
[  16.9s]   ClinicalCondition: cycle 0 -> conforms
[  17.3s]   Unit: cycle 0 -> conforms
[  17.3s] level 1: 2 agent(s), 7 known entities
[  17.3s]   EvaluationProcess: extracting, compact (228 chars, 7 classes in view)
[  17.3s]   Measurement: extracting, compact (533 chars, 2 classes in view)
[  19.1s]   EvaluationProcess: dropped 1 individual(s) outside its scope (built earlier, or another agent's class)
[  19.1s]   EvaluationProcess: cycle 0 -> 2 violation(s)
[  19.1s]   EvaluationProcess: fixing ...
[  20.9s]   Measurement: cycle 0 -> conforms
[  21.0s]   EvaluationProcess: dropped 1 individual(s) outside its scope (built earlier, or another agent's class)
[  21.0s]   EvaluationProcess: cycle 1 -> 2 violation(s)
[  21.0s]   EvaluationProcess: stopping (plateau)
[  21.0s] level 2: 1 agent(s), 10 known entities
[  21.0s]   MeasurementProcess: extracting, compact (533 chars, 6 classes in view)
[  25.6s]   MeasurementProcess: cycle 0 -> 1 violation(s)
[  25.6s]   MeasurementProcess: fixing ...
[  29.8s]   MeasurementProcess: dropped 1 individual(s) outside its scope (built earlier, or another agent's class)
[  29.9s]   MeasurementProcess: cycle 1 -> 2 violation(s)
[  29.9s]   MeasurementProcess: fixing ...
[  33.2s]   MeasurementProcess: dropped 1 individual(s) outside its scope (built earlier, or another agent's class)
[  33.2s]   MeasurementProcess: cycle 2 -> 2 violation(s)
[  33.2s]   MeasurementProcess: stopping (fix budget spent)
[  33.2s] level 3: 2 agent(s), 12 known entities
[  33.3s]   CarePlan: extracting, compact (1260 chars, 4 classes in view)
[  33.3s]   ClinicalVisit: extracting, compact (1260 chars, 5 classes in view)
[  34.1s]   CarePlan: cycle 0 -> 1 violation(s)
[  34.1s]   CarePlan: fixing ...
[  36.7s]   CarePlan: dropped 1 individual(s) outside its scope (built earlier, or another agent's class)
[  36.7s]   CarePlan: cycle 1 -> 2 violation(s)
[  36.7s]   CarePlan: fixing ...
[  37.5s]   CarePlan: cycle 2 -> 1 violation(s)
[  37.5s]   CarePlan: stopping (fix budget spent)
[  39.7s]   ClinicalVisit: dropped 1 individual(s) outside its scope (built earlier, or another agent's class)
[  39.7s]   ClinicalVisit: cycle 0 -> 3 violation(s)
[  39.7s]   ClinicalVisit: fixing ...
[  41.6s]   ClinicalVisit: dropped 1 individual(s) outside its scope (built earlier, or another agent's class)
[  41.7s]   ClinicalVisit: cycle 1 -> 3 violation(s)
[  41.7s]   ClinicalVisit: stopping (plateau)
[  41.7s] union: dropped 4 link(s) to undeclared individuals
[  41.7s] merging (orchestrator): 0 violation(s), 0 unresolved, 0 unparsed
[  71.8s] final: conforms
conforms=True segments=11 llm_calls=19 unresolved=0
  orchestrator   2 calls     6308 in    2559 out  cost n/a  gemma4-g1
  total         19 calls    42041 in    4158 out  cost n/a  
  worker        17 calls    35733 in    1599 out  cost n/a  gemma4-g1

exit=0 seconds=73
