[   0.0s] segmenting (orchestrator) ...
[  18.0s] 5 segments: s1[ClinicalVisit,Person,CareUnit,Person], s2[MeasurementProcess,Measurement,Unit,ProcessStatus], s3[EvaluationProcess,DiagnosticStatement,ClinicalCondition], s4[EvaluationProcess,DiagnosticStatement,ClinicalCondition], s5[CarePlan]
[  18.0s] build order: [CareUnit, ClinicalCondition, DiagnosticStatement, Person, ProcessStatus, Unit] -> [EvaluationProcess, Measurement] -> [MeasurementProcess] -> [CarePlan, ClinicalVisit]
[  18.0s] level 0: 6 agent(s), 0 known entities
[  18.0s]   CareUnit: extracting, compact (340 chars, 1 classes in view)
[  18.0s]   ClinicalCondition: extracting, compact (466 chars, 3 classes in view)
[  18.0s]   DiagnosticStatement: extracting, compact (466 chars, 1 classes in view)
[  18.0s]   Person: extracting, compact (340 chars, 1 classes in view)
[  18.6s]   CareUnit: cycle 0 -> conforms
[  18.6s]   ProcessStatus: extracting, compact (258 chars, 1 classes in view)
[  18.7s]   Person: cycle 0 -> conforms
[  18.7s]   Unit: extracting, compact (258 chars, 1 classes in view)
[  19.3s]   ProcessStatus: cycle 0 -> conforms
[  19.9s]   Unit: cycle 0 -> conforms
[  20.0s]   DiagnosticStatement: cycle 0 -> conforms
[  21.9s]   ClinicalCondition: cycle 0 -> conforms
[  21.9s]   ClinicalCondition: 4 unresolved (honest gaps)
[  22.0s] level 1: 2 agent(s), 8 known entities
[  22.0s]   EvaluationProcess: extracting, compact (466 chars, 7 classes in view)
[  22.0s]   Measurement: extracting, compact (258 chars, 2 classes in view)
[  24.2s]   Measurement: cycle 0 -> conforms
[  25.1s]   EvaluationProcess: dropped 1 individual(s) outside its scope (built earlier, or another agent's class)
[  25.1s]   EvaluationProcess: cycle 0 -> 2 violation(s)
[  25.1s]   EvaluationProcess: fixing ...
[  27.7s]   EvaluationProcess: dropped 1 individual(s) outside its scope (built earlier, or another agent's class)
[  27.8s]   EvaluationProcess: cycle 1 -> 2 violation(s)
[  27.8s]   EvaluationProcess: fixing ...
[  30.7s]   EvaluationProcess: dropped 1 individual(s) outside its scope (built earlier, or another agent's class)
[  30.8s]   EvaluationProcess: cycle 2 -> 2 violation(s)
[  30.8s]   EvaluationProcess: stopping (fix budget spent)
[  30.8s] level 2: 1 agent(s), 11 known entities
[  30.8s]   MeasurementProcess: extracting, compact (258 chars, 6 classes in view)
[  35.2s]   MeasurementProcess: dropped 1 individual(s) outside its scope (built earlier, or another agent's class)
[  35.2s]   MeasurementProcess: cycle 0 -> 2 violation(s)
[  35.2s]   MeasurementProcess: fixing ...
[  38.6s]   MeasurementProcess: dropped 1 individual(s) outside its scope (built earlier, or another agent's class)
[  38.7s]   MeasurementProcess: cycle 1 -> 2 violation(s)
[  38.7s]   MeasurementProcess: stopping (plateau)
[  38.7s] level 3: 2 agent(s), 13 known entities
[  38.7s]   CarePlan: extracting, compact (1184 chars, 4 classes in view)
[  38.7s]   ClinicalVisit: extracting, compact (1184 chars, 5 classes in view)
[  39.6s]   CarePlan: cycle 0 -> 1 violation(s)
[  39.6s]   CarePlan: fixing ...
[  40.4s]   CarePlan: cycle 1 -> 1 violation(s)
[  40.4s]   CarePlan: stopping (plateau)
[  44.5s]   ClinicalVisit: dropped 1 individual(s) outside its scope (built earlier, or another agent's class)
[  44.5s]   ClinicalVisit: cycle 0 -> 3 violation(s)
[  44.5s]   ClinicalVisit: fixing ...
[  46.4s]   ClinicalVisit: dropped 1 individual(s) outside its scope (built earlier, or another agent's class)
[  46.5s]   ClinicalVisit: cycle 1 -> 3 violation(s)
[  46.5s]   ClinicalVisit: stopping (plateau)
[  46.5s] union: dropped 4 link(s) to undeclared individuals
[  46.5s] merging (orchestrator): 0 violation(s), 4 unresolved, 0 unparsed
[  76.6s] final: conforms
conforms=True segments=11 llm_calls=18 unresolved=0
  orchestrator   2 calls     6380 in    2612 out  cost n/a  gemma4-g1
  total         18 calls    39638 in    4316 out  cost n/a  
  worker        16 calls    33258 in    1704 out  cost n/a  gemma4-g1

exit=0 seconds=78
