[   0.0s] segmenting (orchestrator) ...
[  32.1s] 13 segments: s1[ClinicalVisit,Person,CareUnit,Person], s2[MeasurementProcess,Measurement], s3[MeasurementProcess,Measurement], s4[MeasurementProcess,Measurement], s5[MeasurementProcess,Measurement], s6[MeasurementProcess,Measurement], s7[MeasurementProcess,Measurement], s8[MeasurementProcess,Measurement], s9[MeasurementProcess,Measurement], s10[MeasurementProcess,Measurement], s11[MeasurementProcess,Measurement], s12[EvaluationProcess,DiagnosticStatement,ClinicalCondition], s13[CarePlan]
[  32.1s] build order: [CareUnit, ClinicalCondition, DiagnosticStatement, Measurement, Person] -> [EvaluationProcess, MeasurementProcess] -> [CarePlan, ClinicalVisit]
[  32.1s] level 0: 5 agent(s), 0 known entities
[  32.1s]   CareUnit: extracting, compact (219 chars, 1 classes in view)
[  32.1s]   ClinicalCondition: extracting, compact (235 chars, 3 classes in view)
[  32.1s]   DiagnosticStatement: extracting, compact (235 chars, 1 classes in view)
[  32.1s]   Measurement: extracting, compact (2375 chars, 2 classes in view)
[  32.9s]   CareUnit: cycle 0 -> conforms
[  32.9s]   Person: extracting, compact (219 chars, 1 classes in view)
[  33.3s]   DiagnosticStatement: cycle 0 -> conforms
[  33.5s]   Person: cycle 0 -> conforms
[  33.9s]   ClinicalCondition: cycle 0 -> conforms
[  48.1s]   Measurement: cycle 0 -> conforms
[  48.1s] level 1: 2 agent(s), 20 known entities
[  48.1s]   EvaluationProcess: extracting, compact (235 chars, 7 classes in view)
[  48.1s]   MeasurementProcess: extracting, compact (2375 chars, 6 classes in view)
[  50.8s]   EvaluationProcess: dropped 1 individual(s) outside its scope (built earlier, or another agent's class)
[  50.9s]   EvaluationProcess: cycle 0 -> 2 violation(s)
[  50.9s]   EvaluationProcess: fixing ...
[  53.0s]   EvaluationProcess: cycle 1 -> conforms
[  53.0s]   EvaluationProcess: 1 unresolved (honest gaps)
[  71.0s]   MeasurementProcess: dropped 1 individual(s) outside its scope (built earlier, or another agent's class)
[  71.1s]   MeasurementProcess: cycle 0 -> 2 violation(s)
[  71.1s]   MeasurementProcess: fixing ...
[  81.7s]   MeasurementProcess: cycle 1 -> conforms
[  81.7s] level 2: 2 agent(s), 32 known entities
[  81.7s]   CarePlan: extracting, compact (3046 chars, 4 classes in view)
[  81.7s]   ClinicalVisit: extracting, compact (3046 chars, 5 classes in view)
[  82.8s]   CarePlan: cycle 0 -> conforms
[  84.7s]   ClinicalVisit: dropped 1 individual(s) outside its scope (built earlier, or another agent's class)
[  84.8s]   ClinicalVisit: cycle 0 -> 2 violation(s)
[  84.8s]   ClinicalVisit: fixing ...
[  88.1s]   ClinicalVisit: dropped 1 individual(s) outside its scope (built earlier, or another agent's class)
[  88.2s]   ClinicalVisit: cycle 1 -> 2 violation(s)
[  88.2s]   ClinicalVisit: stopping (plateau)
[  88.2s] union: dropped 1 link(s) to undeclared individuals
[  88.2s] merging (orchestrator): 0 violation(s), 1 unresolved, 0 unparsed
[ 169.0s] final: conforms
conforms=True segments=9 llm_calls=14 unresolved=0
  orchestrator   2 calls    10655 in    6667 out  cost n/a  gemma4-g1
  total         14 calls    42447 in   10301 out  cost n/a  
  worker        12 calls    31792 in    3634 out  cost n/a  gemma4-g1

exit=0 seconds=170
