[   0.0s] segmenting (orchestrator) ...
[  27.5s] 11 segments: s1[ClinicalVisit,Person,CareUnit,Person], s2[MeasurementProcess,Measurement,Unit,ProcessStatus], s3[MeasurementProcess,Measurement,Unit,ProcessStatus], s4[MeasurementProcess,Measurement,Unit,ProcessStatus], s5[MeasurementProcess,Measurement,Unit,ProcessStatus], s6[MeasurementProcess,Measurement,Unit,ProcessStatus], s7[MeasurementProcess,Measurement,Unit,ProcessStatus], s8[MeasurementProcess,Measurement,Unit,ProcessStatus], s9[MeasurementProcess,Measurement,Unit,ProcessStatus], s10[EvaluationProcess,DiagnosticStatement,ClinicalCondition], s11[CarePlan]
[  27.5s] build order: [CareUnit, ClinicalCondition, DiagnosticStatement, Person, ProcessStatus, Unit] -> [EvaluationProcess, Measurement] -> [MeasurementProcess] -> [CarePlan, ClinicalVisit]
[  27.5s] level 0: 6 agent(s), 0 known entities
[  27.5s]   CareUnit: extracting, compact (316 chars, 1 classes in view)
[  27.5s]   ClinicalCondition: extracting, compact (235 chars, 3 classes in view)
[  27.5s]   DiagnosticStatement: extracting, compact (235 chars, 1 classes in view)
[  27.5s]   Person: extracting, compact (316 chars, 1 classes in view)
[  28.6s]   CareUnit: cycle 0 -> conforms
[  28.6s]   ProcessStatus: extracting, compact (1877 chars, 1 classes in view)
[  28.7s]   Person: cycle 0 -> conforms
[  28.7s]   Unit: extracting, compact (1877 chars, 1 classes in view)
[  29.4s]   ProcessStatus: cycle 0 -> conforms
[  29.5s]   DiagnosticStatement: cycle 0 -> conforms
[  30.1s]   ClinicalCondition: cycle 0 -> conforms
[  31.9s]   Unit: cycle 0 -> conforms
[  31.9s] level 1: 2 agent(s), 10 known entities
[  31.9s]   EvaluationProcess: extracting, compact (235 chars, 7 classes in view)
[  31.9s]   Measurement: extracting, compact (1877 chars, 2 classes in view)
[  34.1s]   EvaluationProcess: dropped 1 individual(s) outside its scope (built earlier, or another agent's class)
[  34.1s]   EvaluationProcess: cycle 0 -> 2 violation(s)
[  34.1s]   EvaluationProcess: fixing ...
[  38.1s]   EvaluationProcess: dropped 1 individual(s) outside its scope (built earlier, or another agent's class)
[  38.2s]   EvaluationProcess: cycle 1 -> 2 violation(s)
[  38.2s]   EvaluationProcess: stopping (plateau)
[  43.3s]   Measurement: cycle 0 -> conforms
[  43.3s] level 2: 1 agent(s), 19 known entities
[  43.3s]   MeasurementProcess: extracting, compact (1877 chars, 6 classes in view)
[  53.6s]   MeasurementProcess: cycle 0 -> 1 violation(s)
[  53.6s]   MeasurementProcess: fixing ...
[  63.5s]   MeasurementProcess: dropped 1 individual(s) outside its scope (built earlier, or another agent's class)
[  63.6s]   MeasurementProcess: cycle 1 -> 2 violation(s)
[  63.6s]   MeasurementProcess: fixing ...
[  73.9s]   MeasurementProcess: dropped 1 individual(s) outside its scope (built earlier, or another agent's class)
[  74.0s]   MeasurementProcess: cycle 2 -> 2 violation(s)
[  74.0s]   MeasurementProcess: stopping (fix budget spent)
[  74.0s] level 3: 2 agent(s), 27 known entities
[  74.0s]   CarePlan: extracting, compact (2548 chars, 4 classes in view)
[  74.0s]   ClinicalVisit: extracting, compact (2548 chars, 5 classes in view)
[  75.7s]   CarePlan: cycle 0 -> 1 violation(s)
[  75.7s]   CarePlan: fixing ...
[  76.7s]   CarePlan: cycle 1 -> 1 violation(s)
[  76.7s]   CarePlan: stopping (plateau)
[  77.7s]   ClinicalVisit: dropped 1 individual(s) outside its scope (built earlier, or another agent's class)
[  77.7s]   ClinicalVisit: cycle 0 -> 3 violation(s)
[  77.7s]   ClinicalVisit: fixing ...
[  95.9s]   ClinicalVisit: dropped 1 individual(s) outside its scope (built earlier, or another agent's class)
[  96.0s]   ClinicalVisit: cycle 1 -> 3 violation(s)
[  96.0s]   ClinicalVisit: stopping (plateau)
[  96.0s] union: dropped 10 link(s) to undeclared individuals
[  96.1s] merging (orchestrator): 0 violation(s), 0 unresolved, 0 unparsed
[ 163.8s] final: conforms
conforms=True segments=11 llm_calls=18 unresolved=0
  orchestrator   2 calls     9376 in    5624 out  cost n/a  gemma4-g1
  total         18 calls    49289 in    9695 out  cost n/a  
  worker        16 calls    39913 in    4071 out  cost n/a  gemma4-g1

exit=0 seconds=165
