[   0.0s] segmenting (orchestrator) ...
[  30.8s] 13 segments: s1[ClinicalVisit,Person,CareUnit,Person], s2[MeasurementProcess,Measurement], s3[MeasurementProcess,Measurement], s4[MeasurementProcess,Measurement], s5[MeasurementProcess,Measurement], s6[MeasurementProcess,Measurement], s7[MeasurementProcess,Measurement], s8[MeasurementProcess,Measurement], s9[MeasurementProcess,Measurement], s10[MeasurementProcess,Measurement], s11[MeasurementProcess,Measurement], s12[EvaluationProcess,DiagnosticStatement,ClinicalCondition], s13[CarePlan]
[  30.8s] build order: [CareUnit, ClinicalCondition, DiagnosticStatement, Measurement, Person] -> [EvaluationProcess, MeasurementProcess] -> [CarePlan, ClinicalVisit]
[  30.8s] level 0: 5 agent(s), 0 known entities
[  30.8s]   CareUnit: extracting, compact (219 chars, 1 classes in view)
[  30.8s]   ClinicalCondition: extracting, compact (235 chars, 3 classes in view)
[  30.8s]   DiagnosticStatement: extracting, compact (235 chars, 1 classes in view)
[  30.8s]   Measurement: extracting, compact (2374 chars, 2 classes in view)
[  31.4s]   CareUnit: cycle 0 -> conforms
[  31.4s]   Person: extracting, compact (219 chars, 1 classes in view)
[  31.9s]   DiagnosticStatement: cycle 0 -> conforms
[  32.0s]   Person: cycle 0 -> conforms
[  32.4s]   ClinicalCondition: cycle 0 -> conforms
[  45.8s]   Measurement: cycle 0 -> conforms
[  45.8s] level 1: 2 agent(s), 20 known entities
[  45.8s]   EvaluationProcess: extracting, compact (235 chars, 7 classes in view)
[  45.9s]   MeasurementProcess: extracting, compact (2374 chars, 6 classes in view)
[  48.1s]   EvaluationProcess: dropped 1 individual(s) outside its scope (built earlier, or another agent's class)
[  48.1s]   EvaluationProcess: cycle 0 -> 2 violation(s)
[  48.1s]   EvaluationProcess: fixing ...
[  51.5s]   EvaluationProcess: dropped 1 individual(s) outside its scope (built earlier, or another agent's class)
[  51.5s]   EvaluationProcess: cycle 1 -> 2 violation(s)
[  51.5s]   EvaluationProcess: stopping (plateau)
[  62.6s]   MeasurementProcess: dropped 1 individual(s) outside its scope (built earlier, or another agent's class)
[  62.7s]   MeasurementProcess: cycle 0 -> 12 violation(s)
[  62.7s]   MeasurementProcess: fixing ...
[  87.2s]   MeasurementProcess: dropped 1 individual(s) outside its scope (built earlier, or another agent's class)
[  87.2s]   MeasurementProcess: cycle 1 -> 2 violation(s)
[  87.2s]   MeasurementProcess: fixing ...
[ 100.3s]   MeasurementProcess: dropped 1 individual(s) outside its scope (built earlier, or another agent's class)
[ 100.4s]   MeasurementProcess: cycle 2 -> 2 violation(s)
[ 100.4s]   MeasurementProcess: stopping (fix budget spent)
[ 100.4s] level 2: 2 agent(s), 32 known entities
[ 100.4s]   ClinicalVisit: extracting, compact (3045 chars, 5 classes in view)
[ 100.5s]   CarePlan: extracting, compact (3045 chars, 4 classes in view)
[ 101.5s]   CarePlan: cycle 0 -> 1 violation(s)
[ 101.5s]   CarePlan: fixing ...
[ 102.9s]   CarePlan: dropped 1 individual(s) outside its scope (built earlier, or another agent's class)
[ 103.0s]   CarePlan: cycle 1 -> 2 violation(s)
[ 103.0s]   CarePlan: fixing ...
[ 104.0s]   CarePlan: cycle 2 -> 1 violation(s)
[ 104.0s]   CarePlan: stopping (fix budget spent)
[ 104.5s]   ClinicalVisit: dropped 1 individual(s) outside its scope (built earlier, or another agent's class)
[ 104.6s]   ClinicalVisit: cycle 0 -> 3 violation(s)
[ 104.6s]   ClinicalVisit: fixing ...
[ 107.7s]   ClinicalVisit: dropped 1 individual(s) outside its scope (built earlier, or another agent's class)
[ 107.8s]   ClinicalVisit: cycle 1 -> 3 violation(s)
[ 107.8s]   ClinicalVisit: stopping (plateau)
[ 107.8s] union: dropped 12 link(s) to undeclared individuals
[ 107.9s] merging (orchestrator): 0 violation(s), 0 unresolved, 0 unparsed
[ 192.4s] final: conforms
conforms=True segments=9 llm_calls=17 unresolved=0
  orchestrator   2 calls    10581 in    6426 out  cost n/a  gemma4-g1
  total         17 calls    52260 in   11256 out  cost n/a  
  worker        15 calls    41679 in    4830 out  cost n/a  gemma4-g1

exit=0 seconds=193
