[   0.0s] segmenting (orchestrator) ...
[  25.7s] 11 segments: s1[ClinicalVisit,Person,CareUnit,Person], s2[MeasurementProcess,Measurement], s3[MeasurementProcess,Measurement], s4[MeasurementProcess,Measurement], s5[MeasurementProcess,Measurement], s6[MeasurementProcess,Measurement], s7[MeasurementProcess,Measurement], s8[MeasurementProcess,Measurement], s9[MeasurementProcess,Measurement], s10[EvaluationProcess,DiagnosticStatement,ClinicalCondition], s11[CarePlan]
[  25.7s] build order: [CareUnit, ClinicalCondition, DiagnosticStatement, Measurement, Person] -> [EvaluationProcess, MeasurementProcess] -> [CarePlan, ClinicalVisit]
[  25.7s] level 0: 5 agent(s), 0 known entities
[  25.7s]   CareUnit: extracting, compact (219 chars, 1 classes in view)
[  25.7s]   ClinicalCondition: extracting, compact (235 chars, 3 classes in view)
[  25.7s]   DiagnosticStatement: extracting, compact (235 chars, 1 classes in view)
[  25.7s]   Measurement: extracting, compact (1878 chars, 2 classes in view)
[  26.3s]   CareUnit: cycle 0 -> conforms
[  26.3s]   Person: extracting, compact (219 chars, 1 classes in view)
[  26.7s]   DiagnosticStatement: cycle 0 -> conforms
[  26.9s]   Person: cycle 0 -> conforms
[  27.2s]   ClinicalCondition: cycle 0 -> conforms
[  38.3s]   Measurement: cycle 0 -> conforms
[  38.3s] level 1: 2 agent(s), 17 known entities
[  38.3s]   EvaluationProcess: extracting, compact (235 chars, 7 classes in view)
[  38.3s]   MeasurementProcess: extracting, compact (1878 chars, 6 classes in view)
[  40.9s]   EvaluationProcess: dropped 1 individual(s) outside its scope (built earlier, or another agent's class)
[  41.0s]   EvaluationProcess: cycle 0 -> 2 violation(s)
[  41.0s]   EvaluationProcess: fixing ...
[  42.4s]   EvaluationProcess: dropped 1 individual(s) outside its scope (built earlier, or another agent's class)
[  42.5s]   EvaluationProcess: cycle 1 -> 2 violation(s)
[  42.5s]   EvaluationProcess: stopping (plateau)
[  56.1s]   MeasurementProcess: dropped 1 individual(s) outside its scope (built earlier, or another agent's class)
[  56.2s]   MeasurementProcess: cycle 0 -> 10 violation(s)
[  56.2s]   MeasurementProcess: fixing ...
[  75.3s]   MeasurementProcess: dropped 1 individual(s) outside its scope (built earlier, or another agent's class)
[  75.4s]   MeasurementProcess: cycle 1 -> 2 violation(s)
[  75.4s]   MeasurementProcess: fixing ...
[  85.8s]   MeasurementProcess: dropped 1 individual(s) outside its scope (built earlier, or another agent's class)
[  85.8s]   MeasurementProcess: cycle 2 -> 2 violation(s)
[  85.8s]   MeasurementProcess: stopping (fix budget spent)
[  85.8s] level 2: 2 agent(s), 27 known entities
[  85.8s]   CarePlan: extracting, compact (2549 chars, 4 classes in view)
[  85.8s]   ClinicalVisit: extracting, compact (2549 chars, 5 classes in view)
[  87.3s]   CarePlan: cycle 0 -> 1 violation(s)
[  87.3s]   CarePlan: fixing ...
[  88.2s]   CarePlan: cycle 1 -> 1 violation(s)
[  88.2s]   CarePlan: stopping (plateau)
[  97.7s]   ClinicalVisit: dropped 1 individual(s) outside its scope (built earlier, or another agent's class)
[  97.7s]   ClinicalVisit: cycle 0 -> 3 violation(s)
[  97.7s]   ClinicalVisit: fixing ...
[ 110.8s]   ClinicalVisit: dropped 1 individual(s) outside its scope (built earlier, or another agent's class)
[ 110.9s]   ClinicalVisit: cycle 1 -> 3 violation(s)
[ 110.9s]   ClinicalVisit: stopping (plateau)
[ 110.9s] union: dropped 10 link(s) to undeclared individuals
[ 110.9s] merging (orchestrator): 0 violation(s), 0 unresolved, 0 unparsed
[ 177.0s] final: conforms
conforms=True segments=9 llm_calls=16 unresolved=0
  orchestrator   2 calls     9365 in    5540 out  cost n/a  gemma4-g1
  total         16 calls    45682 in   10677 out  cost n/a  
  worker        14 calls    36317 in    5137 out  cost n/a  gemma4-g1

exit=0 seconds=178
