[   0.0s] segmenting (orchestrator) ...
[  49.0s] 20 segments: s1[ClinicalVisit,Person,CareUnit,Person], s2[MeasurementProcess,Measurement], s3[MeasurementProcess,Measurement], s4[MeasurementProcess,Measurement], s5[MeasurementProcess,Measurement], s6[MeasurementProcess,Measurement], s7[MeasurementProcess,Measurement], s8[MeasurementProcess,Measurement], s9[MeasurementProcess,Measurement], s10[MeasurementProcess,Measurement], s11[MeasurementProcess,Measurement], s12[MeasurementProcess,Measurement], s13[MeasurementProcess,Measurement], s14[MeasurementProcess,Measurement], s15[MeasurementProcess,Measurement], s16[MeasurementProcess,Measurement], s17[MeasurementProcess,Measurement], s18[EvaluationProcess,DiagnosticStatement,ClinicalCondition], s19[EvaluationProcess,DiagnosticStatement,ClinicalCondition], s20[CarePlan]
[  49.0s] build order: [CareUnit, ClinicalCondition, DiagnosticStatement, Measurement, Person] -> [EvaluationProcess, MeasurementProcess] -> [CarePlan, ClinicalVisit]
[  49.0s] level 0: 5 agent(s), 0 known entities
[  49.0s]   CareUnit: extracting, compact (235 chars, 1 classes in view)
[  49.0s]   ClinicalCondition: extracting, compact (462 chars, 3 classes in view)
[  49.0s]   DiagnosticStatement: extracting, compact (462 chars, 1 classes in view)
[  49.0s]   Measurement#1: extracting, compact (2911 chars, 2 classes in view)
[  50.4s]   CareUnit: cycle 0 -> conforms
[  50.4s]   Measurement#2: extracting, compact (993 chars, 2 classes in view)
[  51.6s]   DiagnosticStatement: cycle 0 -> conforms
[  51.6s]   Person: extracting, compact (235 chars, 1 classes in view)
[  52.3s]   Person: cycle 0 -> conforms
[  53.0s]   ClinicalCondition: cycle 0 -> conforms
[  57.9s]   Measurement#2: cycle 0 -> conforms
[  70.3s]   Measurement#1: cycle 0 -> 3 violation(s)
[  70.3s]   Measurement#1: fixing ...
[  89.1s]   Measurement#1: cycle 1 -> conforms
[  89.2s] level 1: 2 agent(s), 31 known entities
[  89.2s]   EvaluationProcess: extracting, compact (462 chars, 7 classes in view)
[  89.2s]   MeasurementProcess#1: extracting, compact (2911 chars, 6 classes in view)
[  89.2s]   MeasurementProcess#2: extracting, compact (993 chars, 6 classes in view)
[  93.8s]   EvaluationProcess: dropped 1 individual(s) outside its scope (built earlier, or another agent's class)
[  93.9s]   EvaluationProcess: cycle 0 -> 2 violation(s)
[  93.9s]   EvaluationProcess: fixing ...
[  97.1s]   EvaluationProcess: dropped 1 individual(s) outside its scope (built earlier, or another agent's class)
[  97.2s]   EvaluationProcess: cycle 1 -> 2 violation(s)
[  97.2s]   EvaluationProcess: fixing ...
[  98.4s]   MeasurementProcess#2: dropped 1 individual(s) outside its scope (built earlier, or another agent's class)
[  98.5s]   MeasurementProcess#2: cycle 0 -> 2 violation(s)
[  98.5s]   MeasurementProcess#2: fixing ...
[ 101.0s]   EvaluationProcess: dropped 1 individual(s) outside its scope (built earlier, or another agent's class)
[ 101.1s]   EvaluationProcess: cycle 2 -> 2 violation(s)
[ 101.1s]   EvaluationProcess: stopping (fix budget spent)
[ 105.2s]   MeasurementProcess#2: dropped 1 individual(s) outside its scope (built earlier, or another agent's class)
[ 105.3s]   MeasurementProcess#2: cycle 1 -> 2 violation(s)
[ 105.3s]   MeasurementProcess#2: fixing ...
[ 107.4s]   MeasurementProcess#1: cycle 0 -> conforms
[ 112.3s]   MeasurementProcess#2: dropped 1 individual(s) outside its scope (built earlier, or another agent's class)
[ 112.4s]   MeasurementProcess#2: cycle 2 -> 2 violation(s)
[ 112.4s]   MeasurementProcess#2: stopping (fix budget spent)
[ 112.4s]   MeasurementProcess#2: 1 unresolved (honest gaps)
[ 112.4s] level 2: 2 agent(s), 50 known entities
[ 112.4s]   CarePlan: extracting, compact (4812 chars, 4 classes in view)
[ 112.4s]   ClinicalVisit: extracting, compact (4812 chars, 5 classes in view)
[ 113.7s]   CarePlan: cycle 0 -> 1 violation(s)
[ 113.7s]   CarePlan: fixing ...
[ 121.7s]   ClinicalVisit: dropped 16 individual(s) outside its scope (built earlier, or another agent's class)
[ 121.8s]   ClinicalVisit: cycle 0 -> 33 violation(s)
[ 121.8s]   ClinicalVisit: fixing ...
[ 126.6s]   ClinicalVisit: dropped 1 individual(s) outside its scope (built earlier, or another agent's class)
[ 126.7s]   ClinicalVisit: cycle 1 -> 3 violation(s)
[ 126.7s]   ClinicalVisit: fixing ...
[ 131.1s]   ClinicalVisit: dropped 1 individual(s) outside its scope (built earlier, or another agent's class)
[ 131.2s]   ClinicalVisit: cycle 2 -> 3 violation(s)
[ 131.2s]   ClinicalVisit: stopping (fix budget spent)
[ 168.8s]   CarePlan: dropped 18 individual(s) outside its scope (built earlier, or another agent's class)
[ 168.9s]   CarePlan: cycle 1 -> 19 violation(s)
[ 168.9s]   CarePlan: fixing ...
[ 217.2s]   CarePlan: dropped 35 individual(s) outside its scope (built earlier, or another agent's class)
[ 217.3s]   CarePlan: cycle 2 -> 54 violation(s)
[ 217.3s]   CarePlan: stopping (fix budget spent)
[ 217.3s]   CarePlan: 1 unresolved (honest gaps)
[ 217.3s] union: merged 1 identical individual(s)
[ 217.3s] union: dropped 7 link(s) to undeclared individuals
[ 217.4s] merging (orchestrator): 0 violation(s), 2 unresolved, 0 unparsed
[ 364.1s] final: conforms
conforms=True segments=11 llm_calls=22 unresolved=0
  orchestrator   2 calls    14322 in   10289 out  cost n/a  gemma4-g1
  total         22 calls    81057 in   21660 out  cost n/a  
  worker        20 calls    66735 in   11371 out  cost n/a  gemma4-g1

exit=0 seconds=365
