[   0.0s] segmenting (orchestrator) ...
[  51.8s] 20 segments: s1[ClinicalVisit,Person,CareUnit,Person], s2[MeasurementProcess,Measurement], s3[MeasurementProcess,Measurement], s4[MeasurementProcess,Measurement], s5[MeasurementProcess,Measurement], s6[MeasurementProcess,Measurement], s7[MeasurementProcess,Measurement], s8[MeasurementProcess,Measurement], s9[MeasurementProcess,Measurement], s10[MeasurementProcess,Measurement], s11[MeasurementProcess,Measurement], s12[MeasurementProcess,Measurement], s13[MeasurementProcess,Measurement], s14[MeasurementProcess,Measurement], s15[MeasurementProcess,Measurement], s16[MeasurementProcess,Measurement], s17[MeasurementProcess,Measurement], s18[MeasurementProcess,Measurement], s19[EvaluationProcess,ClinicalCondition,DiagnosticStatement], s20[CarePlan]
[  51.8s] build order: [CareUnit, ClinicalCondition, DiagnosticStatement, Measurement, Person] -> [EvaluationProcess, MeasurementProcess] -> [CarePlan, ClinicalVisit]
[  51.8s] level 0: 5 agent(s), 0 known entities
[  51.8s]   CareUnit: extracting, compact (238 chars, 1 classes in view)
[  51.8s]   ClinicalCondition: extracting, compact (226 chars, 3 classes in view)
[  51.8s]   DiagnosticStatement: extracting, compact (226 chars, 1 classes in view)
[  51.8s]   Measurement#1: extracting, compact (2838 chars, 2 classes in view)
[  52.5s]   CareUnit: cycle 0 -> conforms
[  52.5s]   Measurement#2: extracting, compact (1246 chars, 2 classes in view)
[  52.9s]   DiagnosticStatement: cycle 0 -> conforms
[  52.9s]   Person: extracting, compact (238 chars, 1 classes in view)
[  53.5s]   Person: cycle 0 -> conforms
[  53.5s]   ClinicalCondition: cycle 0 -> conforms
[  62.0s]   Measurement#2: cycle 0 -> conforms
[  74.9s]   Measurement#1: cycle 0 -> 2 violation(s)
[  74.9s]   Measurement#1: fixing ...
[  95.9s]   Measurement#1: cycle 1 -> conforms
[  95.9s] level 1: 2 agent(s), 29 known entities
[  95.9s]   EvaluationProcess: extracting, compact (226 chars, 7 classes in view)
[  95.9s]   MeasurementProcess#1: extracting, compact (2838 chars, 6 classes in view)
[  95.9s]   MeasurementProcess#2: extracting, compact (1246 chars, 6 classes in view)
[ 100.1s]   EvaluationProcess: dropped 1 individual(s) outside its scope (built earlier, or another agent's class)
[ 100.2s]   EvaluationProcess: cycle 0 -> 2 violation(s)
[ 100.2s]   EvaluationProcess: fixing ...
[ 102.2s]   EvaluationProcess: dropped 1 individual(s) outside its scope (built earlier, or another agent's class)
[ 102.2s]   EvaluationProcess: cycle 1 -> 2 violation(s)
[ 102.2s]   EvaluationProcess: stopping (plateau)
[ 108.9s]   MeasurementProcess#2: dropped 1 individual(s) outside its scope (built earlier, or another agent's class)
[ 109.0s]   MeasurementProcess#2: cycle 0 -> 7 violation(s)
[ 109.0s]   MeasurementProcess#2: fixing ...
[ 113.4s]   MeasurementProcess#1: dropped 1 individual(s) outside its scope (built earlier, or another agent's class)
[ 113.5s]   MeasurementProcess#1: cycle 0 -> 2 violation(s)
[ 113.5s]   MeasurementProcess#1: fixing ...
[ 126.2s]   MeasurementProcess#2: dropped 1 individual(s) outside its scope (built earlier, or another agent's class)
[ 126.3s]   MeasurementProcess#2: cycle 1 -> 2 violation(s)
[ 126.3s]   MeasurementProcess#2: fixing ...
[ 132.9s]   MeasurementProcess#1: dropped 1 individual(s) outside its scope (built earlier, or another agent's class)
[ 133.0s]   MeasurementProcess#1: cycle 1 -> 2 violation(s)
[ 133.0s]   MeasurementProcess#1: fixing ...
[ 136.4s]   MeasurementProcess#2: cycle 2 -> conforms
[ 136.4s]   MeasurementProcess#2: 5 unresolved (honest gaps)
[ 150.6s]   MeasurementProcess#1: dropped 1 individual(s) outside its scope (built earlier, or another agent's class)
[ 150.7s]   MeasurementProcess#1: cycle 2 -> 2 violation(s)
[ 150.7s]   MeasurementProcess#1: stopping (fix budget spent)
[ 150.7s] level 2: 2 agent(s), 48 known entities
[ 150.7s]   CarePlan: extracting, compact (4769 chars, 4 classes in view)
[ 150.7s]   ClinicalVisit: extracting, compact (4769 chars, 5 classes in view)
[ 152.5s]   CarePlan: cycle 0 -> 1 violation(s)
[ 152.5s]   CarePlan: fixing ...
[ 156.5s]   ClinicalVisit: dropped 1 individual(s) outside its scope (built earlier, or another agent's class)
[ 156.6s]   ClinicalVisit: cycle 0 -> 3 violation(s)
[ 156.6s]   ClinicalVisit: fixing ...
[ 161.7s]   ClinicalVisit: dropped 1 individual(s) outside its scope (built earlier, or another agent's class)
[ 161.8s]   ClinicalVisit: cycle 1 -> 3 violation(s)
[ 161.8s]   ClinicalVisit: stopping (plateau)
[ 182.0s]   CarePlan: dropped 20 individual(s) outside its scope (built earlier, or another agent's class)
[ 182.1s]   CarePlan: cycle 1 -> 21 violation(s)
[ 182.1s]   CarePlan: fixing ...
[ 238.0s]   CarePlan: dropped 20 individual(s) outside its scope (built earlier, or another agent's class)
[ 238.1s]   CarePlan: cycle 2 -> 22 violation(s)
[ 238.1s]   CarePlan: stopping (fix budget spent)
[ 238.1s]   CarePlan: 1 unresolved (honest gaps)
[ 238.2s] union: dropped 14 link(s) to undeclared individuals
[ 238.2s] merging (orchestrator): 1 violation(s), 6 unresolved, 0 unparsed
[ 375.6s] final: conforms
conforms=True segments=11 llm_calls=22 unresolved=0
  orchestrator   2 calls    14676 in   10489 out  cost n/a  gemma4-g1
  total         22 calls    81249 in   22942 out  cost n/a  
  worker        20 calls    66573 in   12453 out  cost n/a  gemma4-g1

exit=0 seconds=376
