[   0.0s] segmenting (orchestrator) ...
[  54.0s] 19 segments: s1[ClinicalVisit,Person,CareUnit,Person], s2[MeasurementProcess,Measurement,Unit], s3[MeasurementProcess,Measurement,Unit], s4[MeasurementProcess,Measurement,Unit], s5[MeasurementProcess,Measurement,Unit], s6[MeasurementProcess,Measurement,Unit], s7[MeasurementProcess,Measurement,Unit], s8[MeasurementProcess,Measurement,Unit], s9[MeasurementProcess,Measurement,Unit], s10[MeasurementProcess,Measurement,Unit], s11[MeasurementProcess,Measurement,Unit], s12[MeasurementProcess,Measurement,Unit], s13[MeasurementProcess,Measurement,Unit], s14[MeasurementProcess,Measurement,Unit], s15[MeasurementProcess,Measurement,Unit], s16[EvaluationProcess,DiagnosticStatement,ClinicalCondition], s17[EvaluationProcess,DiagnosticStatement,ClinicalCondition], s18[EvaluationProcess,DiagnosticStatement,ClinicalCondition], s19[CarePlan]
[  54.0s] build order: [CareUnit, ClinicalCondition, DiagnosticStatement, Person, Unit] -> [EvaluationProcess, Measurement] -> [MeasurementProcess] -> [CarePlan, ClinicalVisit]
[  54.0s] level 0: 5 agent(s), 0 known entities
[  54.0s]   CareUnit: extracting, compact (250 chars, 1 classes in view)
[  54.0s]   ClinicalCondition: extracting, compact (716 chars, 3 classes in view)
[  54.0s]   DiagnosticStatement: extracting, compact (716 chars, 1 classes in view)
[  54.0s]   Person: extracting, compact (250 chars, 1 classes in view)
[  54.7s]   CareUnit: cycle 0 -> conforms
[  54.7s]   Unit#1: extracting, compact (2982 chars, 1 classes in view)
[  54.7s]   Person: cycle 0 -> conforms
[  54.7s]   Unit#2: extracting, compact (505 chars, 1 classes in view)
[  55.9s]   Unit#2: cycle 0 -> conforms
[  56.7s]   DiagnosticStatement: cycle 0 -> conforms
[  58.1s]   ClinicalCondition: cycle 0 -> conforms
[  60.6s]   Unit#1: cycle 0 -> conforms
[  60.6s] level 1: 2 agent(s), 18 known entities
[  60.6s]   EvaluationProcess: extracting, compact (716 chars, 7 classes in view)
[  60.6s]   Measurement#1: extracting, compact (2982 chars, 2 classes in view)
[  60.6s]   Measurement#2: extracting, compact (505 chars, 2 classes in view)
[  65.2s]   Measurement#2: cycle 0 -> conforms
[  66.0s]   EvaluationProcess: dropped 1 individual(s) outside its scope (built earlier, or another agent's class)
[  66.1s]   EvaluationProcess: cycle 0 -> 2 violation(s)
[  66.1s]   EvaluationProcess: fixing ...
[  72.9s]   EvaluationProcess: dropped 1 individual(s) outside its scope (built earlier, or another agent's class)
[  72.9s]   EvaluationProcess: cycle 1 -> 2 violation(s)
[  72.9s]   EvaluationProcess: fixing ...
[  77.0s]   EvaluationProcess: dropped 1 individual(s) outside its scope (built earlier, or another agent's class)
[  77.1s]   EvaluationProcess: cycle 2 -> 2 violation(s)
[  77.1s]   EvaluationProcess: stopping (fix budget spent)
[  81.4s]   Measurement#1: cycle 0 -> conforms
[  81.4s] level 2: 1 agent(s), 35 known entities
[  81.4s]   MeasurementProcess#1: extracting, compact (2982 chars, 6 classes in view)
[  81.4s]   MeasurementProcess#2: extracting, compact (505 chars, 6 classes in view)
[  86.1s]   MeasurementProcess#2: dropped 1 individual(s) outside its scope (built earlier, or another agent's class)
[  86.2s]   MeasurementProcess#2: cycle 0 -> 2 violation(s)
[  86.2s]   MeasurementProcess#2: fixing ...
[  90.5s]   MeasurementProcess#2: dropped 1 individual(s) outside its scope (built earlier, or another agent's class)
[  90.6s]   MeasurementProcess#2: cycle 1 -> 2 violation(s)
[  90.6s]   MeasurementProcess#2: fixing ...
[  95.0s]   MeasurementProcess#2: dropped 1 individual(s) outside its scope (built earlier, or another agent's class)
[  95.1s]   MeasurementProcess#2: cycle 2 -> 2 violation(s)
[  95.1s]   MeasurementProcess#2: stopping (fix budget spent)
[  95.1s]   MeasurementProcess#2: 3 unresolved (honest gaps)
[  96.5s]   MeasurementProcess#1: cycle 0 -> 1 violation(s)
[  96.5s]   MeasurementProcess#1: fixing ...
[ 110.9s]   MeasurementProcess#1: dropped 1 individual(s) outside its scope (built earlier, or another agent's class)
[ 111.0s]   MeasurementProcess#1: cycle 1 -> 2 violation(s)
[ 111.0s]   MeasurementProcess#1: fixing ...
[ 125.7s]   MeasurementProcess#1: dropped 1 individual(s) outside its scope (built earlier, or another agent's class)
[ 125.8s]   MeasurementProcess#1: cycle 2 -> 2 violation(s)
[ 125.8s]   MeasurementProcess#1: stopping (fix budget spent)
[ 125.8s] level 3: 2 agent(s), 50 known entities
[ 125.8s]   CarePlan: extracting, compact (4690 chars, 4 classes in view)
[ 125.8s]   ClinicalVisit: extracting, compact (4690 chars, 5 classes in view)
[ 127.3s]   CarePlan: cycle 0 -> 1 violation(s)
[ 127.3s]   CarePlan: fixing ...
[ 128.3s]   CarePlan: cycle 1 -> 1 violation(s)
[ 128.3s]   CarePlan: stopping (plateau)
[ 130.0s]   ClinicalVisit: dropped 1 individual(s) outside its scope (built earlier, or another agent's class)
[ 130.2s]   ClinicalVisit: cycle 0 -> 3 violation(s)
[ 130.2s]   ClinicalVisit: fixing ...
[ 133.6s]   ClinicalVisit: dropped 1 individual(s) outside its scope (built earlier, or another agent's class)
[ 133.8s]   ClinicalVisit: cycle 1 -> 3 violation(s)
[ 133.8s]   ClinicalVisit: stopping (plateau)
[ 133.8s] union: merged 1 identical individual(s)
[ 133.8s] union: dropped 18 link(s) to undeclared individuals
[ 133.9s] merging (orchestrator): 0 violation(s), 3 unresolved, 0 unparsed
[ 270.8s] final: conforms
conforms=True segments=13 llm_calls=23 unresolved=0
  orchestrator   2 calls    14242 in   10309 out  cost n/a  gemma4-g1
  total         23 calls    76227 in   16448 out  cost n/a  
  worker        21 calls    61985 in    6139 out  cost n/a  gemma4-g1

exit=0 seconds=272
