[   0.0s] segmenting (orchestrator) ...
[  28.0s] 11 segments: s1[ClinicalVisit,Person,CareUnit,Person], s2[MeasurementProcess,Measurement], s3[MeasurementProcess,Measurement], s4[MeasurementProcess,Measurement], s5[MeasurementProcess,Measurement], s6[MeasurementProcess,Measurement], s7[MeasurementProcess,Measurement], s8[MeasurementProcess,Measurement], s9[MeasurementProcess,Measurement], s10[EvaluationProcess,DiagnosticStatement,ClinicalCondition], s11[CarePlan]
[  28.0s] build order: [CareUnit, ClinicalCondition, DiagnosticStatement, Measurement, Person] -> [EvaluationProcess, MeasurementProcess] -> [CarePlan, ClinicalVisit]
[  28.0s] level 0: 5 agent(s), 0 known entities
[  28.0s]   CareUnit: extracting, compact (315 chars, 1 classes in view)
[  28.0s]   ClinicalCondition: extracting, compact (235 chars, 3 classes in view)
[  28.0s]   DiagnosticStatement: extracting, compact (235 chars, 1 classes in view)
[  28.0s]   Measurement: extracting, compact (1875 chars, 2 classes in view)
[  28.8s]   CareUnit: cycle 0 -> conforms
[  28.8s]   Person: extracting, compact (315 chars, 1 classes in view)
[  29.2s]   DiagnosticStatement: cycle 0 -> conforms
[  29.3s]   Person: cycle 0 -> conforms
[  29.8s]   ClinicalCondition: cycle 0 -> conforms
[  41.1s]   Measurement: cycle 0 -> conforms
[  41.1s] level 1: 2 agent(s), 17 known entities
[  41.2s]   EvaluationProcess: extracting, compact (235 chars, 7 classes in view)
[  41.2s]   MeasurementProcess: extracting, compact (1875 chars, 6 classes in view)
[  43.1s]   EvaluationProcess: dropped 1 individual(s) outside its scope (built earlier, or another agent's class)
[  43.1s]   EvaluationProcess: cycle 0 -> 2 violation(s)
[  43.1s]   EvaluationProcess: fixing ...
[  47.1s]   EvaluationProcess: dropped 1 individual(s) outside its scope (built earlier, or another agent's class)
[  47.2s]   EvaluationProcess: cycle 1 -> 2 violation(s)
[  47.2s]   EvaluationProcess: stopping (plateau)
[  61.5s]   MeasurementProcess: dropped 1 individual(s) outside its scope (built earlier, or another agent's class)
[  61.6s]   MeasurementProcess: cycle 0 -> 10 violation(s)
[  61.6s]   MeasurementProcess: fixing ...
[  83.2s]   MeasurementProcess: dropped 1 individual(s) outside its scope (built earlier, or another agent's class)
[  83.3s]   MeasurementProcess: cycle 1 -> 2 violation(s)
[  83.3s]   MeasurementProcess: fixing ...
[  94.3s]   MeasurementProcess: dropped 1 individual(s) outside its scope (built earlier, or another agent's class)
[  94.3s]   MeasurementProcess: cycle 2 -> 2 violation(s)
[  94.3s]   MeasurementProcess: stopping (fix budget spent)
[  94.3s] level 2: 2 agent(s), 27 known entities
[  94.3s]   CarePlan: extracting, compact (2546 chars, 4 classes in view)
[  94.4s]   ClinicalVisit: extracting, compact (2546 chars, 5 classes in view)
[  95.4s]   CarePlan: cycle 0 -> 1 violation(s)
[  95.4s]   CarePlan: fixing ...
[  96.9s]   CarePlan: dropped 1 individual(s) outside its scope (built earlier, or another agent's class)
[  96.9s]   CarePlan: cycle 1 -> 2 violation(s)
[  96.9s]   CarePlan: fixing ...
[  97.9s]   CarePlan: cycle 2 -> 1 violation(s)
[  97.9s]   CarePlan: stopping (fix budget spent)
[ 107.3s]   ClinicalVisit: dropped 1 individual(s) outside its scope (built earlier, or another agent's class)
[ 107.4s]   ClinicalVisit: cycle 0 -> 3 violation(s)
[ 107.4s]   ClinicalVisit: fixing ...
[ 118.4s]   ClinicalVisit: dropped 1 individual(s) outside its scope (built earlier, or another agent's class)
[ 118.5s]   ClinicalVisit: cycle 1 -> 3 violation(s)
[ 118.5s]   ClinicalVisit: stopping (plateau)
[ 118.5s] union: dropped 10 link(s) to undeclared individuals
[ 118.5s] merging (orchestrator): 0 violation(s), 0 unresolved, 0 unparsed
[ 186.2s] final: conforms
conforms=True segments=9 llm_calls=17 unresolved=0
  orchestrator   2 calls     9399 in    5573 out  cost n/a  gemma4-g1
  total         17 calls    48517 in   11062 out  cost n/a  
  worker        15 calls    39118 in    5489 out  cost n/a  gemma4-g1

exit=0 seconds=187
