[   0.0s] segmenting (orchestrator) ...
[  57.5s] 24 segments: s1[ClinicalVisit,Person,CareUnit,Person], s2[MeasurementProcess,Measurement], s3[MeasurementProcess,Measurement], s4[MeasurementProcess,Measurement], s5[MeasurementProcess,Measurement], s6[MeasurementProcess,Measurement], s7[MeasurementProcess,Measurement], s8[MeasurementProcess,Measurement], s9[MeasurementProcess,Measurement], s10[MeasurementProcess,Measurement], s11[MeasurementProcess,Measurement], s12[MeasurementProcess,Measurement], s13[MeasurementProcess,Measurement], s14[MeasurementProcess,Measurement], s15[MeasurementProcess,Measurement], s16[MeasurementProcess,Measurement], s17[MeasurementProcess,Measurement], s18[MeasurementProcess,Measurement], s19[MeasurementProcess,Measurement], s20[EvaluationProcess,DiagnosticStatement], s21[EvaluationProcess,ClinicalCondition,DiagnosticStatement], s22[EvaluationProcess,ClinicalCondition,DiagnosticStatement], s23[EvaluationProcess,DiagnosticStatement], s24[CarePlan]
[  57.5s] build order: [CareUnit, ClinicalCondition, DiagnosticStatement, Measurement, Person] -> [EvaluationProcess, MeasurementProcess] -> [CarePlan, ClinicalVisit]
[  57.5s] level 0: 5 agent(s), 0 known entities
[  57.5s]   CareUnit: extracting, compact (255 chars, 1 classes in view)
[  57.5s]   ClinicalCondition: extracting, compact (450 chars, 3 classes in view)
[  57.5s]   DiagnosticStatement: extracting, compact (927 chars, 1 classes in view)
[  57.5s]   Measurement#1: extracting, compact (2883 chars, 2 classes in view)
[  58.5s]   CareUnit: cycle 0 -> conforms
[  58.5s]   Measurement#2: extracting, compact (1550 chars, 2 classes in view)
[  60.6s]   ClinicalCondition: cycle 0 -> conforms
[  60.6s]   Person: extracting, compact (255 chars, 1 classes in view)
[  61.0s]   DiagnosticStatement: cycle 0 -> conforms
[  61.1s]   Person: cycle 0 -> conforms
[  68.9s]   Measurement#2: cycle 0 -> conforms
[  78.8s]   Measurement#1: cycle 0 -> 3 violation(s)
[  78.8s]   Measurement#1: fixing ...
[ 100.3s]   Measurement#1: cycle 1 -> conforms
[ 100.3s] level 1: 2 agent(s), 35 known entities
[ 100.4s]   EvaluationProcess: extracting, compact (927 chars, 7 classes in view)
[ 100.4s]   MeasurementProcess#1: extracting, compact (2883 chars, 6 classes in view)
[ 100.4s]   MeasurementProcess#2: extracting, compact (1550 chars, 6 classes in view)
[ 107.9s]   EvaluationProcess: dropped 1 individual(s) outside its scope (built earlier, or another agent's class)
[ 108.0s]   EvaluationProcess: cycle 0 -> 2 violation(s)
[ 108.0s]   EvaluationProcess: fixing ...
[ 113.7s]   EvaluationProcess: dropped 1 individual(s) outside its scope (built earlier, or another agent's class)
[ 113.7s]   EvaluationProcess: cycle 1 -> 2 violation(s)
[ 113.7s]   EvaluationProcess: fixing ...
[ 114.5s]   MeasurementProcess#2: dropped 1 individual(s) outside its scope (built earlier, or another agent's class)
[ 114.6s]   MeasurementProcess#2: cycle 0 -> 2 violation(s)
[ 114.6s]   MeasurementProcess#2: fixing ...
[ 120.6s]   MeasurementProcess#1: dropped 1 individual(s) outside its scope (built earlier, or another agent's class)
[ 120.7s]   MeasurementProcess#1: cycle 0 -> 2 violation(s)
[ 120.7s]   MeasurementProcess#1: fixing ...
[ 122.9s]   EvaluationProcess: dropped 1 individual(s) outside its scope (built earlier, or another agent's class)
[ 122.9s]   EvaluationProcess: cycle 2 -> 2 violation(s)
[ 122.9s]   EvaluationProcess: stopping (fix budget spent)
[ 122.9s]   EvaluationProcess: 1 unresolved (honest gaps)
[ 127.2s]   MeasurementProcess#2: dropped 1 individual(s) outside its scope (built earlier, or another agent's class)
[ 127.2s]   MeasurementProcess#2: cycle 1 -> 2 violation(s)
[ 127.2s]   MeasurementProcess#2: stopping (plateau)
[ 127.2s]   MeasurementProcess#2: 7 unresolved (honest gaps)
[ 135.7s]   MeasurementProcess#1: cycle 1 -> conforms
[ 135.7s] level 2: 2 agent(s), 58 known entities
[ 135.7s]   CarePlan: extracting, compact (5864 chars, 4 classes in view)
[ 135.7s]   ClinicalVisit: extracting, compact (5864 chars, 5 classes in view)
[ 137.2s]   CarePlan: cycle 0 -> 1 violation(s)
[ 137.2s]   CarePlan: fixing ...
[ 141.2s]   ClinicalVisit: dropped 1 individual(s) outside its scope (built earlier, or another agent's class)
[ 141.4s]   ClinicalVisit: cycle 0 -> 3 violation(s)
[ 141.4s]   ClinicalVisit: fixing ...
[ 146.2s]   ClinicalVisit: dropped 1 individual(s) outside its scope (built earlier, or another agent's class)
[ 146.4s]   ClinicalVisit: cycle 1 -> 3 violation(s)
[ 146.4s]   ClinicalVisit: stopping (plateau)
[ 213.3s]   CarePlan: dropped 20 individual(s) outside its scope (built earlier, or another agent's class)
[ 213.4s]   CarePlan: cycle 1 -> 21 violation(s)
[ 213.4s]   CarePlan: fixing ...
[ 271.9s]   CarePlan: dropped 27 individual(s) outside its scope (built earlier, or another agent's class)
[ 272.0s]   CarePlan: cycle 2 -> 29 violation(s)
[ 272.0s]   CarePlan: stopping (fix budget spent)
[ 272.0s]   CarePlan: 1 unresolved (honest gaps)
[ 272.0s] union: merged 1 identical individual(s)
[ 272.0s] union: dropped 11 link(s) to undeclared individuals
[ 272.1s] merging (orchestrator): 3 violation(s), 9 unresolved, 0 unparsed
[ 435.8s] final: conforms
conforms=True segments=11 llm_calls=21 unresolved=0
  orchestrator   2 calls    17617 in   12465 out  cost n/a  gemma4-g1
  total         21 calls    84491 in   27382 out  cost n/a  
  worker        19 calls    66874 in   14917 out  cost n/a  gemma4-g1

exit=0 seconds=437
