[   0.0s] segmenting (orchestrator) ...
[  24.9s] 10 segments: s1[ClinicalVisit,Person,CareUnit,Person], s2[MeasurementProcess,Measurement], s3[MeasurementProcess,Measurement], s4[MeasurementProcess,Measurement], s5[MeasurementProcess,Measurement], s6[MeasurementProcess,Measurement], s7[MeasurementProcess,Measurement], s8[MeasurementProcess,Measurement], s9[EvaluationProcess,DiagnosticStatement,ClinicalCondition], s10[CarePlan]
[  24.9s] build order: [CareUnit, ClinicalCondition, DiagnosticStatement, Measurement, Person] -> [EvaluationProcess, MeasurementProcess] -> [CarePlan, ClinicalVisit]
[  24.9s] level 0: 5 agent(s), 0 known entities
[  24.9s]   CareUnit: extracting, compact (235 chars, 1 classes in view)
[  24.9s]   ClinicalCondition: extracting, compact (235 chars, 3 classes in view)
[  24.9s]   DiagnosticStatement: extracting, compact (235 chars, 1 classes in view)
[  24.9s]   Measurement: extracting, compact (1675 chars, 2 classes in view)
[  26.1s]   CareUnit: cycle 0 -> conforms
[  26.1s]   Person: extracting, compact (235 chars, 1 classes in view)
[  26.6s]   DiagnosticStatement: cycle 0 -> conforms
[  26.9s]   Person: cycle 0 -> conforms
[  27.2s]   ClinicalCondition: cycle 0 -> conforms
[  38.7s]   Measurement: cycle 0 -> conforms
[  38.7s] level 1: 2 agent(s), 17 known entities
[  38.7s]   EvaluationProcess: extracting, compact (235 chars, 7 classes in view)
[  38.7s]   MeasurementProcess: extracting, compact (1675 chars, 6 classes in view)
[  43.0s]   EvaluationProcess: dropped 1 individual(s) outside its scope (built earlier, or another agent's class)
[  43.0s]   EvaluationProcess: cycle 0 -> 5 violation(s)
[  43.0s]   EvaluationProcess: fixing ...
[  46.8s]   EvaluationProcess: dropped 1 individual(s) outside its scope (built earlier, or another agent's class)
[  46.9s]   EvaluationProcess: cycle 1 -> 2 violation(s)
[  46.9s]   EvaluationProcess: fixing ...
[  48.9s]   EvaluationProcess: dropped 1 individual(s) outside its scope (built earlier, or another agent's class)
[  48.9s]   EvaluationProcess: cycle 2 -> 2 violation(s)
[  48.9s]   EvaluationProcess: stopping (fix budget spent)
[  55.7s]   MeasurementProcess: dropped 1 individual(s) outside its scope (built earlier, or another agent's class)
[  55.7s]   MeasurementProcess: cycle 0 -> 9 violation(s)
[  55.7s]   MeasurementProcess: fixing ...
[  77.9s]   MeasurementProcess: dropped 1 individual(s) outside its scope (built earlier, or another agent's class)
[  78.0s]   MeasurementProcess: cycle 1 -> 2 violation(s)
[  78.0s]   MeasurementProcess: fixing ...
[  86.8s]   MeasurementProcess: dropped 1 individual(s) outside its scope (built earlier, or another agent's class)
[  86.8s]   MeasurementProcess: cycle 2 -> 2 violation(s)
[  86.8s]   MeasurementProcess: stopping (fix budget spent)
[  86.8s] level 2: 2 agent(s), 26 known entities
[  86.8s]   CarePlan: extracting, compact (2384 chars, 4 classes in view)
[  86.8s]   ClinicalVisit: extracting, compact (2384 chars, 5 classes in view)
[  87.9s]   CarePlan: cycle 0 -> 1 violation(s)
[  87.9s]   CarePlan: fixing ...
[  89.5s]   CarePlan: dropped 1 individual(s) outside its scope (built earlier, or another agent's class)
[  89.5s]   CarePlan: cycle 1 -> 2 violation(s)
[  89.5s]   CarePlan: fixing ...
[  90.2s]   ClinicalVisit: dropped 1 individual(s) outside its scope (built earlier, or another agent's class)
[  90.3s]   ClinicalVisit: cycle 0 -> 3 violation(s)
[  90.3s]   ClinicalVisit: fixing ...
[  90.5s]   CarePlan: cycle 2 -> 1 violation(s)
[  90.5s]   CarePlan: stopping (fix budget spent)
[  92.8s]   ClinicalVisit: dropped 1 individual(s) outside its scope (built earlier, or another agent's class)
[  92.9s]   ClinicalVisit: cycle 1 -> 3 violation(s)
[  92.9s]   ClinicalVisit: stopping (plateau)
[  92.9s] union: dropped 9 link(s) to undeclared individuals
[  93.0s] merging (orchestrator): 0 violation(s), 0 unresolved, 0 unparsed
[ 158.1s] final: conforms
conforms=True segments=9 llm_calls=18 unresolved=0
  orchestrator   2 calls     9037 in    5238 out  cost n/a  gemma4-g1
  total         18 calls    49434 in    9336 out  cost n/a  
  worker        16 calls    40397 in    4098 out  cost n/a  gemma4-g1

exit=0 seconds=159
