[   0.0s] segmenting (orchestrator) ...
[  33.8s] 12 segments: s1[ClinicalVisit,Person,CareUnit,Person], s2[MeasurementProcess,Measurement,Unit,ProcessStatus], s3[MeasurementProcess,Measurement,Unit,ProcessStatus], s4[MeasurementProcess,Measurement,Severity,Unit,ProcessStatus], s5[MeasurementProcess,Measurement,Unit,ProcessStatus], s6[MeasurementProcess,Measurement,Unit,ProcessStatus], s7[MeasurementProcess,Measurement,Unit,ProcessStatus], s8[MeasurementProcess,Measurement,Unit,ProcessStatus], s9[MeasurementProcess,Measurement,Unit,ProcessStatus], s10[MeasurementProcess,Measurement,Unit,ProcessStatus], s11[EvaluationProcess,DiagnosticStatement,ClinicalCondition,ProcessStatus], s12[CarePlan]
[  33.8s] build order: [CareUnit, DiagnosticStatement, Person, ProcessStatus, Severity, Unit] -> [ClinicalCondition, Measurement] -> [EvaluationProcess, MeasurementProcess] -> [CarePlan, ClinicalVisit]
[  33.8s] level 0: 6 agent(s), 0 known entities
[  33.8s]   CareUnit: extracting, compact (239 chars, 1 classes in view)
[  33.8s]   DiagnosticStatement: extracting, compact (220 chars, 1 classes in view)
[  33.8s]   Person: extracting, compact (239 chars, 1 classes in view)
[  33.8s]   ProcessStatus: extracting, compact (2323 chars, 1 classes in view)
[  34.5s]   ProcessStatus: cycle 0 -> conforms
[  34.5s]   Severity: extracting, compact (267 chars, 1 classes in view)
[  34.5s]   CareUnit: cycle 0 -> conforms
[  34.5s]   Unit: extracting, compact (2101 chars, 1 classes in view)
[  35.1s]   Person: cycle 0 -> conforms
[  35.4s]   DiagnosticStatement: cycle 0 -> conforms
[  35.8s]   Severity: cycle 0 -> conforms
[  39.8s]   Unit: cycle 0 -> conforms
[  39.8s] level 1: 2 agent(s), 12 known entities
[  39.8s]   ClinicalCondition: extracting, compact (220 chars, 3 classes in view)
[  39.8s]   Measurement: extracting, compact (2101 chars, 2 classes in view)
[  41.5s]   ClinicalCondition: cycle 0 -> conforms
[  51.7s]   Measurement: cycle 0 -> conforms
[  51.7s]   Measurement: 1 unresolved (honest gaps)
[  51.7s] level 2: 2 agent(s), 22 known entities
[  51.7s]   EvaluationProcess: extracting, compact (220 chars, 7 classes in view)
[  51.7s]   MeasurementProcess: extracting, compact (2101 chars, 6 classes in view)
[  55.5s]   EvaluationProcess: dropped 1 individual(s) outside its scope (built earlier, or another agent's class)
[  55.6s]   EvaluationProcess: cycle 0 -> 2 violation(s)
[  55.6s]   EvaluationProcess: fixing ...
[  57.5s]   EvaluationProcess: dropped 1 individual(s) outside its scope (built earlier, or another agent's class)
[  57.5s]   EvaluationProcess: cycle 1 -> 2 violation(s)
[  57.5s]   EvaluationProcess: stopping (plateau)
[  63.8s]   MeasurementProcess: dropped 1 individual(s) outside its scope (built earlier, or another agent's class)
[  63.9s]   MeasurementProcess: cycle 0 -> 2 violation(s)
[  63.9s]   MeasurementProcess: fixing ...
[  75.0s]   MeasurementProcess: dropped 1 individual(s) outside its scope (built earlier, or another agent's class)
[  75.1s]   MeasurementProcess: cycle 1 -> 2 violation(s)
[  75.1s]   MeasurementProcess: stopping (plateau)
[  75.1s] level 3: 2 agent(s), 32 known entities
[  75.1s]   CarePlan: extracting, compact (2785 chars, 4 classes in view)
[  75.1s]   ClinicalVisit: extracting, compact (2785 chars, 5 classes in view)
[  76.2s]   CarePlan: cycle 0 -> 1 violation(s)
[  76.2s]   CarePlan: fixing ...
[  78.7s]   ClinicalVisit: dropped 1 individual(s) outside its scope (built earlier, or another agent's class)
[  78.8s]   ClinicalVisit: cycle 0 -> 3 violation(s)
[  78.8s]   ClinicalVisit: fixing ...
[  82.1s]   ClinicalVisit: dropped 1 individual(s) outside its scope (built earlier, or another agent's class)
[  82.1s]   ClinicalVisit: cycle 1 -> 3 violation(s)
[  82.1s]   ClinicalVisit: stopping (plateau)
[  91.4s]   CarePlan: dropped 11 individual(s) outside its scope (built earlier, or another agent's class)
[  91.5s]   CarePlan: cycle 1 -> 12 violation(s)
[  91.5s]   CarePlan: fixing ...
[  92.8s]   CarePlan: cycle 2 -> 1 violation(s)
[  92.8s]   CarePlan: stopping (fix budget spent)
[  92.8s] union: dropped 11 link(s) to undeclared individuals
[  92.9s] merging (orchestrator): 1 violation(s), 1 unresolved, 0 unparsed
[ 167.0s] final: conforms
conforms=True segments=12 llm_calls=19 unresolved=0
  orchestrator   2 calls    10175 in    5949 out  cost n/a  gemma4-g1
  total         19 calls    54913 in    9810 out  cost n/a  
  worker        17 calls    44738 in    3861 out  cost n/a  gemma4-g1

exit=0 seconds=168
