[   0.0s] segmenting (orchestrator) ...
[  58.6s] 22 segments: s1[ClinicalVisit,Person,CareUnit,Person], s2[MeasurementProcess,Measurement,Unit,ProcessStatus], s3[MeasurementProcess,Measurement,Unit,ProcessStatus], s4[MeasurementProcess,Measurement,Unit,ProcessStatus], s5[MeasurementProcess,Measurement,Unit,ProcessStatus], s6[MeasurementProcess,Measurement,Unit,ProcessStatus], s7[MeasurementProcess,Measurement,Unit,ProcessStatus], s8[MeasurementProcess,Measurement,Unit,ProcessStatus], s9[MeasurementProcess,Measurement,Unit,ProcessStatus], s10[MeasurementProcess,Measurement,Unit,ProcessStatus], s11[MeasurementProcess,Measurement,Unit,ProcessStatus], s12[MeasurementProcess,Measurement,Unit,ProcessStatus], s13[MeasurementProcess,Measurement,Unit,ProcessStatus], s14[MeasurementProcess,Measurement,Unit,ProcessStatus], s15[MeasurementProcess,Measurement,Unit,ProcessStatus], s16[MeasurementProcess,Measurement,Unit,ProcessStatus], s17[MeasurementProcess,Measurement,Unit,ProcessStatus], s18[MeasurementProcess,Measurement,Unit,ProcessStatus], s19[EvaluationProcess,DiagnosticStatement,ClinicalCondition], s20[EvaluationProcess,DiagnosticStatement,ClinicalCondition], s21[EvaluationProcess,DiagnosticStatement,ClinicalCondition], s22[CarePlan]
[  58.6s] build order: [CareUnit, ClinicalCondition, DiagnosticStatement, Person, ProcessStatus, Unit] -> [EvaluationProcess, Measurement] -> [MeasurementProcess] -> [CarePlan, ClinicalVisit]
[  58.6s] level 0: 6 agent(s), 0 known entities
[  58.6s]   CareUnit: extracting, compact (235 chars, 1 classes in view)
[  58.6s]   ClinicalCondition: extracting, compact (711 chars, 3 classes in view)
[  58.6s]   DiagnosticStatement: extracting, compact (711 chars, 1 classes in view)
[  58.6s]   Person: extracting, compact (235 chars, 1 classes in view)
[  59.2s]   CareUnit: cycle 0 -> conforms
[  59.2s]   ProcessStatus#1: extracting, compact (2910 chars, 1 classes in view)
[  59.8s]   ProcessStatus#1: cycle 0 -> conforms
[  59.8s]   ProcessStatus#2: extracting, compact (1323 chars, 1 classes in view)
[  60.0s]   Person: cycle 0 -> conforms
[  60.0s]   Unit#1: extracting, compact (2910 chars, 1 classes in view)
[  60.5s]   ProcessStatus#2: cycle 0 -> conforms
[  60.5s]   Unit#2: extracting, compact (1323 chars, 1 classes in view)
[  62.2s]   DiagnosticStatement: cycle 0 -> conforms
[  63.4s]   Unit#2: cycle 0 -> conforms
[  64.2s]   ClinicalCondition: cycle 0 -> conforms
[  65.8s]   Unit#1: cycle 0 -> conforms
[  65.9s] level 1: 2 agent(s), 20 known entities
[  65.9s]   EvaluationProcess: extracting, compact (711 chars, 7 classes in view)
[  65.9s]   Measurement#1: extracting, compact (2910 chars, 2 classes in view)
[  65.9s]   Measurement#2: extracting, compact (1323 chars, 2 classes in view)
[  70.5s]   EvaluationProcess: cycle 0 -> conforms
[  74.6s]   Measurement#2: cycle 0 -> conforms
[  83.1s]   Measurement#1: cycle 0 -> conforms
[  83.1s] level 2: 1 agent(s), 40 known entities
[  83.1s]   MeasurementProcess#1: extracting, compact (2910 chars, 6 classes in view)
[  83.1s]   MeasurementProcess#2: extracting, compact (1323 chars, 6 classes in view)
[  93.1s]   MeasurementProcess#2: cycle 0 -> conforms
[ 101.4s]   MeasurementProcess#1: cycle 0 -> conforms
[ 101.4s] level 3: 2 agent(s), 57 known entities
[ 101.5s]   CarePlan: extracting, compact (5390 chars, 4 classes in view)
[ 101.5s]   ClinicalVisit: extracting, compact (5390 chars, 5 classes in view)
[ 103.9s]   CarePlan: cycle 0 -> conforms
[ 103.9s]   CarePlan: 1 unresolved (honest gaps)
[ 106.7s]   ClinicalVisit: cycle 0 -> conforms
[ 106.7s] union: merged 1 identical individual(s)
[ 106.8s] merging (orchestrator): 0 violation(s), 1 unresolved, 0 unparsed
[ 274.9s] final: conforms
conforms=True segments=15 llm_calls=17 unresolved=0
  orchestrator   2 calls    16361 in   11896 out  cost n/a  gemma4-g1
  total         17 calls    57800 in   15596 out  cost n/a  
  worker        15 calls    41439 in    3700 out  cost n/a  gemma4-g1

exit=0 seconds=276
