[   0.0s] segmenting (orchestrator) ...
[  50.2s] 19 segments: s1[ClinicalVisit,Person,CareUnit,Person], s2[MeasurementProcess,Measurement], s3[MeasurementProcess,Measurement], s4[MeasurementProcess,Measurement], s5[MeasurementProcess,Measurement], s6[MeasurementProcess,Measurement], s7[MeasurementProcess,Measurement], s8[MeasurementProcess,Measurement], s9[MeasurementProcess,Measurement], s10[MeasurementProcess,Measurement], s11[MeasurementProcess,Measurement], s12[MeasurementProcess,Measurement], s13[MeasurementProcess,Measurement], s14[MeasurementProcess,Measurement], s15[MeasurementProcess,Measurement], s16[MeasurementProcess,Measurement], s17[MeasurementProcess,Measurement], s18[EvaluationProcess,DiagnosticStatement,ClinicalCondition], s19[CarePlan]
[  50.2s] build order: [CareUnit, ClinicalCondition, DiagnosticStatement, Measurement, Person] -> [EvaluationProcess, MeasurementProcess] -> [CarePlan, ClinicalVisit]
[  50.2s] level 0: 5 agent(s), 0 known entities
[  50.2s]   CareUnit: extracting, compact (251 chars, 1 classes in view)
[  50.2s]   ClinicalCondition: extracting, compact (237 chars, 3 classes in view)
[  50.2s]   DiagnosticStatement: extracting, compact (237 chars, 1 classes in view)
[  50.2s]   Measurement#1: extracting, compact (3161 chars, 2 classes in view)
[  51.6s]   CareUnit: cycle 0 -> conforms
[  51.6s]   Measurement#2: extracting, compact (993 chars, 2 classes in view)
[  52.0s]   DiagnosticStatement: cycle 0 -> conforms
[  52.0s]   Person: extracting, compact (251 chars, 1 classes in view)
[  52.7s]   Person: cycle 0 -> conforms
[  52.8s]   ClinicalCondition: cycle 0 -> conforms
[  60.3s]   Measurement#2: cycle 0 -> conforms
[  73.6s]   Measurement#1: cycle 0 -> conforms
[  73.6s] level 1: 2 agent(s), 26 known entities
[  73.6s]   EvaluationProcess: extracting, compact (237 chars, 7 classes in view)
[  73.6s]   MeasurementProcess#1: extracting, compact (3161 chars, 6 classes in view)
[  73.6s]   MeasurementProcess#2: extracting, compact (993 chars, 6 classes in view)
[  76.1s]   EvaluationProcess: cycle 0 -> 1 violation(s)
[  76.1s]   EvaluationProcess: fixing ...
[  78.1s]   EvaluationProcess: dropped 1 individual(s) outside its scope (built earlier, or another agent's class)
[  78.2s]   EvaluationProcess: cycle 1 -> 2 violation(s)
[  78.2s]   EvaluationProcess: fixing ...
[  80.2s]   EvaluationProcess: dropped 1 individual(s) outside its scope (built earlier, or another agent's class)
[  80.2s]   EvaluationProcess: cycle 2 -> 2 violation(s)
[  80.2s]   EvaluationProcess: stopping (fix budget spent)
[  85.5s]   MeasurementProcess#2: dropped 1 individual(s) outside its scope (built earlier, or another agent's class)
[  85.6s]   MeasurementProcess#2: cycle 0 -> 6 violation(s)
[  85.6s]   MeasurementProcess#2: fixing ...
[  92.9s]   MeasurementProcess#1: cycle 0 -> conforms
[  98.5s]   MeasurementProcess#2: dropped 1 individual(s) outside its scope (built earlier, or another agent's class)
[  98.5s]   MeasurementProcess#2: cycle 1 -> 2 violation(s)
[  98.5s]   MeasurementProcess#2: fixing ...
[ 104.9s]   MeasurementProcess#2: dropped 1 individual(s) outside its scope (built earlier, or another agent's class)
[ 105.0s]   MeasurementProcess#2: cycle 2 -> 2 violation(s)
[ 105.0s]   MeasurementProcess#2: stopping (fix budget spent)
[ 105.0s] level 2: 2 agent(s), 44 known entities
[ 105.0s]   CarePlan: extracting, compact (4905 chars, 4 classes in view)
[ 105.0s]   ClinicalVisit: extracting, compact (4905 chars, 5 classes in view)
[ 106.8s]   CarePlan: cycle 0 -> 1 violation(s)
[ 106.8s]   CarePlan: fixing ...
[ 110.7s]   ClinicalVisit: dropped 1 individual(s) outside its scope (built earlier, or another agent's class)
[ 110.8s]   ClinicalVisit: cycle 0 -> 3 violation(s)
[ 110.8s]   ClinicalVisit: fixing ...
[ 115.4s]   ClinicalVisit: dropped 1 individual(s) outside its scope (built earlier, or another agent's class)
[ 115.5s]   ClinicalVisit: cycle 1 -> 3 violation(s)
[ 115.5s]   ClinicalVisit: fixing ...
[ 120.5s]   ClinicalVisit: dropped 1 individual(s) outside its scope (built earlier, or another agent's class)
[ 120.6s]   ClinicalVisit: cycle 2 -> 3 violation(s)
[ 120.6s]   ClinicalVisit: stopping (fix budget spent)
[ 139.3s]   CarePlan: dropped 2 individual(s) outside its scope (built earlier, or another agent's class)
[ 139.3s]   CarePlan: cycle 1 -> 3 violation(s)
[ 139.3s]   CarePlan: fixing ...
[ 183.6s]   CarePlan: dropped 18 individual(s) outside its scope (built earlier, or another agent's class)
[ 183.7s]   CarePlan: cycle 2 -> 19 violation(s)
[ 183.7s]   CarePlan: stopping (fix budget spent)
[ 183.7s]   CarePlan: 1 unresolved (honest gaps)
[ 183.7s] union: dropped 6 link(s) to undeclared individuals
[ 183.8s] merging (orchestrator): 0 violation(s), 1 unresolved, 0 unparsed
[ 304.2s] final: conforms
conforms=True segments=11 llm_calls=21 unresolved=0
  orchestrator   2 calls    14394 in   10474 out  cost n/a  gemma4-g1
  total         21 calls    72295 in   19467 out  cost n/a  
  worker        19 calls    57901 in    8993 out  cost n/a  gemma4-g1

exit=0 seconds=305
