[   0.0s] segmenting (orchestrator) ...
[  38.5s] 13 segments: s1[ClinicalVisit,Person,CareUnit,Person], s2[MeasurementProcess,Measurement], s3[MeasurementProcess,Measurement], s4[MeasurementProcess,Measurement], s5[MeasurementProcess,Measurement], s6[MeasurementProcess,Measurement], s7[MeasurementProcess,Measurement], s8[MeasurementProcess,Measurement], s9[MeasurementProcess,Measurement], s10[MeasurementProcess,Measurement], s11[EvaluationProcess,DiagnosticStatement,ClinicalCondition], s12[EvaluationProcess,DiagnosticStatement,ClinicalCondition], s13[CarePlan]
[  38.5s] build order: [CareUnit, ClinicalCondition, DiagnosticStatement, Measurement, Person] -> [EvaluationProcess, MeasurementProcess] -> [CarePlan, ClinicalVisit]
[  38.5s] level 0: 5 agent(s), 0 known entities
[  38.5s]   CareUnit: extracting, compact (250 chars, 1 classes in view)
[  38.5s]   ClinicalCondition: extracting, compact (470 chars, 3 classes in view)
[  38.5s]   DiagnosticStatement: extracting, compact (470 chars, 1 classes in view)
[  38.5s]   Measurement: extracting, compact (2185 chars, 2 classes in view)
[  39.2s]   CareUnit: cycle 0 -> conforms
[  39.2s]   Person: extracting, compact (250 chars, 1 classes in view)
[  39.8s]   Person: cycle 0 -> conforms
[  40.4s]   DiagnosticStatement: cycle 0 -> conforms
[  42.8s]   ClinicalCondition: cycle 0 -> conforms
[  42.8s]   ClinicalCondition: 4 unresolved (honest gaps)
[  54.2s]   Measurement: cycle 0 -> conforms
[  54.2s]   Measurement: 1 unresolved (honest gaps)
[  54.2s] level 1: 2 agent(s), 20 known entities
[  54.2s]   EvaluationProcess: extracting, compact (470 chars, 7 classes in view)
[  54.2s]   MeasurementProcess: extracting, compact (2185 chars, 6 classes in view)
[  59.7s]   EvaluationProcess: dropped 1 individual(s) outside its scope (built earlier, or another agent's class)
[  59.8s]   EvaluationProcess: cycle 0 -> 2 violation(s)
[  59.8s]   EvaluationProcess: fixing ...
[  63.0s]   EvaluationProcess: dropped 1 individual(s) outside its scope (built earlier, or another agent's class)
[  63.0s]   EvaluationProcess: cycle 1 -> 2 violation(s)
[  63.0s]   EvaluationProcess: fixing ...
[  66.3s]   EvaluationProcess: dropped 1 individual(s) outside its scope (built earlier, or another agent's class)
[  66.3s]   EvaluationProcess: cycle 2 -> 2 violation(s)
[  66.3s]   EvaluationProcess: stopping (fix budget spent)
[  81.5s]   MeasurementProcess: cycle 0 -> conforms
[  81.5s]   MeasurementProcess: 1 unresolved (honest gaps)
[  81.5s] level 2: 2 agent(s), 32 known entities
[  81.5s]   CarePlan: extracting, compact (3140 chars, 4 classes in view)
[  81.5s]   ClinicalVisit: extracting, compact (3140 chars, 5 classes in view)
[  82.7s]   CarePlan: cycle 0 -> 1 violation(s)
[  82.7s]   CarePlan: fixing ...
[  83.6s]   CarePlan: cycle 1 -> 1 violation(s)
[  83.6s]   CarePlan: stopping (plateau)
[ 100.5s]   ClinicalVisit: dropped 1 individual(s) outside its scope (built earlier, or another agent's class)
[ 100.6s]   ClinicalVisit: cycle 0 -> 3 violation(s)
[ 100.6s]   ClinicalVisit: fixing ...
[ 103.8s]   ClinicalVisit: dropped 1 individual(s) outside its scope (built earlier, or another agent's class)
[ 103.9s]   ClinicalVisit: cycle 1 -> 3 violation(s)
[ 103.9s]   ClinicalVisit: stopping (plateau)
[ 103.9s] union: dropped 3 link(s) to undeclared individuals
[ 104.0s] merging (orchestrator): 0 violation(s), 6 unresolved, 0 unparsed
[ 184.4s] final: conforms
conforms=True segments=9 llm_calls=15 unresolved=0
  orchestrator   2 calls    10658 in    6625 out  cost n/a  gemma4-g1
  total         15 calls    44925 in   10632 out  cost n/a  
  worker        13 calls    34267 in    4007 out  cost n/a  gemma4-g1

exit=0 seconds=185
