[   0.0s] segmenting (orchestrator) ...
[  10.9s] 4 segments: s1[ClinicalVisit,Person,CareUnit,Person], s2[MeasurementProcess,Measurement,Unit,ProcessStatus], s3[EvaluationProcess,DiagnosticStatement,ClinicalCondition], s4[CarePlan]
[  10.9s] build order: [CareUnit, ClinicalCondition, DiagnosticStatement, Person, ProcessStatus, Unit] -> [EvaluationProcess, Measurement] -> [MeasurementProcess] -> [CarePlan, ClinicalVisit]
[  10.9s] level 0: 6 agent(s), 0 known entities
[  10.9s]   CareUnit: extracting, compact (299 chars, 1 classes in view)
[  10.9s]   ClinicalCondition: extracting, compact (241 chars, 3 classes in view)
[  11.0s]   DiagnosticStatement: extracting, compact (241 chars, 1 classes in view)
[  11.0s]   Person: extracting, compact (299 chars, 1 classes in view)
[  11.9s]   CareUnit: cycle 0 -> conforms
[  11.9s]   ProcessStatus: extracting, compact (226 chars, 1 classes in view)
[  12.1s]   Person: cycle 0 -> conforms
[  12.1s]   Unit: extracting, compact (226 chars, 1 classes in view)
[  12.6s]   ProcessStatus: cycle 0 -> conforms
[  12.7s]   DiagnosticStatement: cycle 0 -> conforms
[  12.8s]   Unit: cycle 0 -> 1 violation(s)
[  12.8s]   Unit: fixing ...
[  13.6s]   ClinicalCondition: cycle 0 -> conforms
[  13.9s]   Unit: cycle 1 -> 3 violation(s)
[  13.9s]   Unit: fixing ...
[  17.6s]   Unit: dropped 2 individual(s) outside its scope (built earlier, or another agent's class)
[  17.7s]   Unit: cycle 2 -> 10 violation(s)
[  17.7s]   Unit: stopping (fix budget spent)
[  17.7s]   Unit: 1 unresolved (honest gaps)
[  17.7s] level 1: 2 agent(s), 6 known entities
[  17.7s]   EvaluationProcess: extracting, compact (241 chars, 7 classes in view)
[  17.7s]   Measurement: extracting, compact (226 chars, 2 classes in view)
[  19.3s]   EvaluationProcess: cycle 0 -> 1 violation(s)
[  19.3s]   EvaluationProcess: fixing ...
[  20.1s]   Measurement: dropped 1 individual(s) outside its scope (built earlier, or another agent's class)
[  20.1s]   Measurement: cycle 0 -> 2 violation(s)
[  20.1s]   Measurement: fixing ...
[  21.2s]   EvaluationProcess: dropped 1 individual(s) outside its scope (built earlier, or another agent's class)
[  21.3s]   EvaluationProcess: cycle 1 -> 2 violation(s)
[  21.3s]   EvaluationProcess: fixing ...
[  23.0s]   EvaluationProcess: dropped 1 individual(s) outside its scope (built earlier, or another agent's class)
[  23.1s]   EvaluationProcess: cycle 2 -> 2 violation(s)
[  23.1s]   EvaluationProcess: stopping (fix budget spent)
[  23.3s]   Measurement: cycle 1 -> conforms
[  23.3s]   Measurement: 1 unresolved (honest gaps)
[  23.3s] level 2: 1 agent(s), 8 known entities
[  23.3s]   MeasurementProcess: extracting, compact (226 chars, 6 classes in view)
[  29.6s]   MeasurementProcess: dropped 2 individual(s) outside its scope (built earlier, or another agent's class)
[  29.6s]   MeasurementProcess: cycle 0 -> 4 violation(s)
[  29.6s]   MeasurementProcess: fixing ...
[  34.7s]   MeasurementProcess: cycle 1 -> 1 violation(s)
[  34.7s]   MeasurementProcess: fixing ...
[  38.2s]   MeasurementProcess: dropped 2 individual(s) outside its scope (built earlier, or another agent's class)
[  38.2s]   MeasurementProcess: cycle 2 -> 3 violation(s)
[  38.2s]   MeasurementProcess: stopping (fix budget spent)
[  38.2s]   MeasurementProcess: 1 unresolved (honest gaps)
[  38.2s] level 3: 2 agent(s), 9 known entities
[  38.2s]   CarePlan: extracting, compact (886 chars, 4 classes in view)
[  38.2s]   ClinicalVisit: extracting, compact (886 chars, 5 classes in view)
[  41.6s]   CarePlan: cycle 0 -> 1 violation(s)
[  41.6s]   CarePlan: fixing ...
[  45.2s]   ClinicalVisit: dropped 2 individual(s) outside its scope (built earlier, or another agent's class)
[  45.3s]   ClinicalVisit: cycle 0 -> 5 violation(s)
[  45.3s]   ClinicalVisit: fixing ...
[  47.3s]   ClinicalVisit: dropped 1 individual(s) outside its scope (built earlier, or another agent's class)
[  47.4s]   ClinicalVisit: cycle 1 -> 3 violation(s)
[  47.4s]   ClinicalVisit: fixing ...
[  48.5s]   CarePlan: dropped 2 individual(s) outside its scope (built earlier, or another agent's class)
[  48.6s]   CarePlan: cycle 1 -> 3 violation(s)
[  48.6s]   CarePlan: fixing ...
[  49.4s]   CarePlan: cycle 2 -> 1 violation(s)
[  49.4s]   CarePlan: stopping (fix budget spent)
[  49.7s]   ClinicalVisit: dropped 1 individual(s) outside its scope (built earlier, or another agent's class)
[  49.7s]   ClinicalVisit: cycle 2 -> 3 violation(s)
[  49.7s]   ClinicalVisit: stopping (fix budget spent)
[  49.7s] union: dropped 3 link(s) to undeclared individuals
[  49.8s] merging (orchestrator): 1 violation(s), 3 unresolved, 0 unparsed
[  73.7s] merge output rejected (at line 55 of <>:
Bad syntax (objectList expected) at ^ in:
) - returning the un-merged union
[  73.7s] final: 1 violation(s)
conforms=False segments=11 llm_calls=24 unresolved=0
  orchestrator   2 calls     5864 in    1916 out  cost n/a  gemma4-g1
  total         24 calls    47556 in    4161 out  cost n/a  
  worker        22 calls    41692 in    2245 out  cost n/a  gemma4-g1
Constraint Violation in MinCountConstraintComponent (http://www.w3.org/ns/shacl#MinCountConstraintComponent):
	Severity: sh:Violation
	Source Shape: [ sh:message Literal("A chr:Unit must have chr:hasCode pointing to a UCUM IRI (https://biomedit.ch/rdf/sphn-resource/ucum/...).") ; sh:minCount Literal("1", datatype=xsd:integer) ; sh:nodeKind sh:IRI ; sh:path chr:hasCode ; sh:pattern Literal("^https://biomedit\.ch/rdf/sphn-resource/ucum/") ]
	Focus Node: ex:unit_Cel_5485e5e2
	Result Path: chr:hasCode
	Message: A chr:Unit must have chr:hasCode pointing to a UCUM IRI (https://biomedit.ch/rdf/sphn-resource/ucum/...).


exit=1 seconds=75
