[   0.0s] segmenting (orchestrator) ...
[  73.6s] 26 segments: s1[ClinicalVisit,Person,CareUnit,Person], s2[MeasurementProcess,Measurement], s3[MeasurementProcess,Measurement], s4[MeasurementProcess,Measurement], s5[MeasurementProcess,Measurement], s6[MeasurementProcess,Measurement], s7[MeasurementProcess,Measurement], s8[MeasurementProcess,Measurement], s9[MeasurementProcess,Measurement], s10[MeasurementProcess,Measurement], s11[MeasurementProcess,Measurement], s12[MeasurementProcess,Measurement], s13[MeasurementProcess,Measurement], s14[MeasurementProcess,Measurement], s15[MeasurementProcess,Measurement], s16[MeasurementProcess,Measurement], s17[MeasurementProcess,Measurement], s18[MeasurementProcess,Measurement], s19[MeasurementProcess,Measurement], s20[MeasurementProcess,Measurement], s21[MeasurementProcess,Measurement], s22[MeasurementProcess,Measurement], s23[EvaluationProcess,DiagnosticStatement,ClinicalCondition], s24[EvaluationProcess,DiagnosticStatement,ClinicalCondition], s25[EvaluationProcess,DiagnosticStatement,ClinicalCondition], s26[CarePlan]
[  73.6s] build order: [CareUnit, ClinicalCondition, DiagnosticStatement, Measurement, Person] -> [EvaluationProcess, MeasurementProcess] -> [CarePlan, ClinicalVisit]
[  73.6s] level 0: 5 agent(s), 0 known entities
[  73.6s]   CareUnit: extracting, compact (250 chars, 1 classes in view)
[  73.6s]   ClinicalCondition: extracting, compact (724 chars, 3 classes in view)
[  73.6s]   DiagnosticStatement: extracting, compact (724 chars, 1 classes in view)
[  73.6s]   Measurement#1: extracting, compact (2937 chars, 2 classes in view)
[  75.1s]   CareUnit: cycle 0 -> conforms
[  75.1s]   Measurement#2: extracting, compact (2370 chars, 2 classes in view)
[  77.1s]   DiagnosticStatement: cycle 0 -> conforms
[  77.1s]   Person: extracting, compact (250 chars, 1 classes in view)
[  77.8s]   Person: cycle 0 -> conforms
[  79.0s]   ClinicalCondition: cycle 0 -> conforms
[  93.6s]   Measurement#2: cycle 0 -> conforms
[  99.9s]   Measurement#1: cycle 0 -> conforms
[  99.9s]   Measurement#1: 1 unresolved (honest gaps)
[ 100.0s] level 1: 2 agent(s), 41 known entities
[ 100.0s]   EvaluationProcess: extracting, compact (724 chars, 7 classes in view)
[ 100.0s]   MeasurementProcess#1: extracting, compact (2937 chars, 6 classes in view)
[ 100.0s]   MeasurementProcess#2: extracting, compact (2370 chars, 6 classes in view)
[ 105.5s]   EvaluationProcess: dropped 1 individual(s) outside its scope (built earlier, or another agent's class)
[ 105.6s]   EvaluationProcess: cycle 0 -> 2 violation(s)
[ 105.6s]   EvaluationProcess: fixing ...
[ 110.8s]   EvaluationProcess: cycle 1 -> conforms
[ 110.8s]   EvaluationProcess: 1 unresolved (honest gaps)
[ 115.4s]   MeasurementProcess#2: dropped 1 individual(s) outside its scope (built earlier, or another agent's class)
[ 115.5s]   MeasurementProcess#2: cycle 0 -> 2 violation(s)
[ 115.5s]   MeasurementProcess#2: fixing ...
[ 122.1s]   MeasurementProcess#1: cycle 0 -> 12 violation(s)
[ 122.1s]   MeasurementProcess#1: fixing ...
[ 130.5s]   MeasurementProcess#2: dropped 1 individual(s) outside its scope (built earlier, or another agent's class)
[ 130.6s]   MeasurementProcess#2: cycle 1 -> 2 violation(s)
[ 130.6s]   MeasurementProcess#2: stopping (plateau)
[ 139.1s]   MeasurementProcess#1: dropped 1 individual(s) outside its scope (built earlier, or another agent's class)
[ 139.2s]   MeasurementProcess#1: cycle 1 -> 2 violation(s)
[ 139.2s]   MeasurementProcess#1: fixing ...
[ 158.7s]   MeasurementProcess#1: dropped 1 individual(s) outside its scope (built earlier, or another agent's class)
[ 158.8s]   MeasurementProcess#1: cycle 2 -> 2 violation(s)
[ 158.8s]   MeasurementProcess#1: stopping (fix budget spent)
[ 158.8s] level 2: 2 agent(s), 66 known entities
[ 158.8s]   CarePlan: extracting, compact (6519 chars, 4 classes in view)
[ 158.8s]   ClinicalVisit: extracting, compact (6519 chars, 5 classes in view)
[ 160.8s]   CarePlan: cycle 0 -> 1 violation(s)
[ 160.8s]   CarePlan: fixing ...
[ 165.0s]   ClinicalVisit: dropped 1 individual(s) outside its scope (built earlier, or another agent's class)
[ 165.2s]   ClinicalVisit: cycle 0 -> 3 violation(s)
[ 165.2s]   ClinicalVisit: fixing ...
[ 170.6s]   ClinicalVisit: dropped 1 individual(s) outside its scope (built earlier, or another agent's class)
[ 170.8s]   ClinicalVisit: cycle 1 -> 3 violation(s)
[ 170.8s]   ClinicalVisit: stopping (plateau)
[ 226.0s]   CarePlan: dropped 22 individual(s) outside its scope (built earlier, or another agent's class)
[ 226.1s]   CarePlan: cycle 1 -> 23 violation(s)
[ 226.1s]   CarePlan: fixing ...
[ 301.0s]   CarePlan: dropped 23 individual(s) outside its scope (built earlier, or another agent's class)
[ 301.2s]   CarePlan: cycle 2 -> 24 violation(s)
[ 301.2s]   CarePlan: stopping (fix budget spent)
[ 301.2s] union: dropped 22 link(s) to undeclared individuals
[ 301.3s] merging (orchestrator): 1 violation(s), 2 unresolved, 0 unparsed
[ 557.0s] final: 1 violation(s)
conforms=False segments=11 llm_calls=20 unresolved=0
  orchestrator   2 calls    18467 in   16990 out  cost n/a  gemma4-g1
  total         20 calls    86719 in   32630 out  cost n/a  
  worker        18 calls    68252 in   15640 out  cost n/a  gemma4-g1
Constraint Violation in MinCountConstraintComponent (http://www.w3.org/ns/shacl#MinCountConstraintComponent):
	Severity: sh:Violation
	Source Shape: [ sh:maxCount Literal("1", datatype=xsd:integer) ; sh:message Literal("A MeasurementProcess must link to exactly one Measurement via chr:hasResult.") ; sh:minCount Literal("1", datatype=xsd:integer) ; sh:path chr:hasResult ]
	Focus Node: ex:measurementprocess_Generalized_anxiety_disorder_7_item_GAD-_64c334af
	Result Path: chr:hasResult
	Message: A MeasurementProcess must link to exactly one Measurement via chr:hasResult.


exit=1 seconds=558
