[   0.0s] segmenting (orchestrator) ...
[  42.5s] 16 segments: s1[ClinicalVisit,Person,CareUnit,Person], s2[MeasurementProcess,Measurement], s3[MeasurementProcess,Measurement], s4[MeasurementProcess,Measurement], s5[MeasurementProcess,Measurement], s6[MeasurementProcess,Measurement], s7[MeasurementProcess,Measurement], s8[MeasurementProcess,Measurement], s9[MeasurementProcess,Measurement], s10[MeasurementProcess,Measurement], s11[MeasurementProcess,Measurement], s12[EvaluationProcess,DiagnosticStatement,ClinicalCondition], s13[EvaluationProcess,DiagnosticStatement,ClinicalCondition], s14[EvaluationProcess,DiagnosticStatement,ClinicalCondition], s15[EvaluationProcess,DiagnosticStatement,ClinicalCondition], s16[CarePlan]
[  42.5s] build order: [CareUnit, ClinicalCondition, DiagnosticStatement, Measurement, Person] -> [EvaluationProcess, MeasurementProcess] -> [CarePlan, ClinicalVisit]
[  42.5s] level 0: 5 agent(s), 0 known entities
[  42.5s]   CareUnit: extracting, compact (250 chars, 1 classes in view)
[  42.5s]   ClinicalCondition: extracting, compact (946 chars, 3 classes in view)
[  42.5s]   DiagnosticStatement: extracting, compact (946 chars, 1 classes in view)
[  42.5s]   Measurement: extracting, compact (2416 chars, 2 classes in view)
[  43.4s]   CareUnit: cycle 0 -> conforms
[  43.4s]   Person: extracting, compact (250 chars, 1 classes in view)
[  43.9s]   Person: cycle 0 -> conforms
[  46.1s]   DiagnosticStatement: cycle 0 -> conforms
[  48.0s]   ClinicalCondition: cycle 0 -> conforms
[  59.8s]   Measurement: cycle 0 -> conforms
[  59.8s] level 1: 2 agent(s), 26 known entities
[  59.8s]   EvaluationProcess: extracting, compact (946 chars, 7 classes in view)
[  59.8s]   MeasurementProcess: extracting, compact (2416 chars, 6 classes in view)
[  65.7s]   EvaluationProcess: dropped 1 individual(s) outside its scope (built earlier, or another agent's class)
[  65.8s]   EvaluationProcess: cycle 0 -> 2 violation(s)
[  65.8s]   EvaluationProcess: fixing ...
[  72.4s]   EvaluationProcess: dropped 1 individual(s) outside its scope (built earlier, or another agent's class)
[  72.5s]   EvaluationProcess: cycle 1 -> 2 violation(s)
[  72.5s]   EvaluationProcess: fixing ...
[  79.6s]   MeasurementProcess: cycle 0 -> 10 violation(s)
[  79.6s]   MeasurementProcess: fixing ...
[  79.7s]   EvaluationProcess: dropped 1 individual(s) outside its scope (built earlier, or another agent's class)
[  79.7s]   EvaluationProcess: cycle 2 -> 2 violation(s)
[  79.7s]   EvaluationProcess: stopping (fix budget spent)
[  93.2s]   MeasurementProcess: dropped 1 individual(s) outside its scope (built earlier, or another agent's class)
[  93.3s]   MeasurementProcess: cycle 1 -> 2 violation(s)
[  93.3s]   MeasurementProcess: fixing ...
[ 106.9s]   MeasurementProcess: dropped 1 individual(s) outside its scope (built earlier, or another agent's class)
[ 106.9s]   MeasurementProcess: cycle 2 -> 2 violation(s)
[ 106.9s]   MeasurementProcess: stopping (fix budget spent)
[ 107.0s] level 2: 2 agent(s), 41 known entities
[ 107.0s]   CarePlan: extracting, compact (3847 chars, 4 classes in view)
[ 107.0s]   ClinicalVisit: extracting, compact (3847 chars, 5 classes in view)
[ 108.2s]   CarePlan: cycle 0 -> 1 violation(s)
[ 108.2s]   CarePlan: fixing ...
[ 109.2s]   CarePlan: cycle 1 -> 1 violation(s)
[ 109.2s]   CarePlan: stopping (plateau)
[ 111.2s]   ClinicalVisit: dropped 1 individual(s) outside its scope (built earlier, or another agent's class)
[ 111.3s]   ClinicalVisit: cycle 0 -> 3 violation(s)
[ 111.3s]   ClinicalVisit: fixing ...
[ 115.2s]   ClinicalVisit: dropped 1 individual(s) outside its scope (built earlier, or another agent's class)
[ 115.3s]   ClinicalVisit: cycle 1 -> 3 violation(s)
[ 115.3s]   ClinicalVisit: stopping (plateau)
[ 115.4s] union: dropped 15 link(s) to undeclared individuals
[ 115.5s] merging (orchestrator): 0 violation(s), 0 unresolved, 0 unparsed
[ 223.8s] final: conforms
conforms=True segments=9 llm_calls=17 unresolved=0
  orchestrator   2 calls    12320 in    8287 out  cost n/a  gemma4-g1
  total         17 calls    57374 in   13278 out  cost n/a  
  worker        15 calls    45054 in    4991 out  cost n/a  gemma4-g1

exit=0 seconds=225
