[   0.0s] segmenting (orchestrator) ...
[  30.1s] 13 segments: s1[ClinicalVisit,Person,CareUnit,Person], s2[MeasurementProcess,Measurement], s3[MeasurementProcess,Measurement], s4[MeasurementProcess,Measurement], s5[MeasurementProcess,Measurement], s6[MeasurementProcess,Measurement], s7[MeasurementProcess,Measurement], s8[MeasurementProcess,Measurement], s9[MeasurementProcess,Measurement], s10[MeasurementProcess,Measurement], s11[MeasurementProcess,Measurement], s12[EvaluationProcess,DiagnosticStatement,ClinicalCondition], s13[CarePlan]
[  30.1s] build order: [CareUnit, ClinicalCondition, DiagnosticStatement, Measurement, Person] -> [EvaluationProcess, MeasurementProcess] -> [CarePlan, ClinicalVisit]
[  30.1s] level 0: 5 agent(s), 0 known entities
[  30.1s]   CareUnit: extracting, compact (239 chars, 1 classes in view)
[  30.1s]   ClinicalCondition: extracting, compact (235 chars, 3 classes in view)
[  30.1s]   DiagnosticStatement: extracting, compact (235 chars, 1 classes in view)
[  30.1s]   Measurement: extracting, compact (2331 chars, 2 classes in view)
[  31.4s]   CareUnit: cycle 0 -> conforms
[  31.4s]   Person: extracting, compact (239 chars, 1 classes in view)
[  32.0s]   DiagnosticStatement: cycle 0 -> conforms
[  32.1s]   Person: cycle 0 -> conforms
[  32.5s]   ClinicalCondition: cycle 0 -> conforms
[  47.9s]   Measurement: cycle 0 -> 2 violation(s)
[  47.9s]   Measurement: fixing ...
[  63.9s]   Measurement: cycle 1 -> conforms
[  63.9s] level 1: 2 agent(s), 21 known entities
[  63.9s]   EvaluationProcess: extracting, compact (235 chars, 7 classes in view)
[  63.9s]   MeasurementProcess: extracting, compact (2331 chars, 6 classes in view)
[  66.4s]   EvaluationProcess: dropped 1 individual(s) outside its scope (built earlier, or another agent's class)
[  66.4s]   EvaluationProcess: cycle 0 -> 2 violation(s)
[  66.4s]   EvaluationProcess: fixing ...
[  68.2s]   EvaluationProcess: dropped 1 individual(s) outside its scope (built earlier, or another agent's class)
[  68.3s]   EvaluationProcess: cycle 1 -> 2 violation(s)
[  68.3s]   EvaluationProcess: stopping (plateau)
[  75.8s]   MeasurementProcess: cycle 0 -> conforms
[  75.8s] level 2: 2 agent(s), 33 known entities
[  75.8s]   CarePlan: extracting, compact (3030 chars, 4 classes in view)
[  75.8s]   ClinicalVisit: extracting, compact (3030 chars, 5 classes in view)
[  77.3s]   CarePlan: cycle 0 -> 1 violation(s)
[  77.3s]   CarePlan: fixing ...
[  78.4s]   CarePlan: cycle 1 -> 1 violation(s)
[  78.4s]   CarePlan: stopping (plateau)
[  79.7s]   ClinicalVisit: dropped 1 individual(s) outside its scope (built earlier, or another agent's class)
[  79.8s]   ClinicalVisit: cycle 0 -> 3 violation(s)
[  79.8s]   ClinicalVisit: fixing ...
[  84.9s]   ClinicalVisit: dropped 1 individual(s) outside its scope (built earlier, or another agent's class)
[  84.9s]   ClinicalVisit: cycle 1 -> 3 violation(s)
[  84.9s]   ClinicalVisit: stopping (plateau)
[  85.0s] union: dropped 2 link(s) to undeclared individuals
[  85.0s] merging (orchestrator): 0 violation(s), 0 unresolved, 0 unparsed
[ 169.9s] final: conforms
conforms=True segments=9 llm_calls=15 unresolved=0
  orchestrator   2 calls    10568 in    6651 out  cost n/a  gemma4-g1
  total         15 calls    45017 in    9956 out  cost n/a  
  worker        13 calls    34449 in    3305 out  cost n/a  gemma4-g1

exit=0 seconds=171
