[   0.0s] segmenting (orchestrator) ...
[  30.5s] 12 segments: s1[ClinicalVisit,Person,CareUnit,Person], s2[MeasurementProcess,Measurement], s3[MeasurementProcess,Measurement], s4[MeasurementProcess,Measurement], s5[MeasurementProcess,Measurement], s6[MeasurementProcess,Measurement], s7[MeasurementProcess,Measurement], s8[MeasurementProcess,Measurement], s9[MeasurementProcess,Measurement], s10[EvaluationProcess,DiagnosticStatement,ClinicalCondition], s11[EvaluationProcess,DiagnosticStatement,ClinicalCondition], s12[CarePlan]
[  30.5s] build order: [CareUnit, ClinicalCondition, DiagnosticStatement, Measurement, Person] -> [EvaluationProcess, MeasurementProcess] -> [CarePlan, ClinicalVisit]
[  30.5s] level 0: 5 agent(s), 0 known entities
[  30.5s]   CareUnit: extracting, compact (255 chars, 1 classes in view)
[  30.5s]   ClinicalCondition: extracting, compact (471 chars, 3 classes in view)
[  30.5s]   DiagnosticStatement: extracting, compact (471 chars, 1 classes in view)
[  30.5s]   Measurement: extracting, compact (1901 chars, 2 classes in view)
[  31.3s]   CareUnit: cycle 0 -> conforms
[  31.3s]   Person: extracting, compact (255 chars, 1 classes in view)
[  31.8s]   Person: cycle 0 -> conforms
[  32.3s]   DiagnosticStatement: cycle 0 -> conforms
[  33.3s]   ClinicalCondition: cycle 0 -> conforms
[  43.8s]   Measurement: cycle 0 -> conforms
[  43.8s] level 1: 2 agent(s), 20 known entities
[  43.8s]   EvaluationProcess: extracting, compact (471 chars, 7 classes in view)
[  43.8s]   MeasurementProcess: extracting, compact (1901 chars, 6 classes in view)
[  47.4s]   EvaluationProcess: dropped 1 individual(s) outside its scope (built earlier, or another agent's class)
[  47.4s]   EvaluationProcess: cycle 0 -> 2 violation(s)
[  47.4s]   EvaluationProcess: fixing ...
[  50.2s]   EvaluationProcess: cycle 1 -> conforms
[  54.5s]   MeasurementProcess: cycle 0 -> conforms
[  54.5s] level 2: 2 agent(s), 31 known entities
[  54.5s]   CarePlan: extracting, compact (2874 chars, 4 classes in view)
[  54.5s]   ClinicalVisit: extracting, compact (2874 chars, 5 classes in view)
[  55.6s]   CarePlan: cycle 0 -> conforms
[  66.0s]   ClinicalVisit: dropped 1 individual(s) outside its scope (built earlier, or another agent's class)
[  66.0s]   ClinicalVisit: cycle 0 -> 2 violation(s)
[  66.0s]   ClinicalVisit: fixing ...
[  68.6s]   ClinicalVisit: dropped 1 individual(s) outside its scope (built earlier, or another agent's class)
[  68.7s]   ClinicalVisit: cycle 1 -> 2 violation(s)
[  68.7s]   ClinicalVisit: stopping (plateau)
[  68.7s] union: dropped 1 link(s) to undeclared individuals
[  68.8s] merging (orchestrator): 0 violation(s), 0 unresolved, 0 unparsed
[ 147.8s] final: conforms
conforms=True segments=9 llm_calls=13 unresolved=0
  orchestrator   2 calls    10165 in    6217 out  cost n/a  gemma4-g1
  total         13 calls    38188 in    8905 out  cost n/a  
  worker        11 calls    28023 in    2688 out  cost n/a  gemma4-g1

exit=0 seconds=149
