[   0.0s] segmenting (orchestrator) ...
[  48.4s] 18 segments: s1[ClinicalVisit,Person,CareUnit,Person], s2[MeasurementProcess,Measurement,Unit,ProcessStatus], s3[MeasurementProcess,Measurement,Unit,ProcessStatus], s4[MeasurementProcess,Measurement,Unit,ProcessStatus], s5[MeasurementProcess,Measurement,Unit,ProcessStatus], s6[MeasurementProcess,Measurement,Unit,ProcessStatus], s7[MeasurementProcess,Measurement,Unit,ProcessStatus], s8[MeasurementProcess,Measurement,Unit,ProcessStatus], s9[MeasurementProcess,Measurement,Unit,ProcessStatus], s10[MeasurementProcess,Measurement,Unit,ProcessStatus], s11[MeasurementProcess,Measurement,Unit,ProcessStatus], s12[MeasurementProcess,Measurement,Unit,ProcessStatus], s13[EvaluationProcess,DiagnosticStatement,ClinicalCondition], s14[EvaluationProcess,DiagnosticStatement,ClinicalCondition], s15[EvaluationProcess,DiagnosticStatement,ClinicalCondition], s16[EvaluationProcess,DiagnosticStatement,ClinicalCondition], s17[EvaluationProcess,DiagnosticStatement,ClinicalCondition], s18[CarePlan]
[  48.4s] build order: [CareUnit, ClinicalCondition, DiagnosticStatement, Person, ProcessStatus, Unit] -> [EvaluationProcess, Measurement] -> [MeasurementProcess] -> [CarePlan, ClinicalVisit]
[  48.4s] level 0: 6 agent(s), 0 known entities
[  48.4s]   CareUnit: extracting, compact (237 chars, 1 classes in view)
[  48.4s]   ClinicalCondition: extracting, compact (1151 chars, 3 classes in view)
[  48.4s]   DiagnosticStatement: extracting, compact (1151 chars, 1 classes in view)
[  48.4s]   Person: extracting, compact (237 chars, 1 classes in view)
[  49.1s]   CareUnit: cycle 0 -> conforms
[  49.1s]   ProcessStatus: extracting, compact (2629 chars, 1 classes in view)
[  49.3s]   Person: cycle 0 -> conforms
[  49.3s]   Unit: extracting, compact (2629 chars, 1 classes in view)
[  50.0s]   ProcessStatus: cycle 0 -> conforms
[  52.7s]   DiagnosticStatement: cycle 0 -> conforms
[  53.5s]   Unit: cycle 0 -> conforms
[  55.1s]   ClinicalCondition: cycle 0 -> conforms
[  55.2s] level 1: 2 agent(s), 19 known entities
[  55.2s]   EvaluationProcess: extracting, compact (1151 chars, 7 classes in view)
[  55.2s]   Measurement: extracting, compact (2629 chars, 2 classes in view)
[  62.2s]   EvaluationProcess: dropped 1 individual(s) outside its scope (built earlier, or another agent's class)
[  62.2s]   EvaluationProcess: cycle 0 -> 2 violation(s)
[  62.2s]   EvaluationProcess: fixing ...
[  69.2s]   EvaluationProcess: dropped 1 individual(s) outside its scope (built earlier, or another agent's class)
[  69.2s]   EvaluationProcess: cycle 1 -> 2 violation(s)
[  69.2s]   EvaluationProcess: fixing ...
[  72.3s]   Measurement: cycle 0 -> conforms
[  76.1s]   EvaluationProcess: dropped 1 individual(s) outside its scope (built earlier, or another agent's class)
[  76.1s]   EvaluationProcess: cycle 2 -> 2 violation(s)
[  76.1s]   EvaluationProcess: stopping (fix budget spent)
[  76.1s]   EvaluationProcess: 1 unresolved (honest gaps)
[  76.2s] level 2: 1 agent(s), 35 known entities
[  76.2s]   MeasurementProcess: extracting, compact (2629 chars, 6 classes in view)
[  89.0s]   MeasurementProcess: cycle 0 -> 1 violation(s)
[  89.0s]   MeasurementProcess: fixing ...
[ 118.7s]   MeasurementProcess: dropped 1 individual(s) outside its scope (built earlier, or another agent's class)
[ 118.8s]   MeasurementProcess: cycle 1 -> 2 violation(s)
[ 118.8s]   MeasurementProcess: fixing ...
[ 145.6s]   MeasurementProcess: dropped 1 individual(s) outside its scope (built earlier, or another agent's class)
[ 145.7s]   MeasurementProcess: cycle 2 -> 2 violation(s)
[ 145.7s]   MeasurementProcess: stopping (fix budget spent)
[ 145.7s] level 3: 2 agent(s), 46 known entities
[ 145.7s]   CarePlan: extracting, compact (4242 chars, 4 classes in view)
[ 145.7s]   ClinicalVisit: extracting, compact (4242 chars, 5 classes in view)
[ 147.4s]   CarePlan: cycle 0 -> 1 violation(s)
[ 147.4s]   CarePlan: fixing ...
[ 149.3s]   CarePlan: dropped 1 individual(s) outside its scope (built earlier, or another agent's class)
[ 149.4s]   CarePlan: cycle 1 -> 2 violation(s)
[ 149.4s]   CarePlan: fixing ...
[ 151.2s]   ClinicalVisit: dropped 1 individual(s) outside its scope (built earlier, or another agent's class)
[ 151.3s]   ClinicalVisit: cycle 0 -> 3 violation(s)
[ 151.3s]   ClinicalVisit: fixing ...
[ 155.2s]   ClinicalVisit: dropped 1 individual(s) outside its scope (built earlier, or another agent's class)
[ 155.3s]   ClinicalVisit: cycle 1 -> 3 violation(s)
[ 155.3s]   ClinicalVisit: stopping (plateau)
[ 191.8s]   CarePlan: dropped 17 individual(s) outside its scope (built earlier, or another agent's class)
[ 191.8s]   CarePlan: cycle 2 -> 35 violation(s)
[ 191.8s]   CarePlan: stopping (fix budget spent)
[ 191.8s]   CarePlan: 1 unresolved (honest gaps)
[ 191.9s] union: dropped 17 link(s) to undeclared individuals
[ 192.0s] merging (orchestrator): 0 violation(s), 2 unresolved, 0 unparsed
[ 309.8s] final: conforms
conforms=True segments=11 llm_calls=20 unresolved=0
  orchestrator   2 calls    13404 in    9540 out  cost n/a  gemma4-g1
  total         20 calls    69582 in   18915 out  cost n/a  
  worker        18 calls    56178 in    9375 out  cost n/a  gemma4-g1

exit=0 seconds=311
