[   0.0s] segmenting (orchestrator) ...
[  18.3s] 5 segments: s1[ClinicalVisit,Person,CareUnit,Person], s2[MeasurementProcess,Measurement,Unit,ProcessStatus], s3[EvaluationProcess,DiagnosticStatement,ClinicalCondition], s4[EvaluationProcess,DiagnosticStatement,ClinicalCondition], s5[CarePlan]
[  18.3s] build order: [CareUnit, ClinicalCondition, DiagnosticStatement, Person, ProcessStatus, Unit] -> [EvaluationProcess, Measurement] -> [MeasurementProcess] -> [CarePlan, ClinicalVisit]
[  18.3s] level 0: 6 agent(s), 0 known entities
[  18.3s]   CareUnit: extracting, compact (340 chars, 1 classes in view)
[  18.3s]   ClinicalCondition: extracting, compact (479 chars, 3 classes in view)
[  18.3s]   DiagnosticStatement: extracting, compact (479 chars, 1 classes in view)
[  18.3s]   Person: extracting, compact (340 chars, 1 classes in view)
[  18.9s]   CareUnit: cycle 0 -> conforms
[  18.9s]   ProcessStatus: extracting, compact (259 chars, 1 classes in view)
[  19.4s]   Person: cycle 0 -> conforms
[  19.4s]   Unit: extracting, compact (259 chars, 1 classes in view)
[  19.5s]   ProcessStatus: cycle 0 -> conforms
[  20.2s]   Unit: cycle 0 -> conforms
[  20.4s]   DiagnosticStatement: cycle 0 -> conforms
[  21.5s]   ClinicalCondition: cycle 0 -> conforms
[  21.5s]   ClinicalCondition: 1 unresolved (honest gaps)
[  21.6s] level 1: 2 agent(s), 8 known entities
[  21.6s]   EvaluationProcess: extracting, compact (479 chars, 7 classes in view)
[  21.6s]   Measurement: extracting, compact (259 chars, 2 classes in view)
[  23.3s]   Measurement: cycle 0 -> conforms
[  25.0s]   EvaluationProcess: dropped 1 individual(s) outside its scope (built earlier, or another agent's class)
[  25.0s]   EvaluationProcess: cycle 0 -> 2 violation(s)
[  25.0s]   EvaluationProcess: fixing ...
[  27.5s]   EvaluationProcess: dropped 1 individual(s) outside its scope (built earlier, or another agent's class)
[  27.6s]   EvaluationProcess: cycle 1 -> 2 violation(s)
[  27.6s]   EvaluationProcess: stopping (plateau)
[  27.6s] level 2: 1 agent(s), 11 known entities
[  27.6s]   MeasurementProcess: extracting, compact (259 chars, 6 classes in view)
[  30.1s]   MeasurementProcess: cycle 0 -> 1 violation(s)
[  30.1s]   MeasurementProcess: fixing ...
[  33.6s]   MeasurementProcess: dropped 1 individual(s) outside its scope (built earlier, or another agent's class)
[  33.6s]   MeasurementProcess: cycle 1 -> 2 violation(s)
[  33.6s]   MeasurementProcess: fixing ...
[  36.6s]   MeasurementProcess: dropped 1 individual(s) outside its scope (built earlier, or another agent's class)
[  36.7s]   MeasurementProcess: cycle 2 -> 2 violation(s)
[  36.7s]   MeasurementProcess: stopping (fix budget spent)
[  36.7s] level 3: 2 agent(s), 12 known entities
[  36.7s]   CarePlan: extracting, compact (1198 chars, 4 classes in view)
[  36.7s]   ClinicalVisit: extracting, compact (1198 chars, 5 classes in view)
[  37.6s]   CarePlan: cycle 0 -> 1 violation(s)
[  37.6s]   CarePlan: fixing ...
[  38.4s]   CarePlan: cycle 1 -> 1 violation(s)
[  38.4s]   CarePlan: stopping (plateau)
[  41.7s]   ClinicalVisit: dropped 1 individual(s) outside its scope (built earlier, or another agent's class)
[  41.8s]   ClinicalVisit: cycle 0 -> 3 violation(s)
[  41.8s]   ClinicalVisit: fixing ...
[  45.8s]   ClinicalVisit: dropped 1 individual(s) outside its scope (built earlier, or another agent's class)
[  45.8s]   ClinicalVisit: cycle 1 -> 3 violation(s)
[  45.8s]   ClinicalVisit: stopping (plateau)
[  45.8s] union: dropped 4 link(s) to undeclared individuals
[  45.9s] merging (orchestrator): 0 violation(s), 1 unresolved, 0 unparsed
[  77.2s] final: conforms
conforms=True segments=11 llm_calls=18 unresolved=0
  orchestrator   2 calls     6280 in    2585 out  cost n/a  gemma4-g1
  total         18 calls    39352 in    4396 out  cost n/a  
  worker        16 calls    33072 in    1811 out  cost n/a  gemma4-g1

exit=0 seconds=78
