[   0.0s] segmenting (orchestrator) ...
[  59.4s] 24 segments: s1[ClinicalVisit,Person,CareUnit,Person], s2[MeasurementProcess,Measurement], s3[MeasurementProcess,Measurement], s4[MeasurementProcess,Measurement], s5[MeasurementProcess,Measurement], s6[MeasurementProcess,Measurement], s7[MeasurementProcess,Measurement], s8[MeasurementProcess,Measurement], s9[MeasurementProcess,Measurement], s10[MeasurementProcess,Measurement], s11[MeasurementProcess,Measurement], s12[MeasurementProcess,Measurement], s13[MeasurementProcess,Measurement], s14[MeasurementProcess,Measurement], s15[MeasurementProcess,Measurement], s16[MeasurementProcess,Measurement], s17[MeasurementProcess,Measurement], s18[MeasurementProcess,Measurement], s19[MeasurementProcess,Measurement], s20[MeasurementProcess,Measurement], s21[MeasurementProcess,Measurement], s22[EvaluationProcess,DiagnosticStatement,ClinicalCondition], s23[EvaluationProcess,DiagnosticStatement,ClinicalCondition], s24[CarePlan]
[  59.4s] build order: [CareUnit, ClinicalCondition, DiagnosticStatement, Measurement, Person] -> [EvaluationProcess, MeasurementProcess] -> [CarePlan, ClinicalVisit]
[  59.4s] level 0: 5 agent(s), 0 known entities
[  59.4s]   CareUnit: extracting, compact (239 chars, 1 classes in view)
[  59.4s]   ClinicalCondition: extracting, compact (468 chars, 3 classes in view)
[  59.4s]   DiagnosticStatement: extracting, compact (468 chars, 1 classes in view)
[  59.4s]   Measurement#1: extracting, compact (2883 chars, 2 classes in view)
[  60.1s]   CareUnit: cycle 0 -> conforms
[  60.1s]   Measurement#2: extracting, compact (2077 chars, 2 classes in view)
[  61.3s]   DiagnosticStatement: cycle 0 -> conforms
[  61.3s]   Person: extracting, compact (239 chars, 1 classes in view)
[  61.9s]   Person: cycle 0 -> conforms
[  62.5s]   ClinicalCondition: cycle 0 -> conforms
[  75.0s]   Measurement#2: cycle 0 -> conforms
[  81.0s]   Measurement#1: cycle 0 -> 4 violation(s)
[  81.0s]   Measurement#1: fixing ...
[ 102.1s]   Measurement#1: cycle 1 -> 4 violation(s)
[ 102.1s]   Measurement#1: stopping (plateau)
[ 102.1s]   Measurement#1: 4 unresolved (honest gaps)
[ 102.2s] level 1: 2 agent(s), 38 known entities
[ 102.2s]   EvaluationProcess: extracting, compact (468 chars, 7 classes in view)
[ 102.2s]   MeasurementProcess#1: extracting, compact (2883 chars, 6 classes in view)
[ 102.2s]   MeasurementProcess#2: extracting, compact (2077 chars, 6 classes in view)
[ 105.9s]   EvaluationProcess: dropped 1 individual(s) outside its scope (built earlier, or another agent's class)
[ 105.9s]   EvaluationProcess: cycle 0 -> 2 violation(s)
[ 105.9s]   EvaluationProcess: fixing ...
[ 109.2s]   EvaluationProcess: dropped 1 individual(s) outside its scope (built earlier, or another agent's class)
[ 109.3s]   EvaluationProcess: cycle 1 -> 2 violation(s)
[ 109.3s]   EvaluationProcess: fixing ...
[ 115.0s]   EvaluationProcess: dropped 1 individual(s) outside its scope (built earlier, or another agent's class)
[ 115.1s]   EvaluationProcess: cycle 2 -> 2 violation(s)
[ 115.1s]   EvaluationProcess: stopping (fix budget spent)
[ 115.1s]   EvaluationProcess: 1 unresolved (honest gaps)
[ 118.8s]   MeasurementProcess#2: dropped 1 individual(s) outside its scope (built earlier, or another agent's class)
[ 118.9s]   MeasurementProcess#2: cycle 0 -> 2 violation(s)
[ 118.9s]   MeasurementProcess#2: fixing ...
[ 119.1s]   MeasurementProcess#1: cycle 0 -> conforms
[ 132.0s]   MeasurementProcess#2: dropped 1 individual(s) outside its scope (built earlier, or another agent's class)
[ 132.1s]   MeasurementProcess#2: cycle 1 -> 2 violation(s)
[ 132.1s]   MeasurementProcess#2: fixing ...
[ 146.8s]   MeasurementProcess#2: dropped 1 individual(s) outside its scope (built earlier, or another agent's class)
[ 146.9s]   MeasurementProcess#2: cycle 2 -> 2 violation(s)
[ 146.9s]   MeasurementProcess#2: stopping (fix budget spent)
[ 146.9s] level 2: 2 agent(s), 61 known entities
[ 146.9s]   CarePlan: extracting, compact (5894 chars, 4 classes in view)
[ 146.9s]   ClinicalVisit: extracting, compact (5894 chars, 5 classes in view)
[ 148.6s]   CarePlan: cycle 0 -> 1 violation(s)
[ 148.6s]   CarePlan: fixing ...
[ 152.7s]   ClinicalVisit: dropped 1 individual(s) outside its scope (built earlier, or another agent's class)
[ 152.8s]   ClinicalVisit: cycle 0 -> 3 violation(s)
[ 152.8s]   ClinicalVisit: fixing ...
[ 158.4s]   ClinicalVisit: dropped 1 individual(s) outside its scope (built earlier, or another agent's class)
[ 158.5s]   ClinicalVisit: cycle 1 -> 3 violation(s)
[ 158.5s]   ClinicalVisit: stopping (plateau)
[ 185.5s]   CarePlan: dropped 23 individual(s) outside its scope (built earlier, or another agent's class)
[ 185.7s]   CarePlan: cycle 1 -> 24 violation(s)
[ 185.7s]   CarePlan: fixing ...
[ 244.2s]   CarePlan: dropped 41 individual(s) outside its scope (built earlier, or another agent's class)
[ 244.5s]   CarePlan: cycle 2 -> 43 violation(s)
[ 244.5s]   CarePlan: stopping (fix budget spent)
[ 244.5s]   CarePlan: 1 unresolved (honest gaps)
[ 244.6s] union: dropped 11 link(s) to undeclared individuals
[ 245.0s] merging (orchestrator): 5 violation(s), 6 unresolved, 0 unparsed
[ 411.8s] final: conforms
conforms=True segments=11 llm_calls=21 unresolved=0
  orchestrator   2 calls    17980 in   12829 out  cost n/a  gemma4-g1
  total         21 calls    84768 in   25696 out  cost n/a  
  worker        19 calls    66788 in   12867 out  cost n/a  gemma4-g1

exit=0 seconds=413
