[   0.0s] segmenting (orchestrator) ...
[  32.8s] 12 segments: s1[ClinicalVisit,Person,CareUnit,Person], s2[MeasurementProcess,Measurement,Unit,ProcessStatus], s3[MeasurementProcess,Measurement,Unit,ProcessStatus], s4[MeasurementProcess,Measurement,Unit,ProcessStatus], s5[MeasurementProcess,Measurement,Unit,ProcessStatus], s6[MeasurementProcess,Measurement,Unit,ProcessStatus], s7[MeasurementProcess,Measurement,Unit,ProcessStatus], s8[MeasurementProcess,Measurement,Unit,ProcessStatus], s9[MeasurementProcess,Measurement,Unit,ProcessStatus], s10[MeasurementProcess,Measurement,Unit,ProcessStatus], s11[EvaluationProcess,DiagnosticStatement,ClinicalCondition], s12[CarePlan]
[  32.8s] build order: [CareUnit, ClinicalCondition, DiagnosticStatement, Person, ProcessStatus, Unit] -> [EvaluationProcess, Measurement] -> [MeasurementProcess] -> [CarePlan, ClinicalVisit]
[  32.8s] level 0: 6 agent(s), 0 known entities
[  32.8s]   CareUnit: extracting, compact (239 chars, 1 classes in view)
[  32.8s]   ClinicalCondition: extracting, compact (235 chars, 3 classes in view)
[  32.8s]   DiagnosticStatement: extracting, compact (235 chars, 1 classes in view)
[  32.8s]   Person: extracting, compact (239 chars, 1 classes in view)
[  33.4s]   CareUnit: cycle 0 -> conforms
[  33.4s]   ProcessStatus: extracting, compact (2092 chars, 1 classes in view)
[  33.4s]   Person: cycle 0 -> conforms
[  33.4s]   Unit: extracting, compact (2092 chars, 1 classes in view)
[  34.0s]   ProcessStatus: cycle 0 -> conforms
[  34.0s]   DiagnosticStatement: cycle 0 -> conforms
[  34.5s]   ClinicalCondition: cycle 0 -> conforms
[  36.7s]   Unit: cycle 0 -> conforms
[  36.7s] level 1: 2 agent(s), 11 known entities
[  36.7s]   EvaluationProcess: extracting, compact (235 chars, 7 classes in view)
[  36.7s]   Measurement: extracting, compact (2092 chars, 2 classes in view)
[  38.8s]   EvaluationProcess: dropped 1 individual(s) outside its scope (built earlier, or another agent's class)
[  38.8s]   EvaluationProcess: cycle 0 -> 2 violation(s)
[  38.8s]   EvaluationProcess: fixing ...
[  42.0s]   EvaluationProcess: dropped 1 individual(s) outside its scope (built earlier, or another agent's class)
[  42.0s]   EvaluationProcess: cycle 1 -> 2 violation(s)
[  42.0s]   EvaluationProcess: stopping (plateau)
[  48.4s]   Measurement: cycle 0 -> conforms
[  48.4s] level 2: 1 agent(s), 21 known entities
[  48.5s]   MeasurementProcess: extracting, compact (2092 chars, 6 classes in view)
[  61.3s]   MeasurementProcess: dropped 1 individual(s) outside its scope (built earlier, or another agent's class)
[  61.4s]   MeasurementProcess: cycle 0 -> 2 violation(s)
[  61.4s]   MeasurementProcess: fixing ...
[  86.9s]   MeasurementProcess: dropped 1 individual(s) outside its scope (built earlier, or another agent's class)
[  86.9s]   MeasurementProcess: cycle 1 -> 2 violation(s)
[  86.9s]   MeasurementProcess: stopping (plateau)
[  87.0s] level 3: 2 agent(s), 30 known entities
[  87.0s]   ClinicalVisit: extracting, compact (2791 chars, 5 classes in view)
[  87.0s]   CarePlan: extracting, compact (2791 chars, 4 classes in view)
[  88.0s]   CarePlan: cycle 0 -> 1 violation(s)
[  88.0s]   CarePlan: fixing ...
[  88.9s]   CarePlan: cycle 1 -> 1 violation(s)
[  88.9s]   CarePlan: stopping (plateau)
[  89.9s]   ClinicalVisit: dropped 1 individual(s) outside its scope (built earlier, or another agent's class)
[  90.0s]   ClinicalVisit: cycle 0 -> 3 violation(s)
[  90.0s]   ClinicalVisit: fixing ...
[  92.5s]   ClinicalVisit: dropped 1 individual(s) outside its scope (built earlier, or another agent's class)
[  92.6s]   ClinicalVisit: cycle 1 -> 3 violation(s)
[  92.6s]   ClinicalVisit: stopping (plateau)
[  92.6s] union: dropped 11 link(s) to undeclared individuals
[  92.6s] merging (orchestrator): 0 violation(s), 0 unresolved, 0 unparsed
[ 170.0s] final: conforms
conforms=True segments=11 llm_calls=17 unresolved=0
  orchestrator   2 calls     9967 in    5997 out  cost n/a  gemma4-g1
  total         17 calls    48147 in    9618 out  cost n/a  
  worker        15 calls    38180 in    3621 out  cost n/a  gemma4-g1

exit=0 seconds=171
