[   0.0s] segmenting (orchestrator) ...
[  74.0s] 28 segments: s1[ClinicalVisit,Person,CareUnit,Person], s2[MeasurementProcess,Measurement,Unit,ProcessStatus], s3[MeasurementProcess,Measurement,Unit,ProcessStatus], s4[MeasurementProcess,Measurement,Unit,ProcessStatus], s5[MeasurementProcess,Measurement,Unit,ProcessStatus], s6[MeasurementProcess,Measurement,Unit,ProcessStatus], s7[MeasurementProcess,Measurement,Unit,ProcessStatus], s8[MeasurementProcess,Measurement,Unit,ProcessStatus], s9[MeasurementProcess,Measurement,Unit,ProcessStatus], s10[MeasurementProcess,Measurement,Unit,ProcessStatus], s11[MeasurementProcess,Measurement,Unit,ProcessStatus], s12[MeasurementProcess,Measurement,Unit,ProcessStatus], s13[MeasurementProcess,Measurement,Unit,ProcessStatus], s14[MeasurementProcess,Measurement,Unit,ProcessStatus], s15[MeasurementProcess,Measurement,Unit,ProcessStatus], s16[MeasurementProcess,Measurement,Unit,ProcessStatus], s17[MeasurementProcess,Measurement,Unit,ProcessStatus], s18[MeasurementProcess,Measurement,Unit,ProcessStatus], s19[MeasurementProcess,Measurement,Unit,ProcessStatus], s20[MeasurementProcess,Measurement,Unit,ProcessStatus], s21[MeasurementProcess,Measurement,Unit,ProcessStatus], s22[MeasurementProcess,Measurement,Unit,ProcessStatus], s23[MeasurementProcess,Measurement,Unit,ProcessStatus], s24[EvaluationProcess,DiagnosticStatement,ClinicalCondition], s25[EvaluationProcess,DiagnosticStatement,ClinicalCondition], s26[EvaluationProcess,DiagnosticStatement,ClinicalCondition], s27[EvaluationProcess,DiagnosticStatement,ClinicalCondition], s28[CarePlan]
[  74.0s] build order: [CareUnit, ClinicalCondition, DiagnosticStatement, Person, ProcessStatus, Unit] -> [EvaluationProcess, Measurement] -> [MeasurementProcess] -> [CarePlan, ClinicalVisit]
[  74.0s] level 0: 6 agent(s), 0 known entities
[  74.0s]   CareUnit: extracting, compact (235 chars, 1 classes in view)
[  74.0s]   ClinicalCondition: extracting, compact (924 chars, 3 classes in view)
[  74.0s]   DiagnosticStatement: extracting, compact (924 chars, 1 classes in view)
[  74.0s]   Person: extracting, compact (235 chars, 1 classes in view)
[  74.7s]   CareUnit: cycle 0 -> conforms
[  74.7s]   ProcessStatus#1: extracting, compact (2908 chars, 1 classes in view)
[  75.2s]   ProcessStatus#1: cycle 0 -> conforms
[  75.2s]   ProcessStatus#2: extracting, compact (2682 chars, 1 classes in view)
[  75.3s]   Person: cycle 0 -> conforms
[  75.3s]   Unit#1: extracting, compact (2908 chars, 1 classes in view)
[  75.8s]   ProcessStatus#2: cycle 0 -> conforms
[  75.8s]   Unit#2: extracting, compact (2682 chars, 1 classes in view)
[  78.2s]   DiagnosticStatement: cycle 0 -> conforms
[  79.0s]   Unit#2: cycle 0 -> conforms
[  80.2s]   ClinicalCondition: cycle 0 -> conforms
[  80.7s]   Unit#1: cycle 0 -> conforms
[  80.7s] level 1: 2 agent(s), 21 known entities
[  80.7s]   EvaluationProcess: extracting, compact (924 chars, 7 classes in view)
[  80.7s]   Measurement#1: extracting, compact (2908 chars, 2 classes in view)
[  80.7s]   Measurement#2: extracting, compact (2682 chars, 2 classes in view)
[  88.5s]   EvaluationProcess: cycle 0 -> conforms
[  97.2s]   Measurement#2: cycle 0 -> conforms
[  98.8s]   Measurement#1: cycle 0 -> conforms
[  98.8s] level 2: 1 agent(s), 47 known entities
[  98.8s]   MeasurementProcess#1: extracting, compact (2908 chars, 6 classes in view)
[  98.8s]   MeasurementProcess#2: extracting, compact (2682 chars, 6 classes in view)
[ 118.4s]   MeasurementProcess#1: cycle 0 -> conforms
[ 119.9s]   MeasurementProcess#2: cycle 0 -> 30 violation(s)
[ 119.9s]   MeasurementProcess#2: fixing ...
[ 137.8s]   MeasurementProcess#2: cycle 1 -> conforms
[ 137.8s] level 3: 2 agent(s), 69 known entities
[ 137.9s]   CarePlan: extracting, compact (6960 chars, 4 classes in view)
[ 137.9s]   ClinicalVisit: extracting, compact (6960 chars, 5 classes in view)
[ 139.5s]   CarePlan: cycle 0 -> conforms
[ 139.5s]   CarePlan: 1 unresolved (honest gaps)
[ 142.8s]   ClinicalVisit: cycle 0 -> conforms
[ 143.0s] merging (orchestrator): 1 violation(s), 1 unresolved, 0 unparsed
[ 345.7s] final: conforms
conforms=True segments=15 llm_calls=18 unresolved=0
  orchestrator   2 calls    20236 in   15324 out  cost n/a  gemma4-g1
  total         18 calls    70655 in   21340 out  cost n/a  
  worker        16 calls    50419 in    6016 out  cost n/a  gemma4-g1

exit=0 seconds=347
