[   0.0s] segmenting (orchestrator) ...
[  33.4s] 13 segments: s1[ClinicalVisit,Person,CareUnit,Person], s2[MeasurementProcess,Measurement,Unit,ProcessStatus], s3[MeasurementProcess,Measurement,Unit,ProcessStatus], s4[MeasurementProcess,Measurement,Unit,ProcessStatus], s5[MeasurementProcess,Measurement,Unit,ProcessStatus], s6[MeasurementProcess,Measurement,Unit,ProcessStatus], s7[MeasurementProcess,Measurement,Unit,ProcessStatus], s8[MeasurementProcess,Measurement,Unit,ProcessStatus], s9[MeasurementProcess,Measurement,Unit,ProcessStatus], s10[MeasurementProcess,Measurement,Unit,ProcessStatus], s11[MeasurementProcess,Measurement,Unit,ProcessStatus], s12[EvaluationProcess,DiagnosticStatement,ClinicalCondition], s13[CarePlan]
[  33.4s] build order: [CareUnit, ClinicalCondition, DiagnosticStatement, Person, ProcessStatus, Unit] -> [EvaluationProcess, Measurement] -> [MeasurementProcess] -> [CarePlan, ClinicalVisit]
[  33.4s] level 0: 6 agent(s), 0 known entities
[  33.4s]   CareUnit: extracting, compact (221 chars, 1 classes in view)
[  33.4s]   ClinicalCondition: extracting, compact (236 chars, 3 classes in view)
[  33.4s]   DiagnosticStatement: extracting, compact (236 chars, 1 classes in view)
[  33.4s]   Person: extracting, compact (221 chars, 1 classes in view)
[  33.9s]   CareUnit: cycle 0 -> conforms
[  33.9s]   ProcessStatus: extracting, compact (2372 chars, 1 classes in view)
[  34.1s]   Person: cycle 0 -> conforms
[  34.1s]   Unit: extracting, compact (2372 chars, 1 classes in view)
[  34.5s]   ProcessStatus: cycle 0 -> conforms
[  34.6s]   DiagnosticStatement: cycle 0 -> conforms
[  35.1s]   ClinicalCondition: cycle 0 -> conforms
[  37.9s]   Unit: cycle 0 -> conforms
[  37.9s] level 1: 2 agent(s), 12 known entities
[  37.9s]   EvaluationProcess: extracting, compact (236 chars, 7 classes in view)
[  37.9s]   Measurement: extracting, compact (2372 chars, 2 classes in view)
[  39.7s]   EvaluationProcess: dropped 1 individual(s) outside its scope (built earlier, or another agent's class)
[  39.7s]   EvaluationProcess: cycle 0 -> 2 violation(s)
[  39.7s]   EvaluationProcess: fixing ...
[  41.8s]   EvaluationProcess: cycle 1 -> conforms
[  41.8s]   EvaluationProcess: 1 unresolved (honest gaps)
[  50.8s]   Measurement: cycle 0 -> conforms
[  50.8s]   Measurement: 1 unresolved (honest gaps)
[  50.8s] level 2: 1 agent(s), 23 known entities
[  50.8s]   MeasurementProcess: extracting, compact (2372 chars, 6 classes in view)
[  62.2s]   MeasurementProcess: dropped 1 individual(s) outside its scope (built earlier, or another agent's class)
[  62.2s]   MeasurementProcess: cycle 0 -> 2 violation(s)
[  62.2s]   MeasurementProcess: fixing ...
[  74.2s]   MeasurementProcess: dropped 1 individual(s) outside its scope (built earlier, or another agent's class)
[  74.2s]   MeasurementProcess: cycle 1 -> 2 violation(s)
[  74.2s]   MeasurementProcess: fixing ...
[  86.3s]   MeasurementProcess: dropped 1 individual(s) outside its scope (built earlier, or another agent's class)
[  86.4s]   MeasurementProcess: cycle 2 -> 2 violation(s)
[  86.4s]   MeasurementProcess: stopping (fix budget spent)
[  86.4s] level 3: 2 agent(s), 33 known entities
[  86.4s]   CarePlan: extracting, compact (3048 chars, 4 classes in view)
[  86.4s]   ClinicalVisit: extracting, compact (3048 chars, 5 classes in view)
[  87.5s]   CarePlan: cycle 0 -> 1 violation(s)
[  87.5s]   CarePlan: fixing ...
[  90.0s]   ClinicalVisit: dropped 1 individual(s) outside its scope (built earlier, or another agent's class)
[  90.1s]   ClinicalVisit: cycle 0 -> 3 violation(s)
[  90.1s]   ClinicalVisit: fixing ...
[  93.4s]   ClinicalVisit: dropped 1 individual(s) outside its scope (built earlier, or another agent's class)
[  93.5s]   ClinicalVisit: cycle 1 -> 3 violation(s)
[  93.5s]   ClinicalVisit: stopping (plateau)
[ 115.5s]   CarePlan: dropped 1 individual(s) outside its scope (built earlier, or another agent's class)
[ 115.6s]   CarePlan: cycle 1 -> 2 violation(s)
[ 115.6s]   CarePlan: fixing ...
[ 116.6s]   CarePlan: cycle 2 -> 1 violation(s)
[ 116.6s]   CarePlan: stopping (fix budget spent)
[ 116.6s] union: dropped 11 link(s) to undeclared individuals
[ 116.7s] merging (orchestrator): 0 violation(s), 2 unresolved, 0 unparsed
[ 207.6s] final: conforms
conforms=True segments=11 llm_calls=19 unresolved=0
  orchestrator   2 calls    10712 in    6891 out  cost n/a  gemma4-g1
  total         19 calls    56673 in   12313 out  cost n/a  
  worker        17 calls    45961 in    5422 out  cost n/a  gemma4-g1

exit=0 seconds=208
