[   0.0s] segmenting (orchestrator) ...
[  27.4s] 11 segments: s1[ClinicalVisit,Person,CareUnit,Person], s2[MeasurementProcess,Measurement,Unit,ProcessStatus], s3[MeasurementProcess,Measurement,Unit,ProcessStatus], s4[MeasurementProcess,Measurement,Unit,ProcessStatus], s5[MeasurementProcess,Measurement,Unit,ProcessStatus], s6[MeasurementProcess,Measurement,Unit,ProcessStatus], s7[MeasurementProcess,Measurement,Unit,ProcessStatus], s8[MeasurementProcess,Measurement,Unit,ProcessStatus], s9[MeasurementProcess,Measurement,Unit,ProcessStatus], s10[EvaluationProcess,DiagnosticStatement,ClinicalCondition], s11[CarePlan]
[  27.4s] build order: [CareUnit, ClinicalCondition, DiagnosticStatement, Person, ProcessStatus, Unit] -> [EvaluationProcess, Measurement] -> [MeasurementProcess] -> [CarePlan, ClinicalVisit]
[  27.4s] level 0: 6 agent(s), 0 known entities
[  27.4s]   CareUnit: extracting, compact (244 chars, 1 classes in view)
[  27.4s]   ClinicalCondition: extracting, compact (219 chars, 3 classes in view)
[  27.4s]   DiagnosticStatement: extracting, compact (219 chars, 1 classes in view)
[  27.4s]   Person: extracting, compact (244 chars, 1 classes in view)
[  28.6s]   CareUnit: cycle 0 -> conforms
[  28.6s]   ProcessStatus: extracting, compact (1877 chars, 1 classes in view)
[  29.0s]   Person: cycle 0 -> conforms
[  29.0s]   Unit: extracting, compact (1877 chars, 1 classes in view)
[  29.1s]   ProcessStatus: cycle 0 -> conforms
[  29.1s]   DiagnosticStatement: cycle 0 -> conforms
[  29.9s]   ClinicalCondition: cycle 0 -> conforms
[  31.8s]   Unit: cycle 0 -> conforms
[  31.8s] level 1: 2 agent(s), 10 known entities
[  31.8s]   EvaluationProcess: extracting, compact (219 chars, 7 classes in view)
[  31.8s]   Measurement: extracting, compact (1877 chars, 2 classes in view)
[  33.6s]   EvaluationProcess: dropped 1 individual(s) outside its scope (built earlier, or another agent's class)
[  33.7s]   EvaluationProcess: cycle 0 -> 2 violation(s)
[  33.7s]   EvaluationProcess: fixing ...
[  35.4s]   EvaluationProcess: dropped 1 individual(s) outside its scope (built earlier, or another agent's class)
[  35.5s]   EvaluationProcess: cycle 1 -> 2 violation(s)
[  35.5s]   EvaluationProcess: stopping (plateau)
[  41.6s]   Measurement: cycle 0 -> conforms
[  41.6s] level 2: 1 agent(s), 19 known entities
[  41.6s]   MeasurementProcess: extracting, compact (1877 chars, 6 classes in view)
[  50.1s]   MeasurementProcess: cycle 0 -> 1 violation(s)
[  50.1s]   MeasurementProcess: fixing ...
[  72.6s]   MeasurementProcess: dropped 1 individual(s) outside its scope (built earlier, or another agent's class)
[  72.7s]   MeasurementProcess: cycle 1 -> 2 violation(s)
[  72.7s]   MeasurementProcess: fixing ...
[  82.3s]   MeasurementProcess: dropped 1 individual(s) outside its scope (built earlier, or another agent's class)
[  82.4s]   MeasurementProcess: cycle 2 -> 2 violation(s)
[  82.4s]   MeasurementProcess: stopping (fix budget spent)
[  82.5s] level 3: 2 agent(s), 27 known entities
[  82.5s]   CarePlan: extracting, compact (2565 chars, 4 classes in view)
[  82.5s]   ClinicalVisit: extracting, compact (2565 chars, 5 classes in view)
[  83.5s]   CarePlan: cycle 0 -> 1 violation(s)
[  83.5s]   CarePlan: fixing ...
[  84.6s]   CarePlan: dropped 1 individual(s) outside its scope (built earlier, or another agent's class)
[  84.7s]   CarePlan: cycle 1 -> 2 violation(s)
[  84.7s]   CarePlan: fixing ...
[  86.0s]   ClinicalVisit: dropped 1 individual(s) outside its scope (built earlier, or another agent's class)
[  86.1s]   ClinicalVisit: cycle 0 -> 3 violation(s)
[  86.1s]   ClinicalVisit: fixing ...
[  89.0s]   ClinicalVisit: dropped 1 individual(s) outside its scope (built earlier, or another agent's class)
[  89.0s]   ClinicalVisit: cycle 1 -> 3 violation(s)
[  89.0s]   ClinicalVisit: stopping (plateau)
[ 111.9s]   CarePlan: dropped 10 individual(s) outside its scope (built earlier, or another agent's class)
[ 112.0s]   CarePlan: cycle 2 -> 20 violation(s)
[ 112.0s]   CarePlan: stopping (fix budget spent)
[ 112.0s] union: dropped 10 link(s) to undeclared individuals
[ 112.1s] merging (orchestrator): 0 violation(s), 0 unresolved, 0 unparsed
[ 184.6s] final: conforms
conforms=True segments=11 llm_calls=19 unresolved=0
  orchestrator   2 calls     9442 in    5754 out  cost n/a  gemma4-g1
  total         19 calls    52597 in   10695 out  cost n/a  
  worker        17 calls    43155 in    4941 out  cost n/a  gemma4-g1

exit=0 seconds=185
