[   0.0s] segmenting (orchestrator) ...
[  33.9s] 13 segments: s1[ClinicalVisit,Person,CareUnit,Person], s2[MeasurementProcess,Measurement,Unit,ProcessStatus], s3[MeasurementProcess,Measurement,Unit,ProcessStatus], s4[MeasurementProcess,Measurement,Unit,ProcessStatus], s5[MeasurementProcess,Measurement,Unit,ProcessStatus], s6[MeasurementProcess,Measurement,Unit,ProcessStatus], s7[MeasurementProcess,Measurement,Unit,ProcessStatus], s8[MeasurementProcess,Measurement,Unit,ProcessStatus], s9[MeasurementProcess,Measurement,Unit,ProcessStatus], s10[MeasurementProcess,Measurement,Unit,ProcessStatus], s11[MeasurementProcess,Measurement,Unit,ProcessStatus], s12[EvaluationProcess,DiagnosticStatement,ClinicalCondition], s13[CarePlan]
[  33.9s] build order: [CareUnit, ClinicalCondition, DiagnosticStatement, Person, ProcessStatus, Unit] -> [EvaluationProcess, Measurement] -> [MeasurementProcess] -> [CarePlan, ClinicalVisit]
[  33.9s] level 0: 6 agent(s), 0 known entities
[  33.9s]   CareUnit: extracting, compact (316 chars, 1 classes in view)
[  33.9s]   ClinicalCondition: extracting, compact (235 chars, 3 classes in view)
[  33.9s]   DiagnosticStatement: extracting, compact (235 chars, 1 classes in view)
[  33.9s]   Person: extracting, compact (316 chars, 1 classes in view)
[  34.4s]   CareUnit: cycle 0 -> conforms
[  34.4s]   ProcessStatus: extracting, compact (2376 chars, 1 classes in view)
[  34.5s]   Person: cycle 0 -> conforms
[  34.5s]   Unit: extracting, compact (2376 chars, 1 classes in view)
[  35.0s]   ProcessStatus: cycle 0 -> conforms
[  35.1s]   DiagnosticStatement: cycle 0 -> conforms
[  35.6s]   ClinicalCondition: cycle 0 -> conforms
[  37.7s]   Unit: cycle 0 -> conforms
[  37.7s] level 1: 2 agent(s), 11 known entities
[  37.7s]   EvaluationProcess: extracting, compact (235 chars, 7 classes in view)
[  37.7s]   Measurement: extracting, compact (2376 chars, 2 classes in view)
[  39.4s]   EvaluationProcess: dropped 1 individual(s) outside its scope (built earlier, or another agent's class)
[  39.5s]   EvaluationProcess: cycle 0 -> 2 violation(s)
[  39.5s]   EvaluationProcess: fixing ...
[  41.0s]   EvaluationProcess: dropped 1 individual(s) outside its scope (built earlier, or another agent's class)
[  41.0s]   EvaluationProcess: cycle 1 -> 2 violation(s)
[  41.0s]   EvaluationProcess: stopping (plateau)
[  51.5s]   Measurement: cycle 0 -> conforms
[  51.5s] level 2: 1 agent(s), 22 known entities
[  51.5s]   MeasurementProcess: extracting, compact (2376 chars, 6 classes in view)
[  63.2s]   MeasurementProcess: cycle 0 -> 1 violation(s)
[  63.2s]   MeasurementProcess: fixing ...
[  76.2s]   MeasurementProcess: dropped 1 individual(s) outside its scope (built earlier, or another agent's class)
[  76.3s]   MeasurementProcess: cycle 1 -> 2 violation(s)
[  76.3s]   MeasurementProcess: fixing ...
[  87.6s]   MeasurementProcess: dropped 1 individual(s) outside its scope (built earlier, or another agent's class)
[  87.7s]   MeasurementProcess: cycle 2 -> 2 violation(s)
[  87.7s]   MeasurementProcess: stopping (fix budget spent)
[  87.7s] level 3: 2 agent(s), 32 known entities
[  87.7s]   CarePlan: extracting, compact (3047 chars, 4 classes in view)
[  87.7s]   ClinicalVisit: extracting, compact (3047 chars, 5 classes in view)
[  88.8s]   CarePlan: cycle 0 -> 1 violation(s)
[  88.8s]   CarePlan: fixing ...
[  90.2s]   CarePlan: dropped 1 individual(s) outside its scope (built earlier, or another agent's class)
[  90.3s]   CarePlan: cycle 1 -> 2 violation(s)
[  90.3s]   CarePlan: fixing ...
[  91.3s]   CarePlan: cycle 2 -> 1 violation(s)
[  91.3s]   CarePlan: stopping (fix budget spent)
[ 102.6s]   ClinicalVisit: dropped 1 individual(s) outside its scope (built earlier, or another agent's class)
[ 102.7s]   ClinicalVisit: cycle 0 -> 3 violation(s)
[ 102.7s]   ClinicalVisit: fixing ...
[ 105.3s]   ClinicalVisit: dropped 1 individual(s) outside its scope (built earlier, or another agent's class)
[ 105.4s]   ClinicalVisit: cycle 1 -> 3 violation(s)
[ 105.4s]   ClinicalVisit: stopping (plateau)
[ 105.4s] union: dropped 12 link(s) to undeclared individuals
[ 105.5s] merging (orchestrator): 0 violation(s), 0 unresolved, 0 unparsed
[ 184.4s] final: conforms
conforms=True segments=11 llm_calls=19 unresolved=0
  orchestrator   2 calls    10539 in    6773 out  cost n/a  gemma4-g1
  total         19 calls    56277 in   11201 out  cost n/a  
  worker        17 calls    45738 in    4428 out  cost n/a  gemma4-g1

exit=0 seconds=185
