[   0.0s] segmenting (orchestrator) ...
[  62.7s] 19 segments: s1[ClinicalVisit,Person,CareUnit,Person], s2[MeasurementProcess,Measurement,ProcessStatus], s3[MeasurementProcess,Measurement,ProcessStatus], s4[MeasurementProcess,Measurement,ProcessStatus], s5[MeasurementProcess,Measurement,ProcessStatus], s6[MeasurementProcess,Measurement,ProcessStatus], s7[MeasurementProcess,Measurement,ProcessStatus], s8[MeasurementProcess,Measurement,ProcessStatus], s9[MeasurementProcess,Measurement,ProcessStatus], s10[MeasurementProcess,Measurement,ProcessStatus], s11[MeasurementProcess,Measurement,ProcessStatus], s12[MeasurementProcess,Measurement,ProcessStatus], s13[MeasurementProcess,Measurement,ProcessStatus], s14[MeasurementProcess,Measurement,ProcessStatus], s15[MeasurementProcess,Measurement,ProcessStatus], s16[MeasurementProcess,Measurement,ProcessStatus], s17[MeasurementProcess,Measurement,ProcessStatus], s18[EvaluationProcess,DiagnosticStatement,ClinicalCondition], s19[CarePlan]
[  62.7s] build order: [CareUnit, ClinicalCondition, DiagnosticStatement, Measurement, Person, ProcessStatus] -> [EvaluationProcess, MeasurementProcess] -> [CarePlan, ClinicalVisit]
[  62.7s] level 0: 6 agent(s), 0 known entities
[  62.7s]   CareUnit: extracting, compact (238 chars, 1 classes in view)
[  62.7s]   ClinicalCondition: extracting, compact (237 chars, 3 classes in view)
[  62.7s]   DiagnosticStatement: extracting, compact (237 chars, 1 classes in view)
[  62.7s]   Measurement#1: extracting, compact (3008 chars, 2 classes in view)
[  64.2s]   CareUnit: cycle 0 -> conforms
[  64.2s]   Measurement#2: extracting, compact (941 chars, 2 classes in view)
[  64.6s]   DiagnosticStatement: cycle 0 -> conforms
[  64.6s]   Person: extracting, compact (238 chars, 1 classes in view)
[  65.2s]   Person: cycle 0 -> conforms
[  65.2s]   ProcessStatus#1: extracting, compact (3008 chars, 1 classes in view)
[  65.3s]   ClinicalCondition: cycle 0 -> conforms
[  65.3s]   ProcessStatus#2: extracting, compact (941 chars, 1 classes in view)
[  65.9s]   ProcessStatus#1: cycle 0 -> conforms
[  65.9s]   ProcessStatus#2: cycle 0 -> conforms
[  73.6s]   Measurement#2: cycle 0 -> conforms
[  85.4s]   Measurement#1: cycle 0 -> conforms
[  85.4s] level 1: 2 agent(s), 27 known entities
[  85.4s]   EvaluationProcess: extracting, compact (237 chars, 7 classes in view)
[  85.4s]   MeasurementProcess#1: extracting, compact (3008 chars, 6 classes in view)
[  85.4s]   MeasurementProcess#2: extracting, compact (941 chars, 6 classes in view)
[  88.5s]   EvaluationProcess: dropped 1 individual(s) outside its scope (built earlier, or another agent's class)
[  88.6s]   EvaluationProcess: cycle 0 -> 2 violation(s)
[  88.6s]   EvaluationProcess: fixing ...
[  90.9s]   EvaluationProcess: cycle 1 -> conforms
[  90.9s]   EvaluationProcess: 1 unresolved (honest gaps)
[  92.1s]   MeasurementProcess#2: cycle 0 -> conforms
[ 102.8s]   MeasurementProcess#1: cycle 0 -> conforms
[ 102.8s] level 2: 2 agent(s), 44 known entities
[ 102.8s]   CarePlan: extracting, compact (4687 chars, 4 classes in view)
[ 102.8s]   ClinicalVisit: extracting, compact (4687 chars, 5 classes in view)
[ 104.7s]   CarePlan: cycle 0 -> conforms
[ 107.7s]   ClinicalVisit: dropped 1 individual(s) outside its scope (built earlier, or another agent's class)
[ 107.8s]   ClinicalVisit: cycle 0 -> 2 violation(s)
[ 107.8s]   ClinicalVisit: fixing ...
[ 112.1s]   ClinicalVisit: dropped 1 individual(s) outside its scope (built earlier, or another agent's class)
[ 112.2s]   ClinicalVisit: cycle 1 -> 2 violation(s)
[ 112.2s]   ClinicalVisit: stopping (plateau)
[ 112.2s] union: dropped 1 link(s) to undeclared individuals
[ 112.3s] merging (orchestrator): 0 violation(s), 1 unresolved, 0 unparsed
[ 237.9s] final: conforms
conforms=True segments=13 llm_calls=17 unresolved=0
  orchestrator   2 calls    14289 in    9947 out  cost n/a  gemma4-g1
  total         17 calls    55938 in   13346 out  cost n/a  
  worker        15 calls    41649 in    3399 out  cost n/a  gemma4-g1

exit=0 seconds=239
