[   0.0s] segmenting (orchestrator) ...
[   9.8s] 4 segments: s1[ClinicalVisit,Person,CareUnit,Person], s2[MeasurementProcess,Measurement,Unit,ProcessStatus], s3[EvaluationProcess,DiagnosticStatement,ClinicalCondition], s4[CarePlan]
[   9.8s] build order: [CareUnit, ClinicalCondition, DiagnosticStatement, Person, ProcessStatus, Unit] -> [EvaluationProcess, Measurement] -> [MeasurementProcess] -> [CarePlan, ClinicalVisit]
[   9.8s] level 0: 6 agent(s), 0 known entities
[   9.8s]   CareUnit: extracting, compact (353 chars, 1 classes in view)
[   9.8s]   ClinicalCondition: extracting, compact (237 chars, 3 classes in view)
[   9.8s]   DiagnosticStatement: extracting, compact (237 chars, 1 classes in view)
[   9.8s]   Person: extracting, compact (353 chars, 1 classes in view)
[  10.4s]   CareUnit: cycle 0 -> conforms
[  10.4s]   ProcessStatus: extracting, compact (227 chars, 1 classes in view)
[  10.5s]   Person: cycle 0 -> conforms
[  10.5s]   Unit: extracting, compact (227 chars, 1 classes in view)
[  11.0s]   ProcessStatus: cycle 0 -> conforms
[  11.1s]   DiagnosticStatement: cycle 0 -> conforms
[  11.3s]   Unit: cycle 0 -> conforms
[  11.8s]   ClinicalCondition: cycle 0 -> conforms
[  11.8s] level 1: 2 agent(s), 6 known entities
[  11.8s]   EvaluationProcess: extracting, compact (237 chars, 7 classes in view)
[  11.8s]   Measurement: extracting, compact (227 chars, 2 classes in view)
[  13.2s]   EvaluationProcess: cycle 0 -> 1 violation(s)
[  13.2s]   EvaluationProcess: fixing ...
[  13.3s]   Measurement: cycle 0 -> conforms
[  14.9s]   EvaluationProcess: dropped 1 individual(s) outside its scope (built earlier, or another agent's class)
[  14.9s]   EvaluationProcess: cycle 1 -> 2 violation(s)
[  14.9s]   EvaluationProcess: fixing ...
[  16.9s]   EvaluationProcess: dropped 1 individual(s) outside its scope (built earlier, or another agent's class)
[  16.9s]   EvaluationProcess: cycle 2 -> 2 violation(s)
[  16.9s]   EvaluationProcess: stopping (fix budget spent)
[  16.9s] level 2: 1 agent(s), 8 known entities
[  16.9s]   MeasurementProcess: extracting, compact (227 chars, 6 classes in view)
[  19.6s]   MeasurementProcess: cycle 0 -> 1 violation(s)
[  19.6s]   MeasurementProcess: fixing ...
[  22.3s]   MeasurementProcess: dropped 1 individual(s) outside its scope (built earlier, or another agent's class)
[  22.4s]   MeasurementProcess: cycle 1 -> 2 violation(s)
[  22.4s]   MeasurementProcess: fixing ...
[  26.0s]   MeasurementProcess: cycle 2 -> 1 violation(s)
[  26.0s]   MeasurementProcess: stopping (fix budget spent)
[  26.0s]   MeasurementProcess: 1 unresolved (honest gaps)
[  26.0s] level 3: 2 agent(s), 9 known entities
[  26.0s]   CarePlan: extracting, compact (937 chars, 4 classes in view)
[  26.0s]   ClinicalVisit: extracting, compact (937 chars, 5 classes in view)
[  26.8s]   CarePlan: cycle 0 -> 1 violation(s)
[  26.8s]   CarePlan: fixing ...
[  28.8s]   CarePlan: dropped 1 individual(s) outside its scope (built earlier, or another agent's class)
[  28.9s]   CarePlan: cycle 1 -> 2 violation(s)
[  28.9s]   CarePlan: fixing ...
[  29.5s]   CarePlan: cycle 2 -> 1 violation(s)
[  29.5s]   CarePlan: stopping (fix budget spent)
[  29.7s]   ClinicalVisit: dropped 2 individual(s) outside its scope (built earlier, or another agent's class)
[  29.8s]   ClinicalVisit: cycle 0 -> 7 violation(s)
[  29.8s]   ClinicalVisit: fixing ...
[  34.1s]   ClinicalVisit: dropped 2 individual(s) outside its scope (built earlier, or another agent's class)
[  34.1s]   ClinicalVisit: cycle 1 -> 5 violation(s)
[  34.1s]   ClinicalVisit: fixing ...
[  35.8s]   ClinicalVisit: dropped 1 individual(s) outside its scope (built earlier, or another agent's class)
[  35.9s]   ClinicalVisit: cycle 2 -> 3 violation(s)
[  35.9s]   ClinicalVisit: stopping (fix budget spent)
[  35.9s] union: dropped 2 link(s) to undeclared individuals
[  35.9s] merging (orchestrator): 0 violation(s), 1 unresolved, 0 unparsed
[  58.3s] final: conforms
conforms=True segments=11 llm_calls=21 unresolved=0
  orchestrator   2 calls     5641 in    1876 out  cost n/a  gemma4-g1
  total         21 calls    43188 in    3455 out  cost n/a  
  worker        19 calls    37547 in    1579 out  cost n/a  gemma4-g1

exit=0 seconds=59
