[   0.0s] segmenting (orchestrator) ...
[  26.2s] 11 segments: s1[ClinicalVisit,Person,CareUnit,Person], s2[MeasurementProcess,Measurement,Unit,ProcessStatus], s3[MeasurementProcess,Measurement,Unit,ProcessStatus], s4[MeasurementProcess,Measurement,Unit,ProcessStatus], s5[MeasurementProcess,Measurement,Unit,ProcessStatus], s6[MeasurementProcess,Measurement,Unit,ProcessStatus], s7[MeasurementProcess,Measurement,Unit,ProcessStatus], s8[MeasurementProcess,Measurement,Unit,ProcessStatus], s9[MeasurementProcess,Measurement,Unit,ProcessStatus], s10[EvaluationProcess,DiagnosticStatement,ClinicalCondition], s11[CarePlan]
[  26.2s] build order: [CareUnit, ClinicalCondition, DiagnosticStatement, Person, ProcessStatus, Unit] -> [EvaluationProcess, Measurement] -> [MeasurementProcess] -> [CarePlan, ClinicalVisit]
[  26.2s] level 0: 6 agent(s), 0 known entities
[  26.2s]   CareUnit: extracting, compact (221 chars, 1 classes in view)
[  26.2s]   ClinicalCondition: extracting, compact (236 chars, 3 classes in view)
[  26.2s]   DiagnosticStatement: extracting, compact (236 chars, 1 classes in view)
[  26.2s]   Person: extracting, compact (221 chars, 1 classes in view)
[  26.7s]   CareUnit: cycle 0 -> conforms
[  26.7s]   ProcessStatus: extracting, compact (1878 chars, 1 classes in view)
[  27.0s]   Person: cycle 0 -> conforms
[  27.0s]   Unit: extracting, compact (1878 chars, 1 classes in view)
[  27.1s]   ProcessStatus: cycle 0 -> conforms
[  27.3s]   DiagnosticStatement: cycle 0 -> conforms
[  27.9s]   ClinicalCondition: cycle 0 -> conforms
[  29.5s]   Unit: cycle 0 -> conforms
[  29.5s] level 1: 2 agent(s), 10 known entities
[  29.5s]   EvaluationProcess: extracting, compact (236 chars, 7 classes in view)
[  29.5s]   Measurement: extracting, compact (1878 chars, 2 classes in view)
[  31.2s]   EvaluationProcess: dropped 1 individual(s) outside its scope (built earlier, or another agent's class)
[  31.2s]   EvaluationProcess: cycle 0 -> 2 violation(s)
[  31.2s]   EvaluationProcess: fixing ...
[  34.0s]   EvaluationProcess: cycle 1 -> conforms
[  34.0s]   EvaluationProcess: 1 unresolved (honest gaps)
[  39.9s]   Measurement: cycle 0 -> conforms
[  39.9s] level 2: 1 agent(s), 19 known entities
[  39.9s]   MeasurementProcess: extracting, compact (1878 chars, 6 classes in view)
[  48.9s]   MeasurementProcess: cycle 0 -> conforms
[  48.9s] level 3: 2 agent(s), 27 known entities
[  48.9s]   CarePlan: extracting, compact (2554 chars, 4 classes in view)
[  48.9s]   ClinicalVisit: extracting, compact (2554 chars, 5 classes in view)
[  49.9s]   CarePlan: cycle 0 -> conforms
[  51.5s]   ClinicalVisit: dropped 1 individual(s) outside its scope (built earlier, or another agent's class)
[  51.6s]   ClinicalVisit: cycle 0 -> 2 violation(s)
[  51.6s]   ClinicalVisit: fixing ...
[  54.0s]   ClinicalVisit: dropped 1 individual(s) outside its scope (built earlier, or another agent's class)
[  54.1s]   ClinicalVisit: cycle 1 -> 2 violation(s)
[  54.1s]   ClinicalVisit: stopping (plateau)
[  54.1s] union: dropped 1 link(s) to undeclared individuals
[  54.2s] merging (orchestrator): 0 violation(s), 1 unresolved, 0 unparsed
[ 120.5s] final: conforms
conforms=True segments=11 llm_calls=15 unresolved=0
  orchestrator   2 calls     9507 in    5728 out  cost n/a  gemma4-g1
  total         15 calls    40565 in    7613 out  cost n/a  
  worker        13 calls    31058 in    1885 out  cost n/a  gemma4-g1

exit=0 seconds=121
