[   0.0s] segmenting (orchestrator) ...
[  37.1s] 14 segments: s1[ClinicalVisit,Person,CareUnit,Person], s2[MeasurementProcess,Measurement], s3[MeasurementProcess,Measurement], s4[MeasurementProcess,Measurement], s5[MeasurementProcess,Measurement], s6[MeasurementProcess,Measurement], s7[MeasurementProcess,Measurement], s8[MeasurementProcess,Measurement], s9[MeasurementProcess,Measurement], s10[MeasurementProcess,Measurement], s11[MeasurementProcess,Measurement], s12[MeasurementProcess,Measurement], s13[EvaluationProcess,DiagnosticStatement,ClinicalCondition], s14[CarePlan]
[  37.1s] build order: [CareUnit, ClinicalCondition, DiagnosticStatement, Measurement, Person] -> [EvaluationProcess, MeasurementProcess] -> [CarePlan, ClinicalVisit]
[  37.1s] level 0: 5 agent(s), 0 known entities
[  37.1s]   CareUnit: extracting, compact (250 chars, 1 classes in view)
[  37.2s]   ClinicalCondition: extracting, compact (235 chars, 3 classes in view)
[  37.2s]   DiagnosticStatement: extracting, compact (235 chars, 1 classes in view)
[  37.2s]   Measurement: extracting, compact (2644 chars, 2 classes in view)
[  38.5s]   CareUnit: cycle 0 -> conforms
[  38.5s]   Person: extracting, compact (250 chars, 1 classes in view)
[  39.0s]   DiagnosticStatement: cycle 0 -> conforms
[  39.2s]   Person: cycle 0 -> conforms
[  39.5s]   ClinicalCondition: cycle 0 -> conforms
[  56.3s]   Measurement: cycle 0 -> conforms
[  56.3s] level 1: 2 agent(s), 21 known entities
[  56.3s]   EvaluationProcess: extracting, compact (235 chars, 7 classes in view)
[  56.3s]   MeasurementProcess: extracting, compact (2644 chars, 6 classes in view)
[  58.9s]   EvaluationProcess: dropped 1 individual(s) outside its scope (built earlier, or another agent's class)
[  58.9s]   EvaluationProcess: cycle 0 -> 2 violation(s)
[  58.9s]   EvaluationProcess: fixing ...
[  60.7s]   EvaluationProcess: dropped 1 individual(s) outside its scope (built earlier, or another agent's class)
[  60.7s]   EvaluationProcess: cycle 1 -> 2 violation(s)
[  60.7s]   EvaluationProcess: fixing ...
[  62.7s]   EvaluationProcess: dropped 1 individual(s) outside its scope (built earlier, or another agent's class)
[  62.7s]   EvaluationProcess: cycle 2 -> 2 violation(s)
[  62.7s]   EvaluationProcess: stopping (fix budget spent)
[  74.4s]   MeasurementProcess: dropped 1 individual(s) outside its scope (built earlier, or another agent's class)
[  74.4s]   MeasurementProcess: cycle 0 -> 2 violation(s)
[  74.4s]   MeasurementProcess: fixing ...
[  88.4s]   MeasurementProcess: dropped 1 individual(s) outside its scope (built earlier, or another agent's class)
[  88.5s]   MeasurementProcess: cycle 1 -> 2 violation(s)
[  88.5s]   MeasurementProcess: fixing ...
[ 102.8s]   MeasurementProcess: dropped 1 individual(s) outside its scope (built earlier, or another agent's class)
[ 102.9s]   MeasurementProcess: cycle 2 -> 2 violation(s)
[ 102.9s]   MeasurementProcess: stopping (fix budget spent)
[ 102.9s] level 2: 2 agent(s), 34 known entities
[ 102.9s]   CarePlan: extracting, compact (3364 chars, 4 classes in view)
[ 102.9s]   ClinicalVisit: extracting, compact (3364 chars, 5 classes in view)
[ 104.3s]   CarePlan: cycle 0 -> 1 violation(s)
[ 104.3s]   CarePlan: fixing ...
[ 106.0s]   CarePlan: dropped 1 individual(s) outside its scope (built earlier, or another agent's class)
[ 106.0s]   CarePlan: cycle 1 -> 2 violation(s)
[ 106.0s]   CarePlan: fixing ...
[ 107.1s]   CarePlan: cycle 2 -> 1 violation(s)
[ 107.1s]   CarePlan: stopping (fix budget spent)
[ 107.3s]   ClinicalVisit: dropped 1 individual(s) outside its scope (built earlier, or another agent's class)
[ 107.4s]   ClinicalVisit: cycle 0 -> 3 violation(s)
[ 107.4s]   ClinicalVisit: fixing ...
[ 131.5s]   ClinicalVisit: dropped 1 individual(s) outside its scope (built earlier, or another agent's class)
[ 131.6s]   ClinicalVisit: cycle 1 -> 3 violation(s)
[ 131.6s]   ClinicalVisit: stopping (plateau)
[ 131.6s] union: dropped 13 link(s) to undeclared individuals
[ 131.8s] merging (orchestrator): 0 violation(s), 0 unresolved, 0 unparsed
[ 223.1s] final: conforms
conforms=True segments=9 llm_calls=18 unresolved=0
  orchestrator   2 calls    11049 in    7172 out  cost n/a  gemma4-g1
  total         18 calls    55946 in   12749 out  cost n/a  
  worker        16 calls    44897 in    5577 out  cost n/a  gemma4-g1

exit=0 seconds=224
