[   0.0s] segmenting (orchestrator) ...
[  69.5s] 25 segments: s1[ClinicalVisit,Person,CareUnit,Person], s2[MeasurementProcess,Measurement], s3[MeasurementProcess,Measurement], s4[MeasurementProcess,Measurement], s5[MeasurementProcess,Measurement], s6[MeasurementProcess,Measurement], s7[MeasurementProcess,Measurement], s8[MeasurementProcess,Measurement], s9[MeasurementProcess,Measurement], s10[MeasurementProcess,Measurement], s11[MeasurementProcess,Measurement], s12[MeasurementProcess,Measurement], s13[MeasurementProcess,Measurement], s14[MeasurementProcess,Measurement], s15[MeasurementProcess,Measurement], s16[MeasurementProcess,Measurement], s17[MeasurementProcess,Measurement], s18[MeasurementProcess,Measurement], s19[MeasurementProcess,Measurement], s20[MeasurementProcess,Measurement], s21[MeasurementProcess,Measurement], s22[MeasurementProcess,Measurement], s23[EvaluationProcess,DiagnosticStatement,ClinicalCondition], s24[EvaluationProcess,DiagnosticStatement,ClinicalCondition], s25[CarePlan]
[  69.5s] build order: [CareUnit, ClinicalCondition, DiagnosticStatement, Measurement, Person] -> [EvaluationProcess, MeasurementProcess] -> [CarePlan, ClinicalVisit]
[  69.5s] level 0: 5 agent(s), 0 known entities
[  69.5s]   CareUnit: extracting, compact (251 chars, 1 classes in view)
[  69.5s]   ClinicalCondition: extracting, compact (490 chars, 3 classes in view)
[  69.5s]   DiagnosticStatement: extracting, compact (490 chars, 1 classes in view)
[  69.5s]   Measurement#1: extracting, compact (2837 chars, 2 classes in view)
[  70.4s]   CareUnit: cycle 0 -> conforms
[  70.4s]   Measurement#2: extracting, compact (2301 chars, 2 classes in view)
[  71.7s]   DiagnosticStatement: cycle 0 -> conforms
[  71.7s]   Person: extracting, compact (251 chars, 1 classes in view)
[  72.3s]   Person: cycle 0 -> conforms
[  72.9s]   ClinicalCondition: cycle 0 -> conforms
[  87.5s]   Measurement#2: cycle 0 -> conforms
[  93.5s]   Measurement#1: cycle 0 -> 3 violation(s)
[  93.5s]   Measurement#1: fixing ...
[ 117.5s]   Measurement#1: cycle 1 -> conforms
[ 117.5s] level 1: 2 agent(s), 36 known entities
[ 117.5s]   EvaluationProcess: extracting, compact (490 chars, 7 classes in view)
[ 117.5s]   MeasurementProcess#1: extracting, compact (2837 chars, 6 classes in view)
[ 117.5s]   MeasurementProcess#2: extracting, compact (2301 chars, 6 classes in view)
[ 121.4s]   EvaluationProcess: dropped 1 individual(s) outside its scope (built earlier, or another agent's class)
[ 121.5s]   EvaluationProcess: cycle 0 -> 2 violation(s)
[ 121.5s]   EvaluationProcess: fixing ...
[ 127.3s]   EvaluationProcess: dropped 1 individual(s) outside its scope (built earlier, or another agent's class)
[ 127.4s]   EvaluationProcess: cycle 1 -> 3 violation(s)
[ 127.4s]   EvaluationProcess: fixing ...
[ 130.8s]   EvaluationProcess: dropped 1 individual(s) outside its scope (built earlier, or another agent's class)
[ 130.9s]   EvaluationProcess: cycle 2 -> 2 violation(s)
[ 130.9s]   EvaluationProcess: stopping (fix budget spent)
[ 133.6s]   MeasurementProcess#2: cycle 0 -> conforms
[ 137.1s]   MeasurementProcess#1: cycle 0 -> conforms
[ 137.1s] level 2: 2 agent(s), 60 known entities
[ 137.1s]   CarePlan: extracting, compact (6144 chars, 4 classes in view)
[ 137.1s]   ClinicalVisit: extracting, compact (6144 chars, 5 classes in view)
[ 139.1s]   CarePlan: cycle 0 -> 1 violation(s)
[ 139.1s]   CarePlan: fixing ...
[ 175.0s]   ClinicalVisit: dropped 23 individual(s) outside its scope (built earlier, or another agent's class)
[ 175.1s]   ClinicalVisit: cycle 0 -> 45 violation(s)
[ 175.1s]   ClinicalVisit: fixing ...
[ 179.8s]   CarePlan: dropped 24 individual(s) outside its scope (built earlier, or another agent's class)
[ 180.0s]   CarePlan: cycle 1 -> 25 violation(s)
[ 180.0s]   CarePlan: fixing ...
[ 234.4s]   CarePlan: dropped 47 individual(s) outside its scope (built earlier, or another agent's class)
[ 234.5s]   CarePlan: cycle 2 -> 49 violation(s)
[ 234.5s]   CarePlan: stopping (fix budget spent)
[ 234.5s]   CarePlan: 1 unresolved (honest gaps)
[ 236.5s]   ClinicalVisit: dropped 45 individual(s) outside its scope (built earlier, or another agent's class)
[ 236.6s]   ClinicalVisit: cycle 1 -> 47 violation(s)
[ 236.6s]   ClinicalVisit: fixing ...
[ 287.9s]   ClinicalVisit: dropped 34 individual(s) outside its scope (built earlier, or another agent's class)
[ 288.0s]   ClinicalVisit: cycle 2 -> 57 violation(s)
[ 288.0s]   ClinicalVisit: stopping (fix budget spent)
[ 288.0s] union: merged 1 identical individual(s)
[ 288.0s] union: dropped 24 link(s) to undeclared individuals
[ 288.1s] merging (orchestrator): 1 violation(s), 1 unresolved, 0 unparsed
[ 478.2s] final: 1 violation(s)
conforms=False segments=11 llm_calls=20 unresolved=0
  orchestrator   2 calls    16888 in   13210 out  cost n/a  gemma4-g1
  total         20 calls    89712 in   30530 out  cost n/a  
  worker        18 calls    72824 in   17320 out  cost n/a  gemma4-g1
Constraint Violation in MinCountConstraintComponent (http://www.w3.org/ns/shacl#MinCountConstraintComponent):
	Severity: sh:Violation
	Source Shape: [ sh:message Literal("A CarePlan should refer to at least one MedicalProcedure.") ; sh:minCount Literal("1", datatype=xsd:integer) ; sh:path chr:hasMedicalProcedure ]
	Focus Node: ex:careplan_follow-up_monitoring_and_routine_review_67fcf290
	Result Path: chr:hasMedicalProcedure
	Message: A CarePlan should refer to at least one MedicalProcedure.


exit=1 seconds=479
