[23:35:29] START vignette_012 (1/86)
[23:36:20] DONE vignette_012  gold=233 out=264 tp=233 P=0.883 R=1.000 F1=0.938  51s
[  51.3s] union: dropped 4 link(s) to undeclared individuals
[23:36:20] START vignette_015 (2/86)
[23:45:07] RUN END chr-compact-2026-09-25/D (stopped: duplicate job, resumes after the Turtle run)
[02:52:43] RUN START chr-compact-2026-09-25/D
[   0.1s] union: dropped 4 link(s) to undeclared individuals
[02:52:44] START vignette_015 (2/86)
[02:54:18] DONE vignette_015  gold=397 out=431 tp=352 P=0.817 R=0.887 F1=0.850  95s
[  94.9s] union: merged 8 identical individual(s)
[02:54:18] START vignette_017 (3/86)
[02:55:50] DONE vignette_017  gold=384 out=397 tp=361 P=0.909 R=0.940 F1=0.924  91s
[ 186.2s] union: dropped 4 link(s) to undeclared individuals
[02:55:50] START vignette_021 (4/86)
[ 353.5s] merge output rejected (at line 11 of <>:
Bad syntax (EOF found after object) at ^ i) - returning the un-merged union
[02:58:37] DONE vignette_021  gold=458 out=454 tp=376 P=0.828 R=0.821 F1=0.825  167s  MERGE ERROR: merge output rejected (at line 11 of <>:
Bad syntax (EOF found after object) at 
[ 353.7s] union: merged 1 identical individual(s)
[ 353.7s] union: dropped 13 link(s) to undeclared individuals
[02:58:37] START vignette_030 (5/86)
[03:01:47] DONE vignette_030  gold=368 out=394 tp=252 P=0.640 R=0.685 F1=0.661  190s
[ 543.5s] union: dropped 9 link(s) to undeclared individuals
[03:01:47] START vignette_078 (6/86)
[1143.6s] merge FAILED (merge call exceeded 600 s wall clock...) - returning the un-merged union
[03:11:47] DONE vignette_078  gold=386 out=381 tp=306 P=0.803 R=0.793 F1=0.798  600s  MERGE ERROR: merge pass failed: merge call exceeded 600 s wall clock
[1143.8s] union: merged 1 identical individual(s)
[03:11:47] START vignette_096 (7/86)
[03:12:48] DONE vignette_096  gold=288 out=312 tp=254 P=0.814 R=0.882 F1=0.847  60s
[03:12:48] START vignette_099 (8/86)
[03:14:16] DONE vignette_099  gold=364 out=403 tp=325 P=0.806 R=0.893 F1=0.847  88s
[1292.1s] union: dropped 19 link(s) to undeclared individuals
[03:14:16] START vignette_103 (9/86)
[03:16:32] DONE vignette_103  gold=421 out=400 tp=305 P=0.762 R=0.724 F1=0.743  136s
[1428.3s] union: dropped 3 link(s) to undeclared individuals
[03:16:32] START vignette_104 (10/86)
[03:16:49] DONE vignette_104  gold= 32 out= 36 tp= 29 P=0.806 R=0.906 F1=0.853  17s
[1445.7s] union: merged 1 identical individual(s)
[1445.7s] union: dropped 25 link(s) to undeclared individuals
[03:16:49] START vignette_106 (11/86)
[03:26:44] RUN START chr-compact-2026-09-25/D
[   0.1s] union: dropped 4 link(s) to undeclared individuals
[03:26:45] START vignette_021 (4/86)
[ 600.3s] merge FAILED (merge call exceeded 600 s wall clock...) - returning the un-merged union
[03:36:45] DONE vignette_021  gold=458 out=454 tp=376 P=0.828 R=0.821 F1=0.825  600s  tokens 0/0 (no usage returned)  MERGE ERROR: merge pass failed: merge call exceeded 600 s wall clock
[ 600.5s] union: dropped 9 link(s) to undeclared individuals
[03:36:45] START vignette_078 (6/86)
[03:40:20] DONE vignette_078  gold=386 out=417 tp=337 P=0.808 R=0.873 F1=0.839  215s  tokens 18225/27407
[ 815.9s] union: merged 1 identical individual(s)
[ 815.9s] union: dropped 25 link(s) to undeclared individuals
[03:40:21] START vignette_106 (11/86)
[03:43:41] DONE vignette_106  gold=428 out=463 tp=411 P=0.888 R=0.960 F1=0.923  200s  tokens 19906/26207
[1016.4s] union: dropped 18 link(s) to undeclared individuals
[03:43:41] START vignette_107 (12/86)
[03:45:52] DONE vignette_107  gold=483 out=523 tp=456 P=0.872 R=0.944 F1=0.907  131s  tokens 22348/16926
[1147.1s] union: dropped 47 link(s) to undeclared individuals
[03:45:52] START vignette_108 (13/86)
[03:48:01] DONE vignette_108  gold=415 out=479 tp=400 P=0.835 R=0.964 F1=0.895  129s  tokens 18963/15267
[1276.5s] union: dropped 9 link(s) to undeclared individuals
[03:48:01] START vignette_109 (14/86)
[03:49:42] DONE vignette_109  gold=382 out=390 tp=339 P=0.869 R=0.887 F1=0.878  101s  tokens 18174/12726
[1377.4s] union: dropped 37 link(s) to undeclared individuals
[03:49:42] START vignette_110 (15/86)
[03:51:43] DONE vignette_110  gold=417 out=453 tp=406 P=0.896 R=0.974 F1=0.933  121s  tokens 20274/14769
[03:51:43] START vignette_111 (16/86)
[03:52:58] DONE vignette_111  gold=393 out=294 tp=274 P=0.932 R=0.697 F1=0.798  75s  tokens 21276/9961
Failed to convert Literal lexical form to value. Datatype=http://www.w3.org/2001/XMLSchema#dateTime, Converter=<built-in method fromisoformat of type object at 0x144cb98>
Traceback (most recent call last):
  File "/home/ensar/workspace/03_ids/kgdc/.venv/lib/python3.12/site-packages/rdflib/term.py", line 2262, in _castLexicalToPython
    return conv_func(lexical)  # type: ignore[arg-type]
           ^^^^^^^^^^^^^^^^^^
ValueError: hour must be in 0..23
Failed to convert Literal lexical form to value. Datatype=http://www.w3.org/2001/XMLSchema#dateTime, Converter=<built-in method fromisoformat of type object at 0x144cb98>
Traceback (most recent call last):
  File "/home/ensar/workspace/03_ids/kgdc/.venv/lib/python3.12/site-packages/rdflib/term.py", line 2262, in _castLexicalToPython
    return conv_func(lexical)  # type: ignore[arg-type]
           ^^^^^^^^^^^^^^^^^^
ValueError: hour must be in 0..23
Failed to convert Literal lexical form to value. Datatype=http://www.w3.org/2001/XMLSchema#dateTime, Converter=<built-in method fromisoformat of type object at 0x144cb98>
Traceback (most recent call last):
  File "/home/ensar/workspace/03_ids/kgdc/.venv/lib/python3.12/site-packages/rdflib/term.py", line 2262, in _castLexicalToPython
    return conv_func(lexical)  # type: ignore[arg-type]
           ^^^^^^^^^^^^^^^^^^
ValueError: hour must be in 0..23
Failed to convert Literal lexical form to value. Datatype=http://www.w3.org/2001/XMLSchema#dateTime, Converter=<built-in method fromisoformat of type object at 0x144cb98>
Traceback (most recent call last):
  File "/home/ensar/workspace/03_ids/kgdc/.venv/lib/python3.12/site-packages/rdflib/term.py", line 2262, in _castLexicalToPython
    return conv_func(lexical)  # type: ignore[arg-type]
           ^^^^^^^^^^^^^^^^^^
ValueError: hour must be in 0..23
[1573.6s] union: dropped 67 link(s) to undeclared individuals
Failed to convert Literal lexical form to value. Datatype=http://www.w3.org/2001/XMLSchema#dateTime, Converter=<built-in method fromisoformat of type object at 0x144cb98>
Traceback (most recent call last):
  File "/home/ensar/workspace/03_ids/kgdc/.venv/lib/python3.12/site-packages/rdflib/term.py", line 2262, in _castLexicalToPython
    return conv_func(lexical)  # type: ignore[arg-type]
           ^^^^^^^^^^^^^^^^^^
ValueError: hour must be in 0..23
Failed to convert Literal lexical form to value. Datatype=http://www.w3.org/2001/XMLSchema#dateTime, Converter=<built-in method fromisoformat of type object at 0x144cb98>
Traceback (most recent call last):
  File "/home/ensar/workspace/03_ids/kgdc/.venv/lib/python3.12/site-packages/rdflib/term.py", line 2262, in _castLexicalToPython
    return conv_func(lexical)  # type: ignore[arg-type]
           ^^^^^^^^^^^^^^^^^^
ValueError: hour must be in 0..23
[03:52:58] START vignette_112 (17/86)
Failed to convert Literal lexical form to value. Datatype=http://www.w3.org/2001/XMLSchema#dateTime, Converter=<built-in method fromisoformat of type object at 0x144cb98>
Traceback (most recent call last):
  File "/home/ensar/workspace/03_ids/kgdc/.venv/lib/python3.12/site-packages/rdflib/term.py", line 2262, in _castLexicalToPython
    return conv_func(lexical)  # type: ignore[arg-type]
           ^^^^^^^^^^^^^^^^^^
ValueError: hour must be in 0..23
Failed to convert Literal lexical form to value. Datatype=http://www.w3.org/2001/XMLSchema#dateTime, Converter=<built-in method fromisoformat of type object at 0x144cb98>
Traceback (most recent call last):
  File "/home/ensar/workspace/03_ids/kgdc/.venv/lib/python3.12/site-packages/rdflib/term.py", line 2262, in _castLexicalToPython
    return conv_func(lexical)  # type: ignore[arg-type]
           ^^^^^^^^^^^^^^^^^^
ValueError: hour must be in 0..23
Failed to convert Literal lexical form to value. Datatype=http://www.w3.org/2001/XMLSchema#dateTime, Converter=<built-in method fromisoformat of type object at 0x144cb98>
Traceback (most recent call last):
  File "/home/ensar/workspace/03_ids/kgdc/.venv/lib/python3.12/site-packages/rdflib/term.py", line 2262, in _castLexicalToPython
    return conv_func(lexical)  # type: ignore[arg-type]
           ^^^^^^^^^^^^^^^^^^
ValueError: hour must be in 0..23
Failed to convert Literal lexical form to value. Datatype=http://www.w3.org/2001/XMLSchema#dateTime, Converter=<built-in method fromisoformat of type object at 0x144cb98>
Traceback (most recent call last):
  File "/home/ensar/workspace/03_ids/kgdc/.venv/lib/python3.12/site-packages/rdflib/term.py", line 2262, in _castLexicalToPython
    return conv_func(lexical)  # type: ignore[arg-type]
           ^^^^^^^^^^^^^^^^^^
ValueError: hour must be in 0..23
Failed to convert Literal lexical form to value. Datatype=http://www.w3.org/2001/XMLSchema#dateTime, Converter=<built-in method fromisoformat of type object at 0x144cb98>
Traceback (most recent call last):
  File "/home/ensar/workspace/03_ids/kgdc/.venv/lib/python3.12/site-packages/rdflib/term.py", line 2262, in _castLexicalToPython
    return conv_func(lexical)  # type: ignore[arg-type]
           ^^^^^^^^^^^^^^^^^^
ValueError: hour must be in 0..23
Failed to convert Literal lexical form to value. Datatype=http://www.w3.org/2001/XMLSchema#dateTime, Converter=<built-in method fromisoformat of type object at 0x144cb98>
Traceback (most recent call last):
  File "/home/ensar/workspace/03_ids/kgdc/.venv/lib/python3.12/site-packages/rdflib/term.py", line 2262, in _castLexicalToPython
    return conv_func(lexical)  # type: ignore[arg-type]
           ^^^^^^^^^^^^^^^^^^
ValueError: hour must be in 0..23
Failed to convert Literal lexical form to value. Datatype=http://www.w3.org/2001/XMLSchema#dateTime, Converter=<built-in method fromisoformat of type object at 0x144cb98>
Traceback (most recent call last):
  File "/home/ensar/workspace/03_ids/kgdc/.venv/lib/python3.12/site-packages/rdflib/term.py", line 2262, in _castLexicalToPython
    return conv_func(lexical)  # type: ignore[arg-type]
           ^^^^^^^^^^^^^^^^^^
ValueError: hour must be in 0..23
Failed to convert Literal lexical form to value. Datatype=http://www.w3.org/2001/XMLSchema#dateTime, Converter=<built-in method fromisoformat of type object at 0x144cb98>
Traceback (most recent call last):
  File "/home/ensar/workspace/03_ids/kgdc/.venv/lib/python3.12/site-packages/rdflib/term.py", line 2262, in _castLexicalToPython
    return conv_func(lexical)  # type: ignore[arg-type]
           ^^^^^^^^^^^^^^^^^^
ValueError: hour must be in 0..23
[03:54:43] DONE vignette_112  gold=404 out=441 tp=368 P=0.834 R=0.911 F1=0.871  105s  tokens 18556/14654
[1678.9s] union: merged 1 identical individual(s)
[03:54:44] START vignette_113 (18/86)
[2279.0s] merge FAILED (merge call exceeded 600 s wall clock...) - returning the un-merged union
[04:04:44] DONE vignette_113  gold=404 out=457 tp=386 P=0.845 R=0.955 F1=0.897  600s  tokens 0/0 (no usage returned)  MERGE ERROR: merge pass failed: merge call exceeded 600 s wall clock
[2279.3s] union: merged 1 identical individual(s)
[2279.3s] union: dropped 13 link(s) to undeclared individuals
[04:04:44] START vignette_114 (19/86)
[04:06:10] DONE vignette_114  gold=393 out=363 tp=326 P=0.898 R=0.830 F1=0.862  86s  tokens 20787/11800
[2365.7s] union: dropped 12 link(s) to undeclared individuals
[04:06:10] START vignette_116 (20/86)
[04:08:22] DONE vignette_116  gold=428 out=410 tp=347 P=0.846 R=0.811 F1=0.828  132s  tokens 22549/14775
[2497.5s] union: dropped 39 link(s) to undeclared individuals
[04:08:22] START vignette_117 (21/86)
[04:10:01] DONE vignette_117  gold=417 out=384 tp=333 P=0.867 R=0.799 F1=0.831  98s  tokens 19986/12614
[2596.0s] union: dropped 37 link(s) to undeclared individuals
[04:10:01] START vignette_118 (22/86)
[3196.2s] merge FAILED (merge call exceeded 600 s wall clock...) - returning the un-merged union
[04:20:01] DONE vignette_118  gold=428 out=438 tp=303 P=0.692 R=0.708 F1=0.700  600s  tokens 0/0 (no usage returned)  MERGE ERROR: merge pass failed: merge call exceeded 600 s wall clock
[3196.4s] union: dropped 37 link(s) to undeclared individuals
[04:20:01] START vignette_119 (23/86)
[04:21:44] DONE vignette_119  gold=415 out=386 tp=345 P=0.894 R=0.831 F1=0.861  103s  tokens 18541/12692
[3299.8s] union: merged 1 identical individual(s)
[3299.8s] union: dropped 4 link(s) to undeclared individuals
[04:21:45] START vignette_120 (24/86)
[3899.9s] merge FAILED (merge call exceeded 600 s wall clock...) - returning the un-merged union
[04:31:45] DONE vignette_120  gold=483 out=485 tp=332 P=0.685 R=0.687 F1=0.686  600s  tokens 0/0 (no usage returned)  MERGE ERROR: merge pass failed: merge call exceeded 600 s wall clock
[3900.2s] union: dropped 15 link(s) to undeclared individuals
[04:31:45] START vignette_121 (25/86)
[04:32:52] DONE vignette_121  gold=461 out=278 tp=251 P=0.903 R=0.544 F1=0.679  67s  tokens 21035/9734
[3967.4s] union: dropped 26 link(s) to undeclared individuals
[04:32:52] START vignette_122 (26/86)
[04:34:53] DONE vignette_122  gold=461 out=497 tp=445 P=0.895 R=0.965 F1=0.929  120s  tokens 21405/15969
[4088.1s] union: dropped 8 link(s) to undeclared individuals
[04:34:53] START vignette_123 (27/86)
[4230.9s] merge output rejected (at line 8 of <>:
Bad syntax (expected directive or statement) - returning the un-merged union
[04:37:16] DONE vignette_123  gold=494 out=455 tp=394 P=0.866 R=0.798 F1=0.830  143s  tokens 21497/17461  MERGE ERROR: merge output rejected (at line 8 of <>:
Bad syntax (expected directive or statem
[4231.1s] union: dropped 17 link(s) to undeclared individuals
[04:37:16] START vignette_124 (28/86)
[04:38:28] RUN START chr-compact-2026-09-25/D
[   0.1s] union: dropped 8 link(s) to undeclared individuals
[04:38:28] START vignette_123 (27/86)
[04:38:29] DONE vignette_123  gold=494 out=541 tp=474 P=0.876 R=0.960 F1=0.916  0s  tokens 0/0
[   0.6s] union: dropped 17 link(s) to undeclared individuals
[04:38:29] START vignette_124 (28/86)
[04:40:36] DONE vignette_124  gold=483 out=469 tp=418 P=0.891 R=0.865 F1=0.878  127s  tokens 21700/15159
[ 128.2s] union: dropped 4 link(s) to undeclared individuals
[04:40:36] START vignette_125 (29/86)
[04:43:40] DONE vignette_125  gold=483 out=474 tp=419 P=0.884 R=0.867 F1=0.876  184s  tokens 21856/21200
[ 311.9s] union: dropped 16 link(s) to undeclared individuals
[04:43:40] START vignette_127 (30/86)
[04:45:36] DONE vignette_127  gold=496 out=450 tp=385 P=0.856 R=0.776 F1=0.814  115s  tokens 27468/14804
[ 427.6s] union: dropped 16 link(s) to undeclared individuals
[04:45:36] START vignette_129 (31/86)
[04:48:28] DONE vignette_129  gold=505 out=509 tp=451 P=0.886 R=0.893 F1=0.890  172s  tokens 21864/16428
[ 599.7s] union: dropped 4 link(s) to undeclared individuals
[04:48:28] START vignette_131 (32/86)
[04:51:09] DONE vignette_131  gold=472 out=511 tp=457 P=0.894 R=0.968 F1=0.930  161s  tokens 20819/16151
[ 760.8s] union: dropped 3 link(s) to undeclared individuals
[04:51:09] START vignette_132 (33/86)
[1360.9s] merge FAILED (merge call exceeded 600 s wall clock...) - returning the un-merged union
[05:01:09] DONE vignette_132  gold=485 out=489 tp=423 P=0.865 R=0.872 F1=0.869  600s  tokens 0/0 (no usage returned)  MERGE ERROR: merge pass failed: merge call exceeded 600 s wall clock
[1361.2s] union: dropped 9 link(s) to undeclared individuals
[05:01:09] START vignette_133 (34/86)
[05:04:41] DONE vignette_133  gold=496 out=540 tp=470 P=0.870 R=0.948 F1=0.907  212s  tokens 22732/24168
[1573.5s] union: dropped 1 link(s) to undeclared individuals
[05:04:42] START vignette_134 (35/86)
[05:06:44] DONE vignette_134  gold=485 out=525 tp=465 P=0.886 R=0.959 F1=0.921  123s  tokens 23630/17218
[1696.3s] union: dropped 43 link(s) to undeclared individuals
[05:06:45] START vignette_135 (36/86)
[05:08:52] DONE vignette_135  gold=463 out=510 tp=443 P=0.869 R=0.957 F1=0.911  127s  tokens 20643/16439
[1823.5s] union: merged 11 identical individual(s)
[1823.5s] union: dropped 29 link(s) to undeclared individuals
[05:08:52] START vignette_137 (37/86)
[2423.6s] merge FAILED (merge call exceeded 600 s wall clock...) - returning the un-merged union
[05:18:52] DONE vignette_137  gold=463 out=347 tp=289 P=0.833 R=0.624 F1=0.714  600s  tokens 0/0 (no usage returned)  MERGE ERROR: merge pass failed: merge call exceeded 600 s wall clock
[05:18:52] START vignette_138 (38/86)
[3024.0s] merge FAILED (merge call exceeded 600 s wall clock...) - returning the un-merged union
[05:28:52] DONE vignette_138  gold=496 out=529 tp=467 P=0.883 R=0.942 F1=0.911  600s  tokens 0/0 (no usage returned)  MERGE ERROR: merge pass failed: merge call exceeded 600 s wall clock
[3024.3s] union: dropped 46 link(s) to undeclared individuals
[05:28:52] START vignette_139 (39/86)
[05:30:38] DONE vignette_139  gold=472 out=425 tp=371 P=0.873 R=0.786 F1=0.827  105s  tokens 22145/14185
[3129.8s] union: dropped 23 link(s) to undeclared individuals
[05:30:38] START vignette_140 (40/86)
[05:32:22] DONE vignette_140  gold=368 out=362 tp=236 P=0.652 R=0.641 F1=0.647  104s  tokens 18834/12876
[3234.0s] union: merged 1 identical individual(s)
[3234.0s] union: dropped 45 link(s) to undeclared individuals
[05:32:22] START vignette_141 (41/86)
[05:41:21] RUN START chr-compact-2026-09-25/D (Darkbloom excluded)
[   0.1s] union: merged 1 identical individual(s)
[   0.2s] union: dropped 45 link(s) to undeclared individuals
[05:41:22] START vignette_141 (41/86)
[05:47:29] DONE vignette_141  gold=496 out=536 tp=477 P=0.890 R=0.962 F1=0.924  367s  tokens 22775/38709
[ 367.7s] union: dropped 18 link(s) to undeclared individuals
[05:47:29] START vignette_142 (42/86)
[ 967.8s] merge FAILED (merge call exceeded 600 s wall clock...) - returning the un-merged union
[05:57:29] DONE vignette_142  gold=485 out=478 tp=415 P=0.868 R=0.856 F1=0.862  600s  tokens 0/0 (no usage returned)  MERGE ERROR: merge pass failed: merge call exceeded 600 s wall clock
[ 968.1s] union: merged 1 identical individual(s)
[ 968.1s] union: dropped 32 link(s) to undeclared individuals
[05:57:30] START vignette_143 (43/86)
[06:00:25] DONE vignette_143  gold=627 out=617 tp=514 P=0.833 R=0.820 F1=0.826  175s  tokens 26702/20251
[1143.6s] union: merged 1 identical individual(s)
[1143.6s] union: dropped 5 link(s) to undeclared individuals
[06:00:25] START vignette_145 (44/86)
[06:02:14] DONE vignette_145  gold=461 out=427 tp=379 P=0.888 R=0.822 F1=0.854  109s  tokens 20251/14304
[1252.5s] union: merged 1 identical individual(s)
[1252.5s] union: dropped 14 link(s) to undeclared individuals
[06:02:14] START vignette_146 (45/86)
[06:03:57] DONE vignette_146  gold=474 out=473 tp=416 P=0.879 R=0.878 F1=0.879  103s  tokens 21638/15325
[1355.3s] union: dropped 63 link(s) to undeclared individuals
[06:03:57] START vignette_148 (46/86)
[06:05:42] DONE vignette_148  gold=474 out=443 tp=384 P=0.867 R=0.810 F1=0.838  105s  tokens 20897/14591
[06:05:42] START vignette_149 (47/86)
[06:07:15] DONE vignette_149  gold=485 out=320 tp=268 P=0.838 R=0.553 F1=0.666  93s  tokens 25223/11253
[1553.5s] union: merged 2 identical individual(s)
[1553.5s] union: dropped 44 link(s) to undeclared individuals
[06:07:15] START vignette_150 (48/86)
[06:09:35] DONE vignette_150  gold=507 out=513 tp=443 P=0.864 R=0.874 F1=0.869  140s  tokens 23001/16595
Failed to convert Literal lexical form to value. Datatype=http://www.w3.org/2001/XMLSchema#dateTime, Converter=<built-in method fromisoformat of type object at 0x144cb98>
Traceback (most recent call last):
  File "/home/ensar/workspace/03_ids/kgdc/.venv/lib/python3.12/site-packages/rdflib/term.py", line 2262, in _castLexicalToPython
    return conv_func(lexical)  # type: ignore[arg-type]
           ^^^^^^^^^^^^^^^^^^
ValueError: hour must be in 0..23
Failed to convert Literal lexical form to value. Datatype=http://www.w3.org/2001/XMLSchema#dateTime, Converter=<built-in method fromisoformat of type object at 0x144cb98>
Traceback (most recent call last):
  File "/home/ensar/workspace/03_ids/kgdc/.venv/lib/python3.12/site-packages/rdflib/term.py", line 2262, in _castLexicalToPython
    return conv_func(lexical)  # type: ignore[arg-type]
           ^^^^^^^^^^^^^^^^^^
ValueError: hour must be in 0..23
Failed to convert Literal lexical form to value. Datatype=http://www.w3.org/2001/XMLSchema#dateTime, Converter=<built-in method fromisoformat of type object at 0x144cb98>
Traceback (most recent call last):
  File "/home/ensar/workspace/03_ids/kgdc/.venv/lib/python3.12/site-packages/rdflib/term.py", line 2262, in _castLexicalToPython
    return conv_func(lexical)  # type: ignore[arg-type]
           ^^^^^^^^^^^^^^^^^^
ValueError: hour must be in 0..23
Failed to convert Literal lexical form to value. Datatype=http://www.w3.org/2001/XMLSchema#dateTime, Converter=<built-in method fromisoformat of type object at 0x144cb98>
Traceback (most recent call last):
  File "/home/ensar/workspace/03_ids/kgdc/.venv/lib/python3.12/site-packages/rdflib/term.py", line 2262, in _castLexicalToPython
    return conv_func(lexical)  # type: ignore[arg-type]
           ^^^^^^^^^^^^^^^^^^
ValueError: hour must be in 0..23
[1693.8s] union: dropped 48 link(s) to undeclared individuals
Failed to convert Literal lexical form to value. Datatype=http://www.w3.org/2001/XMLSchema#dateTime, Converter=<built-in method fromisoformat of type object at 0x144cb98>
Traceback (most recent call last):
  File "/home/ensar/workspace/03_ids/kgdc/.venv/lib/python3.12/site-packages/rdflib/term.py", line 2262, in _castLexicalToPython
    return conv_func(lexical)  # type: ignore[arg-type]
           ^^^^^^^^^^^^^^^^^^
ValueError: hour must be in 0..23
Failed to convert Literal lexical form to value. Datatype=http://www.w3.org/2001/XMLSchema#dateTime, Converter=<built-in method fromisoformat of type object at 0x144cb98>
Traceback (most recent call last):
  File "/home/ensar/workspace/03_ids/kgdc/.venv/lib/python3.12/site-packages/rdflib/term.py", line 2262, in _castLexicalToPython
    return conv_func(lexical)  # type: ignore[arg-type]
           ^^^^^^^^^^^^^^^^^^
ValueError: hour must be in 0..23
[06:09:35] START vignette_151 (49/86)
Failed to convert Literal lexical form to value. Datatype=http://www.w3.org/2001/XMLSchema#dateTime, Converter=<built-in method fromisoformat of type object at 0x144cb98>
Traceback (most recent call last):
  File "/home/ensar/workspace/03_ids/kgdc/.venv/lib/python3.12/site-packages/rdflib/term.py", line 2262, in _castLexicalToPython
    return conv_func(lexical)  # type: ignore[arg-type]
           ^^^^^^^^^^^^^^^^^^
ValueError: hour must be in 0..23
Failed to convert Literal lexical form to value. Datatype=http://www.w3.org/2001/XMLSchema#dateTime, Converter=<built-in method fromisoformat of type object at 0x144cb98>
Traceback (most recent call last):
  File "/home/ensar/workspace/03_ids/kgdc/.venv/lib/python3.12/site-packages/rdflib/term.py", line 2262, in _castLexicalToPython
    return conv_func(lexical)  # type: ignore[arg-type]
           ^^^^^^^^^^^^^^^^^^
ValueError: hour must be in 0..23
[06:11:32] DONE vignette_151  gold=496 out=460 tp=383 P=0.833 R=0.772 F1=0.801  117s  tokens 22601/15446
[1811.1s] union: dropped 3 link(s) to undeclared individuals
[06:11:33] START vignette_152 (50/86)
[06:14:06] DONE vignette_152  gold=472 out=518 tp=464 P=0.896 R=0.983 F1=0.937  153s  tokens 26389/18011
[1964.8s] union: dropped 3 link(s) to undeclared individuals
[06:14:06] START vignette_153 (51/86)
[06:16:15] DONE vignette_153  gold=474 out=505 tp=433 P=0.857 R=0.914 F1=0.885  129s  tokens 21374/16063
[2093.6s] union: dropped 66 link(s) to undeclared individuals
[06:16:15] START vignette_154 (52/86)
[06:18:16] DONE vignette_154  gold=507 out=507 tp=370 P=0.730 R=0.730 F1=0.730  121s  tokens 23133/16631
[06:18:16] START vignette_155 (53/86)
[06:21:12] DONE vignette_155  gold=496 out=539 tp=481 P=0.892 R=0.970 F1=0.929  175s  tokens 27203/20778
[2390.3s] union: dropped 2 link(s) to undeclared individuals
[06:21:12] START vignette_156 (54/86)
[06:22:39] DONE vignette_156  gold=461 out=348 tp=292 P=0.839 R=0.633 F1=0.722  87s  tokens 21241/13006
[2477.4s] union: dropped 61 link(s) to undeclared individuals
[06:22:39] START vignette_157 (55/86)
[06:24:35] DONE vignette_157  gold=483 out=473 tp=416 P=0.879 R=0.861 F1=0.870  116s  tokens 21533/16102
[2593.9s] union: dropped 3 link(s) to undeclared individuals
[06:24:35] START vignette_158 (56/86)
[2723.2s] merge output rejected (at line 597 of <>:
Bad syntax (EOF found after object) at ^ ) - returning the un-merged union
[06:26:45] DONE vignette_158  gold=472 out=484 tp=411 P=0.849 R=0.871 F1=0.860  129s  tokens 15627/8350  MERGE ERROR: merge output rejected (at line 597 of <>:
Bad syntax (EOF found after object) at
[2723.5s] union: merged 2 identical individual(s)
[2723.5s] union: dropped 77 link(s) to undeclared individuals
[06:26:45] START vignette_159 (57/86)
[06:29:09] DONE vignette_159  gold=472 out=517 tp=448 P=0.867 R=0.949 F1=0.906  144s  tokens 20580/16726
[2867.9s] union: dropped 40 link(s) to undeclared individuals
[06:29:09] START vignette_160 (58/86)
[06:31:19] DONE vignette_160  gold=463 out=459 tp=412 P=0.898 R=0.890 F1=0.894  130s  tokens 19852/16491
[2997.6s] union: dropped 41 link(s) to undeclared individuals
[06:31:19] START vignette_161 (59/86)
[06:33:31] DONE vignette_161  gold=474 out=481 tp=410 P=0.852 R=0.865 F1=0.859  132s  tokens 22252/15947
[3129.9s] union: dropped 2 link(s) to undeclared individuals
[06:33:31] START vignette_162 (60/86)
[06:35:53] DONE vignette_162  gold=463 out=470 tp=416 P=0.885 R=0.898 F1=0.892  141s  tokens 21415/16126
[06:35:53] START vignette_163 (61/86)
[06:38:21] DONE vignette_163  gold=496 out=537 tp=470 P=0.875 R=0.948 F1=0.910  147s  tokens 23726/17378
[3419.2s] union: dropped 3 link(s) to undeclared individuals
[06:38:21] START vignette_165 (62/86)
[06:40:39] DONE vignette_165  gold=463 out=495 tp=442 P=0.893 R=0.955 F1=0.923  138s  tokens 25348/16293
[3557.6s] union: merged 3 identical individual(s)
[3557.6s] union: dropped 32 link(s) to undeclared individuals
[06:40:39] START vignette_167 (63/86)
[3754.7s] merge output rejected (list index out of range) - returning the un-merged union
[06:43:56] DONE vignette_167  gold=496 out=463 tp=381 P=0.823 R=0.768 F1=0.795  197s  tokens 13952/746  MERGE ERROR: merge output rejected (list index out of range): kept the un-merged union
[3754.9s] union: dropped 41 link(s) to undeclared individuals
[06:43:56] START vignette_169 (64/86)
[06:46:12] DONE vignette_169  gold=472 out=514 tp=464 P=0.903 R=0.983 F1=0.941  135s  tokens 21750/16696
[3890.4s] union: dropped 49 link(s) to undeclared individuals
[06:46:12] START vignette_171 (65/86)
[06:48:30] DONE vignette_171  gold=496 out=541 tp=465 P=0.860 R=0.938 F1=0.897  139s  tokens 21309/17586
[4029.2s] union: dropped 44 link(s) to undeclared individuals
[06:48:31] START vignette_172 (66/86)
[06:50:44] DONE vignette_172  gold=483 out=530 tp=474 P=0.894 R=0.981 F1=0.936  134s  tokens 21079/16970
[4163.1s] union: dropped 4 link(s) to undeclared individuals
[06:50:45] START vignette_173 (67/86)
[06:52:41] DONE vignette_173  gold=494 out=497 tp=431 P=0.867 R=0.872 F1=0.870  116s  tokens 22323/16107
[06:52:41] START vignette_174 (68/86)
[06:53:53] DONE vignette_174  gold=496 out=282 tp=251 P=0.890 R=0.506 F1=0.645  72s  tokens 23310/9917
[4352.1s] union: dropped 41 link(s) to undeclared individuals
[06:53:54] START vignette_175 (69/86)
[06:55:48] DONE vignette_175  gold=461 out=505 tp=453 P=0.897 R=0.983 F1=0.938  114s  tokens 20683/17144
[4466.6s] union: merged 2 identical individual(s)
[4466.6s] union: dropped 78 link(s) to undeclared individuals
[06:55:48] START vignette_176 (70/86)
[06:58:30] DONE vignette_176  gold=605 out=654 tp=557 P=0.852 R=0.921 F1=0.885  162s  tokens 25441/21266
[4628.6s] union: dropped 15 link(s) to undeclared individuals
[06:58:30] START vignette_177 (71/86)
[07:00:12] DONE vignette_177  gold=450 out=475 tp=431 P=0.907 R=0.958 F1=0.932  102s  tokens 20722/15416
[4730.5s] union: dropped 38 link(s) to undeclared individuals
[07:00:12] START vignette_178 (72/86)
[07:02:41] DONE vignette_178  gold=450 out=483 tp=429 P=0.888 R=0.953 F1=0.920  149s  tokens 19597/15556
[4879.3s] union: dropped 38 link(s) to undeclared individuals
[07:02:41] START vignette_179 (73/86)
[07:04:13] DONE vignette_179  gold=463 out=374 tp=329 P=0.880 R=0.711 F1=0.786  93s  tokens 21295/13437
[07:04:14] START vignette_180 (74/86)
[07:06:29] DONE vignette_180  gold=494 out=521 tp=471 P=0.904 R=0.953 F1=0.928  136s  tokens 23689/17316
[5108.0s] union: dropped 34 link(s) to undeclared individuals
[07:06:29] START vignette_181 (75/86)
[07:08:08] DONE vignette_181  gold=426 out=463 tp=422 P=0.911 R=0.991 F1=0.949  99s  tokens 18946/15061
[5206.8s] union: dropped 22 link(s) to undeclared individuals
[07:08:08] START vignette_184 (76/86)
[5806.9s] merge FAILED (merge call exceeded 600 s wall clock...) - returning the un-merged union
[07:18:08] DONE vignette_184  gold=426 out=391 tp=354 P=0.905 R=0.831 F1=0.867  600s  tokens 0/0 (no usage returned)  MERGE ERROR: merge pass failed: merge call exceeded 600 s wall clock
[5807.1s] union: dropped 3 link(s) to undeclared individuals
[07:18:09] START vignette_186 (77/86)
[07:19:06] DONE vignette_186  gold=415 out=262 tp=244 P=0.931 R=0.588 F1=0.721  57s  tokens 18965/8980
[5864.4s] union: dropped 27 link(s) to undeclared individuals
[07:19:06] START vignette_188 (78/86)
[07:20:36] DONE vignette_188  gold=393 out=425 tp=380 P=0.894 R=0.967 F1=0.929  90s  tokens 18215/13701
[5954.9s] union: merged 1 identical individual(s)
[5954.9s] union: dropped 36 link(s) to undeclared individuals
[07:20:36] START vignette_189 (79/86)
[07:22:16] DONE vignette_189  gold=415 out=462 tp=404 P=0.874 R=0.973 F1=0.921  100s  tokens 19634/14880
[6055.0s] union: dropped 34 link(s) to undeclared individuals
[07:22:16] START vignette_190 (80/86)
[07:23:10] DONE vignette_190  gold=393 out=228 tp=199 P=0.873 R=0.506 F1=0.641  53s  tokens 18552/7976
[6108.3s] union: dropped 39 link(s) to undeclared individuals
[07:23:10] START vignette_191 (81/86)
[07:27:18] DONE vignette_191  gold=404 out=437 tp=390 P=0.892 R=0.965 F1=0.927  248s  tokens 17730/14177
[6356.8s] union: dropped 33 link(s) to undeclared individuals
[07:27:18] START vignette_193 (82/86)
[07:28:56] DONE vignette_193  gold=404 out=439 tp=396 P=0.902 R=0.980 F1=0.940  98s  tokens 18902/14356
[6455.1s] union: merged 2 identical individual(s)
[6455.1s] union: dropped 69 link(s) to undeclared individuals
[07:28:57] START vignette_195 (83/86)
[07:30:18] DONE vignette_195  gold=415 out=357 tp=306 P=0.857 R=0.737 F1=0.793  82s  tokens 20222/11995
[6537.0s] union: dropped 61 link(s) to undeclared individuals
[07:30:18] START vignette_197 (84/86)
[07:32:09] DONE vignette_197  gold=415 out=459 tp=405 P=0.882 R=0.976 F1=0.927  111s  tokens 18652/15052
[6648.2s] union: dropped 61 link(s) to undeclared individuals
[07:32:10] START vignette_198 (85/86)
[07:34:25] DONE vignette_198  gold=546 out=597 tp=513 P=0.859 R=0.940 F1=0.898  135s  tokens 23870/19618
[07:34:25] START vignette_199 (86/86)
[07:36:05] DONE vignette_199  gold=459 out=375 tp=312 P=0.832 R=0.680 F1=0.748  101s  tokens 22416/14477
[07:36:06] RUN END chr-compact-2026-09-25/D exit=0
[07:36:42] RUN START chr-compact-2026-09-25/D (retry pass)
[   0.1s] union: dropped 4 link(s) to undeclared individuals
[07:36:42] START vignette_021 (4/86)
[ 600.3s] merge FAILED (merge call exceeded 600 s wall clock...) - returning the un-merged union
[07:46:42] DONE vignette_021  gold=458 out=454 tp=376 P=0.828 R=0.821 F1=0.825  600s  tokens 0/0 (no usage returned)  MERGE ERROR: merge pass failed: merge call exceeded 600 s wall clock
[ 600.5s] union: merged 1 identical individual(s)
[07:46:43] START vignette_113 (18/86)
[ 768.7s] merge output rejected (at line 231 of <>:
Bad syntax (EOF found when expected verb ) - returning the un-merged union
[07:49:31] DONE vignette_113  gold=404 out=457 tp=386 P=0.845 R=0.955 F1=0.897  168s  tokens 14626/3485  MERGE ERROR: merge output rejected (at line 231 of <>:
Bad syntax (EOF found when expected ve
[ 769.0s] union: dropped 37 link(s) to undeclared individuals
[07:49:31] START vignette_118 (22/86)
[1369.1s] merge FAILED (merge call exceeded 600 s wall clock...) - returning the un-merged union
[07:59:31] DONE vignette_118  gold=428 out=438 tp=303 P=0.692 R=0.708 F1=0.700  600s  tokens 0/0 (no usage returned)  MERGE ERROR: merge pass failed: merge call exceeded 600 s wall clock
[1369.3s] union: merged 1 identical individual(s)
[1369.3s] union: dropped 4 link(s) to undeclared individuals
[07:59:31] START vignette_120 (24/86)
[08:00:46] DONE vignette_120  gold=483 out=307 tp=264 P=0.860 R=0.547 F1=0.668  74s  tokens 22104/10623
[1443.8s] union: dropped 3 link(s) to undeclared individuals
[08:00:46] START vignette_132 (33/86)
[08:03:34] DONE vignette_132  gold=485 out=537 tp=469 P=0.873 R=0.967 F1=0.918  169s  tokens 21918/22783
[1612.6s] union: merged 11 identical individual(s)
[1612.6s] union: dropped 29 link(s) to undeclared individuals
[08:03:35] START vignette_137 (37/86)
[2212.7s] merge FAILED (merge call exceeded 600 s wall clock...) - returning the un-merged union
[08:13:35] DONE vignette_137  gold=463 out=347 tp=289 P=0.833 R=0.624 F1=0.714  600s  tokens 0/0 (no usage returned)  MERGE ERROR: merge pass failed: merge call exceeded 600 s wall clock
[08:13:35] START vignette_138 (38/86)
[08:14:53] DONE vignette_138  gold=496 out=318 tp=287 P=0.903 R=0.579 F1=0.705  78s  tokens 23720/11314
[2291.4s] union: dropped 18 link(s) to undeclared individuals
[08:14:53] START vignette_142 (42/86)
[08:16:01] DONE vignette_142  gold=485 out=298 tp=265 P=0.889 R=0.546 F1=0.677  67s  tokens 21888/10423
[2359.0s] union: dropped 3 link(s) to undeclared individuals
[08:16:01] START vignette_158 (56/86)
[08:19:25] DONE vignette_158  gold=472 out=509 tp=457 P=0.898 R=0.968 F1=0.932  203s  tokens 23645/27431
[2562.7s] union: merged 3 identical individual(s)
[2562.7s] union: dropped 32 link(s) to undeclared individuals
[08:19:25] START vignette_167 (63/86)
[08:21:14] DONE vignette_167  gold=496 out=463 tp=381 P=0.823 R=0.768 F1=0.795  109s  tokens 21519/15619
[2672.3s] union: dropped 22 link(s) to undeclared individuals
[08:21:14] START vignette_184 (76/86)
[08:23:25] DONE vignette_184  gold=426 out=394 tp=357 P=0.906 R=0.838 F1=0.871  131s  tokens 18704/18763
[08:23:25] RETRY END chr-compact-2026-09-25/D exit=0
