[   0.1s] segmenting (orchestrator) ...
[  87.8s] 35 segments: s1[ClinicalVisit,Person,CareUnit,Person], s2[MeasurementProcess,Measurement,Unit], s3[MeasurementProcess,Measurement,Unit], s4[MeasurementProcess,Measurement,Unit], s5[MeasurementProcess,Measurement,Unit], s6[MeasurementProcess,Measurement,Unit], s7[MeasurementProcess,Measurement,Unit], s8[MeasurementProcess,Measurement,Unit], s9[MeasurementProcess,Measurement,Unit], s10[MeasurementProcess,Measurement,Unit], s11[MeasurementProcess,Measurement,Unit], s12[MeasurementProcess,Measurement,Unit], s13[MeasurementProcess,Measurement,Unit], s14[MeasurementProcess,Measurement,Unit], s15[MeasurementProcess,Measurement,Unit], s16[MeasurementProcess,Measurement,Unit], s17[MeasurementProcess,Measurement,Unit], s18[MeasurementProcess,Measurement,Unit], s19[MeasurementProcess,Measurement,Unit], s20[MeasurementProcess,Measurement,Unit], s21[MeasurementProcess,Measurement,Unit], s22[MeasurementProcess,Measurement,Unit], s23[MeasurementProcess,Measurement,Unit], s24[MeasurementProcess,Measurement,Unit], s25[MeasurementProcess,Measurement,Unit], s26[MeasurementProcess,Measurement,Unit], s27[MeasurementProcess,Measurement,Unit], s28[MeasurementProcess,Measurement,Unit], s29[MeasurementProcess,Measurement,Unit], s30[MeasurementProcess,Measurement,Unit], s31[MeasurementProcess,Measurement,Unit], s32[MeasurementProcess,Measurement,Unit], s33[MeasurementProcess,Measurement,Unit], s34[EvaluationProcess,DiagnosticStatement,ClinicalCondition], s35[CarePlan]
[  87.8s] build order: [CareUnit, ClinicalCondition, DiagnosticStatement, Person, Unit] -> [EvaluationProcess, Measurement] -> [MeasurementProcess] -> [CarePlan, ClinicalVisit]
[  87.8s] level 0: 5 agent(s), 0 known entities
[  87.8s]   CareUnit: extracting (251 chars, 1 classes in view)
[  87.8s]   ClinicalCondition: extracting (234 chars, 3 classes in view)
[  87.8s]   DiagnosticStatement: extracting (234 chars, 1 classes in view)
[  87.8s]   Person: extracting (251 chars, 1 classes in view)
[  93.6s]   CareUnit: cycle 0 -> conforms
[  93.6s]   Unit: extracting (8028 chars, 1 classes in view)
[  94.7s]   DiagnosticStatement: cycle 0 -> conforms
[  95.1s]   Person: cycle 0 -> conforms
[  95.2s]   ClinicalCondition: cycle 0 -> conforms
[ 119.2s]   Unit: cycle 0 -> conforms
[ 119.2s] level 1: 2 agent(s), 20 known entities
[ 119.2s]   EvaluationProcess: extracting (234 chars, 7 classes in view)
[ 119.2s]   Measurement: extracting (8028 chars, 2 classes in view)
[ 131.4s]   EvaluationProcess: dropped 1 individual(s) of other classes (already built by earlier levels)
[ 131.4s]   EvaluationProcess: cycle 0 -> 1 violation(s)
[ 131.4s]   EvaluationProcess: fixing ...
[ 139.0s]   EvaluationProcess: cycle 1 -> conforms
[ 211.6s]   Measurement: cycle 0 -> conforms
[ 211.6s] level 2: 1 agent(s), 53 known entities
[ 211.6s]   MeasurementProcess: extracting (8028 chars, 6 classes in view)
[ 438.7s]   MeasurementProcess: dropped 37 individual(s) of other classes (already built by earlier levels)
[ 438.8s]   MeasurementProcess: cycle 0 -> 33 violation(s)
[ 438.8s]   MeasurementProcess: fixing ...
[ 626.4s]   MeasurementProcess: cycle 1 -> 33 violation(s)
[ 626.4s]   MeasurementProcess: fixing ...
[ 823.9s]   MeasurementProcess: cycle 2 -> conforms
[ 824.0s] level 3: 2 agent(s), 118 known entities
[ 824.0s]   CarePlan: extracting (8774 chars, 4 classes in view)
[ 824.0s]   ClinicalVisit: extracting (8774 chars, 5 classes in view)
[ 834.5s]   CarePlan: cycle 0 -> conforms
[ 946.0s]   ClinicalVisit: cycle 0 -> conforms
[ 946.2s] merging (orchestrator): 0 violation(s), 0 unresolved, 0 unparsed
[1126.3s] merge output rejected (Quote expected in string at ^ in r:hasPerformedDate "^2013-1) - returning the un-merged union
[1126.5s] final: conforms
conforms=True segments=10 llm_calls=15 unresolved=0
  orchestrator   2 calls    27780 in   14661 out  cost n/a  gemma4-g1
  total         15 calls   126052 in   63105 out  cost n/a  
  worker        13 calls    98272 in   48444 out  cost n/a  gemma4-g1
exit=0
