[   0.1s] segmenting (orchestrator) ...
[  52.0s] 19 segments: s1[ClinicalVisit,Person,CareUnit,Person], s2[MeasurementProcess,Measurement,ProcessStatus], s3[MeasurementProcess,Measurement,ProcessStatus], s4[MeasurementProcess,Measurement,ProcessStatus], s5[MeasurementProcess,Measurement,ProcessStatus], s6[MeasurementProcess,Measurement,ProcessStatus], s7[MeasurementProcess,Measurement,ProcessStatus], s8[MeasurementProcess,Measurement,ProcessStatus], s9[MeasurementProcess,Measurement,ProcessStatus], s10[MeasurementProcess,Measurement,ProcessStatus], s11[MeasurementProcess,Measurement,ProcessStatus], s12[MeasurementProcess,Measurement,ProcessStatus], s13[MeasurementProcess,Measurement,ProcessStatus], s14[MeasurementProcess,Measurement,ProcessStatus], s15[MeasurementProcess,Measurement,ProcessStatus], s16[MeasurementProcess,Measurement,ProcessStatus], s17[MeasurementProcess,Measurement,ProcessStatus], s18[EvaluationProcess,DiagnosticStatement,ClinicalCondition], s19[CarePlan]
[  52.0s] build order: [CareUnit, ClinicalCondition, DiagnosticStatement, Measurement, Person, ProcessStatus] -> [EvaluationProcess, MeasurementProcess] -> [CarePlan, ClinicalVisit]
[  52.0s] level 0: 6 agent(s), 0 known entities
[  52.0s]   CareUnit: extracting (228 chars, 1 classes in view)
[  52.0s]   ClinicalCondition: extracting (238 chars, 3 classes in view)
[  52.0s]   DiagnosticStatement: extracting (238 chars, 1 classes in view)
[  52.0s]   Measurement: extracting (4158 chars, 2 classes in view)
[  57.7s]   CareUnit: cycle 0 -> conforms
[  57.7s]   Person: extracting (228 chars, 1 classes in view)
[  58.7s]   DiagnosticStatement: cycle 0 -> conforms
[  58.7s]   ProcessStatus: extracting (4158 chars, 1 classes in view)
[  59.6s]   ClinicalCondition: cycle 0 -> conforms
[  63.7s]   Person: cycle 0 -> conforms
[  80.3s]   ProcessStatus: cycle 0 -> conforms
[ 105.7s]   Measurement: cycle 0 -> 1 violation(s)
[ 105.7s]   Measurement: fixing ...
[ 155.3s]   Measurement: cycle 1 -> 1 violation(s)
[ 155.3s]   Measurement: stopping (plateau)
[ 155.3s]   Measurement: 2 unresolved (honest gaps)
[ 155.3s] level 1: 2 agent(s), 22 known entities
[ 155.3s]   EvaluationProcess: extracting (238 chars, 7 classes in view)
[ 155.3s]   MeasurementProcess: extracting (4158 chars, 6 classes in view)
[ 166.9s]   EvaluationProcess: cycle 0 -> conforms
[ 269.5s]   MeasurementProcess: cycle 0 -> 1 violation(s)
[ 269.5s]   MeasurementProcess: fixing ...
[ 373.2s]   MeasurementProcess: cycle 1 -> 1 violation(s)
[ 373.2s]   MeasurementProcess: fixing ...
[ 477.0s]   MeasurementProcess: cycle 2 -> 1 violation(s)
[ 477.0s]   MeasurementProcess: stopping (fix budget spent)
[ 477.0s]   MeasurementProcess: 2 unresolved (honest gaps)
[ 477.0s] level 2: 2 agent(s), 23 known entities
[ 477.0s]   CarePlan: extracting (4841 chars, 4 classes in view)
[ 477.0s]   ClinicalVisit: extracting (4841 chars, 5 classes in view)
[ 483.1s]   CarePlan: cycle 0 -> conforms
[ 542.9s]   ClinicalVisit: dropped 16 individual(s) of other classes (already built by earlier levels)
[ 543.0s]   ClinicalVisit: cycle 0 -> 16 violation(s)
[ 543.0s]   ClinicalVisit: fixing ...
[ 549.0s]   ClinicalVisit: cycle 1 -> conforms
[ 549.1s] merging (orchestrator): 0 violation(s), 4 unresolved, 2 unparsed
[ 689.4s] merge output rejected (at line 339 of <>:
Bad syntax (objectList expected) at ^ in:) - returning the un-merged union
[ 689.4s] final: conforms
conforms=True segments=10 llm_calls=16 unresolved=0
  orchestrator   2 calls    14479 in   10063 out  cost n/a  gemma4-g1
  total         16 calls    79770 in   39591 out  cost n/a  
  worker        14 calls    65291 in   29528 out  cost n/a  gemma4-g1
exit=0
