[   0.1s] segmenting (orchestrator) ...
[  98.9s] 37 segments: s1[ClinicalVisit,Person,CareUnit,Person], s2[MeasurementProcess,Measurement], s3[MeasurementProcess,Measurement], s4[MeasurementProcess,Measurement], s5[MeasurementProcess,Measurement], s6[MeasurementProcess,Measurement], s7[MeasurementProcess,Measurement], s8[MeasurementProcess,Measurement], s9[MeasurementProcess,Measurement], s10[MeasurementProcess,Measurement], s11[MeasurementProcess,Measurement], s12[MeasurementProcess,Measurement], s13[MeasurementProcess,Measurement], s14[MeasurementProcess,Measurement], s15[MeasurementProcess,Measurement], s16[MeasurementProcess,Measurement], s17[MeasurementProcess,Measurement], s18[MeasurementProcess,Measurement], s19[MeasurementProcess,Measurement], s20[MeasurementProcess,Measurement], s21[MeasurementProcess,Measurement], s22[MeasurementProcess,Measurement], s23[MeasurementProcess,Measurement], s24[MeasurementProcess,Measurement], s25[MeasurementProcess,Measurement], s26[MeasurementProcess,Measurement], s27[MeasurementProcess,Measurement], s28[MeasurementProcess,Measurement], s29[MeasurementProcess,Measurement], s30[MeasurementProcess,Measurement], s31[MeasurementProcess,Measurement], s32[MeasurementProcess,Measurement], s33[MeasurementProcess,Measurement], s34[MeasurementProcess,Measurement], s35[MeasurementProcess,Measurement], s36[EvaluationProcess,DiagnosticStatement,ClinicalCondition], s37[CarePlan]
[  98.9s] build order: [CareUnit, ClinicalCondition, DiagnosticStatement, Measurement, Person] -> [EvaluationProcess, MeasurementProcess] -> [CarePlan, ClinicalVisit]
[  98.9s] level 0: 5 agent(s), 0 known entities
[  98.9s]   CareUnit: extracting (251 chars, 1 classes in view)
[  98.9s]   ClinicalCondition: extracting (219 chars, 3 classes in view)
[  98.9s]   DiagnosticStatement: extracting (219 chars, 1 classes in view)
[  98.9s]   Measurement: extracting (8542 chars, 2 classes in view)
[ 105.0s]   CareUnit: cycle 0 -> conforms
[ 105.0s]   Person: extracting (251 chars, 1 classes in view)
[ 105.7s]   DiagnosticStatement: cycle 0 -> 5 violation(s)
[ 105.7s]   DiagnosticStatement: fixing ...
[ 106.8s]   ClinicalCondition: cycle 0 -> conforms
[ 111.1s]   DiagnosticStatement: cycle 1 -> 5 violation(s)
[ 111.1s]   DiagnosticStatement: stopping (plateau)
[ 111.2s]   Person: cycle 0 -> conforms
[ 210.9s]   Measurement: dropped 11 individual(s) of other classes (already built by earlier levels)
[ 210.9s]   Measurement: cycle 0 -> 11 violation(s)
[ 210.9s]   Measurement: fixing ...
https://biomedit.ch/rdf/sphn-resource/ucum/{cbrscorecbl} does not look like a valid URI, trying to serialize this will break.
https://biomedit.ch/rdf/sphn-resource/ucum/kgper m2 does not look like a valid URI, trying to serialize this will break.
https://biomedit.ch/rdf/sphn-resource/ucum/{nominalcbr} does not look like a valid URI, trying to serialize this will break.
[ 321.1s]   Measurement: cycle 1 -> 3 violation(s)
[ 321.1s]   Measurement: fixing ...
[ 428.5s]   Measurement: cycle 2 -> conforms
[ 428.5s] level 1: 2 agent(s), 50 known entities
[ 428.5s]   EvaluationProcess: extracting (219 chars, 7 classes in view)
[ 428.5s]   MeasurementProcess: extracting (8542 chars, 6 classes in view)
[ 443.5s]   EvaluationProcess: cycle 0 -> 25 violation(s)
[ 443.5s]   EvaluationProcess: fixing ...
[ 456.0s]   EvaluationProcess: cycle 1 -> 25 violation(s)
[ 456.0s]   EvaluationProcess: stopping (plateau)
[ 655.6s]   MeasurementProcess: cycle 0 -> 1 violation(s)
[ 655.6s]   MeasurementProcess: fixing ...
[ 890.3s]   MeasurementProcess: cycle 1 -> 1 violation(s)
[ 890.3s]   MeasurementProcess: fixing ...
[1125.0s]   MeasurementProcess: cycle 2 -> 1 violation(s)
[1125.0s]   MeasurementProcess: stopping (fix budget spent)
[1125.0s]   MeasurementProcess: 1 unresolved (honest gaps)
[1125.0s] level 2: 2 agent(s), 52 known entities
[1125.0s]   CarePlan: extracting (9273 chars, 4 classes in view)
[1125.0s]   ClinicalVisit: extracting (9273 chars, 5 classes in view)
[1135.2s]   CarePlan: cycle 0 -> 1 violation(s)
[1135.2s]   CarePlan: fixing ...
[1144.1s]   CarePlan: cycle 1 -> 25 violation(s)
[1144.1s]   CarePlan: fixing ...
[1156.9s]   CarePlan: cycle 2 -> 25 violation(s)
[1156.9s]   CarePlan: stopping (fix budget spent)
[1255.7s]   ClinicalVisit: dropped 36 individual(s) of other classes (already built by earlier levels)
[1255.8s]   ClinicalVisit: cycle 0 -> 60 violation(s)
[1255.8s]   ClinicalVisit: fixing ...
[1437.9s]   ClinicalVisit: cycle 1 -> 94 violation(s)
[1437.9s]   ClinicalVisit: fixing ...
[1638.6s]   ClinicalVisit: cycle 2 -> 95 violation(s)
[1638.6s]   ClinicalVisit: stopping (fix budget spent)
[1638.8s] merging (orchestrator): 95 violation(s), 1 unresolved, 1 unparsed
[1648.6s] merge output rejected (at line 3 of <>:
Bad syntax (unterminated URI reference) at ) - returning the un-merged union
[1648.7s] final: 95 violation(s)
conforms=False segments=9 llm_calls=21 unresolved=0
  orchestrator   2 calls    37439 in    5234 out  cost n/a  gemma4-g1
  total         21 calls   206544 in   91742 out  cost n/a  
  worker        19 calls   169105 in   86508 out  cost n/a  gemma4-g1
Constraint Violation in UndeclaredClass:
	Severity: sh:Violation
	Focus Node: http://example.org/data/Stress_73595000
	Message: https://w3id.org/shexmap/resource/ontology-schema/d285f599-dc2e-4bd0-83f1-df21defa8821/ClinicalCondition is not a class of the vocabulary
Constraint Violation in UndeclaredClass:
	Severity: sh:Violation
	Focus Node: http://example.org/data/diagnostic_statement_Stress_73595000
	Message: https://w3id.org/shexmap/resource/ontology-schema/d285f599-dc2e-4bd0-83f1-df21defa8821/DiagnosticStatement is not a class of the vocabulary
Constraint Violation in UndeclaredClass:
	Severity: sh:Violation
	Focus Node: http://example.org/data/evaluation_20130918T174025
	Message: https://w3id.org/shexmap/resource/ontology-schema/d285f599-dc2e-4bd0-83f1-df21defa8821/EvaluationProcess is not a class of the vocabulary
Constraint Violation in UndeclaredProperty:
	Severity: sh:Violation
	Focus Node: http://example.org/data/Stress_73595000
	Message: https://w3id.org/shexmap/resource/ontology-schema/d285f599-dc2e-4bd0-83f1-df21defa8821/hasCode is not a property of the vocabulary
Constraint Violation in UndeclaredProperty:
	Severity: sh:Violation
	Focus Node: http://example.org/data/Stress_73595000
	Message: https://w3id.org/shexmap/resource/ontology-schema/d285f599-dc2e-4bd0-83f1-df21defa8821/hasRecordDate is not a property of the vocabulary
Constraint Violation in UndeclaredProperty:
	Severity: sh:Violation
	Focus Node: http://example.org/data/diagnostic_statement_Stress_73595000
	Message: https://w3id.org/shexmap/resource/ontology-schema/d285f599-dc2e-4bd0-83f1-df21defa8821/hasCode is not a property of the vocabulary
Constraint Violation in UndeclaredProperty:
	Severity: sh:Violation
	Focus Node: http://example.org/data/evaluation_20130918T174025
	Message: https://w3id.org/shexmap/resource/ontology-schema/d285f599-dc2e-4bd0-83f1-df21defa8821/hasCondition is not a property of the vocabulary
Constraint Violation in UndeclaredProperty:
	Severity: sh:Violation
	Focus Node: http://example.org/data/evaluation_20130918T174025
	Message: https://w3id.org/shexmap/resource/ontology-schema/d285f599-dc2e-4bd0-83f1-df21defa8821/hasObservation is not a property of the vocabulary
Constraint Violation in UndeclaredProperty:
	Severity: sh:Violation
	Focus Node: http://example.org/data/evaluation_20130918T174025
	Message: https://w3id.org/shexmap/resource/ontology-schema/d285f599-dc2e-4bd0-83f1-df21defa8821/hasPatient is not a property of the vocabulary
Constraint Violation in UndeclaredProperty:
	Severity: sh:Violation
	Focus Node: http://example.org/data/evaluation_20130918T174025
	Message: https://w3id.org/shexmap/resource/ontology-schema/d285f599-dc2e-4bd0-83f1-df21defa8821/hasPerformedDate is not a property of the vocabulary
Constraint Violation in UndeclaredProperty:
	Severity: sh:Violation
	Focus Node: http://example.org/data/evaluation_20130918T174025
	Message: https://w3id.org/shexmap/resource/ontology-schema/d285f599-dc2e-4bd0-83f1-df21defa8821/hasPerformer is not a property of the vocabulary
Constraint Violation in ClassConstraintComponent (http://www.w3.org/ns/shacl#ClassConstraintComponent):
	Severity: sh:Violation
	Source Shape: chr:HasDateDomainShape
	Focus Node: ex:evaluation_20130918T174025
	Value Node: ex:evaluation_20130918T174025
	Message: Subject of chr:hasDate must be a chr:ClinicalVisit.
Constraint Violation in ClassConstraintComponent (http://www.w3.org/ns/shacl#ClassConstraintComponent):
	Severity: sh:Violation
	Source Shape: chr:HasDateDomainShape
	Focus Node: ex:proc_auditc_75626-2_20130918T195226
	Value Node: ex:proc_auditc_75626-2_20130918T195226
	Message: Subject of chr:hasDate must be a chr:ClinicalVisit.
Constraint Violation in ClassConstraintComponent (http://www.w3.org/ns/shacl#ClassConstraintComponent):
	Severity: sh:Violation
	Source Shape: chr:HasDateDomainShape
	Focus Node: ex:proc_bilirubin_20505-4_20130918T164723
	Value Node: ex:proc_bilirubin_20505-4_20130918T164723
	Message: Subject of chr:hasDate must be a chr:ClinicalVisit.
Constraint Violation in ClassConstraintComponent (http://www.w3.org/ns/shacl#ClassConstraintComponent):
	Severity: sh:Violation
	Source Shape: chr:HasDateDomainShape
	Focus Node: ex:proc_bmi_39156-5_20130918T164723
	Value Node: ex:proc_bmi_39156-5_20130918T164723
	Message: Subject of chr:hasDate must be a chr:ClinicalVisit.
Constraint Violation in ClassConstraintComponent (http://www.w3.org/ns/shacl#ClassConstraintComponent):
	Severity: sh:Violation
	Source Shape: chr:HasDateDomainShape
	Focus Node: ex:proc_calcium_17861-6_20130918T164723
	Value Node: ex:proc_calcium_17861-6_20130918T164723
	Message: Subject of chr:hasDate must be a chr:ClinicalVisit.
Constraint Violation in ClassConstraintComponent (http://www.w3.org/ns/shacl#ClassConstraintComponent):
	Severity: sh:Violation
	Source Shape: chr:HasDateDomainShape
	Focus Node: ex:proc_calcium_49765-1_20130918T164723
	Value Node: ex:proc_calcium_49765-1_20130918T164723
	Message: Subject of chr:hasDate must be a chr:ClinicalVisit.
Constraint Violation in ClassConstraintComponent (http://www.w3.org/ns/shacl#ClassConstraintComponent):
	Severity: sh:Violation
	Source Shape: chr:HasDateDomainShape
	Focus Node: ex:proc_carbon_dioxide_2028-9_20130918T164723
	Value Node: ex:proc_carbon_dioxide_2028-9_20130918T164723
	Message: Subject of chr:hasDate must be a chr:ClinicalVisit.
Constraint Violation in ClassConstraintComponent (http://www.w3.org/ns/shacl#ClassConstraintComponent):
	Severity: sh:Violation
	Source Shape: chr:HasDateDomainShape
	Focus Node: ex:proc_carbon_dioxide_20565-8_20130918T164723
	Value Node: ex:proc_carbon_dioxide_20565-8_20130918T164723
	Message: Subject of chr:hasDate must be a chr:ClinicalVisit.
Constraint Violation in ClassConstraintComponent (http://www.w3.org/ns/shacl#ClassConstraintComponent):
	Severity: sh:Violation
	Source Shape: chr:HasDateDomainShape
	Focus Node: ex:proc_chloride_2069-3_20130918T164723
	Value Node: ex:proc_chloride_2069-3_20130918T164723
	Message: Subject of chr:hasDate must be a chr:ClinicalVisit.
Constraint Violation in ClassConstraintComponent (http://www.w3.org/ns/shacl#ClassConstraintComponent):
	Severity: sh:Violation
	Source Shape: chr:HasDateDomainShape
	Focus Node: ex:proc_chloride_2075-0_20130918T164723
	Value Node: ex:proc_chloride_2075-0_20130918T164723
	Message: Subject of chr:hasDate must be a chr:ClinicalVisit.
Constraint Violation in ClassConstraintComponent (http://www.w3.org/ns/shacl#ClassConstraintComponent):
	Severity: sh:Violation
	Source Shape: chr:HasDateDomainShape
	Focus Node: ex:proc_creatinine_2160-0_20130918T164723
	Value Node: ex:proc_creatinine_2160-0_20130918T164723
	Message: Subject of chr:hasDate must be a chr:ClinicalVisit.
Constraint Violation in ClassConstraintComponent (http://www.w3.org/ns/shacl#ClassConstraintComponent):
	Severity: sh:Violation
	Source Shape: chr:HasDateDomainShape
	Focus Node: ex:proc_creatinine_38483-4_20130918T164723
	Value Node: ex:proc_creatinine_38483-4_20130918T164723
	Message: Subject of chr:hasDate must be a chr:ClinicalVisit.
Constraint Violation in ClassConstraintComponent (http://www.w3.org/ns/shacl#ClassConstraintComponent):
	Severity: sh:Violation
	Source Shape: chr:HasDateDomainShape
	Focus Node: ex:proc_evaluation_20130918T174025
	Value Node: ex:proc_evaluation_20130918T174025
	Message: Subject of chr:hasDate must be a chr:ClinicalVisit.
Constraint Violation in ClassConstraintComponent (http://www.w3.org/ns/shacl#ClassConstraintComponent):
	Severity: sh:Violation
	Source Shape: chr:HasDateDomainShape
	Focus Node: ex:proc_gad7_70274-6_20130918T180448
	Value Node: ex:proc_gad7_70274-6_20130918T180448
	Message: Subject of chr:hasDate must be a chr:ClinicalVisit.
Constraint Violation in ClassConstraintComponent (http://www.w3.org/ns/shacl#ClassConstraintComponent):
	Severity: sh:Violation
	Source Shape: chr:HasDateDomainShape
	Focus Node: ex:proc_gfr_33914-3_20130918T164723
	Value Node: ex:proc_gfr_33914-3_20130918T164723
	Message: Subject of chr:hasDate must be a chr:ClinicalVisit.
Constraint Violation in ClassConstraintComponent (http://www.w3.org/ns/shacl#ClassConstraintComponent):
	Severity: sh:Violation
	Source Shape: chr:HasDateDomainShape
	Focus Node: ex:proc_glucose_2339-0_20130918T164723
	Value Node: ex:proc_glucose_2339-0_20130918T164723
	Message: Subject of chr:hasDate must be a chr:ClinicalVisit.
Constraint Violation in ClassConstraintComponent (http://www.w3.org/ns/shacl#ClassConstraintComponent):
	Severity: sh:Violation
	Source Shape: chr:HasDateDomainShape
	Focus Node: ex:proc_glucose_2345-7_20130918T164723
	Value Node: ex:proc_glucose_2345-7_20130918T164723
	Message: Subject of chr:hasDate must be a chr:ClinicalVisit.
Constraint Violation in ClassConstraintComponent (http://www.w3.org/ns/shacl#ClassConstraintComponent):
	Severity: sh:Violation
	Source Shape: chr:HasDateDomainShape
	Focus Node: ex:proc_glucose_5792-7_20130918T164723
	Value Node: ex:proc_glucose_5792-7_20130918T164723
	Message: Subject of chr:hasDate must be a chr:ClinicalVisit.
Constraint Violation in ClassConstraintComponent (http://www.w3.org/ns/shacl#ClassConstraintComponent):
	Severity: sh:Violation
	Source Shape: chr:HasDateDomainShape
	Focus Node: ex:proc_hark_76504-0_20130918T184304
	Value Node: ex:proc_hark_76504-0_20130918T184304
	Message: Subject of chr:hasDate must be a chr:ClinicalVisit.
Constraint Violation in ClassConstraintComponent (http://www.w3.org/ns/shacl#ClassConstraintComponent):
	Severity: sh:Violation
	Source Shape: chr:HasDateDomainShape
	Focus Node: ex:proc_heart_rate_8867-4_20130918T164723
	Value Node: ex:proc_heart_rate_8867-4_20130918T164723
	Message: Subject of chr:hasDate must be a chr:ClinicalVisit.
Constraint Violation in ClassConstraintComponent (http://www.w3.org/ns/shacl#ClassConstraintComponent):
	Severity: sh:Violation
	Source Shape: chr:HasDateDomainShape
	Focus Node: ex:proc_height_8302-2_20130918T164723
	Value Node: ex:proc_height_8302-2_20130918T164723
	Message: Subject of chr:hasDate must be a chr:ClinicalVisit.
Constraint Violation in ClassConstraintComponent (http://www.w3.org/ns/shacl#ClassConstraintComponent):
	Severity: sh:Violation
	Source Shape: chr:HasDateDomainShape
	Focus Node: ex:proc_hemoglobin_a1c_4548-4_20130918T164723
	Value Node: ex:proc_hemoglobin_a1c_4548-4_20130918T164723
	Message: Subject of chr:hasDate must be a chr:ClinicalVisit.
Constraint Violation in ClassConstraintComponent (http://www.w3.org/ns/shacl#ClassConstraintComponent):
	Severity: sh:Violation
	Source Shape: chr:HasDateDomainShape
	Focus Node: ex:proc_ketones_5797-6_20130918T164723
	Value Node: ex:proc_ketones_5797-6_20130918T164723
	Message: Subject of chr:hasDate must be a chr:ClinicalVisit.
Constraint Violation in ClassConstraintComponent (http://www.w3.org/ns/shacl#ClassConstraintComponent):
	Severity: sh:Violation
	Source Shape: chr:HasDateDomainShape
	Focus Node: ex:proc_pain_72514-3_20130918T164723
	Value Node: ex:proc_pain_72514-3_20130918T164723
	Message: Subject of chr:hasDate must be a chr:ClinicalVisit.
Constraint Violation in ClassConstraintComponent (http://www.w3.org/ns/shacl#ClassConstraintComponent):
	Severity: sh:Violation
	Source Shape: chr:HasDateDomainShape
	Focus Node: ex:proc_ph_5803-2_20130918T164723
	Value Node: ex:proc_ph_5803-2_20130918T164723
	Message: Subject of chr:hasDate must be a chr:ClinicalVisit.
Constraint Violation in ClassConstraintComponent (http://www.w3.org/ns/shacl#ClassConstraintComponent):
	Severity: sh:Violation
	Source Shape: chr:HasDateDomainShape
	Focus Node: ex:proc_phq2_55758-7_20130918T191724
	Value Node: ex:proc_phq2_55758-7_20130918T191724
	Message: Subject of chr:hasDate must be a chr:ClinicalVisit.
Constraint Violation in ClassConstraintComponent (http://www.w3.org/ns/shacl#ClassConstraintComponent):
	Severity: sh:Violation
	Source Shape: chr:HasDateDomainShape
	Focus Node: ex:proc_potassium_2823-3_20130918T164723
	Value Node: ex:proc_potassium_2823-3_20130918T164723
	Message: Subject of chr:hasDate must be a chr:ClinicalVisit.
Constraint Violation in ClassConstraintComponent (http://www.w3.org/ns/shacl#ClassConstraintComponent):
	Severity: sh:Violation
	Source Shape: chr:HasDateDomainShape
	Focus Node: ex:proc_potassium_6298-4_20130918T164723
	Value Node: ex:proc_potassium_6298-4_20130918T164723
	Message: Subject of chr:hasDate must be a chr:ClinicalVisit.
Constraint Violation in ClassConstraintComponent (http://www.w3.org/ns/shacl#ClassConstraintComponent):
	Severity: sh:Violation
	Source Shape: chr:HasDateDomainShape
	Focus Node: ex:proc_protein_5804-0_20130918T164723
	Value Node: ex:proc_protein_5804-0_20130918T164723
	Message: Subject of chr:hasDate must be a chr:ClinicalVisit.
Constraint Violation in ClassConstraintComponent (http://www.w3.org/ns/shacl#ClassConstraintComponent):
	Severity: sh:Violation
	Source Shape: chr:HasDateDomainShape
	Focus Node: ex:proc_respiratory_rate_9279-1_20130918T164723
	Value Node: ex:proc_respiratory_rate_9279-1_20130918T164723
	Message: Subject of chr:hasDate must be a chr:ClinicalVisit.
Constraint Violation in ClassConstraintComponent (http://www.w3.org/ns/shacl#ClassConstraintComponent):
	Severity: sh:Violation
	Source Shape: chr:HasDateDomainShape
	Focus Node: ex:proc_sodium_2947-0_20130918T164723
	Value Node: ex:proc_sodium_2947-0_20130918T164723
	Message: Subject of chr:hasDate must be a chr:ClinicalVisit.
Constraint Violation in ClassConstraintComponent (http://www.w3.org/ns/shacl#ClassConstraintComponent):
	Severity: sh:Violation
	Source Shape: chr:HasDateDomainShape
	Focus Node: ex:proc_sodium_2951-2_20130918T164723
	Value Node: ex:proc_sodium_2951-2_20130918T164723
	Message: Subject of chr:hasDate must be a chr:ClinicalVisit.
Constraint Violation in ClassConstraintComponent (http://www.w3.org/ns/shacl#ClassConstraintComponent):
	Severity: sh:Violation
	Source Shape: chr:HasDateDomainShape
	Focus Node: ex:proc_specific_gravity_5811-5_20130918T164723
	Value Node: ex:proc_specific_gravity_5811-5_20130918T164723
	Message: Subject of chr:hasDate must be a chr:ClinicalVisit.
Constraint Violation in ClassConstraintComponent (http://www.w3.org/ns/shacl#ClassConstraintComponent):
	Severity: sh:Violation
	Source Shape: chr:HasDateDomainShape
	Focus Node: ex:proc_urea_3094-0_20130918T164723
	Value Node: ex:proc_urea_3094-0_20130918T164723
	Message: Subject of chr:hasDate must be a chr:ClinicalVisit.
Constraint Violation in ClassConstraintComponent (http://www.w3.org/ns/shacl#ClassConstraintComponent):
	Severity: sh:Violation
	Source Shape: chr:HasDateDomainShape
	Focus Node: ex:proc_urea_6299-2_20130918T164723
	Value Node: ex:proc_urea_6299-2_20130918T164723
	Message: Subject of chr:hasDate must be a chr:ClinicalVisit.
Constraint Violation in ClassConstraintComponent (http://www.w3.org/ns/shacl#ClassConstraintComponent):
	Severity: sh:Violation
	Source Shape: chr:HasDateDomainShape
	Focus Node: ex:proc_weight_29463-7_20130918T164723
	Value Node: ex:proc_weight_29463-7_20130918T164723
	Message: Subject of chr:hasDate must be a chr:ClinicalVisit.
Constraint Violation in ClassConstraintComponent (http://www.w3.org/ns/shacl#ClassConstraintComponent):
	Severity: sh:Violation
	Source Shape: chr:HasResultDomainShape
	Focus Node: ex:proc_auditc_75626-2_20130918T195226
	Value Node: ex:proc_auditc_75626-2_20130918T195226
	Message: Subject of chr:hasResult must be a chr:MeasurementProcess.
Constraint Violation in ClassConstraintComponent (http://www.w3.org/ns/shacl#ClassConstraintComponent):
	Severity: sh:Violation
	Source Shape: chr:HasResultDomainShape
	Focus Node: ex:proc_bilirubin_20505-4_20130918T164723
	Value Node: ex:proc_bilirubin_20505-4_20130918T164723
	Message: Subject of chr:hasResult must be a chr:MeasurementProcess.
Constraint Violation in ClassConstraintComponent (http://www.w3.org/ns/shacl#ClassConstraintComponent):
	Severity: sh:Violation
	Source Shape: chr:HasResultDomainShape
	Focus Node: ex:proc_bmi_39156-5_20130918T164723
	Value Node: ex:proc_bmi_39156-5_20130918T164723
	Message: Subject of chr:hasResult must be a chr:MeasurementProcess.
Constraint Violation in ClassConstraintComponent (http://www.w3.org/ns/shacl#ClassConstraintComponent):
	Severity: sh:Violation
	Source Shape: chr:HasResultDomainShape
	Focus Node: ex:proc_calcium_17861-6_20130918T164723
	Value Node: ex:proc_calcium_17861-6_20130918T164723
	Message: Subject of chr:hasResult must be a chr:MeasurementProcess.
Constraint Violation in ClassConstraintComponent (http://www.w3.org/ns/shacl#ClassConstraintComponent):
	Severity: sh:Violation
	Source Shape: chr:HasResultDomainShape
	Focus Node: ex:proc_calcium_49765-1_20130918T164723
	Value Node: ex:proc_calcium_49765-1_20130918T164723
	Message: Subject of chr:hasResult must be a chr:MeasurementProcess.
Constraint Violation in ClassConstraintComponent (http://www.w3.org/ns/shacl#ClassConstraintComponent):
	Severity: sh:Violation
	Source Shape: chr:HasResultDomainShape
	Focus Node: ex:proc_carbon_dioxide_2028-9_20130918T164723
	Value Node: ex:proc_carbon_dioxide_2028-9_20130918T164723
	Message: Subject of chr:hasResult must be a chr:MeasurementProcess.
Constraint Violation in ClassConstraintComponent (http://www.w3.org/ns/shacl#ClassConstraintComponent):
	Severity: sh:Violation
	Source Shape: chr:HasResultDomainShape
	Focus Node: ex:proc_carbon_dioxide_20565-8_20130918T164723
	Value Node: ex:proc_carbon_dioxide_20565-8_20130918T164723
	Message: Subject of chr:hasResult must be a chr:MeasurementProcess.
Constraint Violation in ClassConstraintComponent (http://www.w3.org/ns/shacl#ClassConstraintComponent):
	Severity: sh:Violation
	Source Shape: chr:HasResultDomainShape
	Focus Node: ex:proc_chloride_2069-3_20130918T164723
	Value Node: ex:proc_chloride_2069-3_20130918T164723
	Message: Subject of chr:hasResult must be a chr:MeasurementProcess.
Constraint Violation in ClassConstraintComponent (http://www.w3.org/ns/shacl#ClassConstraintComponent):
	Severity: sh:Violation
	Source Shape: chr:HasResultDomainShape
	Focus Node: ex:proc_chloride_2075-0_20130918T164723
	Value Node: ex:proc_chloride_2075-0_20130918T164723
	Message: Subject of chr:hasResult must be a chr:MeasurementProcess.
Constraint Violation in ClassConstraintComponent (http://www.w3.org/ns/shacl#ClassConstraintComponent):
	Severity: sh:Violation
	Source Shape: chr:HasResultDomainShape
	Focus Node: ex:proc_creatinine_2160-0_20130918T164723
	Value Node: ex:proc_creatinine_2160-0_20130918T164723
	Message: Subject of chr:hasResult must be a chr:MeasurementProcess.
Constraint Violation in ClassConstraintComponent (http://www.w3.org/ns/shacl#ClassConstraintComponent):
	Severity: sh:Violation
	Source Shape: chr:HasResultDomainShape
	Focus Node: ex:proc_creatinine_38483-4_20130918T164723
	Value Node: ex:proc_creatinine_38483-4_20130918T164723
	Message: Subject of chr:hasResult must be a chr:MeasurementProcess.
Constraint Violation in ClassConstraintComponent (http://www.w3.org/ns/shacl#ClassConstraintComponent):
	Severity: sh:Violation
	Source Shape: chr:HasResultDomainShape
	Focus Node: ex:proc_gad7_70274-6_20130918T180448
	Value Node: ex:proc_gad7_70274-6_20130918T180448
	Message: Subject of chr:hasResult must be a chr:MeasurementProcess.
Constraint Violation in ClassConstraintComponent (http://www.w3.org/ns/shacl#ClassConstraintComponent):
	Severity: sh:Violation
	Source Shape: chr:HasResultDomainShape
	Focus Node: ex:proc_gfr_33914-3_20130918T164723
	Value Node: ex:proc_gfr_33914-3_20130918T164723
	Message: Subject of chr:hasResult must be a chr:MeasurementProcess.
Constraint Violation in ClassConstraintComponent (http://www.w3.org/ns/shacl#ClassConstraintComponent):
	Severity: sh:Violation
	Source Shape: chr:HasResultDomainShape
	Focus Node: ex:proc_glucose_2339-0_20130918T164723
	Value Node: ex:proc_glucose_2339-0_20130918T164723
	Message: Subject of chr:hasResult must be a chr:MeasurementProcess.
Constraint Violation in ClassConstraintComponent (http://www.w3.org/ns/shacl#ClassConstraintComponent):
	Severity: sh:Violation
	Source Shape: chr:HasResultDomainShape
	Focus Node: ex:proc_glucose_2345-7_20130918T164723
	Value Node: ex:proc_glucose_2345-7_20130918T164723
	Message: Subject of chr:hasResult must be a chr:MeasurementProcess.
Constraint Violation in ClassConstraintComponent (http://www.w3.org/ns/shacl#ClassConstraintComponent):
	Severity: sh:Violation
	Source Shape: chr:HasResultDomainShape
	Focus Node: ex:proc_glucose_5792-7_20130918T164723
	Value Node: ex:proc_glucose_5792-7_20130918T164723
	Message: Subject of chr:hasResult must be a chr:MeasurementProcess.
Constraint Violation in ClassConstraintComponent (http://www.w3.org/ns/shacl#ClassConstraintComponent):
	Severity: sh:Violation
	Source Shape: chr:HasResultDomainShape
	Focus Node: ex:proc_hark_76504-0_20130918T184304
	Value Node: ex:proc_hark_76504-0_20130918T184304
	Message: Subject of chr:hasResult must be a chr:MeasurementProcess.
Constraint Violation in ClassConstraintComponent (http://www.w3.org/ns/shacl#ClassConstraintComponent):
	Severity: sh:Violation
	Source Shape: chr:HasResultDomainShape
	Focus Node: ex:proc_heart_rate_8867-4_20130918T164723
	Value Node: ex:proc_heart_rate_8867-4_20130918T164723
	Message: Subject of chr:hasResult must be a chr:MeasurementProcess.
Constraint Violation in ClassConstraintComponent (http://www.w3.org/ns/shacl#ClassConstraintComponent):
	Severity: sh:Violation
	Source Shape: chr:HasResultDomainShape
	Focus Node: ex:proc_height_8302-2_20130918T164723
	Value Node: ex:proc_height_8302-2_20130918T164723
	Message: Subject of chr:hasResult must be a chr:MeasurementProcess.
Constraint Violation in ClassConstraintComponent (http://www.w3.org/ns/shacl#ClassConstraintComponent):
	Severity: sh:Violation
	Source Shape: chr:HasResultDomainShape
	Focus Node: ex:proc_hemoglobin_a1c_4548-4_20130918T164723
	Value Node: ex:proc_hemoglobin_a1c_4548-4_20130918T164723
	Message: Subject of chr:hasResult must be a chr:MeasurementProcess.
Constraint Violation in ClassConstraintComponent (http://www.w3.org/ns/shacl#ClassConstraintComponent):
	Severity: sh:Violation
	Source Shape: chr:HasResultDomainShape
	Focus Node: ex:proc_ketones_5797-6_20130918T164723
	Value Node: ex:proc_ketones_5797-6_20130918T164723
	Message: Subject of chr:hasResult must be a chr:MeasurementProcess.
Constraint Violation in ClassConstraintComponent (http://www.w3.org/ns/shacl#ClassConstraintComponent):
	Severity: sh:Violation
	Source Shape: chr:HasResultDomainShape
	Focus Node: ex:proc_pain_72514-3_20130918T164723
	Value Node: ex:proc_pain_72514-3_20130918T164723
	Message: Subject of chr:hasResult must be a chr:MeasurementProcess.
Constraint Violation in ClassConstraintComponent (http://www.w3.org/ns/shacl#ClassConstraintComponent):
	Severity: sh:Violation
	Source Shape: chr:HasResultDomainShape
	Focus Node: ex:proc_ph_5803-2_20130918T164723
	Value Node: ex:proc_ph_5803-2_20130918T164723
	Message: Subject of chr:hasResult must be a chr:MeasurementProcess.
Constraint Violation in ClassConstraintComponent (http://www.w3.org/ns/shacl#ClassConstraintComponent):
	Severity: sh:Violation
	Source Shape: chr:HasResultDomainShape
	Focus Node: ex:proc_phq2_55758-7_20130918T191724
	Value Node: ex:proc_phq2_55758-7_20130918T191724
	Message: Subject of chr:hasResult must be a chr:MeasurementProcess.
Constraint Violation in ClassConstraintComponent (http://www.w3.org/ns/shacl#ClassConstraintComponent):
	Severity: sh:Violation
	Source Shape: chr:HasResultDomainShape
	Focus Node: ex:proc_potassium_2823-3_20130918T164723
	Value Node: ex:proc_potassium_2823-3_20130918T164723
	Message: Subject of chr:hasResult must be a chr:MeasurementProcess.
Constraint Violation in ClassConstraintComponent (http://www.w3.org/ns/shacl#ClassConstraintComponent):
	Severity: sh:Violation
	Source Shape: chr:HasResultDomainShape
	Focus Node: ex:proc_potassium_6298-4_20130918T164723
	Value Node: ex:proc_potassium_6298-4_20130918T164723
	Message: Subject of chr:hasResult must be a chr:MeasurementProcess.
Constraint Violation in ClassConstraintComponent (http://www.w3.org/ns/shacl#ClassConstraintComponent):
	Severity: sh:Violation
	Source Shape: chr:HasResultDomainShape
	Focus Node: ex:proc_protein_5804-0_20130918T164723
	Value Node: ex:proc_protein_5804-0_20130918T164723
	Message: Subject of chr:hasResult must be a chr:MeasurementProcess.
Constraint Violation in ClassConstraintComponent (http://www.w3.org/ns/shacl#ClassConstraintComponent):
	Severity: sh:Violation
	Source Shape: chr:HasResultDomainShape
	Focus Node: ex:proc_respiratory_rate_9279-1_20130918T164723
	Value Node: ex:proc_respiratory_rate_9279-1_20130918T164723
	Message: Subject of chr:hasResult must be a chr:MeasurementProcess.
Constraint Violation in ClassConstraintComponent (http://www.w3.org/ns/shacl#ClassConstraintComponent):
	Severity: sh:Violation
	Source Shape: chr:HasResultDomainShape
	Focus Node: ex:proc_sodium_2947-0_20130918T164723
	Value Node: ex:proc_sodium_2947-0_20130918T164723
	Message: Subject of chr:hasResult must be a chr:MeasurementProcess.
Constraint Violation in ClassConstraintComponent (http://www.w3.org/ns/shacl#ClassConstraintComponent):
	Severity: sh:Violation
	Source Shape: chr:HasResultDomainShape
	Focus Node: ex:proc_sodium_2951-2_20130918T164723
	Value Node: ex:proc_sodium_2951-2_20130918T164723
	Message: Subject of chr:hasResult must be a chr:MeasurementProcess.
Constraint Violation in ClassConstraintComponent (http://www.w3.org/ns/shacl#ClassConstraintComponent):
	Severity: sh:Violation
	Source Shape: chr:HasResultDomainShape
	Focus Node: ex:proc_specific_gravity_5811-5_20130918T164723
	Value Node: ex:proc_specific_gravity_5811-5_20130918T164723
	Message: Subject of chr:hasResult must be a chr:MeasurementProcess.
Constraint Violation in ClassConstraintComponent (http://www.w3.org/ns/shacl#ClassConstraintComponent):
	Severity: sh:Violation
	Source Shape: chr:HasResultDomainShape
	Focus Node: ex:proc_urea_3094-0_20130918T164723
	Value Node: ex:proc_urea_3094-0_20130918T164723
	Message: Subject of chr:hasResult must be a chr:MeasurementProcess.
Constraint Violation in ClassConstraintComponent (http://www.w3.org/ns/shacl#ClassConstraintComponent):
	Severity: sh:Violation
	Source Shape: chr:HasResultDomainShape
	Focus Node: ex:proc_urea_6299-2_20130918T164723
	Value Node: ex:proc_urea_6299-2_20130918T164723
	Message: Subject of chr:hasResult must be a chr:MeasurementProcess.
Constraint Violation in ClassConstraintComponent (http://www.w3.org/ns/shacl#ClassConstraintComponent):
	Severity: sh:Violation
	Source Shape: chr:HasResultDomainShape
	Focus Node: ex:proc_weight_29463-7_20130918T164723
	Value Node: ex:proc_weight_29463-7_20130918T164723
	Message: Subject of chr:hasResult must be a chr:MeasurementProcess.
Constraint Violation in ClosedConstraintComponent (http://www.w3.org/ns/shacl#ClosedConstraintComponent):
	Severity: sh:Violation
	Source Shape: chr:SchemaPropertyVocabularyShape
	Focus Node: ex:Stress_73595000
	Value Node: <http://snomed.info/id/73595000>
	Result Path: <https://w3id.org/shexmap/resource/ontology-schema/d285f599-dc2e-4bd0-83f1-df21defa8821/hasCode>
	Message: Only the 24 properties declared in the CHR schema (plus rdf:type and rdfs:label) may be used on an individual.
Constraint Violation in ClosedConstraintComponent (http://www.w3.org/ns/shacl#ClosedConstraintComponent):
	Severity: sh:Violation
	Source Shape: chr:SchemaPropertyVocabularyShape
	Focus Node: ex:Stress_73595000
	Value Node: Literal("2013-09-18T17:40:25+02:00" = 2013-09-18 17:40:25+02:00, datatype=xsd:dateTime)
	Result Path: <https://w3id.org/shexmap/resource/ontology-schema/d285f599-dc2e-4bd0-83f1-df21defa8821/hasRecordDate>
	Message: Only the 24 properties declared in the CHR schema (plus rdf:type and rdfs:label) may be used on an individual.
Constraint Violation in ClosedConstraintComponent (http://www.w3.org/ns/shacl#ClosedConstraintComponent):
	Severity: sh:Violation
	Source Shape: chr:SchemaPropertyVocabularyShape
	Focus Node: ex:diagnostic_statement_Stress_73595000
	Value Node: <http://snomed.info/id/73595000>
	Result Path: <https://w3id.org/shexmap/resource/ontology-schema/d285f599-dc2e-4bd0-83f1-df21defa8821/hasCode>
	Message: Only the 24 properties declared in the CHR schema (plus rdf:type and rdfs:label) may be used on an individual.
Constraint Violation in ClosedConstraintComponent (http://www.w3.org/ns/shacl#ClosedConstraintComponent):
	Severity: sh:Violation
	Source Shape: chr:SchemaPropertyVocabularyShape
	Focus Node: ex:evaluation_20130918T174025
	Value Node: Literal("2013-09-18T17:40:25+02:00" = 2013-09-18 17:40:25+02:00, datatype=xsd:dateTime)
	Result Path: <https://w3id.org/shexmap/resource/ontology-schema/d285f599-dc2e-4bd0-83f1-df21defa8821/hasPerformedDate>
	Message: Only the 24 properties declared in the CHR schema (plus rdf:type and rdfs:label) may be used on an individual.
Constraint Violation in ClosedConstraintComponent (http://www.w3.org/ns/shacl#ClosedConstraintComponent):
	Severity: sh:Violation
	Source Shape: chr:SchemaPropertyVocabularyShape
	Focus Node: ex:evaluation_20130918T174025
	Value Node: ex:Bryant814_Clarence5_Grimes165
	Result Path: <https://w3id.org/shexmap/resource/ontology-schema/d285f599-dc2e-4bd0-83f1-df21defa8821/hasPatient>
	Message: Only the 24 properties declared in the CHR schema (plus rdf:type and rdfs:label) may be used on an individual.
Constraint Violation in ClosedConstraintComponent (http://www.w3.org/ns/shacl#ClosedConstraintComponent):
	Severity: sh:Violation
	Source Shape: chr:SchemaPropertyVocabularyShape
	Focus Node: ex:evaluation_20130918T174025
	Value Node: ex:Dr_Miyoko154_Paucek755
	Result Path: <https://w3id.org/shexmap/resource/ontology-schema/d285f599-dc2e-4bd0-83f1-df21defa8821/hasPerformer>
	Message: Only the 24 properties declared in the CHR schema (plus rdf:type and rdfs:label) may be used on an individual.
Constraint Violation in ClosedConstraintComponent (http://www.w3.org/ns/shacl#ClosedConstraintComponent):
	Severity: sh:Violation
	Source Shape: chr:SchemaPropertyVocabularyShape
	Focus Node: ex:evaluation_20130918T174025
	Value Node: ex:Stress_73595000
	Result Path: <https://w3id.org/shexmap/resource/ontology-schema/d285f599-dc2e-4bd0-83f1-df21defa8821/hasCondition>
	Message: Only the 24 properties declared in the CHR schema (plus rdf:type and rdfs:label) may be used on an individual.
Constraint Violation in ClosedConstraintComponent (http://www.w3.org/ns/shacl#ClosedConstraintComponent):
	Severity: sh:Violation
	Source Shape: chr:SchemaPropertyVocabularyShape
	Focus Node: ex:evaluation_20130918T174025
	Value Node: ex:diagnostic_statement_Stress_73595000
	Result Path: <https://w3id.org/shexmap/resource/ontology-schema/d285f599-dc2e-4bd0-83f1-df21defa8821/hasObservation>
	Message: Only the 24 properties declared in the CHR schema (plus rdf:type and rdfs:label) may be used on an individual.
Constraint Violation in HasValueConstraintComponent (http://www.w3.org/ns/shacl#HasValueConstraintComponent):
	Severity: sh:Violation
	Source Shape: [ sh:hasValue chr:CHRConcept ; sh:message Literal("rdf:type must be a class declared in the CHR schema (a subclass of chr:CHRConcept); this class is not in the schema.") ; sh:path [ sh:zeroOrMorePath rdfs:subClassOf ] ]
	Focus Node: ns1:ClinicalCondition
	Result Path: [ sh:zeroOrMorePath rdfs:subClassOf ]
	Message: rdf:type must be a class declared in the CHR schema (a subclass of chr:CHRConcept); this class is not in the schema.
Constraint Violation in HasValueConstraintComponent (http://www.w3.org/ns/shacl#HasValueConstraintComponent):
	Severity: sh:Violation
	Source Shape: [ sh:hasValue chr:CHRConcept ; sh:message Literal("rdf:type must be a class declared in the CHR schema (a subclass of chr:CHRConcept); this class is not in the schema.") ; sh:path [ sh:zeroOrMorePath rdfs:subClassOf ] ]
	Focus Node: ns1:DiagnosticStatement
	Result Path: [ sh:zeroOrMorePath rdfs:subClassOf ]
	Message: rdf:type must be a class declared in the CHR schema (a subclass of chr:CHRConcept); this class is not in the schema.
Constraint Violation in HasValueConstraintComponent (http://www.w3.org/ns/shacl#HasValueConstraintComponent):
	Severity: sh:Violation
	Source Shape: [ sh:hasValue chr:CHRConcept ; sh:message Literal("rdf:type must be a class declared in the CHR schema (a subclass of chr:CHRConcept); this class is not in the schema.") ; sh:path [ sh:zeroOrMorePath rdfs:subClassOf ] ]
	Focus Node: ns1:EvaluationProcess
	Result Path: [ sh:zeroOrMorePath rdfs:subClassOf ]
	Message: rdf:type must be a class declared in the CHR schema (a subclass of chr:CHRConcept); this class is not in the schema.
Constraint Violation in PatternConstraintComponent (http://www.w3.org/ns/shacl#PatternConstraintComponent):
	Severity: sh:Violation
	Source Shape: chr:SchemaClassVocabularyShape
	Focus Node: ns1:ClinicalCondition
	Value Node: ns1:ClinicalCondition
	Message: rdf:type must be a class declared in the CHR schema; this class is not in the schema.
Constraint Violation in PatternConstraintComponent (http://www.w3.org/ns/shacl#PatternConstraintComponent):
	Severity: sh:Violation
	Source Shape: chr:SchemaClassVocabularyShape
	Focus Node: ns1:DiagnosticStatement
	Value Node: ns1:DiagnosticStatement
	Message: rdf:type must be a class declared in the CHR schema; this class is not in the schema.
Constraint Violation in PatternConstraintComponent (http://www.w3.org/ns/shacl#PatternConstraintComponent):
	Severity: sh:Violation
	Source Shape: chr:SchemaClassVocabularyShape
	Focus Node: ns1:EvaluationProcess
	Value Node: ns1:EvaluationProcess
	Message: rdf:type must be a class declared in the CHR schema; this class is not in the schema.

exit=1
