[   0.1s] segmenting (orchestrator) ...
[  91.8s] 34 segments: s1[ClinicalVisit,Person,CareUnit,Person], s2[MeasurementProcess,Measurement,ProcessStatus], s3[MeasurementProcess,Measurement,ProcessStatus], s4[MeasurementProcess,Measurement,ProcessStatus], s5[MeasurementProcess,Measurement,ProcessStatus], s6[MeasurementProcess,Measurement,ProcessStatus], s7[MeasurementProcess,Measurement,ProcessStatus], s8[MeasurementProcess,Measurement,ProcessStatus], s9[MeasurementProcess,Measurement,ProcessStatus], s10[MeasurementProcess,Measurement,ProcessStatus], s11[MeasurementProcess,Measurement,ProcessStatus], s12[MeasurementProcess,Measurement,ProcessStatus], s13[MeasurementProcess,Measurement,ProcessStatus], s14[MeasurementProcess,Measurement,ProcessStatus], s15[MeasurementProcess,Measurement,ProcessStatus], s16[MeasurementProcess,Measurement,ProcessStatus], s17[MeasurementProcess,Measurement,ProcessStatus], s18[MeasurementProcess,Measurement,ProcessStatus], s19[MeasurementProcess,Measurement,ProcessStatus], s20[MeasurementProcess,Measurement,ProcessStatus], s21[MeasurementProcess,Measurement,ProcessStatus], s22[MeasurementProcess,Measurement,ProcessStatus], s23[MeasurementProcess,Measurement,ProcessStatus], s24[MeasurementProcess,Measurement,ProcessStatus], s25[MeasurementProcess,Measurement,ProcessStatus], s26[MeasurementProcess,Measurement,ProcessStatus], s27[MeasurementProcess,Measurement,ProcessStatus], s28[MeasurementProcess,Measurement,ProcessStatus], s29[MeasurementProcess,Measurement,ProcessStatus], s30[EvaluationProcess,DiagnosticStatement,ClinicalCondition], s31[EvaluationProcess,DiagnosticStatement,ClinicalCondition], s32[EvaluationProcess,DiagnosticStatement,ClinicalCondition], s33[EvaluationProcess,DiagnosticStatement,ClinicalCondition], s34[CarePlan]
[  91.8s] build order: [CareUnit, ClinicalCondition, DiagnosticStatement, Measurement, Person, ProcessStatus] -> [EvaluationProcess, MeasurementProcess] -> [CarePlan, ClinicalVisit]
[  91.8s] level 0: 6 agent(s), 0 known entities
[  91.8s]   CareUnit: extracting (238 chars, 1 classes in view)
[  91.8s]   ClinicalCondition: extracting (945 chars, 3 classes in view)
[  91.8s]   DiagnosticStatement: extracting (945 chars, 1 classes in view)
[  91.8s]   Measurement: extracting (6968 chars, 2 classes in view)
[  97.8s]   CareUnit: cycle 0 -> conforms
[  97.8s]   Person: extracting (238 chars, 1 classes in view)
[ 106.1s]   DiagnosticStatement: cycle 0 -> 1 violation(s)
[ 106.1s]   DiagnosticStatement: fixing ...
[ 107.4s]   Person: cycle 0 -> conforms
[ 107.4s]   ProcessStatus: extracting (6968 chars, 1 classes in view)
[ 109.9s]   ClinicalCondition: cycle 0 -> 1 violation(s)
[ 109.9s]   ClinicalCondition: fixing ...
[ 112.6s]   ProcessStatus: cycle 0 -> conforms
[ 116.4s]   DiagnosticStatement: cycle 1 -> conforms
[ 121.8s]   ClinicalCondition: cycle 1 -> 1 violation(s)
[ 121.8s]   ClinicalCondition: stopping (plateau)
[ 184.2s]   Measurement: cycle 0 -> conforms
[ 184.2s]   Measurement: 3 unresolved (honest gaps)
[ 184.2s] level 1: 2 agent(s), 48 known entities
[ 184.2s]   EvaluationProcess: extracting (945 chars, 7 classes in view)
[ 184.2s]   MeasurementProcess: extracting (6968 chars, 6 classes in view)
[ 208.3s]   EvaluationProcess: cycle 0 -> conforms
[ 337.3s]   MeasurementProcess: cycle 0 -> conforms
[ 337.3s] level 2: 2 agent(s), 84 known entities
[ 337.4s]   CarePlan: extracting (8370 chars, 4 classes in view)
[ 337.4s]   ClinicalVisit: extracting (8370 chars, 5 classes in view)
[ 344.1s]   CarePlan: cycle 0 -> conforms
[ 435.0s]   ClinicalVisit: cycle 0 -> conforms
[ 435.2s] merging (orchestrator): 0 violation(s), 3 unresolved, 1 unparsed
[ 630.6s] final: 1 violation(s)
conforms=False segments=10 llm_calls=14 unresolved=0
  orchestrator   2 calls    26775 in   15769 out  cost n/a  gemma4-g1
  total         14 calls    79745 in   38415 out  cost n/a  
  worker        12 calls    52970 in   22646 out  cost n/a  gemma4-g1
Constraint Violation in TurtleSyntax:
	Severity: sh:Violation
	Message: not valid Turtle: string index out of range
	Offending line: 
	Hint: every statement starts with a subject IRI (ex:name a chr:Class ; ...). IRI local names may only contain letters, digits, '_' and '-'; put dates/codes with other characters in literals, not in IRIs.
exit=1
