[   0.1s] segmenting (orchestrator) ...
[  97.1s] 38 segments: s1[ClinicalVisit,Person,CareUnit,Person], s2[MeasurementProcess,Measurement,Unit], s3[MeasurementProcess,Measurement,Unit], s4[MeasurementProcess,Measurement,Unit], s5[MeasurementProcess,Measurement,Unit], s6[MeasurementProcess,Measurement,Unit], s7[MeasurementProcess,Measurement,Unit], s8[MeasurementProcess,Measurement,Unit], s9[MeasurementProcess,Measurement,Unit], s10[MeasurementProcess,Measurement,Unit], s11[MeasurementProcess,Measurement,Unit], s12[MeasurementProcess,Measurement,Unit], s13[MeasurementProcess,Measurement,Unit], s14[MeasurementProcess,Measurement,Unit], s15[MeasurementProcess,Measurement,Unit], s16[MeasurementProcess,Measurement,Unit], s17[MeasurementProcess,Measurement,Unit], s18[MeasurementProcess,Measurement,Unit], s19[MeasurementProcess,Measurement,Unit], s20[MeasurementProcess,Measurement,Unit], s21[MeasurementProcess,Measurement,Unit], s22[MeasurementProcess,Measurement,Unit], s23[MeasurementProcess,Measurement,Unit], s24[MeasurementProcess,Measurement,Unit], s25[MeasurementProcess,Measurement,Unit], s26[MeasurementProcess,Measurement,Unit], s27[MeasurementProcess,Measurement,Unit], s28[MeasurementProcess,Measurement,Unit], s29[MeasurementProcess,Measurement,Unit], s30[MeasurementProcess,Measurement,Unit], s31[MeasurementProcess,Measurement,Unit], s32[MeasurementProcess,Measurement,Unit], s33[MeasurementProcess,Measurement,Unit], s34[MeasurementProcess,Measurement,Unit], s35[MeasurementProcess,Measurement,Unit], s36[EvaluationProcess,DiagnosticStatement,ClinicalCondition], s37[EvaluationProcess,DiagnosticStatement,ClinicalCondition], s38[CarePlan]
[  97.2s] build order: [CareUnit, ClinicalCondition, DiagnosticStatement, Person, Unit] -> [EvaluationProcess, Measurement] -> [MeasurementProcess] -> [CarePlan, ClinicalVisit]
[  97.2s] level 0: 5 agent(s), 0 known entities
[  97.2s]   CareUnit: extracting (223 chars, 1 classes in view)
[  97.2s]   ClinicalCondition: extracting (475 chars, 3 classes in view)
[  97.2s]   DiagnosticStatement: extracting (475 chars, 1 classes in view)
[  97.2s]   Person: extracting (223 chars, 1 classes in view)
[ 102.3s]   CareUnit: cycle 0 -> conforms
[ 102.3s]   Unit: extracting (8537 chars, 1 classes in view)
[ 104.1s]   Person: cycle 0 -> conforms
[ 105.1s]   DiagnosticStatement: cycle 0 -> conforms
[ 106.0s]   ClinicalCondition: cycle 0 -> conforms
[ 120.3s]   Unit: cycle 0 -> conforms
[ 120.4s] level 1: 2 agent(s), 20 known entities
[ 120.4s]   EvaluationProcess: extracting (475 chars, 7 classes in view)
[ 120.4s]   Measurement: extracting (8537 chars, 2 classes in view)
[ 131.0s]   EvaluationProcess: cycle 0 -> conforms
[ 201.3s]   Measurement: cycle 0 -> 1 violation(s)
[ 201.3s]   Measurement: fixing ...
[ 286.6s]   Measurement: cycle 1 -> 1 violation(s)
[ 286.6s]   Measurement: stopping (plateau)
[ 286.6s]   Measurement: 3 unresolved (honest gaps)
[ 286.6s] level 2: 1 agent(s), 22 known entities
[ 286.6s]   MeasurementProcess: extracting (8537 chars, 6 classes in view)
[ 490.5s]   MeasurementProcess: cycle 0 -> 1 violation(s)
[ 490.5s]   MeasurementProcess: fixing ...
[ 697.9s]   MeasurementProcess: cycle 1 -> 1 violation(s)
[ 697.9s]   MeasurementProcess: fixing ...
[ 903.2s]   MeasurementProcess: cycle 2 -> 1 violation(s)
[ 903.2s]   MeasurementProcess: stopping (fix budget spent)
[ 903.2s]   MeasurementProcess: 2 unresolved (honest gaps)
[ 903.2s] level 3: 2 agent(s), 22 known entities
[ 903.2s]   CarePlan: extracting (9432 chars, 4 classes in view)
[ 903.2s]   ClinicalVisit: extracting (9432 chars, 5 classes in view)
[ 909.8s]   CarePlan: cycle 0 -> conforms
[ 909.8s]   CarePlan: 1 unresolved (honest gaps)
[1019.6s]   ClinicalVisit: cycle 0 -> conforms
[1019.8s] merging (orchestrator): 0 violation(s), 6 unresolved, 2 unparsed
[1267.0s] final: 1 violation(s)
conforms=False segments=10 llm_calls=15 unresolved=0
  orchestrator   2 calls    24310 in   19013 out  cost n/a  gemma4-g1
  total         15 calls   111130 in   71761 out  cost n/a  
  worker        13 calls    86820 in   52748 out  cost n/a  gemma4-g1
Constraint Violation in TurtleSyntax:
	Severity: sh:Violation
	Message: not valid Turtle: Quote expected in string at ^ in hr:hasMeasuredDate "^2025-11-14T14:04:
	Offending line: 
	Hint: every statement starts with a subject IRI (ex:name a chr:Class ; ...). IRI local names may only contain letters, digits, '_' and '-'; put dates/codes with other characters in literals, not in IRIs.
exit=1
