[   0.1s] segmenting (orchestrator) ...
[  97.0s] 37 segments: s1[ClinicalVisit,Person,CareUnit,Person], s2[MeasurementProcess,Measurement,ProcessStatus], s3[MeasurementProcess,Measurement,ProcessStatus], s4[MeasurementProcess,Measurement,ProcessStatus], s5[MeasurementProcess,Measurement,ProcessStatus], s6[MeasurementProcess,Measurement,ProcessStatus], s7[MeasurementProcess,Measurement,ProcessStatus], s8[MeasurementProcess,Measurement,ProcessStatus], s9[MeasurementProcess,Measurement,ProcessStatus], s10[MeasurementProcess,Measurement,ProcessStatus], s11[MeasurementProcess,Measurement,ProcessStatus], s12[MeasurementProcess,Measurement,ProcessStatus], s13[MeasurementProcess,Measurement,ProcessStatus], s14[MeasurementProcess,Measurement,ProcessStatus], s15[MeasurementProcess,Measurement,ProcessStatus], s16[MeasurementProcess,Measurement,ProcessStatus], s17[MeasurementProcess,Measurement,ProcessStatus], s18[MeasurementProcess,Measurement,ProcessStatus], s19[MeasurementProcess,Measurement,ProcessStatus], s20[MeasurementProcess,Measurement,ProcessStatus], s21[MeasurementProcess,Measurement,ProcessStatus], s22[MeasurementProcess,Measurement,ProcessStatus], s23[MeasurementProcess,Measurement,ProcessStatus], s24[MeasurementProcess,Measurement,ProcessStatus], s25[EvaluationProcess,DiagnosticStatement,ClinicalCondition], s26[EvaluationProcess,DiagnosticStatement,ClinicalCondition], s27[CarePlan,MedicationAdministration,PharmaceuticalProduct,PharmaceuticalDose], s28[CarePlan,MedicationAdministration,PharmaceuticalProduct,PharmaceuticalDose], s29[CarePlan,MedicationAdministration,PharmaceuticalProduct,PharmaceuticalDose], s30[CarePlan,MedicationAdministration,PharmaceuticalProduct,PharmaceuticalDose], s31[CarePlan,MedicationAdministration,PharmaceuticalProduct,PharmaceuticalDose], s32[CarePlan,MedicationAdministration,PharmaceuticalProduct,PharmaceuticalDose], s33[CarePlan,MedicationAdministration,PharmaceuticalProduct,PharmaceuticalDose], s34[CarePlan,MedicationAdministration,PharmaceuticalProduct,PharmaceuticalDose], s35[CarePlan,MedicationAdministration,PharmaceuticalProduct,PharmaceuticalDose], s36[CarePlan,MedicationAdministration,PharmaceuticalProduct,PharmaceuticalDose], s37[CarePlan]
[  97.0s] build order: [CareUnit, ClinicalCondition, DiagnosticStatement, Measurement, Person, PharmaceuticalDose, ProcessStatus] -> [EvaluationProcess, MeasurementProcess, PharmaceuticalProduct] -> [MedicationAdministration] -> [CarePlan, ClinicalVisit]
[  97.0s] level 0: 7 agent(s), 0 known entities
[  97.0s]   CareUnit: extracting (227 chars, 1 classes in view)
[  97.0s]   ClinicalCondition: extracting (464 chars, 3 classes in view)
[  97.0s]   DiagnosticStatement: extracting (464 chars, 1 classes in view)
[  97.0s]   Measurement: extracting (5610 chars, 2 classes in view)
[ 102.1s]   CareUnit: cycle 0 -> conforms
[ 102.1s]   Person: extracting (227 chars, 1 classes in view)
[ 103.8s]   DiagnosticStatement: cycle 0 -> conforms
[ 103.8s]   PharmaceuticalDose: extracting (1792 chars, 1 classes in view)
[ 105.6s]   ClinicalCondition: cycle 0 -> conforms
[ 105.6s]   ProcessStatus: extracting (5610 chars, 1 classes in view)
[ 108.2s]   Person: cycle 0 -> conforms
[ 117.5s]   PharmaceuticalDose: cycle 0 -> conforms
[ 145.3s]   ProcessStatus: cycle 0 -> 46 violation(s)
[ 145.3s]   ProcessStatus: fixing ...
[ 173.2s]   Measurement: cycle 0 -> conforms
[ 188.2s]   ProcessStatus: cycle 1 -> conforms
[ 188.2s]   ProcessStatus: 23 unresolved (honest gaps)
[ 188.2s] level 1: 3 agent(s), 71 known entities
[ 188.2s]   EvaluationProcess: extracting (464 chars, 7 classes in view)
[ 188.2s]   MeasurementProcess: extracting (5610 chars, 6 classes in view)
[ 188.2s]   PharmaceuticalProduct: extracting (1792 chars, 3 classes in view)
[ 200.4s]   EvaluationProcess: cycle 0 -> conforms
[ 211.9s]   PharmaceuticalProduct: cycle 0 -> 10 violation(s)
[ 211.9s]   PharmaceuticalProduct: fixing ...
[ 238.3s]   PharmaceuticalProduct: cycle 1 -> conforms
[ 318.0s]   MeasurementProcess: cycle 0 -> conforms
[ 318.0s] level 2: 1 agent(s), 118 known entities
[ 318.0s]   MedicationAdministration: extracting (1792 chars, 6 classes in view)
[ 343.2s]   MedicationAdministration: cycle 0 -> conforms
[ 343.2s] level 3: 2 agent(s), 128 known entities
[ 343.2s]   CarePlan: extracting (8336 chars, 4 classes in view)
[ 343.2s]   ClinicalVisit: extracting (8336 chars, 5 classes in view)
[ 385.1s]   CarePlan: cycle 0 -> conforms
[ 447.5s]   ClinicalVisit: cycle 0 -> conforms
[ 447.7s] merging (orchestrator): 0 violation(s), 23 unresolved, 0 unparsed
[ 697.6s] final: 1 violation(s)
conforms=False segments=13 llm_calls=17 unresolved=0
  orchestrator   2 calls    24386 in   18259 out  cost n/a  gemma4-g1
  total         17 calls   109004 in   46117 out  cost n/a  
  worker        15 calls    84618 in   27858 out  cost n/a  gemma4-g1
Constraint Violation in TurtleSyntax:
	Severity: sh:Violation
	Message: not valid Turtle: string index out of range
	Offending line: 
	Hint: every statement starts with a subject IRI (ex:name a chr:Class ; ...). IRI local names may only contain letters, digits, '_' and '-'; put dates/codes with other characters in literals, not in IRIs.
exit=1
