[   0.1s] segmenting (orchestrator) ...
[  99.0s] 35 segments: s1[ClinicalVisit,Person,CareUnit,Person], s2[MeasurementProcess,Measurement,ProcessStatus], s3[MeasurementProcess,Measurement,ProcessStatus], s4[MeasurementProcess,Measurement,ProcessStatus], s5[MeasurementProcess,Measurement,ProcessStatus], s6[MeasurementProcess,Measurement,ProcessStatus], s7[MeasurementProcess,Measurement,ProcessStatus], s8[MeasurementProcess,Measurement,ProcessStatus], s9[MeasurementProcess,Measurement,ProcessStatus], s10[MeasurementProcess,Measurement,ProcessStatus], s11[MeasurementProcess,Measurement,ProcessStatus], s12[MeasurementProcess,Measurement,ProcessStatus], s13[MeasurementProcess,Measurement,ProcessStatus], s14[MeasurementProcess,Measurement,ProcessStatus], s15[MeasurementProcess,Measurement,ProcessStatus], s16[MeasurementProcess,Measurement,ProcessStatus], s17[MeasurementProcess,Measurement,ProcessStatus], s18[MeasurementProcess,Measurement,ProcessStatus], s19[MeasurementProcess,Measurement,ProcessStatus], s20[MeasurementProcess,Measurement,ProcessStatus], s21[MeasurementProcess,Measurement,ProcessStatus], s22[MeasurementProcess,Measurement,ProcessStatus], s23[MeasurementProcess,Measurement,ProcessStatus], s24[MeasurementProcess,Measurement,ProcessStatus], s25[MeasurementProcess,Measurement,ProcessStatus], s26[MeasurementProcess,Measurement,ProcessStatus], s27[MeasurementProcess,Measurement,ProcessStatus], s28[MeasurementProcess,Measurement,ProcessStatus], s29[MeasurementProcess,Measurement,ProcessStatus], s30[MeasurementProcess,Measurement,ProcessStatus], s31[MeasurementProcess,Measurement,ProcessStatus], s32[MeasurementProcess,Measurement,ProcessStatus], s33[MeasurementProcess,Measurement,ProcessStatus], s34[EvaluationProcess,DiagnosticStatement,ClinicalCondition], s35[CarePlan]
[  99.0s] build order: [CareUnit, ClinicalCondition, DiagnosticStatement, Measurement, Person, ProcessStatus] -> [EvaluationProcess, MeasurementProcess] -> [CarePlan, ClinicalVisit]
[  99.0s] level 0: 6 agent(s), 0 known entities
[  99.0s]   CareUnit: extracting (223 chars, 1 classes in view)
[  99.0s]   ClinicalCondition: extracting (240 chars, 3 classes in view)
[  99.0s]   DiagnosticStatement: extracting (240 chars, 1 classes in view)
[  99.0s]   Measurement: extracting (8062 chars, 2 classes in view)
[ 104.0s]   CareUnit: cycle 0 -> conforms
[ 104.0s]   Person: extracting (223 chars, 1 classes in view)
[ 105.0s]   DiagnosticStatement: cycle 0 -> conforms
[ 105.0s]   ProcessStatus: extracting (8062 chars, 1 classes in view)
[ 106.1s]   ClinicalCondition: cycle 0 -> conforms
[ 111.6s]   ProcessStatus: cycle 0 -> conforms
[ 111.9s]   Person: cycle 0 -> conforms
[ 208.2s]   Measurement: cycle 0 -> 1 violation(s)
[ 208.2s]   Measurement: fixing ...
[ 300.9s]   Measurement: cycle 1 -> 1 violation(s)
[ 300.9s]   Measurement: stopping (plateau)
[ 300.9s]   Measurement: 2 unresolved (honest gaps)
[ 300.9s] level 1: 2 agent(s), 6 known entities
[ 300.9s]   EvaluationProcess: extracting (240 chars, 7 classes in view)
[ 300.9s]   MeasurementProcess: extracting (8062 chars, 6 classes in view)
[ 310.9s]   EvaluationProcess: cycle 0 -> conforms
[ 493.6s]   MeasurementProcess: cycle 0 -> 1 violation(s)
[ 493.6s]   MeasurementProcess: fixing ...
[ 704.5s]   MeasurementProcess: cycle 1 -> 1 violation(s)
[ 704.5s]   MeasurementProcess: fixing ...
[ 913.1s]   MeasurementProcess: cycle 2 -> 1 violation(s)
[ 913.1s]   MeasurementProcess: stopping (fix budget spent)
[ 913.1s]   MeasurementProcess: 2 unresolved (honest gaps)
[ 913.1s] level 2: 2 agent(s), 7 known entities
[ 913.1s]   CarePlan: extracting (8722 chars, 4 classes in view)
[ 913.1s]   ClinicalVisit: extracting (8722 chars, 5 classes in view)
[ 919.5s]   CarePlan: cycle 0 -> conforms
[1016.7s]   ClinicalVisit: cycle 0 -> conforms
[1016.9s] merging (orchestrator): 0 violation(s), 4 unresolved, 2 unparsed
[1221.7s] final: 1 violation(s)
conforms=False segments=10 llm_calls=15 unresolved=1
  orchestrator   2 calls    22107 in   16689 out  cost n/a  gemma4-g1
  total         15 calls   103731 in   68622 out  cost n/a  
  worker        13 calls    81624 in   51933 out  cost n/a  gemma4-g1
  UNRESOLVED: chr:hasUnit — not stated in the text
Constraint Violation in TurtleSyntax:
	Severity: sh:Violation
	Message: not valid Turtle: at line 403 of <>:
	Offending line: ex:measurement_Protein_5804-0 a chr:Measurement ;
	Hint: every statement starts with a subject IRI (ex:name a chr:Class ; ...). IRI local names may only contain letters, digits, '_' and '-'; put dates/codes with other characters in literals, not in IRIs.
exit=1
