[   0.1s] segmenting (orchestrator) ...
[  13.8s] 4 segments: s1[ClinicalVisit,Person,CareUnit], s2[MeasurementProcess,Measurement,ProcessStatus], s3[EvaluationProcess,DiagnosticStatement,ClinicalCondition], s4[CarePlan]
[  13.8s] build order: [CareUnit, ClinicalCondition, DiagnosticStatement, Measurement, Person, ProcessStatus] -> [EvaluationProcess, MeasurementProcess] -> [CarePlan, ClinicalVisit]
[  13.8s] level 0: 6 agent(s), 0 known entities
[  13.8s]   CareUnit: extracting (281 chars, 1 classes in view)
[  13.8s]   ClinicalCondition: extracting (241 chars, 3 classes in view)
[  13.8s]   DiagnosticStatement: extracting (241 chars, 1 classes in view)
[  13.8s]   Measurement: extracting (221 chars, 2 classes in view)
[  18.9s]   CareUnit: cycle 0 -> conforms
[  18.9s]   Person: extracting (281 chars, 1 classes in view)
[  19.8s]   DiagnosticStatement: cycle 0 -> conforms
[  19.8s]   ProcessStatus: extracting (221 chars, 1 classes in view)
[  20.8s]   ClinicalCondition: cycle 0 -> conforms
[  22.3s]   Measurement: dropped 1 individual(s) of other classes (already built by earlier levels)
[  22.4s]   Measurement: cycle 0 -> 1 violation(s)
[  22.4s]   Measurement: fixing ...
[  25.7s]   ProcessStatus: cycle 0 -> 6 violation(s)
[  25.7s]   ProcessStatus: fixing ...
[  25.7s]   Person: cycle 0 -> conforms
[  29.9s]   Measurement: cycle 1 -> conforms
[  31.2s]   ProcessStatus: cycle 1 -> 8 violation(s)
[  31.2s]   ProcessStatus: fixing ...
[  36.6s]   ProcessStatus: cycle 2 -> 8 violation(s)
[  36.6s]   ProcessStatus: stopping (fix budget spent)
[  36.6s]   ProcessStatus: 1 unresolved (honest gaps)
[  36.6s] level 1: 2 agent(s), 9 known entities
[  36.6s]   EvaluationProcess: extracting (241 chars, 7 classes in view)
[  36.6s]   MeasurementProcess: extracting (221 chars, 6 classes in view)
[  47.2s]   MeasurementProcess: cycle 0 -> 30 violation(s)
[  47.2s]   MeasurementProcess: fixing ...
[  47.4s]   EvaluationProcess: cycle 0 -> 33 violation(s)
[  47.4s]   EvaluationProcess: fixing ...
[  58.8s]   MeasurementProcess: cycle 1 -> 30 violation(s)
[  58.8s]   MeasurementProcess: stopping (plateau)
[  59.0s]   EvaluationProcess: cycle 1 -> 33 violation(s)
[  59.0s]   EvaluationProcess: stopping (plateau)
[  59.0s] level 2: 2 agent(s), 14 known entities
[  59.0s]   CarePlan: extracting (915 chars, 4 classes in view)
[  59.0s]   ClinicalVisit: extracting (915 chars, 5 classes in view)
[  64.7s]   CarePlan: cycle 0 -> 56 violation(s)
[  64.7s]   CarePlan: fixing ...
[  68.5s]   ClinicalVisit: cycle 0 -> 57 violation(s)
[  68.5s]   ClinicalVisit: fixing ...
[  79.1s]   CarePlan: cycle 1 -> 67 violation(s)
[  79.1s]   CarePlan: fixing ...
[  91.7s]   CarePlan: cycle 2 -> 61 violation(s)
[  91.7s]   CarePlan: stopping (fix budget spent)
[  91.7s]   CarePlan: 2 unresolved (honest gaps)
[  92.2s]   ClinicalVisit: cycle 1 -> 63 violation(s)
[  92.2s]   ClinicalVisit: fixing ...
[ 117.4s]   ClinicalVisit: cycle 2 -> 63 violation(s)
[ 117.4s]   ClinicalVisit: stopping (fix budget spent)
[ 117.5s] merging (orchestrator): 68 violation(s), 3 unresolved, 0 unparsed
[ 150.4s] final: 1 violation(s)
conforms=False segments=10 llm_calls=21 unresolved=0
  orchestrator   2 calls    11097 in    1881 out  cost n/a  gemma4-g1
  total         21 calls    85121 in   10121 out  cost n/a  
  worker        19 calls    74024 in    8240 out  cost n/a  gemma4-g1
Constraint Violation in DatatypeConstraintComponent (http://www.w3.org/ns/shacl#DatatypeConstraintComponent):
	Severity: sh:Violation
	Source Shape: [ sh:datatype xsd:float ; sh:message Literal("chr:hasQuantityValue must be an xsd:float.") ; sh:path chr:hasQuantityValue ]
	Focus Node: ex:measurement_body_temp_20190316T170115
	Value Node: Literal("37.277", datatype=xsd:decimal)
	Result Path: chr:hasQuantityValue
	Message: chr:hasQuantityValue must be an xsd:float.

exit=1
