[   0.3s] union: merged 9 identical individual(s)
[   0.3s] union: dropped 5 link(s) to undeclared individuals
vignette_047  gold=272 out=292 tp=255 P=0.873 R=0.938 F1=0.904
[  54.0s] union: merged 15 identical individual(s)
vignette_078  gold=386 out=423 tp=329 P=0.778 R=0.852 F1=0.813
[ 169.2s] union: merged 2 identical individual(s)
[ 169.2s] union: dropped 17 link(s) to undeclared individuals
[23:35:29] RUN START chr-2026-09-21
[   0.1s] union: merged 2 identical individual(s)
[   0.1s] union: dropped 17 link(s) to undeclared individuals
[23:35:30] START vignette_099 (3/54)
[23:37:00] DONE vignette_099  gold=364 out=392 tp=340 P=0.867 R=0.934 F1=0.899  90s
[  90.5s] union: merged 25 identical individual(s)
[23:37:00] START vignette_107 (4/54)
[ 180.8s] merge output rejected (at line 612 of <>:
Bad syntax (EOF found when expected verb ) - returning the un-merged union
[23:38:30] DONE vignette_107  gold=483 out=548 tp=426 P=0.777 R=0.882 F1=0.826  90s  MERGE ERROR: merge output rejected (at line 612 of <>:
Bad syntax (EOF found when expected ve
[ 181.0s] union: merged 10 identical individual(s)
[ 181.0s] union: dropped 34 link(s) to undeclared individuals
[23:38:31] START vignette_108 (5/54)
[23:40:15] DONE vignette_108  gold=415 out=417 tp=332 P=0.796 R=0.800 F1=0.798  105s
[ 285.8s] union: merged 7 identical individual(s)
[23:40:15] START vignette_114 (6/54)
[23:41:30] DONE vignette_114  gold=393 out=413 tp=367 P=0.889 R=0.934 F1=0.911  75s
[ 360.8s] union: merged 23 identical individual(s)
[23:41:30] START vignette_118 (7/54)
[23:44:11] DONE vignette_118  gold=428 out=499 tp=380 P=0.762 R=0.888 F1=0.820  160s
[ 521.4s] union: merged 31 identical individual(s)
[ 521.4s] union: dropped 1 link(s) to undeclared individuals
[23:44:11] START vignette_123 (8/54)
[ 621.9s] merge output rejected (at line 725 of <>:
Bad syntax (EOF found when expected verb ) - returning the un-merged union
[23:45:51] DONE vignette_123  gold=494 out=546 tp=410 P=0.751 R=0.830 F1=0.788  100s  MERGE ERROR: merge output rejected (at line 725 of <>:
Bad syntax (EOF found when expected ve
[ 622.1s] union: merged 21 identical individual(s)
[23:45:52] START vignette_125 (9/54)
[1684.9s] merge output rejected (at line 5106 of <>:
Bad syntax (newline found in string lite) - returning the un-merged union
[00:03:34] DONE vignette_125  gold=483 out=573 tp=425 P=0.742 R=0.880 F1=0.805  1063s  MERGE ERROR: merge output rejected (at line 5106 of <>:
Bad syntax (newline found in string l
[1685.1s] union: merged 18 identical individual(s)
[1685.1s] union: dropped 23 link(s) to undeclared individuals
[00:03:35] START vignette_127 (10/54)
[00:05:36] DONE vignette_127  gold=496 out=507 tp=403 P=0.795 R=0.812 F1=0.804  121s
[1806.3s] union: merged 37 identical individual(s)
[1806.3s] union: dropped 1 link(s) to undeclared individuals
[00:05:36] START vignette_129 (11/54)
[00:07:15] DONE vignette_129  gold=505 out=542 tp=452 P=0.834 R=0.895 F1=0.863  99s
[1905.7s] union: merged 2 identical individual(s)
[1905.7s] union: dropped 9 link(s) to undeclared individuals
[00:07:15] START vignette_132 (12/54)
[00:08:50] DONE vignette_132  gold=485 out=481 tp=458 P=0.952 R=0.944 F1=0.948  94s
[2000.4s] union: merged 18 identical individual(s)
[2000.4s] union: dropped 1 link(s) to undeclared individuals
[00:08:50] START vignette_135 (13/54)
[2146.6s] merge output rejected (at line 8 of <>:
Bad syntax (Prefix "PREFIXES:" not bound) a) - returning the un-merged union
[00:11:16] DONE vignette_135  gold=463 out=518 tp=395 P=0.763 R=0.853 F1=0.805  146s  MERGE ERROR: merge output rejected (at line 8 of <>:
Bad syntax (Prefix "PREFIXES:" not bound
[2146.9s] union: merged 11 identical individual(s)
[00:11:16] START vignette_140 (14/54)
[00:12:40] DONE vignette_140  gold=368 out=423 tp=310 P=0.733 R=0.842 F1=0.784  84s
[2230.6s] union: merged 5 identical individual(s)
[2230.6s] union: dropped 7 link(s) to undeclared individuals
[00:12:40] START vignette_148 (15/54)
[2321.5s] merge output rejected (at line 8 of <>:
Bad syntax (Prefix "PREFIXES:" not bound) a) - returning the un-merged union
[00:14:11] DONE vignette_148  gold=474 out=499 tp=284 P=0.569 R=0.599 F1=0.584  91s  MERGE ERROR: merge output rejected (at line 8 of <>:
Bad syntax (Prefix "PREFIXES:" not bound
[2321.7s] union: merged 6 identical individual(s)
[2321.7s] union: dropped 4 link(s) to undeclared individuals
[00:14:11] START vignette_149 (16/54)
[00:15:28] DONE vignette_149  gold=485 out=428 tp=359 P=0.839 R=0.740 F1=0.786  77s
[2398.7s] union: merged 16 identical individual(s)
[2398.7s] union: dropped 2 link(s) to undeclared individuals
[00:15:28] START vignette_150 (17/54)
[2566.1s] merge output rejected (at line 8 of <>:
Bad syntax (Prefix "PREFIXES:" not bound) a) - returning the un-merged union
[00:18:16] DONE vignette_150  gold=507 out=582 tp=443 P=0.761 R=0.874 F1=0.814  167s  MERGE ERROR: merge output rejected (at line 8 of <>:
Bad syntax (Prefix "PREFIXES:" not bound
[2566.5s] union: merged 11 identical individual(s)
[2566.5s] union: dropped 9 link(s) to undeclared individuals
[00:18:16] START vignette_151 (18/54)
[2669.0s] merge output rejected (at line 8 of <>:
Bad syntax (Prefix "PREFIXES:" not bound) a) - returning the un-merged union
[00:19:59] DONE vignette_151  gold=496 out=488 tp=269 P=0.551 R=0.542 F1=0.547  103s  MERGE ERROR: merge output rejected (at line 8 of <>:
Bad syntax (Prefix "PREFIXES:" not bound
[2669.3s] union: merged 4 identical individual(s)
[2669.3s] union: dropped 3 link(s) to undeclared individuals
[00:19:59] START vignette_152 (19/54)
[00:21:06] RUN START chr-2026-09-21
[   0.1s] union: merged 25 identical individual(s)
[00:21:07] START vignette_107 (4/54)
[  97.7s] merge output rejected (at line 649 of <>:
Bad syntax (EOF found when expected verb ) - returning the un-merged union
[00:22:45] DONE vignette_107  gold=483 out=548 tp=426 P=0.777 R=0.882 F1=0.826  98s  MERGE ERROR: merge output rejected (at line 649 of <>:
Bad syntax (EOF found when expected ve
[  98.0s] union: merged 31 identical individual(s)
[  98.0s] union: dropped 1 link(s) to undeclared individuals
[00:22:45] START vignette_123 (8/54)
[ 187.8s] merge output rejected (at line 607 of <>:
Bad syntax (EOF found when expected verb ) - returning the un-merged union
[00:24:15] DONE vignette_123  gold=494 out=546 tp=410 P=0.751 R=0.830 F1=0.788  90s  MERGE ERROR: merge output rejected (at line 607 of <>:
Bad syntax (EOF found when expected ve
[ 188.1s] union: merged 21 identical individual(s)
[00:24:15] START vignette_125 (9/54)
[00:24:35] RUN START chr-2026-09-21
[   0.1s] union: merged 25 identical individual(s)
[00:24:36] START vignette_107 (4/54)
[00:34:06] RUN START chr-2026-09-21
[   0.1s] union: merged 25 identical individual(s)
[00:34:06] START vignette_107 (4/54)
[00:34:07] DONE vignette_107  gold=483 out=439 tp=357 P=0.813 R=0.739 F1=0.774  0s
[   0.7s] union: merged 31 identical individual(s)
[   0.7s] union: dropped 1 link(s) to undeclared individuals
[00:34:07] START vignette_123 (8/54)
[00:34:07] DONE vignette_123  gold=494 out=364 tp=278 P=0.764 R=0.563 F1=0.648  0s
[   1.1s] union: merged 21 identical individual(s)
[00:34:07] START vignette_125 (9/54)
[00:35:22] DONE vignette_125  gold=483 out=412 tp=359 P=0.871 R=0.743 F1=0.802  75s
[  76.3s] union: merged 18 identical individual(s)
[  76.3s] union: dropped 1 link(s) to undeclared individuals
[00:35:23] START vignette_135 (13/54)
[01:04:49] RUN START chr-2026-09-21
[   0.1s] union: merged 18 identical individual(s)
[   0.1s] union: dropped 1 link(s) to undeclared individuals
[01:04:50] START vignette_135 (13/54)
[01:06:00] DONE vignette_135  gold=463 out=372 tp=328 P=0.882 R=0.708 F1=0.786  70s
[  70.2s] union: merged 5 identical individual(s)
[  70.2s] union: dropped 7 link(s) to undeclared individuals
[01:06:00] START vignette_148 (15/54)
[01:07:55] DONE vignette_148  gold=474 out=468 tp=446 P=0.953 R=0.941 F1=0.947  115s
[ 185.7s] union: merged 16 identical individual(s)
[ 185.7s] union: dropped 2 link(s) to undeclared individuals
[01:07:56] START vignette_150 (17/54)
[01:10:50] DONE vignette_150  gold=507 out=538 tp=473 P=0.879 R=0.933 F1=0.905  174s
[ 359.8s] union: merged 11 identical individual(s)
[ 359.8s] union: dropped 9 link(s) to undeclared individuals
[01:10:50] START vignette_151 (18/54)
[01:12:54] DONE vignette_151  gold=496 out=501 tp=446 P=0.890 R=0.899 F1=0.895  125s
[ 484.6s] union: merged 4 identical individual(s)
[ 484.6s] union: dropped 3 link(s) to undeclared individuals
[01:12:55] START vignette_152 (19/54)
[01:14:22] DONE vignette_152  gold=472 out=512 tp=461 P=0.900 R=0.977 F1=0.937  87s
[ 572.2s] union: merged 4 identical individual(s)
[01:14:22] START vignette_153 (20/54)
[1172.3s] merge FAILED (merge call exceeded 600 s wall clock...) - returning the un-merged union
[01:24:22] DONE vignette_153  gold=474 out=552 tp=419 P=0.759 R=0.884 F1=0.817  600s  MERGE ERROR: merge pass failed: merge call exceeded 600 s wall clock
[1172.7s] union: merged 13 identical individual(s)
[01:24:23] START vignette_154 (21/54)
[01:26:35] DONE vignette_154  gold=507 out=629 tp=407 P=0.647 R=0.803 F1=0.717  132s
[01:26:35] START vignette_155 (22/54)
[01:28:09] DONE vignette_155  gold=496 out=276 tp=149 P=0.540 R=0.300 F1=0.386  94s
[01:28:09] START vignette_156 (23/54)
[01:31:49] DONE vignette_156  gold=461 out=498 tp=399 P=0.801 R=0.866 F1=0.832  220s
[1619.6s] union: merged 6 identical individual(s)
[01:31:50] START vignette_157 (24/54)
[01:33:24] DONE vignette_157  gold=483 out=423 tp=319 P=0.754 R=0.660 F1=0.704  94s
[1713.9s] union: merged 3 identical individual(s)
[01:33:24] START vignette_158 (25/54)
[01:35:06] DONE vignette_158  gold=472 out=409 tp=383 P=0.936 R=0.811 F1=0.869  102s
[1816.5s] union: dropped 9 link(s) to undeclared individuals
[01:35:07] START vignette_159 (26/54)
[01:36:33] DONE vignette_159  gold=472 out=390 tp=320 P=0.821 R=0.678 F1=0.742  87s
[1903.6s] union: dropped 8 link(s) to undeclared individuals
[01:36:34] START vignette_160 (27/54)
[01:38:00] DONE vignette_160  gold=463 out=335 tp=253 P=0.755 R=0.546 F1=0.634  86s
[1989.8s] union: merged 36 identical individual(s)
[1989.8s] union: dropped 9 link(s) to undeclared individuals
[01:38:00] START vignette_161 (28/54)
[01:39:40] DONE vignette_161  gold=474 out=423 tp=407 P=0.962 R=0.859 F1=0.907  100s
[01:39:40] START vignette_162 (29/54)
[2690.2s] merge FAILED (merge call exceeded 600 s wall clock...) - returning the un-merged union
[01:49:40] DONE vignette_162  gold=463 out=539 tp=409 P=0.759 R=0.883 F1=0.816  600s  MERGE ERROR: merge pass failed: merge call exceeded 600 s wall clock
[2690.4s] union: merged 40 identical individual(s)
[01:49:40] START vignette_163 (30/54)
[2810.7s] merge output rejected (at line 390 of <>:
Bad syntax (EOF found after object) at ^ ) - returning the un-merged union
[01:51:41] DONE vignette_163  gold=496 out=476 tp=374 P=0.786 R=0.754 F1=0.770  120s  MERGE ERROR: merge output rejected (at line 390 of <>:
Bad syntax (EOF found after object) at
[01:51:41] START vignette_165 (31/54)
[3411.1s] merge FAILED (merge call exceeded 600 s wall clock...) - returning the un-merged union
[02:01:41] DONE vignette_165  gold=463 out=440 tp=314 P=0.714 R=0.678 F1=0.695  600s  MERGE ERROR: merge pass failed: merge call exceeded 600 s wall clock
[3411.4s] union: merged 11 identical individual(s)
[02:01:41] START vignette_167 (32/54)
[02:03:20] DONE vignette_167  gold=496 out=492 tp=436 P=0.886 R=0.879 F1=0.883  99s
[3510.3s] union: merged 1 identical individual(s)
[3510.3s] union: dropped 2 link(s) to undeclared individuals
[02:03:20] START vignette_169 (33/54)
[02:05:10] DONE vignette_169  gold=472 out=458 tp=366 P=0.799 R=0.775 F1=0.787  110s
[02:05:10] START vignette_171 (34/54)
[02:07:02] DONE vignette_171  gold=496 out=486 tp=419 P=0.862 R=0.845 F1=0.853  112s
[02:07:03] START vignette_172 (35/54)
[02:09:23] DONE vignette_172  gold=483 out=552 tp=412 P=0.746 R=0.853 F1=0.796  140s
[02:09:23] START vignette_173 (36/54)
[02:11:21] DONE vignette_173  gold=494 out=452 tp=288 P=0.637 R=0.583 F1=0.609  118s
[3991.6s] union: merged 9 identical individual(s)
[3991.6s] union: dropped 1 link(s) to undeclared individuals
[02:11:22] START vignette_174 (37/54)
[02:14:56] DONE vignette_174  gold=496 out=542 tp=428 P=0.790 R=0.863 F1=0.825  214s
[4206.2s] union: dropped 1 link(s) to undeclared individuals
[02:14:56] START vignette_175 (38/54)
[02:17:07] DONE vignette_175  gold=461 out=493 tp=361 P=0.732 R=0.783 F1=0.757  131s
[4337.6s] union: merged 15 identical individual(s)
[02:17:08] START vignette_176 (39/54)
[02:19:34] DONE vignette_176  gold=605 out=648 tp=574 P=0.886 R=0.949 F1=0.916  146s
[4484.2s] union: merged 31 identical individual(s)
[02:19:34] START vignette_177 (40/54)
[02:20:26] DONE vignette_177  gold=450 out=252 tp=218 P=0.865 R=0.484 F1=0.621  52s
[4536.3s] union: merged 1 identical individual(s)
[4536.3s] union: dropped 4 link(s) to undeclared individuals
[02:20:26] START vignette_178 (41/54)
[02:21:57] DONE vignette_178  gold=450 out=439 tp=311 P=0.708 R=0.691 F1=0.700  91s
[4627.1s] union: merged 24 identical individual(s)
[02:21:57] START vignette_179 (42/54)
[02:23:45] DONE vignette_179  gold=463 out=522 tp=410 P=0.785 R=0.886 F1=0.832  108s
[4734.8s] union: merged 15 identical individual(s)
[02:23:45] START vignette_180 (43/54)
[02:25:27] DONE vignette_180  gold=494 out=497 tp=443 P=0.891 R=0.897 F1=0.894  102s
[4837.0s] union: merged 15 identical individual(s)
[02:25:27] START vignette_181 (44/54)
[02:26:30] DONE vignette_181  gold=426 out=273 tp=212 P=0.777 R=0.498 F1=0.607  63s
[4900.2s] union: merged 33 identical individual(s)
[02:26:30] START vignette_184 (45/54)
[02:27:55] DONE vignette_184  gold=426 out=447 tp=396 P=0.886 R=0.930 F1=0.907  85s
[02:27:55] START vignette_188 (46/54)
[5585.2s] merge FAILED (merge call exceeded 600 s wall clock...) - returning the un-merged union
[02:37:55] DONE vignette_188  gold=393 out=374 tp=294 P=0.786 R=0.748 F1=0.767  600s  MERGE ERROR: merge pass failed: merge call exceeded 600 s wall clock
[5585.5s] union: merged 17 identical individual(s)
[02:37:55] START vignette_189 (47/54)
[02:39:29] DONE vignette_189  gold=415 out=432 tp=372 P=0.861 R=0.896 F1=0.878  94s
[5679.7s] union: merged 8 identical individual(s)
[02:39:30] START vignette_190 (48/54)
[02:40:58] DONE vignette_190  gold=393 out=433 tp=375 P=0.866 R=0.954 F1=0.908  88s
[02:40:58] START vignette_191 (49/54)
[02:42:50] DONE vignette_191  gold=404 out=422 tp=344 P=0.815 R=0.851 F1=0.833  112s
[5879.9s] union: merged 37 identical individual(s)
[02:42:50] START vignette_193 (50/54)
[02:44:17] DONE vignette_193  gold=404 out=416 tp=364 P=0.875 R=0.901 F1=0.888  87s
[02:44:17] START vignette_195 (51/54)
[02:45:37] DONE vignette_195  gold=415 out=441 tp=361 P=0.819 R=0.870 F1=0.843  80s
[02:45:37] START vignette_197 (52/54)
[02:48:34] DONE vignette_197  gold=415 out=446 tp=368 P=0.825 R=0.887 F1=0.855  176s
[6223.8s] union: merged 7 identical individual(s)
[02:48:34] START vignette_198 (53/54)
https://loinc.org/32623-1) ;
    chr:hasMeasuredDate "2014-06-18T16:47:23+02:00"^^xsd:dateTime ;
    chr:hasQuantityValue "10.334"^^xsd:float ;
    chr:hasUnit ex:unit_fL .

ex:measurement_Total_score_HARK_76504-0 a chr:Measurement ;
    rdfs:label "Total score [HARK]" ;
    chr:hasCode <https://loinc.org/76504-0 does not look like a valid URI, trying to serialize this will break.
[6366.3s] merge output rejected ("https://loinc.org/32623-1) ;
    chr:hasMeasuredDate "2014-) - returning the un-merged union
[02:50:56] DONE vignette_198  gold=546 out=636 tp=465 P=0.731 R=0.852 F1=0.787  143s  MERGE ERROR: merge output rejected ("https://loinc.org/32623-1) ;
    chr:hasMeasuredDate "20
[6366.6s] union: merged 11 identical individual(s)
[02:50:57] START vignette_199 (54/54)
[02:52:43] DONE vignette_199  gold=459 out=460 tp=387 P=0.841 R=0.843 F1=0.842  106s
[02:52:43] RUN END chr-2026-09-21 exit=0
[08:23:25] RUN START chr-2026-09-21 (retry pass)
[   0.1s] union: merged 4 identical individual(s)
[08:23:26] START vignette_153 (20/54)
[08:25:02] DONE vignette_153  gold=474 out=520 tp=409 P=0.787 R=0.863 F1=0.823  97s  tokens 21217/14275
[08:25:03] START vignette_162 (29/54)
[ 697.2s] merge FAILED (merge call exceeded 600 s wall clock...) - returning the un-merged union
[08:35:03] DONE vignette_162  gold=463 out=539 tp=409 P=0.759 R=0.883 F1=0.816  600s  tokens 0/0 (no usage returned)  MERGE ERROR: merge pass failed: merge call exceeded 600 s wall clock
[ 697.5s] union: merged 40 identical individual(s)
[08:35:03] START vignette_163 (30/54)
[1297.6s] merge FAILED (merge call exceeded 600 s wall clock...) - returning the un-merged union
[08:45:03] DONE vignette_163  gold=496 out=476 tp=374 P=0.786 R=0.754 F1=0.770  600s  tokens 0/0 (no usage returned)  MERGE ERROR: merge pass failed: merge call exceeded 600 s wall clock
[08:45:03] START vignette_165 (31/54)
[1898.0s] merge FAILED (merge call exceeded 600 s wall clock...) - returning the un-merged union
[08:55:04] DONE vignette_165  gold=463 out=440 tp=314 P=0.714 R=0.678 F1=0.695  600s  tokens 0/0 (no usage returned)  MERGE ERROR: merge pass failed: merge call exceeded 600 s wall clock
[08:55:04] START vignette_188 (46/54)
[08:56:53] DONE vignette_188  gold=393 out=424 tp=350 P=0.825 R=0.891 F1=0.857  109s  tokens 21299/15364
[2007.4s] union: merged 7 identical individual(s)
[08:56:53] START vignette_198 (53/54)
https://loinc.org/32623-1) ;
    chr:hasMeasuredDate "2014-06-18T16:47:23+02:00"^^xsd:dateTime ;
    chr:hasQuantityValue "10.334"^^xsd:float ;
    chr:hasUnit ex:unit_fL .

ex:measurement_Total_score_HARK_76504-0 a chr:Measurement ;
    rdfs:label "Total score [HARK]" ;
    chr:hasCode <https://loinc.org/76504-0 does not look like a valid URI, trying to serialize this will break.
[2007.6s] merge output rejected ("https://loinc.org/32623-1) ;
    chr:hasMeasuredDate "2014-) - returning the un-merged union
[08:56:53] DONE vignette_198  gold=546 out=636 tp=465 P=0.731 R=0.852 F1=0.787  0s  tokens 0/0  MERGE ERROR: merge output rejected ("https://loinc.org/32623-1) ;
    chr:hasMeasuredDate "20
[08:56:53] RETRY END chr-2026-09-21 exit=0
